[2026-07-04 15:23:59.167] [Thread 23772] Debug: [DIAG] Supported Image Formats: QList("bmp", "cur", "gif", "icns", "ico", "jfif", "jpeg", "jpg", "pbm", "pgm", "png", "ppm", "svg", "svgz", "tga", "tif", "tiff", "wbmp", "webp", "xbm", "xpm")
[2026-07-04 15:23:59.607] [Thread 23772] Debug: SystemMonitor: Starting monitoring with interval 1000 ms
[2026-07-04 15:24:00.360] [Thread 23772] Warning: qrc:/SamsungGallery/resources/qml_legacy/Main.qml:19:5: QML Settings: The Settings type from Qt.labs.settings is deprecated and will be removed in a future release. Please use the one from QtCore instead.
[2026-07-04 15:24:00.563] [Thread 23772] Debug: Loading last folder: I:/MY SDCArds
[2026-07-04 15:24:00.564] [Thread 23772] Debug: [TaskScheduler] Started 2 CPU threads and 2 IO threads.
[2026-07-04 15:24:00.564] [Thread 23772] Debug: [TaskScheduler] Cleared all pending tasks.
[2026-07-04 15:24:00.565] [Thread 15740] Debug: Scanning directory: "I:\\MY SDCArds"
[2026-07-04 15:24:00.883] [Thread 23772] Debug: [SystemMonitor] Resource Update: RAM: 89.7422 MB (Delta: 89.7422 ) | VRAM: 28.3047 MB (Delta: 28.3047 )
[2026-07-04 15:24:02.035] [Thread 2524] Warning: Corrupt JPEG data: premature end of data segment
[2026-07-04 15:24:03.537] [Thread 21952] Warning: Corrupt JPEG data: premature end of data segment
[2026-07-04 15:24:03.596] [Thread 21952] Warning: Invalid SOS parameters for sequential JPEG
[2026-07-04 15:24:04.114] [Thread 23772] Debug: Scanning finished in 3548 ms. Found 8948 items.
[2026-07-04 15:24:04.171] [Thread 21952] Info: [FFmpeg] Initialized D3D11VA Hardware Acceleration.
[2026-07-04 15:24:04.339] [Thread 21952] Critical: [FFmpeg Error] "Failed setup for format d3d11: hwaccel initialisation returned error."
[2026-07-04 15:24:04.339] [Thread 21952] Warning: [FFmpeg] Failed to get HW surface format.
[2026-07-04 15:24:04.339] [Thread 21952] Critical: [FFmpeg Error] "no frame!"
[2026-07-04 15:24:04.340] [Thread 21952] Critical: [FFmpeg Error] "Missing reference picture, default is 0"
[2026-07-04 15:24:04.370] [Thread 21952] Debug: [VideoThumbnailer] Failed to decode frame at 0
[2026-07-04 15:24:04.602] [Thread 23772] Debug: [SystemMonitor] Resource Update: RAM: 162.934 MB (Delta: 73.1914 ) | VRAM: 69.9844 MB (Delta: 41.6797 )
[2026-07-04 15:24:04.786] [Thread 2524] Critical: [FFmpeg Error] "Failed setup for format d3d11: hwaccel initialisation returned error."
[2026-07-04 15:24:04.786] [Thread 2524] Warning: [FFmpeg] Failed to get HW surface format.
[2026-07-04 15:24:04.786] [Thread 2524] Critical: [FFmpeg Error] "no frame!"
[2026-07-04 15:24:04.787] [Thread 2524] Critical: [FFmpeg Error] "Missing reference picture, default is 0"
[2026-07-04 15:24:04.816] [Thread 2524] Debug: [VideoThumbnailer] Failed to decode frame at 0
[2026-07-04 15:24:05.612] [Thread 23772] Debug: [SystemMonitor] Resource Update: RAM: 194.465 MB (Delta: 31.5313 ) | VRAM: 336.961 MB (Delta: 266.977 )
[2026-07-04 15:24:06.604] [Thread 23772] Debug: [SystemMonitor] Resource Update: RAM: 209.711 MB (Delta: 15.2461 ) | VRAM: 189.488 MB (Delta: -147.473 )
[2026-07-11 18:24:04.848] [Thread 25992] Debug: [DIAG] Supported Image Formats: QList("bmp", "cur", "gif", "icns", "ico", "jfif", "jpeg", "jpg", "pbm", "pgm", "png", "ppm", "svg", "svgz", "tga", "tif", "tiff", "wbmp", "webp", "xbm", "xpm")
[2026-07-11 18:24:05.247] [Thread 25992] Debug: SystemMonitor: Starting monitoring with interval 1000 ms
[2026-07-11 18:24:05.381] [Thread 25992] Warning: qrc:/SamsungGallery/resources/qml_legacy/Main.qml:19:5: QML Settings: The Settings type from Qt.labs.settings is deprecated and will be removed in a future release. Please use the one from QtCore instead.
[2026-07-11 18:24:05.531] [Thread 25992] Debug: Loading last folder: I:/MY SDCArds
[2026-07-11 18:24:05.532] [Thread 25992] Debug: [TaskScheduler] Started 2 CPU threads and 2 IO threads.
[2026-07-11 18:24:05.532] [Thread 25992] Debug: [TaskScheduler] Cleared all pending tasks.
[2026-07-11 18:24:05.532] [Thread 19824] Debug: Scanning directory: "I:\\MY SDCArds"
[2026-07-11 18:24:05.968] [Thread 4988] Warning: Corrupt JPEG data: premature end of data segment
[2026-07-11 18:24:06.382] [Thread 25992] Debug: [SystemMonitor] Resource Update: RAM: 201.035 MB (Delta: 201.035 ) | VRAM: 13.5586 MB (Delta: 13.5586 )
[2026-07-11 18:24:08.467] [Thread 25992] Debug: Scanning finished in 2935 ms. Found 8948 items.
[2026-07-11 18:24:08.575] [Thread 10448] Warning: Corrupt JPEG data: premature end of data segment
[2026-07-11 18:24:08.708] [Thread 10448] Info: [FFmpeg] Initialized D3D11VA Hardware Acceleration.
[2026-07-11 18:24:08.749] [Thread 4988] Critical: [FFmpeg Error] "Failed setup for format d3d11: hwaccel initialisation returned error."
[2026-07-11 18:24:08.749] [Thread 4988] Warning: [FFmpeg] Failed to get HW surface format.
[2026-07-11 18:24:08.749] [Thread 4988] Critical: [FFmpeg Error] "no frame!"
[2026-07-11 18:24:08.749] [Thread 10448] Critical: [FFmpeg Error] "Failed setup for format d3d11: hwaccel initialisation returned error."
[2026-07-11 18:24:08.749] [Thread 10448] Warning: [FFmpeg] Failed to get HW surface format.
[2026-07-11 18:24:08.749] [Thread 10448] Critical: [FFmpeg Error] "no frame!"
[2026-07-11 18:24:08.749] [Thread 4988] Critical: [FFmpeg Error] "Missing reference picture, default is 0"
[2026-07-11 18:24:08.750] [Thread 10448] Critical: [FFmpeg Error] "Missing reference picture, default is 0"
[2026-07-11 18:24:08.779] [Thread 4988] Debug: [VideoThumbnailer] Failed to decode frame at 0
[2026-07-11 18:24:08.781] [Thread 10448] Debug: [VideoThumbnailer] Failed to decode frame at 0
[2026-07-11 18:24:10.242] [Thread 25992] Debug: [SystemMonitor] Resource Update: RAM: 420.922 MB (Delta: 219.887 ) | VRAM: 98.2422 MB (Delta: 84.6836 )
[2026-07-11 18:24:11.240] [Thread 25992] Debug: [SystemMonitor] Resource Update: RAM: 424.016 MB (Delta: 3.09375 ) | VRAM: 41.9531 MB (Delta: -56.2891 )
[2026-07-11 18:24:12.276] [Thread 4988] Critical: [FFmpeg Error] "Failed setup for format d3d11: hwaccel initialisation returned error."
[2026-07-11 18:24:12.276] [Thread 4988] Warning: [FFmpeg] Failed to get HW surface format.
[2026-07-11 18:24:12.276] [Thread 4988] Critical: [FFmpeg Error] "no frame!"
[2026-07-11 18:24:12.276] [Thread 4988] Critical: [FFmpeg Error] "Missing reference picture, default is 0"
[2026-07-11 18:24:12.301] [Thread 4988] Debug: [VideoThumbnailer] Failed to decode frame at 0
[2026-07-11 18:24:13.898] [Thread 4988] Critical: [FFmpeg Error] "Failed setup for format d3d11: hwaccel initialisation returned error."
[2026-07-11 18:24:13.898] [Thread 4988] Warning: [FFmpeg] Failed to get HW surface format.
[2026-07-11 18:24:13.898] [Thread 4988] Critical: [FFmpeg Error] "no frame!"
[2026-07-11 18:24:13.898] [Thread 4988] Critical: [FFmpeg Error] "Missing reference picture, default is 0"
[2026-07-11 18:24:13.998] [Thread 4988] Debug: [VideoThumbnailer] Failed to decode frame at 0
[2026-07-11 18:24:14.001] [Thread 10448] Warning: [AsyncImageProvider] QImageReader canRead() returned false: "I:\\MY SDCArds\\S22 ultra\\Camera\\20260618_133902.heic" Error: "Unsupported image format" Formats: QList("bmp", "cur", "gif", "icns", "ico", "jfif", "jpeg", "jpg", "pbm", "pgm", "png", "ppm", "svg", "svgz", "tga", "tif", "tiff", "wbmp", "webp", "xbm", "xpm")
[2026-07-11 18:24:14.013] [Thread 10448] Warning: [AsyncImageProvider] QImageReader canRead() returned false: "I:\\MY SDCArds\\S22 ultra\\Camera\\20260618_122310.heic" Error: "Unsupported image format" Formats: QList("bmp", "cur", "gif", "icns", "ico", "jfif", "jpeg", "jpg", "pbm", "pgm", "png", "ppm", "svg", "svgz", "tga", "tif", "tiff", "wbmp", "webp", "xbm", "xpm")
[2026-07-11 18:24:14.240] [Thread 25992] Debug: [SystemMonitor] Resource Update: RAM: 515.5 MB (Delta: 91.4844 ) | VRAM: 113.422 MB (Delta: 71.4688 )
[2026-07-11 18:24:14.754] [Thread 10448] Debug: [VideoThumbnailer] Found black frame at 0 ms. Retrying...
[2026-07-11 18:24:14.896] [Thread 4988] Debug: [VideoThumbnailer] Found black frame at 0 ms. Retrying...
[2026-07-11 18:24:14.924] [Thread 4988] Debug: [VideoThumbnailer] Found black frame at 0 ms. Retrying...
[2026-07-11 18:24:15.000] [Thread 10448] Debug: [VideoThumbnailer] Found black frame at 0 ms. Retrying...
[2026-07-11 18:24:15.058] [Thread 4988] Debug: [VideoThumbnailer] Found black frame at 0 ms. Retrying...
[2026-07-11 18:24:15.062] [Thread 4988] Debug: [VideoThumbnailer] Found black frame at 6678 ms. Retrying...
[2026-07-11 18:24:15.240] [Thread 25992] Debug: [SystemMonitor] Resource Update: RAM: 460.711 MB (Delta: -54.7891 ) | VRAM: 77.6602 MB (Delta: -35.7617 )
[2026-07-11 18:24:15.277] [Thread 4988] Debug: [VideoThumbnailer] Found black frame at 0 ms. Retrying...
[2026-07-11 18:24:15.282] [Thread 4988] Debug: [VideoThumbnailer] Found black frame at 3731 ms. Retrying...
[2026-07-11 18:24:15.287] [Thread 4988] Debug: [VideoThumbnailer] Found black frame at 9328 ms. Retrying...
[2026-07-11 18:24:15.380] [Thread 10448] Debug: [VideoThumbnailer] Found black frame at 0 ms. Retrying...
[2026-07-11 18:24:15.384] [Thread 10448] Debug: [VideoThumbnailer] Found black frame at 4878 ms. Retrying...
[2026-07-11 18:24:15.395] [Thread 4988] Debug: [VideoThumbnailer] Found black frame at 0 ms. Retrying...
[2026-07-11 18:24:15.396] [Thread 10448] Debug: [VideoThumbnailer] Found black frame at 12195 ms. Retrying...
[2026-07-11 18:24:15.400] [Thread 4988] Debug: [VideoThumbnailer] Found black frame at 6757 ms. Retrying...
[2026-07-11 18:24:15.411] [Thread 4988] Debug: [VideoThumbnailer] Found black frame at 16892 ms. Retrying...
[2026-07-11 18:24:15.593] [Thread 10448] Debug: [VideoThumbnailer] Found black frame at 0 ms. Retrying...
[2026-07-11 18:24:15.631] [Thread 10448] Debug: [VideoThumbnailer] Found black frame at 0 ms. Retrying...
[2026-07-11 18:24:15.634] [Thread 10448] Debug: [VideoThumbnailer] Found black frame at 4130 ms. Retrying...
[2026-07-11 18:24:15.679] [Thread 4988] Debug: [VideoThumbnailer] Found black frame at 0 ms. Retrying...
[2026-07-11 18:24:15.686] [Thread 4988] Debug: [VideoThumbnailer] Found black frame at 30675 ms. Retrying...
[2026-07-11 18:24:15.690] [Thread 4988] Debug: [VideoThumbnailer] Found black frame at 76689 ms. Retrying...
[2026-07-11 18:24:15.817] [Thread 10448] Debug: [VideoThumbnailer] Found black frame at 0 ms. Retrying...
[2026-07-11 18:24:15.821] [Thread 10448] Debug: [VideoThumbnailer] Found black frame at 7400 ms. Retrying...
[2026-07-11 18:24:15.827] [Thread 10448] Debug: [VideoThumbnailer] Found black frame at 18500 ms. Retrying...
[2026-07-11 18:24:15.836] [Thread 4988] Debug: [VideoThumbnailer] Found black frame at 0 ms. Retrying...
[2026-07-11 18:24:15.841] [Thread 4988] Debug: [VideoThumbnailer] Found black frame at 8707 ms. Retrying...
[2026-07-11 18:24:15.845] [Thread 4988] Debug: [VideoThumbnailer] Found black frame at 21768 ms. Retrying...
[2026-07-11 18:24:16.020] [Thread 10448] Debug: [VideoThumbnailer] Found black frame at 0 ms. Retrying...
[2026-07-11 18:24:16.187] [Thread 4988] Debug: [VideoThumbnailer] Found black frame at 0 ms. Retrying...
[2026-07-11 18:24:16.200] [Thread 10448] Debug: [VideoThumbnailer] Found black frame at 0 ms. Retrying...
[2026-07-11 18:24:16.204] [Thread 10448] Debug: [VideoThumbnailer] Found black frame at 8672 ms. Retrying...
[2026-07-11 18:24:16.210] [Thread 10448] Debug: [VideoThumbnailer] Found black frame at 21681 ms. Retrying...
[2026-07-11 18:24:16.504] [Thread 10448] Warning: Invalid SOS parameters for sequential JPEG
[2026-07-11 18:24:23.240] [Thread 25992] Debug: [SystemMonitor] Resource Update: RAM: 405.855 MB (Delta: -54.8555 ) | VRAM: 42.3398 MB (Delta: -35.3203 )
[2026-07-11 18:25:40.243] [Thread 25992] Debug: [SystemMonitor] Resource Update: RAM: 355.539 MB (Delta: -50.3164 ) | VRAM: 42.3398 MB (Delta: 0 )
[2026-07-11 18:33:28.241] [Thread 25992] Debug: [SystemMonitor] Resource Update: RAM: 446.93 MB (Delta: 91.3906 ) | VRAM: 41.6016 MB (Delta: -0.738281 )
[2026-07-11 22:59:58.554] [Thread 26508] Debug: [DIAG] Supported Image Formats: QList("bmp", "cur", "gif", "icns", "ico", "jfif", "jpeg", "jpg", "pbm", "pgm", "png", "ppm", "svg", "svgz", "tga", "tif", "tiff", "wbmp", "webp", "xbm", "xpm")
[2026-07-11 22:59:58.954] [Thread 26508] Debug: SystemMonitor: Starting monitoring with interval 1000 ms
[2026-07-11 22:59:59.054] [Thread 26508] Warning: QQmlApplicationEngine failed to load component
[2026-07-11 22:59:59.054] [Thread 26508] Warning: qrc:/SamsungGallery/resources/qml_legacy/Main.qml:499:9: Cannot assign to non-existent property "onDeleteClicked"
[2026-07-11 23:02:47.419] [Thread 25212] Debug: [DIAG] Supported Image Formats: QList("bmp", "cur", "gif", "icns", "ico", "jfif", "jpeg", "jpg", "pbm", "pgm", "png", "ppm", "svg", "svgz", "tga", "tif", "tiff", "wbmp", "webp", "xbm", "xpm")
[2026-07-11 23:02:47.860] [Thread 25212] Debug: SystemMonitor: Starting monitoring with interval 1000 ms
[2026-07-11 23:02:48.460] [Thread 25212] Warning: qrc:/SamsungGallery/resources/qml_legacy/Main.qml:20:5: QML Settings: The Settings type from Qt.labs.settings is deprecated and will be removed in a future release. Please use the one from QtCore instead.
[2026-07-11 23:02:48.625] [Thread 25212] Debug: Loading last folder: I:/MY SDCArds
[2026-07-11 23:02:48.625] [Thread 25212] Debug: [TaskScheduler] Started 2 CPU threads and 2 IO threads.
[2026-07-11 23:02:48.626] [Thread 25212] Debug: [TaskScheduler] Cleared all pending tasks.
[2026-07-11 23:02:48.626] [Thread 25212] Warning: qrc:/SamsungGallery/resources/qml_legacy/ResizeEditor.qml:240: ReferenceError: imageProcessor is not defined
[2026-07-11 23:02:48.626] [Thread 25212] Warning: qrc:/SamsungGallery/resources/qml_legacy/ResizeEditor.qml:240: ReferenceError: imageProcessor is not defined
[2026-07-11 23:02:48.626] [Thread 25212] Warning: qrc:/SamsungGallery/resources/qml_legacy/ShareDialog.qml:13:5: Unable to assign [undefined] to bool
[2026-07-11 23:02:48.626] [Thread 25212] Warning: qrc:/SamsungGallery/resources/qml_legacy/ShareDialog.qml:9: ReferenceError: imageModel is not defined
[2026-07-11 23:02:48.626] [Thread 29924] Debug: Scanning directory: "I:\\MY SDCArds"
[2026-07-11 23:02:48.899] [Thread 3728] Warning: Corrupt JPEG data: premature end of data segment
[2026-07-11 23:02:49.429] [Thread 25212] Debug: [SystemMonitor] Resource Update: RAM: 217.68 MB (Delta: 217.68 ) | VRAM: 11.1211 MB (Delta: 11.1211 )
[2026-07-11 23:02:51.441] [Thread 25212] Debug: Scanning finished in 2815 ms. Found 8948 items.
[2026-07-11 23:02:51.662] [Thread 3728] Warning: Corrupt JPEG data: premature end of data segment
[2026-07-11 23:02:51.719] [Thread 3728] Info: [FFmpeg] Initialized D3D11VA Hardware Acceleration.
[2026-07-11 23:02:51.746] [Thread 23208] Critical: [FFmpeg Error] "Failed setup for format d3d11: hwaccel initialisation returned error."
[2026-07-11 23:02:51.746] [Thread 23208] Warning: [FFmpeg] Failed to get HW surface format.
[2026-07-11 23:02:51.746] [Thread 23208] Critical: [FFmpeg Error] "no frame!"
[2026-07-11 23:02:51.747] [Thread 23208] Critical: [FFmpeg Error] "Missing reference picture, default is 0"
[2026-07-11 23:02:51.758] [Thread 3728] Critical: [FFmpeg Error] "Failed setup for format d3d11: hwaccel initialisation returned error."
[2026-07-11 23:02:51.758] [Thread 3728] Warning: [FFmpeg] Failed to get HW surface format.
[2026-07-11 23:02:51.758] [Thread 3728] Critical: [FFmpeg Error] "no frame!"
[2026-07-11 23:02:51.758] [Thread 3728] Critical: [FFmpeg Error] "Missing reference picture, default is 0"
[2026-07-11 23:02:51.795] [Thread 23208] Debug: [VideoThumbnailer] Failed to decode frame at 0
[2026-07-11 23:02:51.806] [Thread 3728] Debug: [VideoThumbnailer] Failed to decode frame at 0
[2026-07-11 23:02:52.851] [Thread 25212] Debug: [SystemMonitor] Resource Update: RAM: 515.465 MB (Delta: 297.785 ) | VRAM: 92.9297 MB (Delta: 81.8086 )
[2026-07-11 23:02:52.865] [Thread 3728] Warning: Invalid SOS parameters for sequential JPEG
[2026-07-11 23:02:53.257] [Thread 3728] Critical: [FFmpeg Error] "Failed setup for format d3d11: hwaccel initialisation returned error."
[2026-07-11 23:02:53.257] [Thread 3728] Warning: [FFmpeg] Failed to get HW surface format.
[2026-07-11 23:02:53.257] [Thread 3728] Critical: [FFmpeg Error] "no frame!"
[2026-07-11 23:02:53.257] [Thread 3728] Critical: [FFmpeg Error] "Missing reference picture, default is 0"
[2026-07-11 23:02:53.282] [Thread 3728] Debug: [VideoThumbnailer] Failed to decode frame at 0
[2026-07-11 23:02:53.857] [Thread 25212] Debug: [SystemMonitor] Resource Update: RAM: 525.973 MB (Delta: 10.5078 ) | VRAM: 30.7227 MB (Delta: -62.207 )
[2026-07-11 23:02:55.851] [Thread 25212] Debug: [SystemMonitor] Resource Update: RAM: 400.914 MB (Delta: -125.059 ) | VRAM: 30.7227 MB (Delta: 0 )
[2026-07-11 23:04:35.733] [Thread 21948] Debug: [DIAG] Supported Image Formats: QList("bmp", "cur", "gif", "icns", "ico", "jfif", "jpeg", "jpg", "pbm", "pgm", "png", "ppm", "svg", "svgz", "tga", "tif", "tiff", "wbmp", "webp", "xbm", "xpm")
[2026-07-11 23:04:36.142] [Thread 21948] Debug: SystemMonitor: Starting monitoring with interval 1000 ms
[2026-07-11 23:04:36.364] [Thread 21948] Warning: qrc:/SamsungGallery/resources/qml_legacy/Main.qml:20:5: QML Settings: The Settings type from Qt.labs.settings is deprecated and will be removed in a future release. Please use the one from QtCore instead.
[2026-07-11 23:04:36.608] [Thread 21948] Debug: Loading last folder: I:/MY SDCArds
[2026-07-11 23:04:36.609] [Thread 21948] Debug: [TaskScheduler] Started 2 CPU threads and 2 IO threads.
[2026-07-11 23:04:36.609] [Thread 21948] Debug: [TaskScheduler] Cleared all pending tasks.
[2026-07-11 23:04:36.609] [Thread 21948] Warning: qrc:/SamsungGallery/resources/qml_legacy/ResizeEditor.qml:240: ReferenceError: imageProcessor is not defined
[2026-07-11 23:04:36.609] [Thread 21948] Warning: qrc:/SamsungGallery/resources/qml_legacy/ResizeEditor.qml:240: ReferenceError: imageProcessor is not defined
[2026-07-11 23:04:36.609] [Thread 21948] Warning: qrc:/SamsungGallery/resources/qml_legacy/ShareDialog.qml:13:5: Unable to assign [undefined] to bool
[2026-07-11 23:04:36.609] [Thread 21948] Warning: qrc:/SamsungGallery/resources/qml_legacy/ShareDialog.qml:9: ReferenceError: imageModel is not defined
[2026-07-11 23:04:36.613] [Thread 12520] Debug: Scanning directory: "I:\\MY SDCArds"
[2026-07-11 23:04:36.896] [Thread 32148] Warning: Corrupt JPEG data: premature end of data segment
[2026-07-11 23:04:37.493] [Thread 21948] Debug: [SystemMonitor] Resource Update: RAM: 190.754 MB (Delta: 190.754 ) | VRAM: 11.1211 MB (Delta: 11.1211 )
[2026-07-11 23:04:39.499] [Thread 21948] Debug: Scanning finished in 2886 ms. Found 8948 items.
[2026-07-11 23:04:39.598] [Thread 31332] Warning: Corrupt JPEG data: premature end of data segment
[2026-07-11 23:04:39.666] [Thread 31332] Warning: Invalid SOS parameters for sequential JPEG
[2026-07-11 23:04:39.756] [Thread 31332] Info: [FFmpeg] Initialized D3D11VA Hardware Acceleration.
[2026-07-11 23:04:39.781] [Thread 32148] Critical: [FFmpeg Error] "Failed setup for format d3d11: hwaccel initialisation returned error."
[2026-07-11 23:04:39.781] [Thread 32148] Warning: [FFmpeg] Failed to get HW surface format.
[2026-07-11 23:04:39.781] [Thread 32148] Critical: [FFmpeg Error] "no frame!"
[2026-07-11 23:04:39.782] [Thread 32148] Critical: [FFmpeg Error] "Missing reference picture, default is 0"
[2026-07-11 23:04:39.786] [Thread 31332] Critical: [FFmpeg Error] "Failed setup for format d3d11: hwaccel initialisation returned error."
[2026-07-11 23:04:39.786] [Thread 31332] Warning: [FFmpeg] Failed to get HW surface format.
[2026-07-11 23:04:39.786] [Thread 31332] Critical: [FFmpeg Error] "no frame!"
[2026-07-11 23:04:39.786] [Thread 31332] Critical: [FFmpeg Error] "Missing reference picture, default is 0"
[2026-07-11 23:04:39.812] [Thread 32148] Debug: [VideoThumbnailer] Failed to decode frame at 0
[2026-07-11 23:04:39.816] [Thread 31332] Debug: [VideoThumbnailer] Failed to decode frame at 0
[2026-07-11 23:04:40.138] [Thread 21948] Debug: [SystemMonitor] Resource Update: RAM: 438.031 MB (Delta: 247.277 ) | VRAM: 296.082 MB (Delta: 284.961 )
[2026-07-11 23:04:41.132] [Thread 21948] Debug: [SystemMonitor] Resource Update: RAM: 468.152 MB (Delta: 30.1211 ) | VRAM: 30.1719 MB (Delta: -265.91 )
[2026-07-11 23:04:41.148] [Thread 31332] Critical: [FFmpeg Error] "Failed setup for format d3d11: hwaccel initialisation returned error."
[2026-07-11 23:04:41.148] [Thread 31332] Warning: [FFmpeg] Failed to get HW surface format.
[2026-07-11 23:04:41.148] [Thread 31332] Critical: [FFmpeg Error] "no frame!"
[2026-07-11 23:04:41.149] [Thread 31332] Critical: [FFmpeg Error] "Missing reference picture, default is 0"
[2026-07-11 23:04:41.182] [Thread 31332] Debug: [VideoThumbnailer] Failed to decode frame at 0
[2026-07-11 23:04:44.136] [Thread 21948] Debug: [SystemMonitor] Resource Update: RAM: 318.074 MB (Delta: -150.078 ) | VRAM: 30.7852 MB (Delta: 0.613281 )
[2026-07-11 23:12:06.919] [Thread 21948] Warning: Retrying to obtain clipboard.
[2026-07-12 00:53:18.275] [Thread 10908] Debug: FileCacheManager: Initialized with Memory-Mapped Ring Buffer at "C:/Users/curtis/AppData/Local/cache/thumbnails/FileCache.mmap"
[2026-07-12 00:53:18.278] [Thread 10908] Warning: QObject::startTimer: Timers can only be used with threads started with QThread
[2026-07-12 00:53:18.303] [Thread 10908] Debug: [DIAG] Supported Image Formats: QList("bmp", "cur", "gif", "icns", "ico", "jfif", "jpeg", "jpg", "pbm", "pgm", "png", "ppm", "svg", "svgz", "tga", "tif", "tiff", "wbmp", "webp", "xbm", "xpm")
[2026-07-12 00:53:18.711] [Thread 10908] Debug: SystemMonitor: Starting monitoring with interval 1000 ms
[2026-07-12 00:53:18.959] [Thread 10908] Warning: qrc:/SamsungGallery/resources/qml_legacy/Main.qml:20:5: QML Settings: The Settings type from Qt.labs.settings is deprecated and will be removed in a future release. Please use the one from QtCore instead.
[2026-07-12 00:53:19.136] [Thread 10908] Debug: Loading last folder: I:/MY SDCArds
[2026-07-12 00:53:19.137] [Thread 10908] Debug: [TaskScheduler] Started 2 CPU threads and 2 IO threads.
[2026-07-12 00:53:19.137] [Thread 10908] Debug: [TaskScheduler] Cleared all pending tasks.
[2026-07-12 00:53:19.139] [Thread 32964] Debug: Scanning directory: "I:\\MY SDCArds"
[2026-07-12 00:53:19.140] [Thread 32964] Debug: [NetworkScan] Detected mapped network drive: "I:\\MY SDCArds"
[2026-07-12 00:53:19.696] [Thread 26956] Warning: Corrupt JPEG data: premature end of data segment
[2026-07-12 00:53:19.710] [Thread 10908] Debug: [SystemMonitor] Resource Update: RAM: 227.555 MB (Delta: 227.555 ) | VRAM: 92.7773 MB (Delta: 92.7773 )
[2026-07-12 00:53:19.796] [Thread 26956] Warning: Invalid SOS parameters for sequential JPEG
[2026-07-12 00:53:21.693] [Thread 5748] Info: [FFmpeg] Initialized D3D11VA Hardware Acceleration.
[2026-07-12 00:53:21.706] [Thread 10908] Warning: qrc:/SamsungGallery/resources/qml_legacy/GalleryViewSemantic.qml:313:25: Unable to assign [undefined] to bool
[2026-07-12 00:53:21.706] [Thread 10908] Warning: qrc:/SamsungGallery/resources/qml_legacy/GalleryViewSemantic.qml:313:25: Unable to assign [undefined] to bool
[2026-07-12 00:53:21.706] [Thread 10908] Warning: qrc:/SamsungGallery/resources/qml_legacy/GalleryViewSemantic.qml:313:25: Unable to assign [undefined] to bool
[2026-07-12 00:53:21.706] [Thread 10908] Warning: qrc:/SamsungGallery/resources/qml_legacy/GalleryViewSemantic.qml:313:25: Unable to assign [undefined] to bool
[2026-07-12 00:53:21.706] [Thread 10908] Warning: qrc:/SamsungGallery/resources/qml_legacy/GalleryViewSemantic.qml:313:25: Unable to assign [undefined] to bool
[2026-07-12 00:53:21.706] [Thread 10908] Warning: qrc:/SamsungGallery/resources/qml_legacy/GalleryViewSemantic.qml:313:25: Unable to assign [undefined] to bool
[2026-07-12 00:53:21.706] [Thread 10908] Warning: qrc:/SamsungGallery/resources/qml_legacy/GalleryViewSemantic.qml:313:25: Unable to assign [undefined] to bool
[2026-07-12 00:53:21.706] [Thread 10908] Warning: qrc:/SamsungGallery/resources/qml_legacy/GalleryViewSemantic.qml:313:25: Unable to assign [undefined] to bool
[2026-07-12 00:53:21.706] [Thread 10908] Warning: qrc:/SamsungGallery/resources/qml_legacy/GalleryViewSemantic.qml:313:25: Unable to assign [undefined] to bool
[2026-07-12 00:53:21.708] [Thread 10908] Warning: qrc:/SamsungGallery/resources/qml_legacy/GalleryViewSemantic.qml:313:25: Unable to assign [undefined] to bool
[2026-07-12 00:53:21.708] [Thread 10908] Warning: qrc:/SamsungGallery/resources/qml_legacy/GalleryViewSemantic.qml:313:25: Unable to assign [undefined] to bool
[2026-07-12 00:53:21.708] [Thread 10908] Warning: qrc:/SamsungGallery/resources/qml_legacy/GalleryViewSemantic.qml:313:25: Unable to assign [undefined] to bool
[2026-07-12 00:53:21.708] [Thread 10908] Warning: qrc:/SamsungGallery/resources/qml_legacy/GalleryViewSemantic.qml:313:25: Unable to assign [undefined] to bool
[2026-07-12 00:53:21.708] [Thread 10908] Warning: qrc:/SamsungGallery/resources/qml_legacy/GalleryViewSemantic.qml:313:25: Unable to assign [undefined] to bool
[2026-07-12 00:53:21.708] [Thread 10908] Warning: qrc:/SamsungGallery/resources/qml_legacy/GalleryViewSemantic.qml:313:25: Unable to assign [undefined] to bool
[2026-07-12 00:53:21.708] [Thread 10908] Warning: qrc:/SamsungGallery/resources/qml_legacy/GalleryViewSemantic.qml:313:25: Unable to assign [undefined] to bool
[2026-07-12 00:53:21.708] [Thread 10908] Warning: qrc:/SamsungGallery/resources/qml_legacy/GalleryViewSemantic.qml:313:25: Unable to assign [undefined] to bool
[2026-07-12 00:53:21.708] [Thread 10908] Warning: qrc:/SamsungGallery/resources/qml_legacy/GalleryViewSemantic.qml:313:25: Unable to assign [undefined] to bool
[2026-07-12 00:53:21.712] [Thread 10908] Warning: qrc:/SamsungGallery/resources/qml_legacy/GalleryViewSemantic.qml:313:25: Unable to assign [undefined] to bool
[2026-07-12 00:53:21.712] [Thread 10908] Warning: qrc:/SamsungGallery/resources/qml_legacy/GalleryViewSemantic.qml:313:25: Unable to assign [undefined] to bool
[2026-07-12 00:53:21.712] [Thread 10908] Warning: qrc:/SamsungGallery/resources/qml_legacy/GalleryViewSemantic.qml:313:25: Unable to assign [undefined] to bool
[2026-07-12 00:53:21.712] [Thread 10908] Warning: qrc:/SamsungGallery/resources/qml_legacy/GalleryViewSemantic.qml:313:25: Unable to assign [undefined] to bool
[2026-07-12 00:53:21.712] [Thread 10908] Warning: qrc:/SamsungGallery/resources/qml_legacy/GalleryViewSemantic.qml:313:25: Unable to assign [undefined] to bool
[2026-07-12 00:53:21.712] [Thread 10908] Warning: qrc:/SamsungGallery/resources/qml_legacy/GalleryViewSemantic.qml:313:25: Unable to assign [undefined] to bool
[2026-07-12 00:53:21.712] [Thread 10908] Warning: qrc:/SamsungGallery/resources/qml_legacy/GalleryViewSemantic.qml:313:25: Unable to assign [undefined] to bool
[2026-07-12 00:53:21.712] [Thread 10908] Warning: qrc:/SamsungGallery/resources/qml_legacy/GalleryViewSemantic.qml:313:25: Unable to assign [undefined] to bool
[2026-07-12 00:53:21.712] [Thread 10908] Warning: qrc:/SamsungGallery/resources/qml_legacy/GalleryViewSemantic.qml:313:25: Unable to assign [undefined] to bool
[2026-07-12 00:53:21.713] [Thread 10908] Warning: qrc:/SamsungGallery/resources/qml_legacy/GalleryViewSemantic.qml:313:25: Unable to assign [undefined] to bool
[2026-07-12 00:53:21.714] [Thread 10908] Warning: qrc:/SamsungGallery/resources/qml_legacy/GalleryViewSemantic.qml:313:25: Unable to assign [undefined] to bool
[2026-07-12 00:53:21.716] [Thread 10908] Warning: qrc:/SamsungGallery/resources/qml_legacy/GalleryViewSemantic.qml:313:25: Unable to assign [undefined] to bool
[2026-07-12 00:53:21.716] [Thread 10908] Warning: qrc:/SamsungGallery/resources/qml_legacy/GalleryViewSemantic.qml:313:25: Unable to assign [undefined] to bool
[2026-07-12 00:53:21.716] [Thread 10908] Warning: qrc:/SamsungGallery/resources/qml_legacy/GalleryViewSemantic.qml:313:25: Unable to assign [undefined] to bool
[2026-07-12 00:53:21.729] [Thread 10908] Warning: qrc:/SamsungGallery/resources/qml_legacy/GalleryViewSemantic.qml:313:25: Unable to assign [undefined] to bool
[2026-07-12 00:53:21.729] [Thread 10908] Warning: qrc:/SamsungGallery/resources/qml_legacy/GalleryViewSemantic.qml:313:25: Unable to assign [undefined] to bool
[2026-07-12 00:53:21.729] [Thread 10908] Warning: qrc:/SamsungGallery/resources/qml_legacy/GalleryViewSemantic.qml:313:25: Unable to assign [undefined] to bool
[2026-07-12 00:53:21.729] [Thread 10908] Warning: qrc:/SamsungGallery/resources/qml_legacy/GalleryViewSemantic.qml:313:25: Unable to assign [undefined] to bool
[2026-07-12 00:53:21.729] [Thread 10908] Warning: qrc:/SamsungGallery/resources/qml_legacy/GalleryViewSemantic.qml:313:25: Unable to assign [undefined] to bool
[2026-07-12 00:53:21.729] [Thread 10908] Warning: qrc:/SamsungGallery/resources/qml_legacy/GalleryViewSemantic.qml:313:25: Unable to assign [undefined] to bool
[2026-07-12 00:53:21.729] [Thread 10908] Warning: qrc:/SamsungGallery/resources/qml_legacy/GalleryViewSemantic.qml:313:25: Unable to assign [undefined] to bool
[2026-07-12 00:53:21.729] [Thread 10908] Warning: qrc:/SamsungGallery/resources/qml_legacy/GalleryViewSemantic.qml:313:25: Unable to assign [undefined] to bool
[2026-07-12 00:53:21.729] [Thread 10908] Warning: qrc:/SamsungGallery/resources/qml_legacy/GalleryViewSemantic.qml:313:25: Unable to assign [undefined] to bool
[2026-07-12 00:53:21.732] [Thread 10908] Warning: qrc:/SamsungGallery/resources/qml_legacy/GalleryViewSemantic.qml:313:25: Unable to assign [undefined] to bool
[2026-07-12 00:53:21.732] [Thread 10908] Warning: qrc:/SamsungGallery/resources/qml_legacy/GalleryViewSemantic.qml:313:25: Unable to assign [undefined] to bool
[2026-07-12 00:53:21.732] [Thread 10908] Warning: qrc:/SamsungGallery/resources/qml_legacy/GalleryViewSemantic.qml:313:25: Unable to assign [undefined] to bool
[2026-07-12 00:53:21.733] [Thread 10908] Warning: qrc:/SamsungGallery/resources/qml_legacy/GalleryViewSemantic.qml:313:25: Unable to assign [undefined] to bool
[2026-07-12 00:53:21.733] [Thread 10908] Warning: qrc:/SamsungGallery/resources/qml_legacy/GalleryViewSemantic.qml:313:25: Unable to assign [undefined] to bool
[2026-07-12 00:53:21.733] [Thread 10908] Warning: qrc:/SamsungGallery/resources/qml_legacy/GalleryViewSemantic.qml:313:25: Unable to assign [undefined] to bool
[2026-07-12 00:53:21.733] [Thread 10908] Warning: qrc:/SamsungGallery/resources/qml_legacy/GalleryViewSemantic.qml:313:25: Unable to assign [undefined] to bool
[2026-07-12 00:53:21.733] [Thread 10908] Warning: qrc:/SamsungGallery/resources/qml_legacy/GalleryViewSemantic.qml:313:25: Unable to assign [undefined] to bool
[2026-07-12 00:53:21.733] [Thread 10908] Warning: qrc:/SamsungGallery/resources/qml_legacy/GalleryViewSemantic.qml:313:25: Unable to assign [undefined] to bool
[2026-07-12 00:53:21.736] [Thread 10908] Warning: qrc:/SamsungGallery/resources/qml_legacy/GalleryViewSemantic.qml:313:25: Unable to assign [undefined] to bool
[2026-07-12 00:53:21.736] [Thread 10908] Warning: qrc:/SamsungGallery/resources/qml_legacy/GalleryViewSemantic.qml:313:25: Unable to assign [undefined] to bool
[2026-07-12 00:53:21.736] [Thread 10908] Warning: qrc:/SamsungGallery/resources/qml_legacy/GalleryViewSemantic.qml:313:25: Unable to assign [undefined] to bool
[2026-07-12 00:53:21.736] [Thread 10908] Warning: qrc:/SamsungGallery/resources/qml_legacy/GalleryViewSemantic.qml:313:25: Unable to assign [undefined] to bool
[2026-07-12 00:53:21.736] [Thread 10908] Warning: qrc:/SamsungGallery/resources/qml_legacy/GalleryViewSemantic.qml:313:25: Unable to assign [undefined] to bool
[2026-07-12 00:53:21.736] [Thread 10908] Warning: qrc:/SamsungGallery/resources/qml_legacy/GalleryViewSemantic.qml:313:25: Unable to assign [undefined] to bool
[2026-07-12 00:53:21.736] [Thread 10908] Warning: qrc:/SamsungGallery/resources/qml_legacy/GalleryViewSemantic.qml:313:25: Unable to assign [undefined] to bool
[2026-07-12 00:53:21.736] [Thread 10908] Warning: qrc:/SamsungGallery/resources/qml_legacy/GalleryViewSemantic.qml:313:25: Unable to assign [undefined] to bool
[2026-07-12 00:53:21.736] [Thread 10908] Warning: qrc:/SamsungGallery/resources/qml_legacy/GalleryViewSemantic.qml:313:25: Unable to assign [undefined] to bool
[2026-07-12 00:53:21.739] [Thread 10908] Warning: qrc:/SamsungGallery/resources/qml_legacy/GalleryViewSemantic.qml:313:25: Unable to assign [undefined] to bool
[2026-07-12 00:53:21.739] [Thread 10908] Warning: qrc:/SamsungGallery/resources/qml_legacy/GalleryViewSemantic.qml:313:25: Unable to assign [undefined] to bool
[2026-07-12 00:53:21.739] [Thread 10908] Warning: qrc:/SamsungGallery/resources/qml_legacy/GalleryViewSemantic.qml:313:25: Unable to assign [undefined] to bool
[2026-07-12 00:53:21.739] [Thread 10908] Warning: qrc:/SamsungGallery/resources/qml_legacy/GalleryViewSemantic.qml:313:25: Unable to assign [undefined] to bool
[2026-07-12 00:53:21.739] [Thread 10908] Warning: qrc:/SamsungGallery/resources/qml_legacy/GalleryViewSemantic.qml:313:25: Unable to assign [undefined] to bool
[2026-07-12 00:53:21.739] [Thread 10908] Warning: qrc:/SamsungGallery/resources/qml_legacy/GalleryViewSemantic.qml:313:25: Unable to assign [undefined] to bool
[2026-07-12 00:53:21.739] [Thread 10908] Warning: qrc:/SamsungGallery/resources/qml_legacy/GalleryViewSemantic.qml:313:25: Unable to assign [undefined] to bool
[2026-07-12 00:53:21.739] [Thread 10908] Warning: qrc:/SamsungGallery/resources/qml_legacy/GalleryViewSemantic.qml:313:25: Unable to assign [undefined] to bool
[2026-07-12 00:53:21.739] [Thread 10908] Warning: qrc:/SamsungGallery/resources/qml_legacy/GalleryViewSemantic.qml:313:25: Unable to assign [undefined] to bool
[2026-07-12 00:53:21.742] [Thread 10908] Warning: qrc:/SamsungGallery/resources/qml_legacy/GalleryViewSemantic.qml:313:25: Unable to assign [undefined] to bool
[2026-07-12 00:53:21.742] [Thread 10908] Warning: qrc:/SamsungGallery/resources/qml_legacy/GalleryViewSemantic.qml:313:25: Unable to assign [undefined] to bool
[2026-07-12 00:53:21.742] [Thread 10908] Warning: qrc:/SamsungGallery/resources/qml_legacy/GalleryViewSemantic.qml:313:25: Unable to assign [undefined] to bool
[2026-07-12 00:53:21.742] [Thread 10908] Warning: qrc:/SamsungGallery/resources/qml_legacy/GalleryViewSemantic.qml:313:25: Unable to assign [undefined] to bool
[2026-07-12 00:53:21.742] [Thread 10908] Warning: qrc:/SamsungGallery/resources/qml_legacy/GalleryViewSemantic.qml:313:25: Unable to assign [undefined] to bool
[2026-07-12 00:53:21.742] [Thread 10908] Warning: qrc:/SamsungGallery/resources/qml_legacy/GalleryViewSemantic.qml:313:25: Unable to assign [undefined] to bool
[2026-07-12 00:53:21.742] [Thread 10908] Warning: qrc:/SamsungGallery/resources/qml_legacy/GalleryViewSemantic.qml:313:25: Unable to assign [undefined] to bool
[2026-07-12 00:53:21.742] [Thread 10908] Warning: qrc:/SamsungGallery/resources/qml_legacy/GalleryViewSemantic.qml:313:25: Unable to assign [undefined] to bool
[2026-07-12 00:53:21.742] [Thread 10908] Warning: qrc:/SamsungGallery/resources/qml_legacy/GalleryViewSemantic.qml:313:25: Unable to assign [undefined] to bool
[2026-07-12 00:53:21.746] [Thread 10908] Warning: qrc:/SamsungGallery/resources/qml_legacy/GalleryViewSemantic.qml:313:25: Unable to assign [undefined] to bool
[2026-07-12 00:53:21.746] [Thread 10908] Warning: qrc:/SamsungGallery/resources/qml_legacy/GalleryViewSemantic.qml:313:25: Unable to assign [undefined] to bool
[2026-07-12 00:53:21.746] [Thread 10908] Warning: qrc:/SamsungGallery/resources/qml_legacy/GalleryViewSemantic.qml:313:25: Unable to assign [undefined] to bool
[2026-07-12 00:53:21.746] [Thread 10908] Warning: qrc:/SamsungGallery/resources/qml_legacy/GalleryViewSemantic.qml:313:25: Unable to assign [undefined] to bool
[2026-07-12 00:53:21.746] [Thread 10908] Warning: qrc:/SamsungGallery/resources/qml_legacy/GalleryViewSemantic.qml:313:25: Unable to assign [undefined] to bool
[2026-07-12 00:53:21.746] [Thread 10908] Warning: qrc:/SamsungGallery/resources/qml_legacy/GalleryViewSemantic.qml:313:25: Unable to assign [undefined] to bool
[2026-07-12 00:53:21.746] [Thread 10908] Warning: qrc:/SamsungGallery/resources/qml_legacy/GalleryViewSemantic.qml:313:25: Unable to assign [undefined] to bool
[2026-07-12 00:53:21.746] [Thread 10908] Warning: qrc:/SamsungGallery/resources/qml_legacy/GalleryViewSemantic.qml:313:25: Unable to assign [undefined] to bool
[2026-07-12 00:53:21.746] [Thread 10908] Warning: qrc:/SamsungGallery/resources/qml_legacy/GalleryViewSemantic.qml:313:25: Unable to assign [undefined] to bool
[2026-07-12 00:53:21.749] [Thread 10908] Warning: qrc:/SamsungGallery/resources/qml_legacy/GalleryViewSemantic.qml:313:25: Unable to assign [undefined] to bool
[2026-07-12 00:53:21.749] [Thread 10908] Warning: qrc:/SamsungGallery/resources/qml_legacy/GalleryViewSemantic.qml:313:25: Unable to assign [undefined] to bool
[2026-07-12 00:53:21.749] [Thread 10908] Warning: qrc:/SamsungGallery/resources/qml_legacy/GalleryViewSemantic.qml:313:25: Unable to assign [undefined] to bool
[2026-07-12 00:53:21.749] [Thread 10908] Warning: qrc:/SamsungGallery/resources/qml_legacy/GalleryViewSemantic.qml:313:25: Unable to assign [undefined] to bool
[2026-07-12 00:53:21.749] [Thread 10908] Warning: qrc:/SamsungGallery/resources/qml_legacy/GalleryViewSemantic.qml:313:25: Unable to assign [undefined] to bool
[2026-07-12 00:53:21.749] [Thread 10908] Warning: qrc:/SamsungGallery/resources/qml_legacy/GalleryViewSemantic.qml:313:25: Unable to assign [undefined] to bool
[2026-07-12 00:53:21.749] [Thread 10908] Warning: qrc:/SamsungGallery/resources/qml_legacy/GalleryViewSemantic.qml:313:25: Unable to assign [undefined] to bool
[2026-07-12 00:53:21.749] [Thread 10908] Warning: qrc:/SamsungGallery/resources/qml_legacy/GalleryViewSemantic.qml:313:25: Unable to assign [undefined] to bool
[2026-07-12 00:53:21.749] [Thread 10908] Warning: qrc:/SamsungGallery/resources/qml_legacy/GalleryViewSemantic.qml:313:25: Unable to assign [undefined] to bool
[2026-07-12 00:53:21.749] [Thread 10908] Debug: Scanning finished in 2609 ms. Found 8948 items.
[2026-07-12 00:53:21.818] [Thread 10908] Warning: qrc:/SamsungGallery/resources/qml_legacy/GalleryViewSemantic.qml:313:25: Unable to assign [undefined] to bool
[2026-07-12 00:53:21.818] [Thread 10908] Warning: qrc:/SamsungGallery/resources/qml_legacy/GalleryViewSemantic.qml:313:25: Unable to assign [undefined] to bool
[2026-07-12 00:53:21.818] [Thread 10908] Warning: qrc:/SamsungGallery/resources/qml_legacy/GalleryViewSemantic.qml:313:25: Unable to assign [undefined] to bool
[2026-07-12 00:53:21.818] [Thread 10908] Warning: qrc:/SamsungGallery/resources/qml_legacy/GalleryViewSemantic.qml:313:25: Unable to assign [undefined] to bool
[2026-07-12 00:53:21.818] [Thread 10908] Warning: qrc:/SamsungGallery/resources/qml_legacy/GalleryViewSemantic.qml:313:25: Unable to assign [undefined] to bool
[2026-07-12 00:53:21.818] [Thread 10908] Warning: qrc:/SamsungGallery/resources/qml_legacy/GalleryViewSemantic.qml:313:25: Unable to assign [undefined] to bool
[2026-07-12 00:53:21.818] [Thread 10908] Warning: qrc:/SamsungGallery/resources/qml_legacy/GalleryViewSemantic.qml:313:25: Unable to assign [undefined] to bool
[2026-07-12 00:53:21.818] [Thread 10908] Warning: qrc:/SamsungGallery/resources/qml_legacy/GalleryViewSemantic.qml:313:25: Unable to assign [undefined] to bool
[2026-07-12 00:53:21.818] [Thread 10908] Warning: qrc:/SamsungGallery/resources/qml_legacy/GalleryViewSemantic.qml:313:25: Unable to assign [undefined] to bool
[2026-07-12 00:53:21.818] [Thread 10908] Warning: qrc:/SamsungGallery/resources/qml_legacy/GalleryViewSemantic.qml:313:25: Unable to assign [undefined] to bool
[2026-07-12 00:53:21.818] [Thread 10908] Warning: qrc:/SamsungGallery/resources/qml_legacy/GalleryViewSemantic.qml:313:25: Unable to assign [undefined] to bool
[2026-07-12 00:53:21.818] [Thread 10908] Warning: qrc:/SamsungGallery/resources/qml_legacy/GalleryViewSemantic.qml:313:25: Unable to assign [undefined] to bool
[2026-07-12 00:53:21.818] [Thread 10908] Warning: qrc:/SamsungGallery/resources/qml_legacy/GalleryViewSemantic.qml:313:25: Unable to assign [undefined] to bool
[2026-07-12 00:53:21.818] [Thread 10908] Warning: qrc:/SamsungGallery/resources/qml_legacy/GalleryViewSemantic.qml:313:25: Unable to assign [undefined] to bool
[2026-07-12 00:53:21.818] [Thread 10908] Warning: qrc:/SamsungGallery/resources/qml_legacy/GalleryViewSemantic.qml:313:25: Unable to assign [undefined] to bool
[2026-07-12 00:53:21.818] [Thread 10908] Warning: qrc:/SamsungGallery/resources/qml_legacy/GalleryViewSemantic.qml:313:25: Unable to assign [undefined] to bool
[2026-07-12 00:53:21.818] [Thread 10908] Warning: qrc:/SamsungGallery/resources/qml_legacy/GalleryViewSemantic.qml:313:25: Unable to assign [undefined] to bool
[2026-07-12 00:53:21.818] [Thread 10908] Warning: qrc:/SamsungGallery/resources/qml_legacy/GalleryViewSemantic.qml:313:25: Unable to assign [undefined] to bool
[2026-07-12 00:53:21.818] [Thread 10908] Warning: qrc:/SamsungGallery/resources/qml_legacy/GalleryViewSemantic.qml:313:25: Unable to assign [undefined] to bool
[2026-07-12 00:53:21.818] [Thread 10908] Warning: qrc:/SamsungGallery/resources/qml_legacy/GalleryViewSemantic.qml:313:25: Unable to assign [undefined] to bool
[2026-07-12 00:53:21.818] [Thread 10908] Warning: qrc:/SamsungGallery/resources/qml_legacy/GalleryViewSemantic.qml:313:25: Unable to assign [undefined] to bool
[2026-07-12 00:53:21.818] [Thread 10908] Warning: qrc:/SamsungGallery/resources/qml_legacy/GalleryViewSemantic.qml:313:25: Unable to assign [undefined] to bool
[2026-07-12 00:53:21.818] [Thread 10908] Warning: qrc:/SamsungGallery/resources/qml_legacy/GalleryViewSemantic.qml:313:25: Unable to assign [undefined] to bool
[2026-07-12 00:53:21.818] [Thread 10908] Warning: qrc:/SamsungGallery/resources/qml_legacy/GalleryViewSemantic.qml:313:25: Unable to assign [undefined] to bool
[2026-07-12 00:53:21.818] [Thread 10908] Warning: qrc:/SamsungGallery/resources/qml_legacy/GalleryViewSemantic.qml:313:25: Unable to assign [undefined] to bool
[2026-07-12 00:53:21.818] [Thread 10908] Warning: qrc:/SamsungGallery/resources/qml_legacy/GalleryViewSemantic.qml:313:25: Unable to assign [undefined] to bool
[2026-07-12 00:53:21.818] [Thread 10908] Warning: qrc:/SamsungGallery/resources/qml_legacy/GalleryViewSemantic.qml:313:25: Unable to assign [undefined] to bool
[2026-07-12 00:53:21.819] [Thread 10908] Warning: qrc:/SamsungGallery/resources/qml_legacy/GalleryViewSemantic.qml:313:25: Unable to assign [undefined] to bool
[2026-07-12 00:53:21.819] [Thread 10908] Warning: qrc:/SamsungGallery/resources/qml_legacy/GalleryViewSemantic.qml:313:25: Unable to assign [undefined] to bool
[2026-07-12 00:53:21.819] [Thread 10908] Warning: qrc:/SamsungGallery/resources/qml_legacy/GalleryViewSemantic.qml:313:25: Unable to assign [undefined] to bool
[2026-07-12 00:53:21.819] [Thread 10908] Warning: qrc:/SamsungGallery/resources/qml_legacy/GalleryViewSemantic.qml:313:25: Unable to assign [undefined] to bool
[2026-07-12 00:53:21.819] [Thread 10908] Warning: qrc:/SamsungGallery/resources/qml_legacy/GalleryViewSemantic.qml:313:25: Unable to assign [undefined] to bool
[2026-07-12 00:53:21.819] [Thread 10908] Warning: qrc:/SamsungGallery/resources/qml_legacy/GalleryViewSemantic.qml:313:25: Unable to assign [undefined] to bool
[2026-07-12 00:53:21.819] [Thread 10908] Warning: qrc:/SamsungGallery/resources/qml_legacy/GalleryViewSemantic.qml:313:25: Unable to assign [undefined] to bool
[2026-07-12 00:53:21.819] [Thread 10908] Warning: qrc:/SamsungGallery/resources/qml_legacy/GalleryViewSemantic.qml:313:25: Unable to assign [undefined] to bool
[2026-07-12 00:53:21.819] [Thread 10908] Warning: qrc:/SamsungGallery/resources/qml_legacy/GalleryViewSemantic.qml:313:25: Unable to assign [undefined] to bool
[2026-07-12 00:53:21.819] [Thread 10908] Warning: qrc:/SamsungGallery/resources/qml_legacy/GalleryViewSemantic.qml:313:25: Unable to assign [undefined] to bool
[2026-07-12 00:53:21.819] [Thread 10908] Warning: qrc:/SamsungGallery/resources/qml_legacy/GalleryViewSemantic.qml:313:25: Unable to assign [undefined] to bool
[2026-07-12 00:53:21.819] [Thread 10908] Warning: qrc:/SamsungGallery/resources/qml_legacy/GalleryViewSemantic.qml:313:25: Unable to assign [undefined] to bool
[2026-07-12 00:53:21.819] [Thread 10908] Warning: qrc:/SamsungGallery/resources/qml_legacy/GalleryViewSemantic.qml:313:25: Unable to assign [undefined] to bool
[2026-07-12 00:53:21.819] [Thread 10908] Warning: qrc:/SamsungGallery/resources/qml_legacy/GalleryViewSemantic.qml:313:25: Unable to assign [undefined] to bool
[2026-07-12 00:53:21.819] [Thread 10908] Warning: qrc:/SamsungGallery/resources/qml_legacy/GalleryViewSemantic.qml:313:25: Unable to assign [undefined] to bool
[2026-07-12 00:53:21.819] [Thread 10908] Warning: qrc:/SamsungGallery/resources/qml_legacy/GalleryViewSemantic.qml:313:25: Unable to assign [undefined] to bool
[2026-07-12 00:53:21.819] [Thread 10908] Warning: qrc:/SamsungGallery/resources/qml_legacy/GalleryViewSemantic.qml:313:25: Unable to assign [undefined] to bool
[2026-07-12 00:53:21.819] [Thread 10908] Warning: qrc:/SamsungGallery/resources/qml_legacy/GalleryViewSemantic.qml:313:25: Unable to assign [undefined] to bool
[2026-07-12 00:53:21.819] [Thread 10908] Warning: qrc:/SamsungGallery/resources/qml_legacy/GalleryViewSemantic.qml:313:25: Unable to assign [undefined] to bool
[2026-07-12 00:53:21.819] [Thread 10908] Warning: qrc:/SamsungGallery/resources/qml_legacy/GalleryViewSemantic.qml:313:25: Unable to assign [undefined] to bool
[2026-07-12 00:53:21.819] [Thread 10908] Warning: qrc:/SamsungGallery/resources/qml_legacy/GalleryViewSemantic.qml:313:25: Unable to assign [undefined] to bool
[2026-07-12 00:53:21.819] [Thread 10908] Warning: qrc:/SamsungGallery/resources/qml_legacy/GalleryViewSemantic.qml:313:25: Unable to assign [undefined] to bool
[2026-07-12 00:53:21.819] [Thread 10908] Warning: qrc:/SamsungGallery/resources/qml_legacy/GalleryViewSemantic.qml:313:25: Unable to assign [undefined] to bool
[2026-07-12 00:53:21.819] [Thread 10908] Warning: qrc:/SamsungGallery/resources/qml_legacy/GalleryViewSemantic.qml:313:25: Unable to assign [undefined] to bool
[2026-07-12 00:53:21.819] [Thread 10908] Warning: qrc:/SamsungGallery/resources/qml_legacy/GalleryViewSemantic.qml:313:25: Unable to assign [undefined] to bool
[2026-07-12 00:53:21.819] [Thread 10908] Warning: qrc:/SamsungGallery/resources/qml_legacy/GalleryViewSemantic.qml:313:25: Unable to assign [undefined] to bool
[2026-07-12 00:53:21.820] [Thread 10908] Warning: qrc:/SamsungGallery/resources/qml_legacy/GalleryViewSemantic.qml:313:25: Unable to assign [undefined] to bool
[2026-07-12 00:53:21.820] [Thread 10908] Warning: qrc:/SamsungGallery/resources/qml_legacy/GalleryViewSemantic.qml:313:25: Unable to assign [undefined] to bool
[2026-07-12 00:53:21.820] [Thread 10908] Warning: qrc:/SamsungGallery/resources/qml_legacy/GalleryViewSemantic.qml:313:25: Unable to assign [undefined] to bool
[2026-07-12 00:53:21.820] [Thread 10908] Warning: qrc:/SamsungGallery/resources/qml_legacy/GalleryViewSemantic.qml:313:25: Unable to assign [undefined] to bool
[2026-07-12 00:53:21.820] [Thread 10908] Warning: qrc:/SamsungGallery/resources/qml_legacy/GalleryViewSemantic.qml:313:25: Unable to assign [undefined] to bool
[2026-07-12 00:53:21.820] [Thread 10908] Warning: qrc:/SamsungGallery/resources/qml_legacy/GalleryViewSemantic.qml:313:25: Unable to assign [undefined] to bool
[2026-07-12 00:53:21.820] [Thread 10908] Warning: qrc:/SamsungGallery/resources/qml_legacy/GalleryViewSemantic.qml:313:25: Unable to assign [undefined] to bool
[2026-07-12 00:53:21.820] [Thread 10908] Warning: qrc:/SamsungGallery/resources/qml_legacy/GalleryViewSemantic.qml:313:25: Unable to assign [undefined] to bool
[2026-07-12 00:53:21.820] [Thread 10908] Warning: qrc:/SamsungGallery/resources/qml_legacy/GalleryViewSemantic.qml:313:25: Unable to assign [undefined] to bool
[2026-07-12 00:53:21.820] [Thread 10908] Warning: qrc:/SamsungGallery/resources/qml_legacy/GalleryViewSemantic.qml:313:25: Unable to assign [undefined] to bool
[2026-07-12 00:53:21.820] [Thread 10908] Warning: qrc:/SamsungGallery/resources/qml_legacy/GalleryViewSemantic.qml:313:25: Unable to assign [undefined] to bool
[2026-07-12 00:53:21.820] [Thread 10908] Warning: qrc:/SamsungGallery/resources/qml_legacy/GalleryViewSemantic.qml:313:25: Unable to assign [undefined] to bool
[2026-07-12 00:53:21.820] [Thread 10908] Warning: qrc:/SamsungGallery/resources/qml_legacy/GalleryViewSemantic.qml:313:25: Unable to assign [undefined] to bool
[2026-07-12 00:53:21.820] [Thread 10908] Warning: qrc:/SamsungGallery/resources/qml_legacy/GalleryViewSemantic.qml:313:25: Unable to assign [undefined] to bool
[2026-07-12 00:53:21.820] [Thread 10908] Warning: qrc:/SamsungGallery/resources/qml_legacy/GalleryViewSemantic.qml:313:25: Unable to assign [undefined] to bool
[2026-07-12 00:53:21.820] [Thread 10908] Warning: qrc:/SamsungGallery/resources/qml_legacy/GalleryViewSemantic.qml:313:25: Unable to assign [undefined] to bool
[2026-07-12 00:53:21.820] [Thread 10908] Warning: qrc:/SamsungGallery/resources/qml_legacy/GalleryViewSemantic.qml:313:25: Unable to assign [undefined] to bool
[2026-07-12 00:53:21.820] [Thread 10908] Warning: qrc:/SamsungGallery/resources/qml_legacy/GalleryViewSemantic.qml:313:25: Unable to assign [undefined] to bool
[2026-07-12 00:53:21.820] [Thread 10908] Warning: qrc:/SamsungGallery/resources/qml_legacy/GalleryViewSemantic.qml:313:25: Unable to assign [undefined] to bool
[2026-07-12 00:53:21.820] [Thread 10908] Warning: qrc:/SamsungGallery/resources/qml_legacy/GalleryViewSemantic.qml:313:25: Unable to assign [undefined] to bool
[2026-07-12 00:53:21.820] [Thread 10908] Warning: qrc:/SamsungGallery/resources/qml_legacy/GalleryViewSemantic.qml:313:25: Unable to assign [undefined] to bool
[2026-07-12 00:53:21.820] [Thread 10908] Warning: qrc:/SamsungGallery/resources/qml_legacy/GalleryViewSemantic.qml:313:25: Unable to assign [undefined] to bool
[2026-07-12 00:53:21.820] [Thread 10908] Warning: qrc:/SamsungGallery/resources/qml_legacy/GalleryViewSemantic.qml:313:25: Unable to assign [undefined] to bool
[2026-07-12 00:53:21.820] [Thread 10908] Warning: qrc:/SamsungGallery/resources/qml_legacy/GalleryViewSemantic.qml:313:25: Unable to assign [undefined] to bool
[2026-07-12 00:53:21.820] [Thread 10908] Warning: qrc:/SamsungGallery/resources/qml_legacy/GalleryViewSemantic.qml:313:25: Unable to assign [undefined] to bool
[2026-07-12 00:53:21.820] [Thread 10908] Warning: qrc:/SamsungGallery/resources/qml_legacy/GalleryViewSemantic.qml:313:25: Unable to assign [undefined] to bool
[2026-07-12 00:53:21.820] [Thread 10908] Warning: qrc:/SamsungGallery/resources/qml_legacy/GalleryViewSemantic.qml:313:25: Unable to assign [undefined] to bool
[2026-07-12 00:53:21.820] [Thread 10908] Warning: qrc:/SamsungGallery/resources/qml_legacy/GalleryViewSemantic.qml:313:25: Unable to assign [undefined] to bool
[2026-07-12 00:53:21.820] [Thread 10908] Warning: qrc:/SamsungGallery/resources/qml_legacy/GalleryViewSemantic.qml:313:25: Unable to assign [undefined] to bool
[2026-07-12 00:53:21.820] [Thread 10908] Warning: qrc:/SamsungGallery/resources/qml_legacy/GalleryViewSemantic.qml:313:25: Unable to assign [undefined] to bool
[2026-07-12 00:53:21.820] [Thread 10908] Warning: qrc:/SamsungGallery/resources/qml_legacy/GalleryViewSemantic.qml:313:25: Unable to assign [undefined] to bool
[2026-07-12 00:53:21.820] [Thread 10908] Warning: qrc:/SamsungGallery/resources/qml_legacy/GalleryViewSemantic.qml:313:25: Unable to assign [undefined] to bool
[2026-07-12 00:53:21.820] [Thread 10908] Warning: qrc:/SamsungGallery/resources/qml_legacy/GalleryViewSemantic.qml:313:25: Unable to assign [undefined] to bool
[2026-07-12 00:53:21.820] [Thread 10908] Warning: qrc:/SamsungGallery/resources/qml_legacy/GalleryViewSemantic.qml:313:25: Unable to assign [undefined] to bool
[2026-07-12 00:53:21.820] [Thread 10908] Warning: qrc:/SamsungGallery/resources/qml_legacy/GalleryViewSemantic.qml:313:25: Unable to assign [undefined] to bool
[2026-07-12 00:53:21.820] [Thread 10908] Warning: qrc:/SamsungGallery/resources/qml_legacy/GalleryViewSemantic.qml:313:25: Unable to assign [undefined] to bool
[2026-07-12 00:53:21.820] [Thread 10908] Warning: qrc:/SamsungGallery/resources/qml_legacy/GalleryViewSemantic.qml:313:25: Unable to assign [undefined] to bool
[2026-07-12 00:53:22.108] [Thread 26956] Critical: [FFmpeg Error] "Failed setup for format d3d11: hwaccel initialisation returned error."
[2026-07-12 00:53:22.108] [Thread 26956] Warning: [FFmpeg] Failed to get HW surface format.
[2026-07-12 00:53:22.108] [Thread 26956] Critical: [FFmpeg Error] "no frame!"
[2026-07-12 00:53:22.109] [Thread 26956] Critical: [FFmpeg Error] "Missing reference picture, default is 0"
[2026-07-12 00:53:22.138] [Thread 26956] Debug: [VideoThumbnailer] Failed to decode frame at 0
[2026-07-12 00:53:22.143] [Thread 5748] Critical: [FFmpeg Error] "Failed setup for format d3d11: hwaccel initialisation returned error."
[2026-07-12 00:53:22.143] [Thread 5748] Warning: [FFmpeg] Failed to get HW surface format.
[2026-07-12 00:53:22.143] [Thread 5748] Critical: [FFmpeg Error] "no frame!"
[2026-07-12 00:53:22.144] [Thread 5748] Critical: [FFmpeg Error] "Missing reference picture, default is 0"
[2026-07-12 00:53:22.172] [Thread 5748] Debug: [VideoThumbnailer] Failed to decode frame at 0
[2026-07-12 00:53:22.244] [Thread 5748] Warning: QMetaObject::invokeMethod: No such method QObject::handleDone(QImage)
[2026-07-12 00:53:22.713] [Thread 10908] Debug: [SystemMonitor] Resource Update: RAM: 304.637 MB (Delta: 77.082 ) | VRAM: 124.598 MB (Delta: 31.8203 )
[2026-07-12 00:54:15.708] [Thread 10908] Debug: [SystemMonitor] Resource Update: RAM: 419.176 MB (Delta: 114.539 ) | VRAM: 99.8828 MB (Delta: -24.7148 )
