Setting up Phase 1 scaffolding...
Scaffolding complete.

--- PHASE 1: LOCAL GRAPH + PROJECT COMPARATOR ---
Project A: C:\just-dub-it
Project B: C:\just-dub-it2

[1/3] Indexing Project A...
Loading Graphify JSON...
Ingesting nodes into Brain...
Ingesting edges into Brain...
Ingestion complete.

[2/3] Indexing Project B...
Loading Graphify JSON...
Ingesting nodes into Brain...
Ingesting edges into Brain...
Ingestion complete.

[3/3] Running Project Comparator...
Report generated: reports/comparisons/2026-07-24T014246.116473_comparison.json

--- COMPARISON SUMMARY ---
Semantic Similarity: 0.78
Shared Dependencies: 0
Risk Flags: 1
Skill Gaps: 1

Checking audit log...
PASS: audit.log is empty (No outbound connections made).
