Setting up Phase 1 scaffolding...
Scaffolding complete.

--- PHASE 1: LOCAL GRAPH + PROJECT COMPARATOR ---
Project A: C:\just-dub-it
Project B: C:\just-dub-it2

[1/3] Indexing Project A...
Loading Graphify JSON...
Ingesting nodes into Brain...
Ingesting edges into Brain...
Ingestion complete.

[2/3] Indexing Project B...
Loading Graphify JSON...
Ingesting nodes into Brain...
Ingesting edges into Brain...
Ingestion complete.

[3/3] Running Project Comparator...
Report generated successfully: reports\comparisons\2026-07-25T05-12-14.138071_comparison.json

--- COMPARISON SUMMARY ---
Semantic Similarity: 1.0
Shared Dependencies: 0
Risk Flags: 2
Skill Gaps: 0

Checking audit log...
PASS: audit.log is empty (No outbound connections made).
