[STREAM]
index=0
codec_name=h264
codec_long_name=H.264 / AVC / MPEG-4 AVC / MPEG-4 part 10
profile=Main
codec_type=video
codec_tag_string=avc1
codec_tag=0x31637661
mime_codec_string=avc1.4d4028
width=640
height=360
coded_width=640
coded_height=360
has_b_frames=2
sample_aspect_ratio=1:1
display_aspect_ratio=16:9
pix_fmt=yuv420p
level=40
color_range=tv
color_space=bt709
color_transfer=bt709
color_primaries=bt709
chroma_location=left
field_order=progressive
is_avc=true
nal_length_size=4
id=0x1
r_frame_rate=120/1
avg_frame_rate=19978875/885641
time_base=1/90000
start_pts=0
start_time=0.000000
duration_ts=212553840
duration=2361.709333
bit_rate=399951
max_bit_rate=N/A
bits_per_raw_sample=8
nb_frames=53277
nb_read_frames=N/A
nb_read_packets=N/A
extradata_size=44
DISPOSITION:default=1
DISPOSITION:dub=0
DISPOSITION:original=0
DISPOSITION:comment=0
DISPOSITION:lyrics=0
DISPOSITION:karaoke=0
DISPOSITION:forced=0
DISPOSITION:hearing_impaired=0
DISPOSITION:visual_impaired=0
DISPOSITION:clean_effects=0
DISPOSITION:attached_pic=0
DISPOSITION:timed_thumbnails=0
DISPOSITION:non_diegetic=0
DISPOSITION:captions=0
DISPOSITION:descriptions=0
DISPOSITION:metadata=0
DISPOSITION:dependent=0
DISPOSITION:still_image=0
DISPOSITION:multilayer=0
TAG:creation_time=2021-09-19T06:44:42.000000Z
TAG:language=und
TAG:handler_name=VideoHandler
[/STREAM]
[STREAM]
index=1
codec_name=aac
codec_long_name=AAC (Advanced Audio Coding)
profile=LC
codec_type=audio
codec_tag_string=mp4a
codec_tag=0x6134706d
mime_codec_string=mp4a.40.2
sample_fmt=fltp
sample_rate=48000
channels=2
channel_layout=stereo
bits_per_sample=0
initial_padding=0
id=0x2
r_frame_rate=0/0
avg_frame_rate=0/0
time_base=1/48000
start_pts=0
start_time=0.000000
duration_ts=113361888
duration=2361.706000
bit_rate=128406
max_bit_rate=N/A
bits_per_raw_sample=N/A
nb_frames=110706
nb_read_frames=N/A
nb_read_packets=N/A
extradata_size=5
DISPOSITION:default=1
DISPOSITION:dub=0
DISPOSITION:original=0
DISPOSITION:comment=0
DISPOSITION:lyrics=0
DISPOSITION:karaoke=0
DISPOSITION:forced=0
DISPOSITION:hearing_impaired=0
DISPOSITION:visual_impaired=0
DISPOSITION:clean_effects=0
DISPOSITION:attached_pic=0
DISPOSITION:timed_thumbnails=0
DISPOSITION:non_diegetic=0
DISPOSITION:captions=0
DISPOSITION:descriptions=0
DISPOSITION:metadata=0
DISPOSITION:dependent=0
DISPOSITION:still_image=0
DISPOSITION:multilayer=0
TAG:creation_time=2021-09-19T06:44:42.000000Z
TAG:language=eng
TAG:handler_name=Stereo
TAG:name=Stereo
[/STREAM]
[FORMAT]
filename=C:\just-dub-it2\copy.mp4
nb_streams=2
nb_programs=0
nb_stream_groups=0
format_name=mov,mp4,m4a,3gp,3g2,mj2
format_long_name=QuickTime / MOV
start_time=0.000000
duration=2361.709333
size=157934001
bit_rate=534982
probe_score=100
TAG:major_brand=mp42
TAG:minor_version=512
TAG:compatible_brands=isomiso2avc1mp41
TAG:creation_time=2021-09-19T06:44:42.000000Z
TAG:encoder=HandBrake 1.3.3 2020061300
[/FORMAT]
