Collecting graphifyy
  Downloading graphifyy-0.8.33-py3-none-any.whl.metadata (42 kB)
Requirement already satisfied: networkx>=3.4 in C:\Users\curtis\AppData\Local\Programs\Python\Python312\Lib\site-packages (from graphifyy) (3.5)
Collecting datasketch>=1.6 (from graphifyy)
  Downloading datasketch-1.10.0-py3-none-any.whl.metadata (10 kB)
Requirement already satisfied: rapidfuzz>=3.0 in C:\Users\curtis\AppData\Local\Programs\Python\Python312\Lib\site-packages (from graphifyy) (3.14.1)
Collecting tree-sitter>=0.23.0 (from graphifyy)
  Downloading tree_sitter-0.25.2-cp312-cp312-win_amd64.whl.metadata (10 kB)
Collecting tree-sitter-python (from graphifyy)
  Downloading tree_sitter_python-0.25.0-cp310-abi3-win_amd64.whl.metadata (1.9 kB)
Collecting tree-sitter-javascript (from graphifyy)
  Downloading tree_sitter_javascript-0.25.0-cp310-abi3-win_amd64.whl.metadata (2.3 kB)
Collecting tree-sitter-typescript (from graphifyy)
  Downloading tree_sitter_typescript-0.23.2-cp39-abi3-win_amd64.whl.metadata (2.4 kB)
Collecting tree-sitter-go (from graphifyy)
  Downloading tree_sitter_go-0.25.0-cp310-abi3-win_amd64.whl.metadata (1.7 kB)
Collecting tree-sitter-rust (from graphifyy)
  Downloading tree_sitter_rust-0.24.2-cp39-abi3-win_amd64.whl.metadata (2.9 kB)
Collecting tree-sitter-java (from graphifyy)
  Downloading tree_sitter_java-0.23.5-cp39-abi3-win_amd64.whl.metadata (1.8 kB)
Collecting tree-sitter-groovy (from graphifyy)
  Downloading tree_sitter_groovy-0.1.2-cp39-abi3-win_amd64.whl.metadata (809 bytes)
Collecting tree-sitter-c (from graphifyy)
  Downloading tree_sitter_c-0.24.2-cp310-abi3-win_amd64.whl.metadata (1.8 kB)
Collecting tree-sitter-cpp (from graphifyy)
  Downloading tree_sitter_cpp-0.23.4-cp39-abi3-win_amd64.whl.metadata (1.9 kB)
Collecting tree-sitter-ruby (from graphifyy)
  Downloading tree_sitter_ruby-0.23.1-cp39-abi3-win_amd64.whl.metadata (1.9 kB)
Collecting tree-sitter-c-sharp (from graphifyy)
  Downloading tree_sitter_c_sharp-0.23.5-cp310-abi3-win_amd64.whl.metadata (2.8 kB)
Collecting tree-sitter-kotlin (from graphifyy)
  Downloading tree_sitter_kotlin-1.1.0-cp39-abi3-win_amd64.whl.metadata (1.9 kB)
Collecting tree-sitter-scala (from graphifyy)
  Downloading tree_sitter_scala-0.26.0-cp39-abi3-win_amd64.whl.metadata (2.1 kB)
Collecting tree-sitter-php (from graphifyy)
  Downloading tree_sitter_php-0.24.1-cp310-abi3-win_amd64.whl.metadata (1.7 kB)
Collecting tree-sitter-swift (from graphifyy)
  Downloading tree_sitter_swift-0.7.3-cp38-abi3-win_amd64.whl.metadata (5.9 kB)
Collecting tree-sitter-lua (from graphifyy)
  Downloading tree_sitter_lua-0.5.0-cp310-abi3-win_amd64.whl.metadata (1.9 kB)
Collecting tree-sitter-zig (from graphifyy)
  Downloading tree_sitter_zig-1.1.2-cp39-abi3-win_amd64.whl.metadata (1.8 kB)
Collecting tree-sitter-powershell (from graphifyy)
  Downloading tree_sitter_powershell-0.26.4-cp310-abi3-win_amd64.whl.metadata (923 bytes)
Collecting tree-sitter-elixir (from graphifyy)
  Downloading tree_sitter_elixir-0.3.5-cp39-abi3-win_amd64.whl.metadata (1.2 kB)
Collecting tree-sitter-objc (from graphifyy)
  Downloading tree_sitter_objc-3.0.2-cp39-abi3-win_amd64.whl.metadata (1.8 kB)
Collecting tree-sitter-julia (from graphifyy)
  Downloading tree_sitter_julia-0.23.1-cp39-abi3-win_amd64.whl.metadata (2.0 kB)
Collecting tree-sitter-verilog (from graphifyy)
  Downloading tree_sitter_verilog-1.0.3-cp39-abi3-win_amd64.whl.metadata (1.9 kB)
Collecting tree-sitter-fortran (from graphifyy)
  Downloading tree_sitter_fortran-0.6.0-cp39-abi3-win_amd64.whl.metadata (1.9 kB)
Collecting tree-sitter-bash (from graphifyy)
  Downloading tree_sitter_bash-0.25.1-cp310-abi3-win_amd64.whl.metadata (2.3 kB)
Collecting tree-sitter-json (from graphifyy)
  Downloading tree_sitter_json-0.24.8-cp39-abi3-win_amd64.whl.metadata (1.7 kB)
Requirement already satisfied: numpy>=1.11 in C:\Users\curtis\AppData\Local\Programs\Python\Python312\Lib\site-packages (from datasketch>=1.6->graphifyy) (1.26.4)
Requirement already satisfied: scipy>=1.0.0 in C:\Users\curtis\AppData\Local\Programs\Python\Python312\Lib\site-packages (from datasketch>=1.6->graphifyy) (1.16.2)
Downloading graphifyy-0.8.33-py3-none-any.whl (729 kB)
   ---------------------------------------- 730.0/730.0 kB 964.6 kB/s  0:00:01
Downloading datasketch-1.10.0-py3-none-any.whl (99 kB)
Downloading tree_sitter-0.25.2-cp312-cp312-win_amd64.whl (127 kB)
Downloading tree_sitter_bash-0.25.1-cp310-abi3-win_amd64.whl (195 kB)
Downloading tree_sitter_c-0.24.2-cp310-abi3-win_amd64.whl (84 kB)
Downloading tree_sitter_c_sharp-0.23.5-cp310-abi3-win_amd64.whl (338 kB)
Downloading tree_sitter_cpp-0.23.4-cp39-abi3-win_amd64.whl (290 kB)
Downloading tree_sitter_elixir-0.3.5-cp39-abi3-win_amd64.whl (167 kB)
Downloading tree_sitter_fortran-0.6.0-cp39-abi3-win_amd64.whl (383 kB)
Downloading tree_sitter_go-0.25.0-cp310-abi3-win_amd64.whl (48 kB)
Downloading tree_sitter_groovy-0.1.2-cp39-abi3-win_amd64.whl (104 kB)
Downloading tree_sitter_java-0.23.5-cp39-abi3-win_amd64.whl (60 kB)
Downloading tree_sitter_javascript-0.25.0-cp310-abi3-win_amd64.whl (62 kB)
Downloading tree_sitter_json-0.24.8-cp39-abi3-win_amd64.whl (11 kB)
Downloading tree_sitter_julia-0.23.1-cp39-abi3-win_amd64.whl (624 kB)
   ---------------------------------------- 624.2/624.2 kB 1.0 MB/s  0:00:00
Downloading tree_sitter_kotlin-1.1.0-cp39-abi3-win_amd64.whl (315 kB)
Downloading tree_sitter_lua-0.5.0-cp310-abi3-win_amd64.whl (24 kB)
Downloading tree_sitter_objc-3.0.2-cp39-abi3-win_amd64.whl (305 kB)
Downloading tree_sitter_php-0.24.1-cp310-abi3-win_amd64.whl (208 kB)
Downloading tree_sitter_powershell-0.26.4-cp310-abi3-win_amd64.whl (116 kB)
Downloading tree_sitter_python-0.25.0-cp310-abi3-win_amd64.whl (76 kB)
Downloading tree_sitter_ruby-0.23.1-cp39-abi3-win_amd64.whl (179 kB)
Downloading tree_sitter_rust-0.24.2-cp39-abi3-win_amd64.whl (129 kB)
Downloading tree_sitter_scala-0.26.0-cp39-abi3-win_amd64.whl (603 kB)
   ---------------------------------------- 604.0/604.0 kB 1.5 MB/s  0:00:00
Downloading tree_sitter_swift-0.7.3-cp38-abi3-win_amd64.whl (365 kB)
Downloading tree_sitter_typescript-0.23.2-cp39-abi3-win_amd64.whl (278 kB)
Downloading tree_sitter_verilog-1.0.3-cp39-abi3-win_amd64.whl (751 kB)
   ---------------------------------------- 751.6/751.6 kB 1.7 MB/s  0:00:00
Downloading tree_sitter_zig-1.1.2-cp39-abi3-win_amd64.whl (65 kB)
Installing collected packages: tree-sitter-zig, tree-sitter-verilog, tree-sitter-typescript, tree-sitter-swift, tree-sitter-scala, tree-sitter-rust, tree-sitter-ruby, tree-sitter-python, tree-sitter-powershell, tree-sitter-php, tree-sitter-objc, tree-sitter-lua, tree-sitter-kotlin, tree-sitter-julia, tree-sitter-json, tree-sitter-javascript, tree-sitter-java, tree-sitter-groovy, tree-sitter-go, tree-sitter-fortran, tree-sitter-elixir, tree-sitter-cpp, tree-sitter-c-sharp, tree-sitter-c, tree-sitter-bash, tree-sitter, datasketch, graphifyy

Successfully installed datasketch-1.10.0 graphifyy-0.8.33 tree-sitter-0.25.2 tree-sitter-bash-0.25.1 tree-sitter-c-0.24.2 tree-sitter-c-sharp-0.23.5 tree-sitter-cpp-0.23.4 tree-sitter-elixir-0.3.5 tree-sitter-fortran-0.6.0 tree-sitter-go-0.25.0 tree-sitter-groovy-0.1.2 tree-sitter-java-0.23.5 tree-sitter-javascript-0.25.0 tree-sitter-json-0.24.8 tree-sitter-julia-0.23.1 tree-sitter-kotlin-1.1.0 tree-sitter-lua-0.5.0 tree-sitter-objc-3.0.2 tree-sitter-php-0.24.1 tree-sitter-powershell-0.26.4 tree-sitter-python-0.25.0 tree-sitter-ruby-0.23.1 tree-sitter-rust-0.24.2 tree-sitter-scala-0.26.0 tree-sitter-swift-0.7.3 tree-sitter-typescript-0.23.2 tree-sitter-verilog-1.0.3 tree-sitter-zig-1.1.2
