[graphify] chunk 1/55 failed: Request timed out.
[graphify] chunk 2/55 failed: Request timed out.
[graphify] chunk 3/55 failed: Request timed out.
[graphify] chunk 4/55 failed: Request timed out.
[graphify] chunk 5/55 failed: Request timed out.
[graphify] chunk 6/55 failed: Request timed out.
[graphify] chunk 7/55 failed: Request timed out.
[graphify] chunk 8/55 failed: Request timed out.
[graphify] chunk 9/55 failed: Request timed out.
[graphify] chunk 10/55 failed: Request timed out.
[graphify] chunk 11/55 failed: Request timed out.
[graphify] chunk 12/55 failed: Request timed out.
[graphify] chunk 13/55 failed: Request timed out.
[graphify] chunk 14/55 failed: Request timed out.
[graphify] chunk 15/55 failed: Request timed out.
[graphify] chunk 16/55 failed: Request timed out.
[graphify] chunk 17/55 failed: Error code: 400 - {'error': 'Model unloaded.'}
[graphify] chunk 18/55 failed: Error code: 400 - {'error': 'Model reloaded.'}
[graphify] chunk 19/55 failed: Connection error.
[graphify] chunk 20/55 failed: Connection error.
[graphify] chunk 21/55 failed: Connection error.
[graphify] chunk 22/55 failed: Connection error.
[graphify] chunk 23/55 failed: Connection error.
[graphify] chunk 24/55 failed: Connection error.
[graphify] chunk 25/55 failed: Connection error.
[graphify] chunk 26/55 failed: Connection error.
[graphify] chunk 27/55 failed: Connection error.
[graphify] chunk 28/55 failed: Connection error.
[graphify] chunk 29/55 failed: Connection error.
[graphify] chunk 30/55 failed: Connection error.
[graphify] chunk 31/55 failed: Connection error.
[graphify] chunk 32/55 failed: Connection error.
[graphify] chunk 33/55 failed: Connection error.
[graphify] chunk 34/55 failed: Connection error.
[graphify] chunk 35/55 failed: Connection error.
[graphify] chunk 36/55 failed: Connection error.
[graphify] chunk 37/55 failed: Connection error.
[graphify] chunk 38/55 failed: Connection error.
[graphify] chunk 39/55 failed: Connection error.
[graphify] chunk 40/55 failed: Connection error.
[graphify] chunk 41/55 failed: Connection error.
[graphify] chunk 42/55 failed: Connection error.
[graphify] chunk 43/55 failed: Connection error.
[graphify] chunk 44/55 failed: Connection error.
[graphify] chunk 45/55 failed: Connection error.
[graphify] chunk 46/55 failed: Connection error.
[graphify] chunk 47/55 failed: Connection error.
[graphify] chunk 48/55 failed: Connection error.
[graphify] chunk 49/55 failed: Connection error.
[graphify] chunk 50/55 failed: Connection error.
[graphify] chunk 51/55 failed: Connection error.
[graphify] chunk 52/55 failed: Connection error.
[graphify] chunk 53/55 failed: Connection error.
[graphify] chunk 54/55 failed: Connection error.
[graphify] chunk 55/55 failed: Connection error.
[graphify] WARNING: 55/55 semantic chunk(s) failed — see errors above. Partial results returned.
[graphify extract] error: all semantic chunks failed for backend 'lm-studio' (77 uncached files) - see per-chunk errors above. If you see 'requires the X package', run `pip install X` and retry.
[graphify extract] scanning C:\just-dub-it2
[graphify extract] found 246 code, 65 docs, 0 papers, 12 images
[graphify extract] AST extraction on 246 code files...
[graphify extract] semantic extraction on 77 files via lm-studio...
