
[1/4] Killing lingering FFmpeg workers...
[2/4] Waiting for process handles to release...
[3/4] Freeing port 7860...
[3/3] Starting just-dub-it2 Dashboard...

➔ Local URL: http://127.0.0.1:7860
➔ Network URL: Exposed on LAN (0.0.0.0)

2026-06-07 01:06:14,577 | INFO | BOOT | >>> BOOTSTRAP: PROVISIONAL ENVIRONMENT LOCK ACTIVE <<
2026-06-07 01:06:18,479 | INFO | PIPE | [PIPEWORKER] Background Thread Online.
2026-06-07 01:06:18,479 | INFO | PIPE | PipelineManager initialized. Worker thread active.
C:\just-dub-it2\app\main_ui.py:280: UserWarning: The parameters have been moved from the Blocks constructor to the launch() method in Gradio 6.0: css. Please pass these parameters to launch() instead.
  with gr.Blocks(title="Offline AI Studio v2.6.5", css=GLOBAL_CSS) as demo:
2026-06-07 01:06:18,894 | INFO | PIPE | Enqueued job 1780415247. Queue size: 1
2026-06-07 01:06:18,895 | INFO | PIPE | [PIPEWORKER] Dequeued Job: 1780415247
2026-06-07 01:06:18,897 | INFO | PIPE | Enqueued job 1780416086. Queue size: 1
2026-06-07 01:06:18,900 | INFO | PIPE | Enqueued job 1780416330. Queue size: 2
2026-06-07 01:06:18,902 | INFO | PIPE | Enqueued job 1780417149. Queue size: 3
* Running on local URL:  http://0.0.0.0:7860
2026-06-07 01:06:19,786 | INFO | httpx | HTTP Request: GET http://localhost:7860/gradio_api/startup-events "HTTP/1.1 200 OK"
2026-06-07 01:06:19,818 | INFO | httpx | HTTP Request: HEAD http://localhost:7860/ "HTTP/1.1 200 OK"
* To create a public link, set `share=True` in `launch()`.
2026-06-07 01:06:20,900 | INFO | httpx | HTTP Request: GET https://api.gradio.app/pkg-version "HTTP/1.1 200 OK"
2026-06-07 01:06:23,900 | INFO | PIPE | [PIPEWORKER] Booting AI Core for 1780415247...
C:\just-dub-it2\env\Lib\site-packages\pyannote\audio\core\io.py:43: UserWarning: torchaudio._backend.set_audio_backend has been deprecated. With dispatcher enabled, this function is no-op. You can remove the function call.
  torchaudio.set_audio_backend("soundfile")
2026-06-07 01:07:04,170 | INFO | PIPE | Source language detected: en
2026-06-07 01:07:04,171 | INFO | PIPE | Loaded diarized segments and speaker references from cache.
2026-06-07 01:07:04,172 | INFO | gpu_manager | Preparing for GPU stage...
2026-06-07 01:07:04,728 | INFO | gpu_manager | VRAM before load: 3964/4096 MB used, 132 MB free.
2026-06-07 01:07:04,728 | INFO | stages.tts | Loading XTTS v2 model from LOCAL path to CUDA (4GB VRAM Optimization)...
2026-06-07 01:07:04,748 | INFO | TTS.tts.models | Using model: xtts
2026-06-07 01:07:31,740 | INFO | gpu_manager | VRAM after load: 3951/4096 MB used, 145 MB free.
2026-06-07 01:07:31,740 | INFO | gpu_manager | Low VRAM mode active or critical VRAM detected. Forcing VRAM purge after stage.
2026-06-07 01:07:31,741 | INFO | stages.tts | Generating/Verifying 1 TTS segments with Duration Contract Enforcement...
2026-06-07 01:07:31,741 | WARNING | stages.tts | No specific reference found for speaker unknown. Using original vocal audio as fallback.
2026-06-07 01:07:31,753 | INFO | TTS.utils.synthesizer | Text split into sentences.
2026-06-07 01:07:31,754 | INFO | TTS.utils.synthesizer | Input: ['Hello world, testing offline pipeline speech now.', 'Total duration: 6.1s, within target....']
2026-06-07 01:07:39,822 | INFO | TTS.utils.voices | Generated voice from reference audio
C:\just-dub-it2\env\Lib\site-packages\transformers\integrations\sdpa_attention.py:92: UserWarning: 1Torch was not compiled with flash attention. (Triggered internally at C:\actions-runner\_work\pytorch\pytorch\builder\windows\pytorch\aten\src\ATen\native\transformers\cuda\sdp_utils.cpp:555.)
  attn_output = torch.nn.functional.scaled_dot_product_attention(
2026-06-07 01:07:50,847 | INFO | TTS.utils.voices | Generated voice from reference audio
2026-06-07 01:08:09,014 | INFO | TTS.utils.synthesizer | Processing time: 37.272
2026-06-07 01:08:09,016 | INFO | TTS.utils.synthesizer | Real-time factor: 3.711
2026-06-07 01:08:09,316 | WARNING | stages.tts | Segment 0: TTS produced only 0.0s for 4.3s slot
2026-06-07 01:08:09,316 | INFO | gpu_manager | Performing VRAM purge...
2026-06-07 01:08:09,736 | INFO | gpu_manager | VRAM after stage: 3950/4096 MB used, 146 MB free.
2026-06-07 01:08:09,736 | INFO | stages.audio_mix | Mixing audio segments... (Streaming FFmpeg Architecture)
2026-06-07 01:08:09,736 | INFO | stages.audio_mix | Generating timeline for 1 segments...
2026-06-07 01:08:10,367 | INFO | stages.audio_mix | Finalizing Vocal Master track...
2026-06-07 01:08:10,369 | INFO | stages.audio_mix | Vocal master track saved: workspace\1780415247\vocal_master.wav
2026-06-07 01:08:10,370 | INFO | stages.audio_mix | Executing Final HQ Overlay...
2026-06-07 01:08:10,382 | INFO | PIPE | Generating Early Preview for 1780415247...
2026-06-07 01:08:11,514 | INFO | stages.lipsync_musetalk | Targeting Segment @0.0s (Duration: 5.0s, with 0.0s lead-in)
2026-06-07 01:08:11,790 | INFO | cuda_utils | Initiating Aggressive VRAM Purge & Zombie Sweep...
2026-06-07 01:08:11,881 | INFO | cuda_utils | Purge: Protected PIDs (server tree): {28416, 34668, 16300, 4304, 12080, 18068, 23224}
2026-06-07 01:08:15,299 | WARNING | cuda_utils | Purge: Killing rogue process pythonw.exe (PID: 12524, PPID: 1892)
2026-06-07 01:08:16,262 | WARNING | cuda_utils | Purge: Killing rogue process python.exe (PID: 20632, PPID: 22020)
2026-06-07 01:08:18,152 | WARNING | cuda_utils | Purge: Killing rogue process python.exe (PID: 31924, PPID: 1780)
2026-06-07 01:08:25,427 | INFO | cuda_utils | Purge Complete. Available VRAM: 2177MB
2026-06-07 01:08:25,427 | INFO | gpu_manager | Preparing for GPU stage...
2026-06-07 01:08:25,661 | INFO | gpu_manager | VRAM before load: 1919/4096 MB used, 2177 MB free.
2026-06-07 01:08:25,662 | INFO | gpu_manager | VRAM after load: 1919/4096 MB used, 2177 MB free.
2026-06-07 01:08:25,662 | INFO | gpu_manager | Low VRAM mode active or critical VRAM detected. Forcing VRAM purge after stage.
2026-06-07 01:08:25,665 | INFO | stages.lipsync_musetalk | Running MuseTalk inference script...

[CRASH] The application exited with an error.
Press any key to continue . . . 