2026-04-22 15:32:32,811 | INFO | TTS.utils.voices | Generated voice from reference audio
2026-04-22 15:32:33,270 | INFO | TTS.utils.synthesizer | Processing time: 98.670
2026-04-22 15:32:33,270 | INFO | TTS.utils.synthesizer | Real-time factor: 2.553
2026-04-22 15:32:33,389 | WARNING | stages.tts | No specific reference found for speaker unknown. Using original vocal audio as fallback.
2026-04-22 15:32:33,391 | INFO | TTS.utils.synthesizer | Text split into sentences.
2026-04-22 15:32:33,392 | INFO | TTS.utils.synthesizer | Input: ["Don't forget to like Thanks for watching!", 'Thanks for watching!', '5.0s Thanks for watching!', 'Thanks for watching!', '5.0s Thanks for watching!', 'Thanks for watching!', '5.0s Thanks for watching!', 'Thanks for watching!', '5.0s Thanks for watching!', 'Thanks for watching!', '5.0s Thanks for watching!', 'Thanks for watching!', '5.0s Thanks for watching!', 'Thanks for watching!', '5.0s Thanks for watching!', "Thanks Don't forget to like and subscribe!", 'Thanks for watching!', '5.0']
2026-04-22 15:32:37,780 | INFO | TTS.utils.voices | Generated voice from reference audio
2026-04-22 15:32:43,768 | INFO | TTS.utils.voices | Generated voice from reference audio
2026-04-22 15:32:48,810 | INFO | TTS.utils.voices | Generated voice from reference audio
2026-04-22 15:32:54,428 | INFO | TTS.utils.voices | Generated voice from reference audio
2026-04-22 15:32:59,499 | INFO | TTS.utils.voices | Generated voice from reference audio
2026-04-22 15:33:05,063 | INFO | TTS.utils.voices | Generated voice from reference audio
2026-04-22 15:33:10,274 | INFO | TTS.utils.voices | Generated voice from reference audio
2026-04-22 15:33:16,111 | INFO | TTS.utils.voices | Generated voice from reference audio
2026-04-22 15:33:21,271 | INFO | TTS.utils.voices | Generated voice from reference audio
2026-04-22 15:33:26,612 | INFO | TTS.utils.voices | Generated voice from reference audio
2026-04-22 15:33:32,212 | INFO | TTS.utils.voices | Generated voice from reference audio
2026-04-22 15:33:37,755 | INFO | TTS.utils.voices | Generated voice from reference audio
2026-04-22 15:33:43,417 | INFO | TTS.utils.voices | Generated voice from reference audio
2026-04-22 15:33:49,237 | INFO | TTS.utils.voices | Generated voice from reference audio
2026-04-22 15:33:54,422 | INFO | TTS.utils.voices | Generated voice from reference audio
2026-04-22 15:34:00,313 | INFO | TTS.utils.voices | Generated voice from reference audio
2026-04-22 15:34:06,102 | INFO | TTS.utils.voices | Generated voice from reference audio
2026-04-22 15:34:11,514 | INFO | TTS.utils.voices | Generated voice from reference audio
2026-04-22 15:34:12,018 | INFO | TTS.utils.synthesizer | Processing time: 98.629
2026-04-22 15:34:12,019 | INFO | TTS.utils.synthesizer | Real-time factor: 2.485
2026-04-22 15:34:12,138 | WARNING | stages.tts | No specific reference found for speaker unknown. Using original vocal audio as fallback.
2026-04-22 15:34:12,140 | INFO | TTS.utils.synthesizer | Text split into sentences.
2026-04-22 15:34:12,141 | INFO | TTS.utils.synthesizer | Input: ["Don't forget to like Thanks for watching!", 'Thanks for watching!', '5.0s Thanks for watching!', 'Thanks for watching!', '5.0s Thanks for watching!', 'Thanks for watching!', '5.0s Thanks for watching!', 'Thanks for watching!', '5.0s Thanks for watching!', 'Thanks for watching!', '5.0s Thanks for watching!', 'Thanks for watching!', '5.0s Thanks for watching!', 'Thanks for watching!', '5.0s Thanks for watching!', 'Thanks for watching!', '5.0s Thanks for watching!', 'Dub the following text']
2026-04-22 15:34:16,900 | INFO | TTS.utils.voices | Generated voice from reference audio
2026-04-22 15:34:24,654 | INFO | TTS.utils.voices | Generated voice from reference audio
2026-04-22 15:34:30,192 | INFO | TTS.utils.voices | Generated voice from reference audio
2026-04-22 15:34:35,617 | INFO | TTS.utils.voices | Generated voice from reference audio
2026-04-22 15:34:40,866 | INFO | TTS.utils.voices | Generated voice from reference audio
2026-04-22 15:34:46,265 | INFO | TTS.utils.voices | Generated voice from reference audio
2026-04-22 15:34:51,403 | INFO | TTS.utils.voices | Generated voice from reference audio
2026-04-22 15:34:56,853 | INFO | TTS.utils.voices | Generated voice from reference audio
2026-04-22 15:35:02,043 | INFO | TTS.utils.voices | Generated voice from reference audio
2026-04-22 15:35:07,635 | INFO | TTS.utils.voices | Generated voice from reference audio
2026-04-22 15:35:12,896 | INFO | TTS.utils.voices | Generated voice from reference audio
2026-04-22 15:35:18,556 | INFO | TTS.utils.voices | Generated voice from reference audio
2026-04-22 15:35:23,695 | INFO | TTS.utils.voices | Generated voice from reference audio
2026-04-22 15:35:29,289 | INFO | TTS.utils.voices | Generated voice from reference audio
2026-04-22 15:35:34,934 | INFO | TTS.utils.voices | Generated voice from reference audio
2026-04-22 15:35:40,541 | INFO | TTS.utils.voices | Generated voice from reference audio
2026-04-22 15:35:45,701 | INFO | TTS.utils.voices | Generated voice from reference audio
2026-04-22 15:35:51,906 | INFO | TTS.utils.voices | Generated voice from reference audio
2026-04-22 15:35:52,829 | INFO | TTS.utils.synthesizer | Processing time: 100.690
2026-04-22 15:35:52,829 | INFO | TTS.utils.synthesizer | Real-time factor: 2.381
2026-04-22 15:35:52,958 | INFO | stages.tts | Reclaiming VRAM: Unloading XTTS v2 (GPU)...
2026-04-22 15:35:53,268 | INFO | stages.audio_mix | Mixing audio segments... (Streaming FFmpeg Architecture)
2026-04-22 15:35:53,269 | INFO | stages.audio_mix | Generating temporary concat map for 285 segments...
2026-04-22 15:35:53,269 | INFO | stages.audio_mix | Initializing Final Mix stream...
2026-04-22 15:36:31,295 | INFO | stages.audio_mix | Finalizing Vocal Master track...
2026-04-22 15:36:31,550 | INFO | stages.audio_mix | Executing Final HQ Overlay...
2026-04-22 15:36:39,949 | INFO | PIPE | Generating Early Preview for 1776007462...
2026-04-22 15:39:25,918 | INFO | PIPE | [PIPEWORKER] Job 1776007462 FINISHED successfully.
2026-04-24 23:50:41,265 | INFO | BOOT | >>> BOOTSTRAP: PROVISIONAL ENVIRONMENT LOCK ACTIVE <<
2026-04-24 23:50:44,651 | INFO | PIPE | [PIPEWORKER] Background Thread Online.
2026-04-24 23:50:44,651 | INFO | PIPE | PipelineManager initialized. Worker thread active.
2026-04-24 23:50:45,031 | INFO | PIPE | Enqueued job 1776007462. Queue size: 1
2026-04-24 23:50:45,031 | INFO | PIPE | [PIPEWORKER] Dequeued Job: 1776007462
2026-04-24 23:50:45,769 | INFO | httpx | HTTP Request: GET http://localhost:7860/gradio_api/startup-events "HTTP/1.1 200 OK"
2026-04-24 23:50:45,795 | INFO | httpx | HTTP Request: HEAD http://localhost:7860/ "HTTP/1.1 200 OK"
2026-04-24 23:50:46,875 | INFO | httpx | HTTP Request: GET https://api.gradio.app/pkg-version "HTTP/1.1 200 OK"
2026-04-24 23:50:50,034 | INFO | PIPE | [PIPEWORKER] Booting AI Core for 1776007462...
2026-04-24 23:51:11,045 | INFO | PIPE | Loaded diarized segments and speaker references from cache.
2026-04-24 23:52:51,153 | INFO | PIPE | [PIPEWORKER] Job 1776007462 FINISHED successfully.
2026-06-01 20:40:42,304 | INFO | BOOT | >>> BOOTSTRAP: PROVISIONAL ENVIRONMENT LOCK ACTIVE <<
2026-06-01 20:40:46,266 | INFO | PIPE | [PIPEWORKER] Background Thread Online.
2026-06-01 20:40:46,266 | INFO | PIPE | PipelineManager initialized. Worker thread active.
2026-06-01 20:40:46,689 | INFO | PIPE | Enqueued job 1776007462. Queue size: 1
2026-06-01 20:40:46,689 | INFO | PIPE | [PIPEWORKER] Dequeued Job: 1776007462
2026-06-01 20:40:47,856 | INFO | httpx | HTTP Request: GET http://localhost:7860/gradio_api/startup-events "HTTP/1.1 200 OK"
2026-06-01 20:40:47,892 | INFO | httpx | HTTP Request: HEAD http://localhost:7860/ "HTTP/1.1 200 OK"
2026-06-01 20:40:48,868 | INFO | httpx | HTTP Request: GET https://api.gradio.app/pkg-version "HTTP/1.1 200 OK"
2026-06-01 20:40:51,691 | INFO | PIPE | [PIPEWORKER] Booting AI Core for 1776007462...
2026-06-01 20:41:15,678 | INFO | PIPE | Source language detected: unknown
2026-06-01 20:41:15,679 | INFO | PIPE | Loaded diarized segments and speaker references from cache.
2026-06-01 20:43:03,506 | INFO | PIPE | [PIPEWORKER] Job 1776007462 FINISHED successfully.
2026-06-01 23:35:24,996 | ERROR | asyncio | Exception in callback _ProactorBasePipeTransport._call_connection_lost(None)
handle: <Handle _ProactorBasePipeTransport._call_connection_lost(None)>
Traceback (most recent call last):
  File "C:\Users\curtis\AppData\Local\Programs\Python\Python312\Lib\asyncio\events.py", line 88, in _run
    self._context.run(self._callback, *self._args)
  File "C:\Users\curtis\AppData\Local\Programs\Python\Python312\Lib\asyncio\proactor_events.py", line 165, in _call_connection_lost
    self._sock.shutdown(socket.SHUT_RDWR)
ConnectionResetError: [WinError 10054] An existing connection was forcibly closed by the remote host
2026-06-01 23:51:46,560 | INFO | BOOT | >>> BOOTSTRAP: PROVISIONAL ENVIRONMENT LOCK ACTIVE <<
2026-06-01 23:51:50,083 | INFO | PIPE | [PIPEWORKER] Background Thread Online.
2026-06-01 23:51:50,083 | INFO | PIPE | PipelineManager initialized. Worker thread active.
2026-06-01 23:51:50,530 | INFO | PIPE | Enqueued job 1776007462. Queue size: 1
2026-06-01 23:51:50,530 | INFO | PIPE | [PIPEWORKER] Dequeued Job: 1776007462
2026-06-01 23:51:51,560 | INFO | httpx | HTTP Request: GET http://localhost:7860/gradio_api/startup-events "HTTP/1.1 200 OK"
2026-06-01 23:51:51,585 | INFO | httpx | HTTP Request: HEAD http://localhost:7860/ "HTTP/1.1 200 OK"
2026-06-01 23:51:52,596 | INFO | httpx | HTTP Request: GET https://api.gradio.app/pkg-version "HTTP/1.1 200 OK"
2026-06-01 23:51:55,533 | INFO | PIPE | [PIPEWORKER] Booting AI Core for 1776007462...
2026-06-01 23:52:14,405 | INFO | PIPE | Source language detected: unknown
2026-06-01 23:52:14,407 | INFO | PIPE | Loaded diarized segments and speaker references from cache.
2026-06-01 23:53:53,744 | INFO | PIPE | [PIPEWORKER] Job 1776007462 FINISHED successfully.
