ninja: Entering directory `build'
[1/1] Linking CXX executable D:\Dev\antigravity\test_scrollbench\deploy\appScrollBench.exe
================ ENVIRONMENT SNAPSHOT ================
OS              : "Windows 10 Version 22H2"
CPU Arch        : "x86_64" ( 6 logical threads)
Total System RAM: 65466.5 MB
GPU detected    : "NVIDIA GeForce GTX 1050 Ti" ( 4004 MB VRAM)
======================================================
[ "01:38:09.637" ][HWAccel] Requested mode: SettingsHelper::CUDA
[ "01:38:09.637" ][HWAccel] Attempting cuda ...
[ "01:38:09.637" ][HWAccel] SUCCESS: cuda initialized
[Diagnostics] Monitor started - running checks every 1000ms
SystemMonitor: Starting monitoring with interval 1000 ms
[ "01:38:09.722" ][SystemMonitor] Stats Update: CPU App: 0 % | Sys: 0 % | RAM App: 144.641 MB | Sys Avail: 44116.6 MB / 65466.5 MB
[SystemMonitor] Resource Update: RAM: 144.641 MB (Delta: 144.641 ) | VRAM: 46.8047 MB (Delta: 46.8047 )
[Diagnostics] Attached to ScrollBenchImageModel
[Diagnostics] Attached to SettingsHelper
[TaskScheduler] Started 2 CPU threads and 4 IO threads.
FileCacheManager: Initialized with Memory-Mapped Ring Buffer at "C:/Users/curtis/AppData/Local/appScrollBench/cache/thumbnails/FileCache.mmap"
qrc:/ScrollBench/qml/MainScrollBench.qml:22:5: QML Settings: Failed to initialize QSettings instance. Status code is: 1
qrc:/ScrollBench/qml/MainScrollBench.qml:22:5: QML Settings: The following application identifiers have not been set: QList("organizationName", "organizationDomain")
qrc:/ScrollBench/qml/MainScrollBench.qml:22:5: QML Settings: The Settings type from Qt.labs.settings is deprecated and will be removed in a future release. Please use the one from QtCore instead.
[ "01:38:10.716" ][SystemMonitor] Stats Update: CPU App: 11.4583 % | Sys: 46.6146 % | RAM App: 220.535 MB | Sys Avail: 44055.8 MB / 65466.5 MB
[SystemMonitor] Resource Update: RAM: 220.535 MB (Delta: 75.8945 ) | VRAM: 74.5898 MB (Delta: 27.7852 )
[ "01:38:11.721" ][SystemMonitor] Stats Update: CPU App: 0.520833 % | Sys: 84.375 % | RAM App: 220.789 MB | Sys Avail: 44035.6 MB / 65466.5 MB
[ "01:38:12.722" ][SystemMonitor] Stats Update: CPU App: 0.78125 % | Sys: 64.3229 % | RAM App: 221.688 MB | Sys Avail: 44068.3 MB / 65466.5 MB
[ "01:38:13.722" ][SystemMonitor] Stats Update: CPU App: 0.520833 % | Sys: 49.2188 % | RAM App: 222.285 MB | Sys Avail: 44068.4 MB / 65466.5 MB
[ "01:38:14.716" ][SystemMonitor] Stats Update: CPU App: 1.5625 % | Sys: 41.4063 % | RAM App: 222.773 MB | Sys Avail: 44044 MB / 65466.5 MB
[ "01:38:15.714" ][SystemMonitor] Stats Update: CPU App: 0.260417 % | Sys: 36.4583 % | RAM App: 222.781 MB | Sys Avail: 44052.2 MB / 65466.5 MB
[ "01:38:16.721" ][SystemMonitor] Stats Update: CPU App: 1.5625 % | Sys: 41.1458 % | RAM App: 222.781 MB | Sys Avail: 44056 MB / 65466.5 MB
[ "01:38:17.738" ][SystemMonitor] Stats Update: CPU App: 0.512821 % | Sys: 35.1282 % | RAM App: 222.211 MB | Sys Avail: 44059 MB / 65466.5 MB
[ "01:38:18.721" ][SystemMonitor] Stats Update: CPU App: 1.0582 % | Sys: 36.2434 % | RAM App: 221.973 MB | Sys Avail: 44059.4 MB / 65466.5 MB
[ "01:38:19.717" ][SystemMonitor] Stats Update: CPU App: 1.04167 % | Sys: 41.6667 % | RAM App: 221.375 MB | Sys Avail: 44091.4 MB / 65466.5 MB
TelemetryMonitor: Processed 300 frames. Current FPS: 30
[ "01:38:20.721" ][SystemMonitor] Stats Update: CPU App: 0.78125 % | Sys: 36.1979 % | RAM App: 220.117 MB | Sys Avail: 44064.3 MB / 65466.5 MB
[ "01:38:21.721" ][SystemMonitor] Stats Update: CPU App: 0.260417 % | Sys: 37.2396 % | RAM App: 220.141 MB | Sys Avail: 44070.2 MB / 65466.5 MB
[ "01:38:22.721" ][SystemMonitor] Stats Update: CPU App: 0.260417 % | Sys: 49.2188 % | RAM App: 220.16 MB | Sys Avail: 44047.7 MB / 65466.5 MB
[ "01:38:23.720" ][SystemMonitor] Stats Update: CPU App: 0.520833 % | Sys: 64.5833 % | RAM App: 220.203 MB | Sys Avail: 43901.1 MB / 65466.5 MB
[ "01:38:24.715" ][SystemMonitor] Stats Update: CPU App: 0.520833 % | Sys: 71.6146 % | RAM App: 220.258 MB | Sys Avail: 43536.3 MB / 65466.5 MB
[ "01:38:25.721" ][SystemMonitor] Stats Update: CPU App: 0.520833 % | Sys: 91.1458 % | RAM App: 220.32 MB | Sys Avail: 43331.1 MB / 65466.5 MB
[ "01:38:26.722" ][SystemMonitor] Stats Update: CPU App: 0.260417 % | Sys: 81.5104 % | RAM App: 220.367 MB | Sys Avail: 43283.1 MB / 65466.5 MB
[ "01:38:27.739" ][SystemMonitor] Stats Update: CPU App: 1.02564 % | Sys: 68.2051 % | RAM App: 220.391 MB | Sys Avail: 42874.9 MB / 65466.5 MB
[ "01:38:28.716" ][SystemMonitor] Stats Update: CPU App: 1.0582 % | Sys: 67.7249 % | RAM App: 220.41 MB | Sys Avail: 42773.8 MB / 65466.5 MB
[ "01:38:29.718" ][SystemMonitor] Stats Update: CPU App: 0.520833 % | Sys: 76.3021 % | RAM App: 220.5 MB | Sys Avail: 42840.3 MB / 65466.5 MB
[ "01:38:30.722" ][SystemMonitor] Stats Update: CPU App: 1.04167 % | Sys: 69.5313 % | RAM App: 218.16 MB | Sys Avail: 42835.2 MB / 65466.5 MB
TelemetryMonitor: Processed 300 frames. Current FPS: 29
[ "01:38:31.722" ][SystemMonitor] Stats Update: CPU App: 1.30208 % | Sys: 70.0521 % | RAM App: 218.293 MB | Sys Avail: 43451.6 MB / 65466.5 MB
[ "01:38:32.722" ][SystemMonitor] Stats Update: CPU App: 0.520833 % | Sys: 58.3333 % | RAM App: 218.316 MB | Sys Avail: 43227.8 MB / 65466.5 MB
[ "01:38:33.715" ][SystemMonitor] Stats Update: CPU App: 0.78125 % | Sys: 55.4688 % | RAM App: 218.383 MB | Sys Avail: 42889 MB / 65466.5 MB
[ "01:38:34.722" ][SystemMonitor] Stats Update: CPU App: 1.04167 % | Sys: 51.3021 % | RAM App: 218.441 MB | Sys Avail: 42573.7 MB / 65466.5 MB
[ "01:38:35.717" ][SystemMonitor] Stats Update: CPU App: 1.04167 % | Sys: 37.2396 % | RAM App: 218.492 MB | Sys Avail: 42819.9 MB / 65466.5 MB
[ "01:38:36.723" ][SystemMonitor] Stats Update: CPU App: 0.78125 % | Sys: 35.6771 % | RAM App: 218.535 MB | Sys Avail: 43097 MB / 65466.5 MB
[ "01:38:37.715" ][SystemMonitor] Stats Update: CPU App: 0.78125 % | Sys: 41.4063 % | RAM App: 218.555 MB | Sys Avail: 43761.6 MB / 65466.5 MB
[ "01:38:38.722" ][SystemMonitor] Stats Update: CPU App: 1.30208 % | Sys: 54.4271 % | RAM App: 218.59 MB | Sys Avail: 43946.3 MB / 65466.5 MB
[ "01:38:39.723" ][SystemMonitor] Stats Update: CPU App: 0.520833 % | Sys: 27.0833 % | RAM App: 218.621 MB | Sys Avail: 44010 MB / 65466.5 MB
[ "01:38:40.722" ][SystemMonitor] Stats Update: CPU App: 1.30208 % | Sys: 42.7083 % | RAM App: 218.766 MB | Sys Avail: 44008.5 MB / 65466.5 MB
TelemetryMonitor: Processed 300 frames. Current FPS: 29
[ "01:38:41.722" ][SystemMonitor] Stats Update: CPU App: 0.78125 % | Sys: 64.0625 % | RAM App: 218.742 MB | Sys Avail: 43946 MB / 65466.5 MB
[ "01:38:42.723" ][SystemMonitor] Stats Update: CPU App: 0.78125 % | Sys: 50.5208 % | RAM App: 218.781 MB | Sys Avail: 43973.2 MB / 65466.5 MB
[ "01:38:43.722" ][SystemMonitor] Stats Update: CPU App: 0.78125 % | Sys: 62.5 % | RAM App: 218.805 MB | Sys Avail: 43924.6 MB / 65466.5 MB
[ "01:38:44.715" ][SystemMonitor] Stats Update: CPU App: 0.260417 % | Sys: 20.3125 % | RAM App: 218.828 MB | Sys Avail: 43942.5 MB / 65466.5 MB
[ "01:38:45.722" ][SystemMonitor] Stats Update: CPU App: 0.520833 % | Sys: 28.125 % | RAM App: 218.98 MB | Sys Avail: 43941.9 MB / 65466.5 MB
[ "01:38:46.715" ][SystemMonitor] Stats Update: CPU App: 1.3089 % | Sys: 31.0705 % | RAM App: 219.063 MB | Sys Avail: 43964.1 MB / 65466.5 MB
[ "01:38:47.722" ][SystemMonitor] Stats Update: CPU App: 0 % | Sys: 22.5974 % | RAM App: 219.094 MB | Sys Avail: 44000.9 MB / 65466.5 MB
[ "01:38:48.723" ][SystemMonitor] Stats Update: CPU App: 0.520833 % | Sys: 34.375 % | RAM App: 219.125 MB | Sys Avail: 43996.1 MB / 65466.5 MB
[ "01:38:49.722" ][SystemMonitor] Stats Update: CPU App: 0.78125 % | Sys: 35.6771 % | RAM App: 219.156 MB | Sys Avail: 43777.2 MB / 65466.5 MB
[ "01:38:50.716" ][SystemMonitor] Stats Update: CPU App: 1.04167 % | Sys: 30.9896 % | RAM App: 219.18 MB | Sys Avail: 43528 MB / 65466.5 MB
TelemetryMonitor: Processed 300 frames. Current FPS: 30
[ "01:38:51.723" ][SystemMonitor] Stats Update: CPU App: 0.78125 % | Sys: 32.5521 % | RAM App: 219.199 MB | Sys Avail: 43362.8 MB / 65466.5 MB
[ "01:38:52.723" ][SystemMonitor] Stats Update: CPU App: 0.260417 % | Sys: 31.5104 % | RAM App: 219.23 MB | Sys Avail: 43319.9 MB / 65466.5 MB
[ "01:38:53.723" ][SystemMonitor] Stats Update: CPU App: 0.78125 % | Sys: 35.4167 % | RAM App: 219.254 MB | Sys Avail: 43262 MB / 65466.5 MB
[ "01:38:54.716" ][SystemMonitor] Stats Update: CPU App: 1.30548 % | Sys: 47.5196 % | RAM App: 219.277 MB | Sys Avail: 43193.6 MB / 65466.5 MB
[ "01:38:55.723" ][SystemMonitor] Stats Update: CPU App: 0.519481 % | Sys: 44.4156 % | RAM App: 219.297 MB | Sys Avail: 44046.7 MB / 65466.5 MB
[ "01:38:56.722" ][SystemMonitor] Stats Update: CPU App: 0.520833 % | Sys: 17.4479 % | RAM App: 219.344 MB | Sys Avail: 44051.2 MB / 65466.5 MB
[ "01:38:57.722" ][SystemMonitor] Stats Update: CPU App: 0.520833 % | Sys: 13.5417 % | RAM App: 219.363 MB | Sys Avail: 44054.5 MB / 65466.5 MB
[ "01:38:58.716" ][SystemMonitor] Stats Update: CPU App: 0.78329 % | Sys: 24.2188 % | RAM App: 219.383 MB | Sys Avail: 44024.8 MB / 65466.5 MB
[ "01:38:59.723" ][SystemMonitor] Stats Update: CPU App: 0.519481 % | Sys: 14.8438 % | RAM App: 219.406 MB | Sys Avail: 44054.1 MB / 65466.5 MB
[ "01:39:00.716" ][SystemMonitor] Stats Update: CPU App: 0.260417 % | Sys: 17.4479 % | RAM App: 219.426 MB | Sys Avail: 44055.2 MB / 65466.5 MB
[ "01:39:01.723" ][SystemMonitor] Stats Update: CPU App: 0.78125 % | Sys: 26.3021 % | RAM App: 219.445 MB | Sys Avail: 44037.3 MB / 65466.5 MB
TelemetryMonitor: Processed 300 frames. Current FPS: 30
[ "01:39:02.716" ][SystemMonitor] Stats Update: CPU App: 0.260417 % | Sys: 15.1042 % | RAM App: 219.527 MB | Sys Avail: 44052.2 MB / 65466.5 MB
[ "01:39:03.723" ][SystemMonitor] Stats Update: CPU App: 0.78125 % | Sys: 21.6146 % | RAM App: 219.547 MB | Sys Avail: 44015.5 MB / 65466.5 MB
[ "01:39:04.723" ][SystemMonitor] Stats Update: CPU App: 0.520833 % | Sys: 20.3125 % | RAM App: 219.566 MB | Sys Avail: 44026.8 MB / 65466.5 MB
[ "01:39:05.723" ][SystemMonitor] Stats Update: CPU App: 0.78125 % | Sys: 15.3646 % | RAM App: 219.59 MB | Sys Avail: 44014.8 MB / 65466.5 MB
[ "01:39:06.717" ][SystemMonitor] Stats Update: CPU App: 0 % | Sys: 20.8333 % | RAM App: 219.609 MB | Sys Avail: 44031.2 MB / 65466.5 MB
[ "01:39:07.723" ][SystemMonitor] Stats Update: CPU App: 0 % | Sys: 29.9479 % | RAM App: 219.629 MB | Sys Avail: 44012.2 MB / 65466.5 MB
[ "01:39:08.723" ][SystemMonitor] Stats Update: CPU App: 0.78125 % | Sys: 20.5729 % | RAM App: 218.781 MB | Sys Avail: 43997.7 MB / 65466.5 MB
[ "01:39:09.723" ][SystemMonitor] Stats Update: CPU App: 0.78125 % | Sys: 28.3854 % | RAM App: 218.789 MB | Sys Avail: 43998.9 MB / 65466.5 MB
[ "01:39:10.723" ][SystemMonitor] Stats Update: CPU App: 0.78125 % | Sys: 33.0729 % | RAM App: 218.789 MB | Sys Avail: 44002.9 MB / 65466.5 MB
[ "01:39:11.740" ][SystemMonitor] Stats Update: CPU App: 0.512821 % | Sys: 62.3077 % | RAM App: 218.844 MB | Sys Avail: 43963.7 MB / 65466.5 MB
TelemetryMonitor: Processed 300 frames. Current FPS: 30
[ "01:39:12.717" ][SystemMonitor] Stats Update: CPU App: 1.32275 % | Sys: 24.6032 % | RAM App: 218.855 MB | Sys Avail: 43989.2 MB / 65466.5 MB
[ "01:39:13.724" ][SystemMonitor] Stats Update: CPU App: 0.260417 % | Sys: 23.9583 % | RAM App: 218.875 MB | Sys Avail: 43999.5 MB / 65466.5 MB
[ "01:39:14.717" ][SystemMonitor] Stats Update: CPU App: 1.30208 % | Sys: 15.8854 % | RAM App: 218.887 MB | Sys Avail: 44007 MB / 65466.5 MB
[ "01:39:15.723" ][SystemMonitor] Stats Update: CPU App: 0.260417 % | Sys: 14.5833 % | RAM App: 218.887 MB | Sys Avail: 44008.8 MB / 65466.5 MB
[ "01:39:16.716" ][SystemMonitor] Stats Update: CPU App: 0.78125 % | Sys: 13.5417 % | RAM App: 218.914 MB | Sys Avail: 44007.5 MB / 65466.5 MB
[ "01:39:17.723" ][SystemMonitor] Stats Update: CPU App: 0.520833 % | Sys: 15.1042 % | RAM App: 218.918 MB | Sys Avail: 43976.3 MB / 65466.5 MB
[ "01:39:18.723" ][SystemMonitor] Stats Update: CPU App: 0.260417 % | Sys: 18.2292 % | RAM App: 218.918 MB | Sys Avail: 43978.3 MB / 65466.5 MB
[ "01:39:19.716" ][SystemMonitor] Stats Update: CPU App: 1.04167 % | Sys: 25.2604 % | RAM App: 218.918 MB | Sys Avail: 43982.3 MB / 65466.5 MB
[ "01:39:20.723" ][SystemMonitor] Stats Update: CPU App: 0.78125 % | Sys: 29.1667 % | RAM App: 218.918 MB | Sys Avail: 43979.2 MB / 65466.5 MB
[ "01:39:21.723" ][SystemMonitor] Stats Update: CPU App: 1.04167 % | Sys: 32.2917 % | RAM App: 218.918 MB | Sys Avail: 43976.5 MB / 65466.5 MB
TelemetryMonitor: Processed 300 frames. Current FPS: 30
[ "01:39:22.715" ][SystemMonitor] Stats Update: CPU App: 0.520833 % | Sys: 43.4896 % | RAM App: 218.918 MB | Sys Avail: 43978.9 MB / 65466.5 MB
[ "01:39:23.724" ][SystemMonitor] Stats Update: CPU App: 0.520833 % | Sys: 31.25 % | RAM App: 218.922 MB | Sys Avail: 43983.3 MB / 65466.5 MB
[ "01:39:24.717" ][SystemMonitor] Stats Update: CPU App: 0.78125 % | Sys: 44.2708 % | RAM App: 218.922 MB | Sys Avail: 43959.3 MB / 65466.5 MB
[ "01:39:25.723" ][SystemMonitor] Stats Update: CPU App: 1.04167 % | Sys: 38.8021 % | RAM App: 218.922 MB | Sys Avail: 43990.4 MB / 65466.5 MB
[ "01:39:26.716" ][SystemMonitor] Stats Update: CPU App: 1.04167 % | Sys: 13.5417 % | RAM App: 218.938 MB | Sys Avail: 44007.8 MB / 65466.5 MB
[ "01:39:27.714" ][SystemMonitor] Stats Update: CPU App: 0.260417 % | Sys: 10.4167 % | RAM App: 218.957 MB | Sys Avail: 44027.4 MB / 65466.5 MB
[ "01:39:28.714" ][SystemMonitor] Stats Update: CPU App: 0.260417 % | Sys: 10.4167 % | RAM App: 218.977 MB | Sys Avail: 44033.2 MB / 65466.5 MB
[ "01:39:29.741" ][SystemMonitor] Stats Update: CPU App: 0.769231 % | Sys: 11.7949 % | RAM App: 218.996 MB | Sys Avail: 44040.3 MB / 65466.5 MB
[ "01:39:30.724" ][SystemMonitor] Stats Update: CPU App: 0.793651 % | Sys: 28.5714 % | RAM App: 219.016 MB | Sys Avail: 43982.8 MB / 65466.5 MB
[ "01:39:31.718" ][SystemMonitor] Stats Update: CPU App: 0.260417 % | Sys: 21.875 % | RAM App: 219.035 MB | Sys Avail: 43990.1 MB / 65466.5 MB
TelemetryMonitor: Processed 300 frames. Current FPS: 30
[ "01:39:32.724" ][SystemMonitor] Stats Update: CPU App: 0.260417 % | Sys: 13.0208 % | RAM App: 219.063 MB | Sys Avail: 43990.7 MB / 65466.5 MB
[ "01:39:33.724" ][SystemMonitor] Stats Update: CPU App: 1.30208 % | Sys: 21.6146 % | RAM App: 219.082 MB | Sys Avail: 43996 MB / 65466.5 MB
[ "01:39:34.716" ][SystemMonitor] Stats Update: CPU App: 0.261097 % | Sys: 16.7102 % | RAM App: 219.102 MB | Sys Avail: 44002.1 MB / 65466.5 MB
[ "01:39:35.724" ][SystemMonitor] Stats Update: CPU App: 0 % | Sys: 16.8831 % | RAM App: 219.141 MB | Sys Avail: 44032.8 MB / 65466.5 MB
[ "01:39:36.724" ][SystemMonitor] Stats Update: CPU App: 0.260417 % | Sys: 29.4271 % | RAM App: 219.164 MB | Sys Avail: 44023.5 MB / 65466.5 MB
[ "01:39:37.724" ][SystemMonitor] Stats Update: CPU App: 0.78125 % | Sys: 26.8229 % | RAM App: 219.184 MB | Sys Avail: 44014.1 MB / 65466.5 MB
[ "01:39:38.716" ][SystemMonitor] Stats Update: CPU App: 0.78125 % | Sys: 21.0938 % | RAM App: 219.207 MB | Sys Avail: 44010.9 MB / 65466.5 MB
[ "01:39:39.715" ][SystemMonitor] Stats Update: CPU App: 0.78125 % | Sys: 14.3229 % | RAM App: 219.293 MB | Sys Avail: 44016.5 MB / 65466.5 MB
[ "01:39:40.724" ][SystemMonitor] Stats Update: CPU App: 1.5625 % | Sys: 16.6667 % | RAM App: 219.316 MB | Sys Avail: 44021.2 MB / 65466.5 MB
[ "01:39:41.741" ][SystemMonitor] Stats Update: CPU App: 0.512821 % | Sys: 46.6667 % | RAM App: 219.348 MB | Sys Avail: 43997.2 MB / 65466.5 MB
[ "01:39:42.715" ][SystemMonitor] Stats Update: CPU App: 0.529101 % | Sys: 25.1323 % | RAM App: 219.371 MB | Sys Avail: 44014.2 MB / 65466.5 MB
TelemetryMonitor: Processed 300 frames. Current FPS: 29
[ "01:39:43.724" ][SystemMonitor] Stats Update: CPU App: 0.260417 % | Sys: 32.5521 % | RAM App: 219.395 MB | Sys Avail: 44016.9 MB / 65466.5 MB
[ "01:39:44.716" ][SystemMonitor] Stats Update: CPU App: 1.04167 % | Sys: 16.4063 % | RAM App: 219.426 MB | Sys Avail: 44026.7 MB / 65466.5 MB
[ "01:39:45.716" ][SystemMonitor] Stats Update: CPU App: 0.260417 % | Sys: 14.5833 % | RAM App: 219.449 MB | Sys Avail: 44039.4 MB / 65466.5 MB
[ "01:39:46.725" ][SystemMonitor] Stats Update: CPU App: 0.520833 % | Sys: 15.1042 % | RAM App: 219.48 MB | Sys Avail: 44045.4 MB / 65466.5 MB
[ "01:39:47.715" ][SystemMonitor] Stats Update: CPU App: 0.520833 % | Sys: 13.2813 % | RAM App: 219.512 MB | Sys Avail: 44046.5 MB / 65466.5 MB
[ "01:39:48.725" ][SystemMonitor] Stats Update: CPU App: 0.260417 % | Sys: 15.625 % | RAM App: 219.531 MB | Sys Avail: 44049.6 MB / 65466.5 MB
[ "01:39:49.721" ][SystemMonitor] Stats Update: CPU App: 0.260417 % | Sys: 14.5833 % | RAM App: 219.559 MB | Sys Avail: 44051.4 MB / 65466.5 MB
[ "01:39:50.724" ][SystemMonitor] Stats Update: CPU App: 0 % | Sys: 10.9375 % | RAM App: 219.59 MB | Sys Avail: 44049.3 MB / 65466.5 MB
[ "01:39:51.724" ][SystemMonitor] Stats Update: CPU App: 0.520833 % | Sys: 16.4063 % | RAM App: 219.613 MB | Sys Avail: 44050.4 MB / 65466.5 MB
[ "01:39:52.724" ][SystemMonitor] Stats Update: CPU App: 0.78125 % | Sys: 15.3646 % | RAM App: 219.66 MB | Sys Avail: 44052.2 MB / 65466.5 MB
TelemetryMonitor: Processed 300 frames. Current FPS: 29
[ "01:39:53.724" ][SystemMonitor] Stats Update: CPU App: 0 % | Sys: 16.6667 % | RAM App: 219.699 MB | Sys Avail: 44051.5 MB / 65466.5 MB
[ "01:39:54.724" ][SystemMonitor] Stats Update: CPU App: 0.520833 % | Sys: 19.5313 % | RAM App: 219.727 MB | Sys Avail: 44051.6 MB / 65466.5 MB
[ "01:39:55.715" ][SystemMonitor] Stats Update: CPU App: 0.78125 % | Sys: 14.3229 % | RAM App: 219.75 MB | Sys Avail: 44053.9 MB / 65466.5 MB
[ "01:39:56.725" ][SystemMonitor] Stats Update: CPU App: 0.260417 % | Sys: 16.9271 % | RAM App: 219.773 MB | Sys Avail: 44053.7 MB / 65466.5 MB
[ "01:39:57.717" ][SystemMonitor] Stats Update: CPU App: 1.30208 % | Sys: 19.2708 % | RAM App: 219.793 MB | Sys Avail: 44054.3 MB / 65466.5 MB
[ "01:39:58.725" ][SystemMonitor] Stats Update: CPU App: 0.78125 % | Sys: 13.0208 % | RAM App: 219.813 MB | Sys Avail: 44053.3 MB / 65466.5 MB
[ "01:39:59.719" ][SystemMonitor] Stats Update: CPU App: 0.520833 % | Sys: 14.0625 % | RAM App: 219.836 MB | Sys Avail: 44055.1 MB / 65466.5 MB
[ "01:40:00.724" ][SystemMonitor] Stats Update: CPU App: 0.78125 % | Sys: 30.4688 % | RAM App: 219.855 MB | Sys Avail: 44031.4 MB / 65466.5 MB
[ "01:40:01.724" ][SystemMonitor] Stats Update: CPU App: 0.520833 % | Sys: 18.75 % | RAM App: 219.875 MB | Sys Avail: 44046.7 MB / 65466.5 MB
[ "01:40:02.717" ][SystemMonitor] Stats Update: CPU App: 0.261097 % | Sys: 13.0548 % | RAM App: 219.898 MB | Sys Avail: 44068 MB / 65466.5 MB
TelemetryMonitor: Processed 300 frames. Current FPS: 29
[ "01:40:03.716" ][SystemMonitor] Stats Update: CPU App: 0.779221 % | Sys: 17.4026 % | RAM App: 219.918 MB | Sys Avail: 44020.6 MB / 65466.5 MB
[ "01:40:04.725" ][SystemMonitor] Stats Update: CPU App: 0.78125 % | Sys: 24.7396 % | RAM App: 219.938 MB | Sys Avail: 44018.9 MB / 65466.5 MB
[ "01:40:05.725" ][SystemMonitor] Stats Update: CPU App: 0.78125 % | Sys: 30.2083 % | RAM App: 219.957 MB | Sys Avail: 43978.3 MB / 65466.5 MB
[ "01:40:06.716" ][SystemMonitor] Stats Update: CPU App: 0.78125 % | Sys: 20.0521 % | RAM App: 219.977 MB | Sys Avail: 43972.1 MB / 65466.5 MB
[ "01:40:07.716" ][SystemMonitor] Stats Update: CPU App: 0.78125 % | Sys: 11.1979 % | RAM App: 220 MB | Sys Avail: 43970.9 MB / 65466.5 MB
[ "01:40:08.717" ][SystemMonitor] Stats Update: CPU App: 0.260417 % | Sys: 13.5417 % | RAM App: 219.078 MB | Sys Avail: 43982.3 MB / 65466.5 MB
[ "01:40:09.726" ][SystemMonitor] Stats Update: CPU App: 0 % | Sys: 15.1042 % | RAM App: 219.078 MB | Sys Avail: 43984.9 MB / 65466.5 MB
[ "01:40:10.725" ][SystemMonitor] Stats Update: CPU App: 1.04167 % | Sys: 14.0625 % | RAM App: 219.078 MB | Sys Avail: 43985.7 MB / 65466.5 MB
[ "01:40:11.721" ][SystemMonitor] Stats Update: CPU App: 1.04167 % | Sys: 42.9688 % | RAM App: 219.078 MB | Sys Avail: 43964.8 MB / 65466.5 MB
[ "01:40:12.725" ][SystemMonitor] Stats Update: CPU App: 0 % | Sys: 18.75 % | RAM App: 219.09 MB | Sys Avail: 43992.7 MB / 65466.5 MB
[ "01:40:13.742" ][SystemMonitor] Stats Update: CPU App: 1.28205 % | Sys: 27.1795 % | RAM App: 219.102 MB | Sys Avail: 43988.6 MB / 65466.5 MB
TelemetryMonitor: Processed 300 frames. Current FPS: 28
[ "01:40:14.716" ][SystemMonitor] Stats Update: CPU App: 0 % | Sys: 8.20106 % | RAM App: 219.121 MB | Sys Avail: 43996.7 MB / 65466.5 MB
[ "01:40:15.725" ][SystemMonitor] Stats Update: CPU App: 1.04167 % | Sys: 13.0208 % | RAM App: 219.125 MB | Sys Avail: 43999.6 MB / 65466.5 MB
[ "01:40:16.716" ][SystemMonitor] Stats Update: CPU App: 1.04167 % | Sys: 10.1563 % | RAM App: 219.125 MB | Sys Avail: 44004.2 MB / 65466.5 MB
[ "01:40:17.726" ][SystemMonitor] Stats Update: CPU App: 0.260417 % | Sys: 11.7188 % | RAM App: 219.125 MB | Sys Avail: 44020.7 MB / 65466.5 MB
[ "01:40:18.717" ][SystemMonitor] Stats Update: CPU App: 1.04439 % | Sys: 13.3159 % | RAM App: 219.125 MB | Sys Avail: 44005 MB / 65466.5 MB
[ "01:40:19.725" ][SystemMonitor] Stats Update: CPU App: 0.779221 % | Sys: 13.2468 % | RAM App: 219.125 MB | Sys Avail: 43987.9 MB / 65466.5 MB
[ "01:40:20.725" ][SystemMonitor] Stats Update: CPU App: 0.78125 % | Sys: 19.7917 % | RAM App: 219.125 MB | Sys Avail: 43953.6 MB / 65466.5 MB
[ "01:40:21.717" ][SystemMonitor] Stats Update: CPU App: 0 % | Sys: 15.8854 % | RAM App: 219.125 MB | Sys Avail: 43956.9 MB / 65466.5 MB
[ "01:40:22.726" ][SystemMonitor] Stats Update: CPU App: 0.78125 % | Sys: 24.2188 % | RAM App: 219.125 MB | Sys Avail: 43901.4 MB / 65466.5 MB
[ "01:40:23.720" ][SystemMonitor] Stats Update: CPU App: 1.04167 % | Sys: 18.75 % | RAM App: 219.125 MB | Sys Avail: 43901.4 MB / 65466.5 MB
TelemetryMonitor: Processed 300 frames. Current FPS: 30
[ "01:40:24.716" ][SystemMonitor] Stats Update: CPU App: 0 % | Sys: 9.63542 % | RAM App: 219.125 MB | Sys Avail: 43902.9 MB / 65466.5 MB
[ "01:40:25.725" ][SystemMonitor] Stats Update: CPU App: 0 % | Sys: 16.6667 % | RAM App: 219.125 MB | Sys Avail: 43914.8 MB / 65466.5 MB
[ "01:40:26.725" ][SystemMonitor] Stats Update: CPU App: 0.78125 % | Sys: 11.7188 % | RAM App: 219.125 MB | Sys Avail: 43912.7 MB / 65466.5 MB
[ "01:40:27.725" ][SystemMonitor] Stats Update: CPU App: 0.78125 % | Sys: 12.2396 % | RAM App: 219.148 MB | Sys Avail: 43917.7 MB / 65466.5 MB
[ "01:40:28.726" ][SystemMonitor] Stats Update: CPU App: 0 % | Sys: 9.11458 % | RAM App: 219.168 MB | Sys Avail: 43914.2 MB / 65466.5 MB
[ "01:40:29.726" ][SystemMonitor] Stats Update: CPU App: 1.04167 % | Sys: 13.2813 % | RAM App: 219.188 MB | Sys Avail: 43914.6 MB / 65466.5 MB
[ "01:40:30.725" ][SystemMonitor] Stats Update: CPU App: 0.260417 % | Sys: 9.89583 % | RAM App: 219.211 MB | Sys Avail: 43914.3 MB / 65466.5 MB
[ "01:40:31.719" ][SystemMonitor] Stats Update: CPU App: 0.260417 % | Sys: 16.1458 % | RAM App: 219.23 MB | Sys Avail: 43912.4 MB / 65466.5 MB
[ "01:40:32.727" ][SystemMonitor] Stats Update: CPU App: 1.04167 % | Sys: 13.0208 % | RAM App: 219.25 MB | Sys Avail: 43911.8 MB / 65466.5 MB
[ "01:40:33.724" ][SystemMonitor] Stats Update: CPU App: 1.04167 % | Sys: 20.0521 % | RAM App: 219.273 MB | Sys Avail: 43912.1 MB / 65466.5 MB
[ "01:40:34.716" ][SystemMonitor] Stats Update: CPU App: 0.524934 % | Sys: 14.3603 % | RAM App: 219.293 MB | Sys Avail: 43918.4 MB / 65466.5 MB
TelemetryMonitor: Processed 300 frames. Current FPS: 29
[ "01:40:35.726" ][SystemMonitor] Stats Update: CPU App: 0.775194 % | Sys: 10.9091 % | RAM App: 219.313 MB | Sys Avail: 43918.2 MB / 65466.5 MB
[ "01:40:36.726" ][SystemMonitor] Stats Update: CPU App: 0.78125 % | Sys: 12.5 % | RAM App: 219.336 MB | Sys Avail: 43918.5 MB / 65466.5 MB
[ "01:40:37.725" ][SystemMonitor] Stats Update: CPU App: 0.78125 % | Sys: 11.4583 % | RAM App: 219.355 MB | Sys Avail: 43918.8 MB / 65466.5 MB
[ "01:40:38.726" ][SystemMonitor] Stats Update: CPU App: 0.78125 % | Sys: 15.8854 % | RAM App: 219.375 MB | Sys Avail: 43919.2 MB / 65466.5 MB
[ "01:40:39.717" ][SystemMonitor] Stats Update: CPU App: 0.260417 % | Sys: 19.2708 % | RAM App: 219.395 MB | Sys Avail: 43900.3 MB / 65466.5 MB
[ "01:40:40.716" ][SystemMonitor] Stats Update: CPU App: 0.520833 % | Sys: 11.7188 % | RAM App: 219.418 MB | Sys Avail: 43902.3 MB / 65466.5 MB
[ "01:40:41.726" ][SystemMonitor] Stats Update: CPU App: 0.520833 % | Sys: 44.7917 % | RAM App: 219.438 MB | Sys Avail: 43868.6 MB / 65466.5 MB
[ "01:40:42.726" ][SystemMonitor] Stats Update: CPU App: 1.5625 % | Sys: 26.5625 % | RAM App: 219.461 MB | Sys Avail: 43896.8 MB / 65466.5 MB
[ "01:40:43.726" ][SystemMonitor] Stats Update: CPU App: 0.520833 % | Sys: 24.2188 % | RAM App: 219.48 MB | Sys Avail: 43918.8 MB / 65466.5 MB
[ "01:40:44.716" ][SystemMonitor] Stats Update: CPU App: 0.522193 % | Sys: 12.7937 % | RAM App: 219.5 MB | Sys Avail: 43922.9 MB / 65466.5 MB
TelemetryMonitor: Processed 300 frames. Current FPS: 29
[ "01:40:45.726" ][SystemMonitor] Stats Update: CPU App: 0.779221 % | Sys: 11.6883 % | RAM App: 219.52 MB | Sys Avail: 43924.7 MB / 65466.5 MB
[ "01:40:46.726" ][SystemMonitor] Stats Update: CPU App: 1.30208 % | Sys: 15.8854 % | RAM App: 219.539 MB | Sys Avail: 43932.6 MB / 65466.5 MB
[ "01:40:47.726" ][SystemMonitor] Stats Update: CPU App: 0.78125 % | Sys: 14.8438 % | RAM App: 219.563 MB | Sys Avail: 43945.4 MB / 65466.5 MB
[ "01:40:48.717" ][SystemMonitor] Stats Update: CPU App: 0.520833 % | Sys: 15.1042 % | RAM App: 219.582 MB | Sys Avail: 43947.1 MB / 65466.5 MB
[ "01:40:49.724" ][SystemMonitor] Stats Update: CPU App: 0.78125 % | Sys: 16.4063 % | RAM App: 219.602 MB | Sys Avail: 43975 MB / 65466.5 MB
[ "01:40:50.726" ][SystemMonitor] Stats Update: CPU App: 0.78125 % | Sys: 14.3229 % | RAM App: 219.621 MB | Sys Avail: 43981.7 MB / 65466.5 MB
[ "01:40:51.726" ][SystemMonitor] Stats Update: CPU App: 0.78125 % | Sys: 16.1458 % | RAM App: 219.645 MB | Sys Avail: 43979.7 MB / 65466.5 MB
[ "01:40:52.726" ][SystemMonitor] Stats Update: CPU App: 0.520833 % | Sys: 40.625 % | RAM App: 219.664 MB | Sys Avail: 43966.6 MB / 65466.5 MB
[ "01:40:53.716" ][SystemMonitor] Stats Update: CPU App: 0.520833 % | Sys: 15.3646 % | RAM App: 219.684 MB | Sys Avail: 43971.7 MB / 65466.5 MB
[ "01:40:54.730" ][SystemMonitor] Stats Update: CPU App: 0.520833 % | Sys: 16.9271 % | RAM App: 219.836 MB | Sys Avail: 43975.6 MB / 65466.5 MB
[ "01:40:55.716" ][SystemMonitor] Stats Update: CPU App: 0.78125 % | Sys: 19.2708 % | RAM App: 219.871 MB | Sys Avail: 43984.1 MB / 65466.5 MB
TelemetryMonitor: Processed 300 frames. Current FPS: 28
[ "01:40:56.727" ][SystemMonitor] Stats Update: CPU App: 0.260417 % | Sys: 44.2708 % | RAM App: 219.906 MB | Sys Avail: 43947.8 MB / 65466.5 MB
[ "01:40:57.714" ][SystemMonitor] Stats Update: CPU App: 0.260417 % | Sys: 34.6354 % | RAM App: 220.102 MB | Sys Avail: 43829.1 MB / 65466.5 MB
[ "01:40:58.727" ][SystemMonitor] Stats Update: CPU App: 0.78125 % | Sys: 31.7708 % | RAM App: 220.148 MB | Sys Avail: 43809.7 MB / 65466.5 MB
[ "01:40:59.755" ][SystemMonitor] Stats Update: CPU App: 0.252525 % | Sys: 26.0101 % | RAM App: 220.172 MB | Sys Avail: 43793.4 MB / 65466.5 MB
[ "01:41:00.726" ][SystemMonitor] Stats Update: CPU App: 0.268817 % | Sys: 23.1183 % | RAM App: 220.195 MB | Sys Avail: 43794.5 MB / 65466.5 MB
[ "01:41:01.725" ][SystemMonitor] Stats Update: CPU App: 0 % | Sys: 16.6667 % | RAM App: 220.223 MB | Sys Avail: 43797.3 MB / 65466.5 MB
[ "01:41:02.715" ][SystemMonitor] Stats Update: CPU App: 0 % | Sys: 39.8438 % | RAM App: 220.25 MB | Sys Avail: 43798.5 MB / 65466.5 MB
[ "01:41:03.726" ][SystemMonitor] Stats Update: CPU App: 1.04167 % | Sys: 36.1979 % | RAM App: 220.281 MB | Sys Avail: 43729.2 MB / 65466.5 MB
[ "01:41:04.716" ][SystemMonitor] Stats Update: CPU App: 0.78125 % | Sys: 19.0104 % | RAM App: 220.301 MB | Sys Avail: 43736.1 MB / 65466.5 MB
[ "01:41:05.718" ][SystemMonitor] Stats Update: CPU App: 0.520833 % | Sys: 17.4479 % | RAM App: 220.324 MB | Sys Avail: 43739.6 MB / 65466.5 MB
[ "01:41:06.715" ][SystemMonitor] Stats Update: CPU App: 0.78125 % | Sys: 13.0208 % | RAM App: 220.348 MB | Sys Avail: 43740.1 MB / 65466.5 MB
TelemetryMonitor: Processed 300 frames. Current FPS: 29
[ "01:41:07.727" ][SystemMonitor] Stats Update: CPU App: 0 % | Sys: 25 % | RAM App: 220.371 MB | Sys Avail: 43740.2 MB / 65466.5 MB
[ "01:41:08.727" ][SystemMonitor] Stats Update: CPU App: 0.520833 % | Sys: 12.2396 % | RAM App: 220.395 MB | Sys Avail: 43739.9 MB / 65466.5 MB
[ "01:41:09.723" ][SystemMonitor] Stats Update: CPU App: 1.5625 % | Sys: 23.1771 % | RAM App: 219.535 MB | Sys Avail: 43692.3 MB / 65466.5 MB
[ "01:41:10.716" ][SystemMonitor] Stats Update: CPU App: 1.04167 % | Sys: 14.8438 % | RAM App: 219.535 MB | Sys Avail: 43704.6 MB / 65466.5 MB
[ "01:41:11.724" ][SystemMonitor] Stats Update: CPU App: 0.260417 % | Sys: 42.1875 % | RAM App: 219.535 MB | Sys Avail: 43677.7 MB / 65466.5 MB
[ "01:41:12.727" ][SystemMonitor] Stats Update: CPU App: 0.78125 % | Sys: 33.8542 % | RAM App: 219.535 MB | Sys Avail: 43691.7 MB / 65466.5 MB
[ "01:41:13.721" ][SystemMonitor] Stats Update: CPU App: 0.520833 % | Sys: 42.1875 % | RAM App: 219.535 MB | Sys Avail: 43680.4 MB / 65466.5 MB
[ "01:41:14.727" ][SystemMonitor] Stats Update: CPU App: 0.520833 % | Sys: 12.2396 % | RAM App: 219.535 MB | Sys Avail: 43687.5 MB / 65466.5 MB
[ "01:41:15.727" ][SystemMonitor] Stats Update: CPU App: 0.78125 % | Sys: 43.4896 % | RAM App: 219.535 MB | Sys Avail: 43670.9 MB / 65466.5 MB
[ "01:41:16.716" ][SystemMonitor] Stats Update: CPU App: 0.520833 % | Sys: 63.0208 % | RAM App: 219.543 MB | Sys Avail: 43660.4 MB / 65466.5 MB
TelemetryMonitor: Processed 300 frames. Current FPS: 29
[ "01:41:17.727" ][SystemMonitor] Stats Update: CPU App: 0.78125 % | Sys: 46.3542 % | RAM App: 219.563 MB | Sys Avail: 43592.4 MB / 65466.5 MB
[ "01:41:18.727" ][SystemMonitor] Stats Update: CPU App: 2.34375 % | Sys: 60.4167 % | RAM App: 219.582 MB | Sys Avail: 43591.4 MB / 65466.5 MB
[ "01:41:19.718" ][SystemMonitor] Stats Update: CPU App: 1.04167 % | Sys: 34.375 % | RAM App: 219.586 MB | Sys Avail: 43596.2 MB / 65466.5 MB
[ "01:41:20.727" ][SystemMonitor] Stats Update: CPU App: 1.04167 % | Sys: 36.7188 % | RAM App: 219.586 MB | Sys Avail: 43587.3 MB / 65466.5 MB
[ "01:41:21.728" ][SystemMonitor] Stats Update: CPU App: 0.78125 % | Sys: 51.5625 % | RAM App: 219.59 MB | Sys Avail: 43494.1 MB / 65466.5 MB
[ "01:41:22.714" ][SystemMonitor] Stats Update: CPU App: 1.04167 % | Sys: 35.1563 % | RAM App: 219.59 MB | Sys Avail: 43437.7 MB / 65466.5 MB
[ "01:41:23.728" ][SystemMonitor] Stats Update: CPU App: 0.520833 % | Sys: 46.6146 % | RAM App: 219.594 MB | Sys Avail: 43419.1 MB / 65466.5 MB
[ "01:41:24.715" ][SystemMonitor] Stats Update: CPU App: 1.5625 % | Sys: 77.8646 % | RAM App: 219.598 MB | Sys Avail: 43406.2 MB / 65466.5 MB
[ "01:41:25.724" ][SystemMonitor] Stats Update: CPU App: 0.260417 % | Sys: 46.3542 % | RAM App: 219.598 MB | Sys Avail: 43390 MB / 65466.5 MB
[ "01:41:26.716" ][SystemMonitor] Stats Update: CPU App: 0.78125 % | Sys: 42.1875 % | RAM App: 219.605 MB | Sys Avail: 43378.9 MB / 65466.5 MB
TelemetryMonitor: Processed 300 frames. Current FPS: 28
[ "01:41:27.716" ][SystemMonitor] Stats Update: CPU App: 0.520833 % | Sys: 22.1354 % | RAM App: 219.605 MB | Sys Avail: 43388.2 MB / 65466.5 MB
[ "01:41:28.728" ][SystemMonitor] Stats Update: CPU App: 1.30208 % | Sys: 53.9063 % | RAM App: 219.613 MB | Sys Avail: 43364.9 MB / 65466.5 MB
[ "01:41:29.728" ][SystemMonitor] Stats Update: CPU App: 0.78125 % | Sys: 30.4688 % | RAM App: 219.617 MB | Sys Avail: 43349.1 MB / 65466.5 MB
[ "01:41:30.715" ][SystemMonitor] Stats Update: CPU App: 2.08333 % | Sys: 50.7813 % | RAM App: 219.641 MB | Sys Avail: 43306.8 MB / 65466.5 MB
[ "01:41:31.728" ][SystemMonitor] Stats Update: CPU App: 0.520833 % | Sys: 31.5104 % | RAM App: 219.668 MB | Sys Avail: 43292.4 MB / 65466.5 MB
[ "01:41:32.715" ][SystemMonitor] Stats Update: CPU App: 1.04167 % | Sys: 49.4792 % | RAM App: 219.688 MB | Sys Avail: 43274.8 MB / 65466.5 MB
[ "01:41:33.728" ][SystemMonitor] Stats Update: CPU App: 1.30208 % | Sys: 65.1042 % | RAM App: 219.719 MB | Sys Avail: 43238.4 MB / 65466.5 MB
[ "01:41:34.728" ][SystemMonitor] Stats Update: CPU App: 1.04167 % | Sys: 74.4792 % | RAM App: 219.738 MB | Sys Avail: 43234.3 MB / 65466.5 MB
[ "01:41:35.728" ][SystemMonitor] Stats Update: CPU App: 0.78125 % | Sys: 43.75 % | RAM App: 219.758 MB | Sys Avail: 43215.9 MB / 65466.5 MB
[ "01:41:36.728" ][SystemMonitor] Stats Update: CPU App: 0.520833 % | Sys: 71.3542 % | RAM App: 219.781 MB | Sys Avail: 43185.1 MB / 65466.5 MB
[ "01:41:37.719" ][SystemMonitor] Stats Update: CPU App: 0.78125 % | Sys: 57.0313 % | RAM App: 219.801 MB | Sys Avail: 43210.1 MB / 65466.5 MB
TelemetryMonitor: Processed 300 frames. Current FPS: 29
[ "01:41:38.715" ][SystemMonitor] Stats Update: CPU App: 1.5625 % | Sys: 59.375 % | RAM App: 219.82 MB | Sys Avail: 43213.4 MB / 65466.5 MB
[ "01:41:39.718" ][SystemMonitor] Stats Update: CPU App: 1.30208 % | Sys: 63.2813 % | RAM App: 219.844 MB | Sys Avail: 43222.7 MB / 65466.5 MB
[ "01:41:40.722" ][SystemMonitor] Stats Update: CPU App: 0.78125 % | Sys: 64.3229 % | RAM App: 219.863 MB | Sys Avail: 43153 MB / 65466.5 MB
[ "01:41:41.729" ][SystemMonitor] Stats Update: CPU App: 1.30208 % | Sys: 87.2396 % | RAM App: 219.883 MB | Sys Avail: 43114.8 MB / 65466.5 MB
[ "01:41:42.716" ][SystemMonitor] Stats Update: CPU App: 1.04167 % | Sys: 73.9583 % | RAM App: 219.906 MB | Sys Avail: 43147.4 MB / 65466.5 MB
[ "01:41:43.715" ][SystemMonitor] Stats Update: CPU App: 1.04167 % | Sys: 74.4792 % | RAM App: 219.426 MB | Sys Avail: 43176.1 MB / 65466.5 MB
[ "01:41:44.716" ][SystemMonitor] Stats Update: CPU App: 0.78125 % | Sys: 46.875 % | RAM App: 219.445 MB | Sys Avail: 43188.8 MB / 65466.5 MB
[ "01:41:45.716" ][SystemMonitor] Stats Update: CPU App: 1.04167 % | Sys: 66.1458 % | RAM App: 219.477 MB | Sys Avail: 43184.7 MB / 65466.5 MB
[ "01:41:46.716" ][SystemMonitor] Stats Update: CPU App: 1.04167 % | Sys: 48.4375 % | RAM App: 219.535 MB | Sys Avail: 43179.2 MB / 65466.5 MB
[ "01:41:47.728" ][SystemMonitor] Stats Update: CPU App: 1.04167 % | Sys: 46.0938 % | RAM App: 219.555 MB | Sys Avail: 43181 MB / 65466.5 MB
TelemetryMonitor: Processed 300 frames. Current FPS: 29
[ "01:41:48.716" ][SystemMonitor] Stats Update: CPU App: 1.5625 % | Sys: 61.9792 % | RAM App: 219.574 MB | Sys Avail: 43171.6 MB / 65466.5 MB
[ "01:41:49.729" ][SystemMonitor] Stats Update: CPU App: 0.520833 % | Sys: 50.7813 % | RAM App: 219.598 MB | Sys Avail: 43184 MB / 65466.5 MB
[ "01:41:50.716" ][SystemMonitor] Stats Update: CPU App: 0.78125 % | Sys: 23.1771 % | RAM App: 219.645 MB | Sys Avail: 43197.3 MB / 65466.5 MB
[ "01:41:51.730" ][SystemMonitor] Stats Update: CPU App: 0.769231 % | Sys: 33.3333 % | RAM App: 219.664 MB | Sys Avail: 43200.7 MB / 65466.5 MB
[ "01:41:52.728" ][SystemMonitor] Stats Update: CPU App: 0.26455 % | Sys: 28.0423 % | RAM App: 219.684 MB | Sys Avail: 43198.8 MB / 65466.5 MB
[ "01:41:53.728" ][SystemMonitor] Stats Update: CPU App: 0.260417 % | Sys: 19.2708 % | RAM App: 219.707 MB | Sys Avail: 43218 MB / 65466.5 MB
[ "01:41:54.728" ][SystemMonitor] Stats Update: CPU App: 0.78125 % | Sys: 23.1771 % | RAM App: 219.746 MB | Sys Avail: 43216.7 MB / 65466.5 MB
[ "01:41:55.729" ][SystemMonitor] Stats Update: CPU App: 1.30208 % | Sys: 23.6979 % | RAM App: 219.766 MB | Sys Avail: 43241.6 MB / 65466.5 MB
[ "01:41:56.728" ][SystemMonitor] Stats Update: CPU App: 1.30208 % | Sys: 25 % | RAM App: 219.82 MB | Sys Avail: 43227.5 MB / 65466.5 MB
[ "01:41:57.729" ][SystemMonitor] Stats Update: CPU App: 1.82292 % | Sys: 29.1667 % | RAM App: 219.867 MB | Sys Avail: 43176.9 MB / 65466.5 MB
[ "01:41:58.730" ][SystemMonitor] Stats Update: CPU App: 1.04167 % | Sys: 33.8542 % | RAM App: 219.914 MB | Sys Avail: 43170.8 MB / 65466.5 MB
TelemetryMonitor: Processed 300 frames. Current FPS: 29
[ "01:41:59.728" ][SystemMonitor] Stats Update: CPU App: 0.520833 % | Sys: 25.5208 % | RAM App: 219.965 MB | Sys Avail: 43173.9 MB / 65466.5 MB
[ "01:42:00.728" ][SystemMonitor] Stats Update: CPU App: 0.520833 % | Sys: 24.4792 % | RAM App: 220.031 MB | Sys Avail: 43173.8 MB / 65466.5 MB
[ "01:42:01.729" ][SystemMonitor] Stats Update: CPU App: 0.78125 % | Sys: 24.2188 % | RAM App: 220.051 MB | Sys Avail: 43173.3 MB / 65466.5 MB
[ "01:42:02.729" ][SystemMonitor] Stats Update: CPU App: 1.5625 % | Sys: 23.6979 % | RAM App: 220.07 MB | Sys Avail: 43171.5 MB / 65466.5 MB
[ "01:42:03.729" ][SystemMonitor] Stats Update: CPU App: 0.520833 % | Sys: 35.6771 % | RAM App: 220.109 MB | Sys Avail: 43170.4 MB / 65466.5 MB
[ "01:42:04.729" ][SystemMonitor] Stats Update: CPU App: 1.82292 % | Sys: 39.5833 % | RAM App: 220.156 MB | Sys Avail: 43183.8 MB / 65466.5 MB
[ "01:42:05.729" ][SystemMonitor] Stats Update: CPU App: 0.260417 % | Sys: 27.3438 % | RAM App: 220.191 MB | Sys Avail: 43172.5 MB / 65466.5 MB
[ "01:42:06.715" ][SystemMonitor] Stats Update: CPU App: 1.30208 % | Sys: 44.2708 % | RAM App: 220.227 MB | Sys Avail: 43151.9 MB / 65466.5 MB
[ "01:42:07.729" ][SystemMonitor] Stats Update: CPU App: 0.520833 % | Sys: 38.0208 % | RAM App: 220.305 MB | Sys Avail: 43172.8 MB / 65466.5 MB
[ "01:42:08.715" ][SystemMonitor] Stats Update: CPU App: 1.5625 % | Sys: 43.4896 % | RAM App: 220.379 MB | Sys Avail: 43155.7 MB / 65466.5 MB
TelemetryMonitor: Processed 300 frames. Current FPS: 29
[ "01:42:09.729" ][SystemMonitor] Stats Update: CPU App: 1.28205 % | Sys: 62.5641 % | RAM App: 219.477 MB | Sys Avail: 43109.1 MB / 65466.5 MB
[ "01:42:10.728" ][SystemMonitor] Stats Update: CPU App: 0.26455 % | Sys: 32.2751 % | RAM App: 219.477 MB | Sys Avail: 43196.1 MB / 65466.5 MB
[ "01:42:11.723" ][SystemMonitor] Stats Update: CPU App: 0.520833 % | Sys: 51.0417 % | RAM App: 219.477 MB | Sys Avail: 43143.5 MB / 65466.5 MB
[ "01:42:12.716" ][SystemMonitor] Stats Update: CPU App: 1.5625 % | Sys: 35.6771 % | RAM App: 219.48 MB | Sys Avail: 43217.6 MB / 65466.5 MB
[ "01:42:13.720" ][SystemMonitor] Stats Update: CPU App: 1.30208 % | Sys: 39.5833 % | RAM App: 219.492 MB | Sys Avail: 43215.2 MB / 65466.5 MB
[ "01:42:14.729" ][SystemMonitor] Stats Update: CPU App: 1.30208 % | Sys: 58.3333 % | RAM App: 219.512 MB | Sys Avail: 43377 MB / 65466.5 MB
[ "01:42:15.729" ][SystemMonitor] Stats Update: CPU App: 0.78125 % | Sys: 32.0313 % | RAM App: 219.523 MB | Sys Avail: 43354.7 MB / 65466.5 MB
[ "01:42:16.735" ][SystemMonitor] Stats Update: CPU App: 0.78125 % | Sys: 41.6021 % | RAM App: 219.523 MB | Sys Avail: 43323.9 MB / 65466.5 MB
[ "01:42:17.724" ][SystemMonitor] Stats Update: CPU App: 1.30208 % | Sys: 32.8084 % | RAM App: 219.523 MB | Sys Avail: 43283.8 MB / 65466.5 MB
[ "01:42:18.714" ][SystemMonitor] Stats Update: CPU App: 0.78125 % | Sys: 33.5938 % | RAM App: 219.523 MB | Sys Avail: 43260.6 MB / 65466.5 MB
[ "01:42:19.729" ][SystemMonitor] Stats Update: CPU App: 1.5625 % | Sys: 45.1282 % | RAM App: 219.547 MB | Sys Avail: 43250.5 MB / 65466.5 MB
TelemetryMonitor: Processed 300 frames. Current FPS: 29
[ "01:42:20.729" ][SystemMonitor] Stats Update: CPU App: 1.04167 % | Sys: 34.9206 % | RAM App: 219.547 MB | Sys Avail: 43263.2 MB / 65466.5 MB
[ "01:42:21.729" ][SystemMonitor] Stats Update: CPU App: 0.520833 % | Sys: 31.7708 % | RAM App: 219.547 MB | Sys Avail: 43131.5 MB / 65466.5 MB
[ "01:42:22.716" ][SystemMonitor] Stats Update: CPU App: 1.30208 % | Sys: 36.9792 % | RAM App: 219.547 MB | Sys Avail: 43234.2 MB / 65466.5 MB
[ "01:42:23.724" ][SystemMonitor] Stats Update: CPU App: 1.30208 % | Sys: 35.4167 % | RAM App: 219.547 MB | Sys Avail: 43220.6 MB / 65466.5 MB
[ "01:42:24.730" ][SystemMonitor] Stats Update: CPU App: 1.5625 % | Sys: 31.7708 % | RAM App: 219.547 MB | Sys Avail: 43212.2 MB / 65466.5 MB
[ "01:42:25.730" ][SystemMonitor] Stats Update: CPU App: 1.30208 % | Sys: 32.5521 % | RAM App: 219.547 MB | Sys Avail: 43199.9 MB / 65466.5 MB
[ "01:42:26.716" ][SystemMonitor] Stats Update: CPU App: 1.30208 % | Sys: 37.5 % | RAM App: 219.547 MB | Sys Avail: 43183 MB / 65466.5 MB
[ "01:42:27.729" ][SystemMonitor] Stats Update: CPU App: 0.769231 % | Sys: 31.7949 % | RAM App: 219.563 MB | Sys Avail: 43584.1 MB / 65466.5 MB
[ "01:42:28.716" ][SystemMonitor] Stats Update: CPU App: 0.529101 % | Sys: 28.5714 % | RAM App: 219.582 MB | Sys Avail: 43762.1 MB / 65466.5 MB
[ "01:42:29.730" ][SystemMonitor] Stats Update: CPU App: 0.775194 % | Sys: 18.9744 % | RAM App: 219.602 MB | Sys Avail: 43788 MB / 65466.5 MB
[ "01:42:30.715" ][SystemMonitor] Stats Update: CPU App: 0.524934 % | Sys: 17.1958 % | RAM App: 219.625 MB | Sys Avail: 43803.2 MB / 65466.5 MB
TelemetryMonitor: Processed 300 frames. Current FPS: 29
[ "01:42:31.730" ][SystemMonitor] Stats Update: CPU App: 0.260417 % | Sys: 12.3077 % | RAM App: 219.645 MB | Sys Avail: 43817.4 MB / 65466.5 MB
[ "01:42:32.716" ][SystemMonitor] Stats Update: CPU App: 0.78125 % | Sys: 16.9312 % | RAM App: 219.664 MB | Sys Avail: 43795.7 MB / 65466.5 MB
[ "01:42:33.722" ][SystemMonitor] Stats Update: CPU App: 0.260417 % | Sys: 18.4896 % | RAM App: 219.684 MB | Sys Avail: 43816.5 MB / 65466.5 MB
[ "01:42:34.730" ][SystemMonitor] Stats Update: CPU App: 1.28205 % | Sys: 12.3077 % | RAM App: 219.703 MB | Sys Avail: 43830.9 MB / 65466.5 MB
[ "01:42:35.715" ][SystemMonitor] Stats Update: CPU App: 0 % | Sys: 10.582 % | RAM App: 219.789 MB | Sys Avail: 43845.5 MB / 65466.5 MB
[ "01:42:36.730" ][SystemMonitor] Stats Update: CPU App: 0.512821 % | Sys: 13.0769 % | RAM App: 219.813 MB | Sys Avail: 43845.5 MB / 65466.5 MB
[ "01:42:37.731" ][SystemMonitor] Stats Update: CPU App: 0.78125 % | Sys: 13.2813 % | RAM App: 219.832 MB | Sys Avail: 43860.8 MB / 65466.5 MB
[ "01:42:38.730" ][SystemMonitor] Stats Update: CPU App: 0.78125 % | Sys: 14.8438 % | RAM App: 219.855 MB | Sys Avail: 43885.1 MB / 65466.5 MB
[ "01:42:39.731" ][SystemMonitor] Stats Update: CPU App: 0.260417 % | Sys: 9.89583 % | RAM App: 219.875 MB | Sys Avail: 43894.1 MB / 65466.5 MB
[ "01:42:40.717" ][SystemMonitor] Stats Update: CPU App: 1.0582 % | Sys: 15.0794 % | RAM App: 219.898 MB | Sys Avail: 43910.3 MB / 65466.5 MB
TelemetryMonitor: Processed 300 frames. Current FPS: 28
[ "01:42:41.730" ][SystemMonitor] Stats Update: CPU App: 0.769231 % | Sys: 42.0513 % | RAM App: 219.93 MB | Sys Avail: 43858.1 MB / 65466.5 MB
[ "01:42:42.730" ][SystemMonitor] Stats Update: CPU App: 0.260417 % | Sys: 23.1771 % | RAM App: 219.949 MB | Sys Avail: 43919.5 MB / 65466.5 MB
[ "01:42:43.731" ][SystemMonitor] Stats Update: CPU App: 0.520833 % | Sys: 25 % | RAM App: 219.98 MB | Sys Avail: 43926.8 MB / 65466.5 MB
[ "01:42:44.714" ][SystemMonitor] Stats Update: CPU App: 0.26455 % | Sys: 9.52381 % | RAM App: 220 MB | Sys Avail: 43923.9 MB / 65466.5 MB
[ "01:42:45.721" ][SystemMonitor] Stats Update: CPU App: 0.260417 % | Sys: 11.4583 % | RAM App: 220.027 MB | Sys Avail: 43930.4 MB / 65466.5 MB
[ "01:42:46.730" ][SystemMonitor] Stats Update: CPU App: 0.512821 % | Sys: 11.5385 % | RAM App: 220.051 MB | Sys Avail: 43933.5 MB / 65466.5 MB
[ "01:42:47.724" ][SystemMonitor] Stats Update: CPU App: 0.26455 % | Sys: 10.8466 % | RAM App: 220.078 MB | Sys Avail: 43933.8 MB / 65466.5 MB
[ "01:42:48.731" ][SystemMonitor] Stats Update: CPU App: 0.512821 % | Sys: 34.6154 % | RAM App: 220.098 MB | Sys Avail: 43930.2 MB / 65466.5 MB
[ "01:42:49.713" ][SystemMonitor] Stats Update: CPU App: 0.529101 % | Sys: 12.4339 % | RAM App: 220.129 MB | Sys Avail: 43964.5 MB / 65466.5 MB
[ "01:42:50.716" ][SystemMonitor] Stats Update: CPU App: 1.30208 % | Sys: 12.5 % | RAM App: 220.148 MB | Sys Avail: 43972.3 MB / 65466.5 MB
[ "01:42:51.714" ][SystemMonitor] Stats Update: CPU App: 0.260417 % | Sys: 13.2813 % | RAM App: 220.238 MB | Sys Avail: 43972.8 MB / 65466.5 MB
TelemetryMonitor: Processed 300 frames. Current FPS: 29
[ "01:42:52.714" ][SystemMonitor] Stats Update: CPU App: 0.260417 % | Sys: 11.4583 % | RAM App: 220.262 MB | Sys Avail: 43978.8 MB / 65466.5 MB
[ "01:42:53.731" ][SystemMonitor] Stats Update: CPU App: 0.512821 % | Sys: 22.8205 % | RAM App: 220.289 MB | Sys Avail: 43976.7 MB / 65466.5 MB
[ "01:42:54.717" ][SystemMonitor] Stats Update: CPU App: 1.0582 % | Sys: 13.2275 % | RAM App: 220.309 MB | Sys Avail: 43976 MB / 65466.5 MB
[ "01:42:55.714" ][SystemMonitor] Stats Update: CPU App: 0.520833 % | Sys: 11.7188 % | RAM App: 220.34 MB | Sys Avail: 43980.8 MB / 65466.5 MB
[ "01:42:56.731" ][SystemMonitor] Stats Update: CPU App: 1.28535 % | Sys: 12.8205 % | RAM App: 220.359 MB | Sys Avail: 43985.6 MB / 65466.5 MB
[ "01:42:57.714" ][SystemMonitor] Stats Update: CPU App: 0.263852 % | Sys: 10.3175 % | RAM App: 220.387 MB | Sys Avail: 43988.5 MB / 65466.5 MB
[ "01:42:58.716" ][SystemMonitor] Stats Update: CPU App: 1.04167 % | Sys: 25.7813 % | RAM App: 220.41 MB | Sys Avail: 43988 MB / 65466.5 MB
[ "01:42:59.721" ][SystemMonitor] Stats Update: CPU App: 0.520833 % | Sys: 15.3646 % | RAM App: 220.438 MB | Sys Avail: 43984.8 MB / 65466.5 MB
[ "01:43:00.715" ][SystemMonitor] Stats Update: CPU App: 0.78125 % | Sys: 13.8021 % | RAM App: 220.457 MB | Sys Avail: 43987 MB / 65466.5 MB
[ "01:43:01.731" ][SystemMonitor] Stats Update: CPU App: 0.512821 % | Sys: 13.5897 % | RAM App: 220.484 MB | Sys Avail: 43988.9 MB / 65466.5 MB
TelemetryMonitor: Processed 300 frames. Current FPS: 29
[ "01:43:02.731" ][SystemMonitor] Stats Update: CPU App: 0.261097 % | Sys: 19.5313 % | RAM App: 220.508 MB | Sys Avail: 43988.4 MB / 65466.5 MB
[ "01:43:03.724" ][SystemMonitor] Stats Update: CPU App: 1.31926 % | Sys: 25.9259 % | RAM App: 220.535 MB | Sys Avail: 43924 MB / 65466.5 MB
[ "01:43:04.714" ][SystemMonitor] Stats Update: CPU App: 1.04167 % | Sys: 20.3125 % | RAM App: 220.555 MB | Sys Avail: 43935.8 MB / 65466.5 MB
[ "01:43:05.715" ][SystemMonitor] Stats Update: CPU App: 1.04167 % | Sys: 14.5833 % | RAM App: 220.582 MB | Sys Avail: 43884.4 MB / 65466.5 MB
[ "01:43:06.716" ][SystemMonitor] Stats Update: CPU App: 0.78125 % | Sys: 14.0625 % | RAM App: 220.602 MB | Sys Avail: 43887.1 MB / 65466.5 MB
[ "01:43:07.732" ][SystemMonitor] Stats Update: CPU App: 0 % | Sys: 15.1282 % | RAM App: 220.688 MB | Sys Avail: 43870.6 MB / 65466.5 MB
[ "01:43:08.730" ][SystemMonitor] Stats Update: CPU App: 0.260417 % | Sys: 12.5 % | RAM App: 220.707 MB | Sys Avail: 43871.3 MB / 65466.5 MB
[ "01:43:09.714" ][SystemMonitor] Stats Update: CPU App: 1.0582 % | Sys: 31.4815 % | RAM App: 220.75 MB | Sys Avail: 43868.9 MB / 65466.5 MB
[ "01:43:10.731" ][SystemMonitor] Stats Update: CPU App: 0.512821 % | Sys: 18.9744 % | RAM App: 218.211 MB | Sys Avail: 43915.3 MB / 65466.5 MB
[ "01:43:11.714" ][SystemMonitor] Stats Update: CPU App: 1.0582 % | Sys: 44.4444 % | RAM App: 218.379 MB | Sys Avail: 43830.9 MB / 65466.5 MB
TelemetryMonitor: Processed 300 frames. Current FPS: 29
[ "01:43:12.715" ][SystemMonitor] Stats Update: CPU App: 0.260417 % | Sys: 30.2083 % | RAM App: 218.492 MB | Sys Avail: 43915.6 MB / 65466.5 MB
[ "01:43:13.715" ][SystemMonitor] Stats Update: CPU App: 0.78125 % | Sys: 25.7813 % | RAM App: 218.492 MB | Sys Avail: 43918.1 MB / 65466.5 MB
[ "01:43:14.715" ][SystemMonitor] Stats Update: CPU App: 0 % | Sys: 21.6146 % | RAM App: 218.508 MB | Sys Avail: 43916.6 MB / 65466.5 MB
[ "01:43:15.732" ][SystemMonitor] Stats Update: CPU App: 0.769231 % | Sys: 13.0769 % | RAM App: 218.527 MB | Sys Avail: 43918.8 MB / 65466.5 MB
[ "01:43:16.731" ][SystemMonitor] Stats Update: CPU App: 0.78125 % | Sys: 10.9375 % | RAM App: 218.551 MB | Sys Avail: 43919.3 MB / 65466.5 MB
[ "01:43:17.715" ][SystemMonitor] Stats Update: CPU App: 0 % | Sys: 10.3175 % | RAM App: 218.551 MB | Sys Avail: 43920.5 MB / 65466.5 MB
[ "01:43:18.714" ][SystemMonitor] Stats Update: CPU App: 0.520833 % | Sys: 11.4583 % | RAM App: 218.555 MB | Sys Avail: 43920.1 MB / 65466.5 MB
[ "01:43:19.714" ][SystemMonitor] Stats Update: CPU App: 0.520833 % | Sys: 24.2188 % | RAM App: 218.555 MB | Sys Avail: 43913.6 MB / 65466.5 MB
[ "01:43:20.715" ][SystemMonitor] Stats Update: CPU App: 0.520833 % | Sys: 12.7604 % | RAM App: 218.559 MB | Sys Avail: 43923.6 MB / 65466.5 MB
[ "01:43:21.714" ][SystemMonitor] Stats Update: CPU App: 0 % | Sys: 20.0521 % | RAM App: 218.625 MB | Sys Avail: 43932 MB / 65466.5 MB
[ "01:43:22.715" ][SystemMonitor] Stats Update: CPU App: 0.520833 % | Sys: 9.63542 % | RAM App: 218.645 MB | Sys Avail: 43930.5 MB / 65466.5 MB
TelemetryMonitor: Processed 300 frames. Current FPS: 29
[ "01:43:23.731" ][SystemMonitor] Stats Update: CPU App: 1.02564 % | Sys: 12.3077 % | RAM App: 218.652 MB | Sys Avail: 43929.4 MB / 65466.5 MB
[ "01:43:24.715" ][SystemMonitor] Stats Update: CPU App: 0.529101 % | Sys: 24.3386 % | RAM App: 218.668 MB | Sys Avail: 43920.6 MB / 65466.5 MB
[ "01:43:25.715" ][SystemMonitor] Stats Update: CPU App: 0.78125 % | Sys: 12.5 % | RAM App: 218.68 MB | Sys Avail: 43921.8 MB / 65466.5 MB
[ "01:43:26.731" ][SystemMonitor] Stats Update: CPU App: 0.512821 % | Sys: 13.3333 % | RAM App: 218.699 MB | Sys Avail: 43922.1 MB / 65466.5 MB
[ "01:43:27.715" ][SystemMonitor] Stats Update: CPU App: 0.793651 % | Sys: 14.2857 % | RAM App: 218.707 MB | Sys Avail: 43926.2 MB / 65466.5 MB
[ "01:43:28.715" ][SystemMonitor] Stats Update: CPU App: 1.04167 % | Sys: 15.625 % | RAM App: 218.746 MB | Sys Avail: 43926.5 MB / 65466.5 MB
[ "01:43:29.715" ][SystemMonitor] Stats Update: CPU App: 0.78125 % | Sys: 21.875 % | RAM App: 218.777 MB | Sys Avail: 43918.1 MB / 65466.5 MB
[ "01:43:30.715" ][SystemMonitor] Stats Update: CPU App: 1.04167 % | Sys: 28.125 % | RAM App: 218.816 MB | Sys Avail: 43890.4 MB / 65466.5 MB
[ "01:43:31.716" ][SystemMonitor] Stats Update: CPU App: 0.520833 % | Sys: 14.3229 % | RAM App: 218.844 MB | Sys Avail: 43894.2 MB / 65466.5 MB
[ "01:43:32.715" ][SystemMonitor] Stats Update: CPU App: 0.520833 % | Sys: 11.4583 % | RAM App: 218.879 MB | Sys Avail: 43894.8 MB / 65466.5 MB
TelemetryMonitor: Processed 300 frames. Current FPS: 29
[ "01:43:33.732" ][SystemMonitor] Stats Update: CPU App: 0.25641 % | Sys: 15.1282 % | RAM App: 218.906 MB | Sys Avail: 43896.3 MB / 65466.5 MB
[ "01:43:34.732" ][SystemMonitor] Stats Update: CPU App: 0 % | Sys: 12.2396 % | RAM App: 218.953 MB | Sys Avail: 43912.3 MB / 65466.5 MB
[ "01:43:35.715" ][SystemMonitor] Stats Update: CPU App: 1.32275 % | Sys: 21.4286 % | RAM App: 219.047 MB | Sys Avail: 43905.6 MB / 65466.5 MB
[ "01:43:36.732" ][SystemMonitor] Stats Update: CPU App: 0.512821 % | Sys: 13.3333 % | RAM App: 219.09 MB | Sys Avail: 43907.9 MB / 65466.5 MB
[ "01:43:37.716" ][SystemMonitor] Stats Update: CPU App: 0.793651 % | Sys: 15.873 % | RAM App: 219.125 MB | Sys Avail: 43898.4 MB / 65466.5 MB
[ "01:43:38.732" ][SystemMonitor] Stats Update: CPU App: 1.28205 % | Sys: 12.3077 % | RAM App: 219.164 MB | Sys Avail: 43905.8 MB / 65466.5 MB
[ "01:43:39.716" ][SystemMonitor] Stats Update: CPU App: 1.32275 % | Sys: 12.6984 % | RAM App: 219.199 MB | Sys Avail: 43907 MB / 65466.5 MB
[ "01:43:40.715" ][SystemMonitor] Stats Update: CPU App: 1.04167 % | Sys: 28.3854 % | RAM App: 219.23 MB | Sys Avail: 43901.4 MB / 65466.5 MB
[ "01:43:41.716" ][SystemMonitor] Stats Update: CPU App: 0.78125 % | Sys: 41.6667 % | RAM App: 219.266 MB | Sys Avail: 43845.8 MB / 65466.5 MB
[ "01:43:42.732" ][SystemMonitor] Stats Update: CPU App: 0 % | Sys: 21.0256 % | RAM App: 219.348 MB | Sys Avail: 43903.5 MB / 65466.5 MB
[ "01:43:43.715" ][SystemMonitor] Stats Update: CPU App: 0.529101 % | Sys: 25.1323 % | RAM App: 219.387 MB | Sys Avail: 43900 MB / 65466.5 MB
TelemetryMonitor: Processed 300 frames. Current FPS: 30
[ "01:43:44.716" ][SystemMonitor] Stats Update: CPU App: 0.260417 % | Sys: 10.9375 % | RAM App: 219.422 MB | Sys Avail: 43908 MB / 65466.5 MB
[ "01:43:45.732" ][SystemMonitor] Stats Update: CPU App: 0.512821 % | Sys: 23.8462 % | RAM App: 219.457 MB | Sys Avail: 43900.1 MB / 65466.5 MB
[ "01:43:46.716" ][SystemMonitor] Stats Update: CPU App: 0.26455 % | Sys: 12.6984 % | RAM App: 219.492 MB | Sys Avail: 43902.4 MB / 65466.5 MB
[ "01:43:47.714" ][SystemMonitor] Stats Update: CPU App: 0.78125 % | Sys: 17.1875 % | RAM App: 219.527 MB | Sys Avail: 43903.1 MB / 65466.5 MB
[ "01:43:48.715" ][SystemMonitor] Stats Update: CPU App: 0.78125 % | Sys: 17.1875 % | RAM App: 219.566 MB | Sys Avail: 43904.3 MB / 65466.5 MB
[ "01:43:49.716" ][SystemMonitor] Stats Update: CPU App: 0.78125 % | Sys: 12.5 % | RAM App: 219.641 MB | Sys Avail: 43904.1 MB / 65466.5 MB
[ "01:43:50.734" ][SystemMonitor] Stats Update: CPU App: 1.03093 % | Sys: 35.3846 % | RAM App: 219.68 MB | Sys Avail: 43899.3 MB / 65466.5 MB
[ "01:43:51.716" ][SystemMonitor] Stats Update: CPU App: 0.526316 % | Sys: 20.8995 % | RAM App: 219.773 MB | Sys Avail: 43901.2 MB / 65466.5 MB
[ "01:43:52.732" ][SystemMonitor] Stats Update: CPU App: 0.769231 % | Sys: 10.7692 % | RAM App: 219.809 MB | Sys Avail: 43901.4 MB / 65466.5 MB
[ "01:43:53.732" ][SystemMonitor] Stats Update: CPU App: 1.04439 % | Sys: 11.9792 % | RAM App: 219.848 MB | Sys Avail: 43900.8 MB / 65466.5 MB
TelemetryMonitor: Processed 300 frames. Current FPS: 29
[ "01:43:54.714" ][SystemMonitor] Stats Update: CPU App: 0.527704 % | Sys: 9.25926 % | RAM App: 219.883 MB | Sys Avail: 43902.1 MB / 65466.5 MB
[ "01:43:55.732" ][SystemMonitor] Stats Update: CPU App: 0.769231 % | Sys: 21.5385 % | RAM App: 219.918 MB | Sys Avail: 43909.4 MB / 65466.5 MB
[ "01:43:56.715" ][SystemMonitor] Stats Update: CPU App: 1.0582 % | Sys: 16.9312 % | RAM App: 219.941 MB | Sys Avail: 43904.3 MB / 65466.5 MB
[ "01:43:57.733" ][SystemMonitor] Stats Update: CPU App: 0.257069 % | Sys: 16.9231 % | RAM App: 219.98 MB | Sys Avail: 43905.8 MB / 65466.5 MB
[ "01:43:58.716" ][SystemMonitor] Stats Update: CPU App: 0.263852 % | Sys: 15.3439 % | RAM App: 220.004 MB | Sys Avail: 43905.4 MB / 65466.5 MB
[ "01:43:59.713" ][SystemMonitor] Stats Update: CPU App: 0.520833 % | Sys: 14.0625 % | RAM App: 220.039 MB | Sys Avail: 43909.2 MB / 65466.5 MB
[ "01:44:00.716" ][SystemMonitor] Stats Update: CPU App: 0.260417 % | Sys: 18.75 % | RAM App: 220.109 MB | Sys Avail: 43910.8 MB / 65466.5 MB
[ "01:44:01.716" ][SystemMonitor] Stats Update: CPU App: 0.520833 % | Sys: 22.9167 % | RAM App: 220.148 MB | Sys Avail: 43904.9 MB / 65466.5 MB
[ "01:44:02.733" ][SystemMonitor] Stats Update: CPU App: 0.512821 % | Sys: 14.1026 % | RAM App: 220.168 MB | Sys Avail: 43908.7 MB / 65466.5 MB
[ "01:44:03.732" ][SystemMonitor] Stats Update: CPU App: 0.260417 % | Sys: 10.4167 % | RAM App: 220.203 MB | Sys Avail: 43907.7 MB / 65466.5 MB
TelemetryMonitor: Processed 300 frames. Current FPS: 29
[ "01:44:04.716" ][SystemMonitor] Stats Update: CPU App: 0.529101 % | Sys: 10.3175 % | RAM App: 220.23 MB | Sys Avail: 43911.2 MB / 65466.5 MB
[ "01:44:05.734" ][SystemMonitor] Stats Update: CPU App: 0.512821 % | Sys: 17.6923 % | RAM App: 220.27 MB | Sys Avail: 43961.3 MB / 65466.5 MB
[ "01:44:06.734" ][SystemMonitor] Stats Update: CPU App: 0 % | Sys: 26.3021 % | RAM App: 220.359 MB | Sys Avail: 43955.7 MB / 65466.5 MB
[ "01:44:07.717" ][SystemMonitor] Stats Update: CPU App: 0 % | Sys: 9.25926 % | RAM App: 220.461 MB | Sys Avail: 43987.5 MB / 65466.5 MB
[ "01:44:08.715" ][SystemMonitor] Stats Update: CPU App: 0.78329 % | Sys: 14.8825 % | RAM App: 220.488 MB | Sys Avail: 43978.3 MB / 65466.5 MB
[ "01:44:09.716" ][SystemMonitor] Stats Update: CPU App: 0.779221 % | Sys: 12.7273 % | RAM App: 220.523 MB | Sys Avail: 43979.9 MB / 65466.5 MB
[ "01:44:10.734" ][SystemMonitor] Stats Update: CPU App: 0.512821 % | Sys: 15.641 % | RAM App: 219.609 MB | Sys Avail: 43981.6 MB / 65466.5 MB
[ "01:44:11.716" ][SystemMonitor] Stats Update: CPU App: 0.793651 % | Sys: 59.7884 % | RAM App: 219.84 MB | Sys Avail: 43906 MB / 65466.5 MB
[ "01:44:12.715" ][SystemMonitor] Stats Update: CPU App: 0.78125 % | Sys: 27.3438 % | RAM App: 219.84 MB | Sys Avail: 43976.9 MB / 65466.5 MB
[ "01:44:13.732" ][SystemMonitor] Stats Update: CPU App: 0.512821 % | Sys: 27.4359 % | RAM App: 219.855 MB | Sys Avail: 43977 MB / 65466.5 MB
[ "01:44:14.716" ][SystemMonitor] Stats Update: CPU App: 0.793651 % | Sys: 12.1693 % | RAM App: 219.867 MB | Sys Avail: 43982.2 MB / 65466.5 MB
TelemetryMonitor: Processed 300 frames. Current FPS: 29
[ "01:44:15.732" ][SystemMonitor] Stats Update: CPU App: 0.512821 % | Sys: 13.5897 % | RAM App: 219.902 MB | Sys Avail: 43973.3 MB / 65466.5 MB
[ "01:44:16.716" ][SystemMonitor] Stats Update: CPU App: 0.529101 % | Sys: 22.7513 % | RAM App: 219.922 MB | Sys Avail: 43969.4 MB / 65466.5 MB
[ "01:44:17.733" ][SystemMonitor] Stats Update: CPU App: 0.25641 % | Sys: 9.74359 % | RAM App: 219.93 MB | Sys Avail: 43974.2 MB / 65466.5 MB
[ "01:44:18.733" ][SystemMonitor] Stats Update: CPU App: 0.260417 % | Sys: 10.6771 % | RAM App: 219.93 MB | Sys Avail: 43974.1 MB / 65466.5 MB
[ "01:44:19.713" ][SystemMonitor] Stats Update: CPU App: 0.529101 % | Sys: 12.963 % | RAM App: 219.945 MB | Sys Avail: 43975.6 MB / 65466.5 MB
[ "01:44:20.734" ][SystemMonitor] Stats Update: CPU App: 0.769231 % | Sys: 18.7179 % | RAM App: 219.953 MB | Sys Avail: 43981.7 MB / 65466.5 MB
[ "01:44:21.717" ][SystemMonitor] Stats Update: CPU App: 0.793651 % | Sys: 24.3386 % | RAM App: 219.965 MB | Sys Avail: 43984 MB / 65466.5 MB
[ "01:44:22.718" ][SystemMonitor] Stats Update: CPU App: 1.04167 % | Sys: 15.1042 % | RAM App: 219.973 MB | Sys Avail: 43979.3 MB / 65466.5 MB
[ "01:44:23.734" ][SystemMonitor] Stats Update: CPU App: 0.769231 % | Sys: 12.0513 % | RAM App: 219.98 MB | Sys Avail: 43979 MB / 65466.5 MB
[ "01:44:24.717" ][SystemMonitor] Stats Update: CPU App: 0.529101 % | Sys: 12.963 % | RAM App: 219.992 MB | Sys Avail: 43981.1 MB / 65466.5 MB
TelemetryMonitor: Processed 300 frames. Current FPS: 29
[ "01:44:25.717" ][SystemMonitor] Stats Update: CPU App: 0.520833 % | Sys: 9.11458 % | RAM App: 219.996 MB | Sys Avail: 43980.9 MB / 65466.5 MB
[ "01:44:26.714" ][SystemMonitor] Stats Update: CPU App: 0.520833 % | Sys: 14.3229 % | RAM App: 220 MB | Sys Avail: 43963.2 MB / 65466.5 MB
[ "01:44:27.717" ][SystemMonitor] Stats Update: CPU App: 0.520833 % | Sys: 23.1771 % | RAM App: 220 MB | Sys Avail: 43974.5 MB / 65466.5 MB
[ "01:44:28.717" ][SystemMonitor] Stats Update: CPU App: 0.520833 % | Sys: 11.9792 % | RAM App: 220.023 MB | Sys Avail: 43981.6 MB / 65466.5 MB
[ "01:44:29.717" ][SystemMonitor] Stats Update: CPU App: 0.520833 % | Sys: 10.1563 % | RAM App: 220.055 MB | Sys Avail: 43980.3 MB / 65466.5 MB
[ "01:44:30.717" ][SystemMonitor] Stats Update: CPU App: 0.260417 % | Sys: 15.3646 % | RAM App: 220.078 MB | Sys Avail: 43982.9 MB / 65466.5 MB
[ "01:44:31.717" ][SystemMonitor] Stats Update: CPU App: 1.04167 % | Sys: 13.8021 % | RAM App: 220.105 MB | Sys Avail: 43982.6 MB / 65466.5 MB
[ "01:44:32.716" ][SystemMonitor] Stats Update: CPU App: 0.260417 % | Sys: 42.7083 % | RAM App: 220.16 MB | Sys Avail: 43966.6 MB / 65466.5 MB
[ "01:44:33.733" ][SystemMonitor] Stats Update: CPU App: 0 % | Sys: 15.8974 % | RAM App: 220.195 MB | Sys Avail: 43951.2 MB / 65466.5 MB
[ "01:44:34.717" ][SystemMonitor] Stats Update: CPU App: 0.793651 % | Sys: 16.9312 % | RAM App: 220.219 MB | Sys Avail: 43953.6 MB / 65466.5 MB
[ "01:44:35.734" ][SystemMonitor] Stats Update: CPU App: 0.25641 % | Sys: 12.3077 % | RAM App: 220.246 MB | Sys Avail: 43953.9 MB / 65466.5 MB
TelemetryMonitor: Processed 300 frames. Current FPS: 29
[ "01:44:36.718" ][SystemMonitor] Stats Update: CPU App: 0.26455 % | Sys: 12.6984 % | RAM App: 220.266 MB | Sys Avail: 43955.8 MB / 65466.5 MB
[ "01:44:37.717" ][SystemMonitor] Stats Update: CPU App: 0 % | Sys: 26.0417 % | RAM App: 220.297 MB | Sys Avail: 43948.7 MB / 65466.5 MB
[ "01:44:38.716" ][SystemMonitor] Stats Update: CPU App: 0.78534 % | Sys: 13.8743 % | RAM App: 220.32 MB | Sys Avail: 43966.7 MB / 65466.5 MB
[ "01:44:39.718" ][SystemMonitor] Stats Update: CPU App: 0.259067 % | Sys: 10.8808 % | RAM App: 220.348 MB | Sys Avail: 43979.4 MB / 65466.5 MB
[ "01:44:40.734" ][SystemMonitor] Stats Update: CPU App: 0 % | Sys: 15.3846 % | RAM App: 220.379 MB | Sys Avail: 43983.8 MB / 65466.5 MB
[ "01:44:41.733" ][SystemMonitor] Stats Update: CPU App: 0.520833 % | Sys: 40.1042 % | RAM App: 220.41 MB | Sys Avail: 43892.4 MB / 65466.5 MB
[ "01:44:42.734" ][SystemMonitor] Stats Update: CPU App: 0.78125 % | Sys: 39.3229 % | RAM App: 220.43 MB | Sys Avail: 43979 MB / 65466.5 MB
[ "01:44:43.734" ][SystemMonitor] Stats Update: CPU App: 0.78125 % | Sys: 27.6042 % | RAM App: 220.457 MB | Sys Avail: 43977.5 MB / 65466.5 MB
[ "01:44:44.716" ][SystemMonitor] Stats Update: CPU App: 0.531915 % | Sys: 23.2804 % | RAM App: 220.477 MB | Sys Avail: 43993.3 MB / 65466.5 MB
[ "01:44:45.718" ][SystemMonitor] Stats Update: CPU App: 0.518135 % | Sys: 15.3646 % | RAM App: 220.496 MB | Sys Avail: 43987.7 MB / 65466.5 MB
TelemetryMonitor: Processed 300 frames. Current FPS: 30
[ "01:44:46.718" ][SystemMonitor] Stats Update: CPU App: 0.520833 % | Sys: 19.0104 % | RAM App: 220.52 MB | Sys Avail: 43989.9 MB / 65466.5 MB
[ "01:44:47.718" ][SystemMonitor] Stats Update: CPU App: 0.260417 % | Sys: 19.5313 % | RAM App: 220.539 MB | Sys Avail: 43993.9 MB / 65466.5 MB
[ "01:44:48.717" ][SystemMonitor] Stats Update: CPU App: 0.260417 % | Sys: 17.1875 % | RAM App: 220.559 MB | Sys Avail: 43988.1 MB / 65466.5 MB
[ "01:44:49.734" ][SystemMonitor] Stats Update: CPU App: 0.769231 % | Sys: 11.5385 % | RAM App: 220.582 MB | Sys Avail: 43989.6 MB / 65466.5 MB
[ "01:44:50.718" ][SystemMonitor] Stats Update: CPU App: 0.529101 % | Sys: 12.6984 % | RAM App: 220.602 MB | Sys Avail: 43990.3 MB / 65466.5 MB
[ "01:44:51.717" ][SystemMonitor] Stats Update: CPU App: 0.520833 % | Sys: 10.4167 % | RAM App: 220.629 MB | Sys Avail: 43989.5 MB / 65466.5 MB
[ "01:44:52.718" ][SystemMonitor] Stats Update: CPU App: 0.260417 % | Sys: 17.7083 % | RAM App: 220.652 MB | Sys Avail: 43989.7 MB / 65466.5 MB
[ "01:44:53.717" ][SystemMonitor] Stats Update: CPU App: 0.520833 % | Sys: 30.4688 % | RAM App: 220.672 MB | Sys Avail: 43984.2 MB / 65466.5 MB
[ "01:44:54.716" ][SystemMonitor] Stats Update: CPU App: 0.520833 % | Sys: 10.4167 % | RAM App: 220.691 MB | Sys Avail: 43990.3 MB / 65466.5 MB
[ "01:44:55.734" ][SystemMonitor] Stats Update: CPU App: 0.769231 % | Sys: 11.0256 % | RAM App: 220.715 MB | Sys Avail: 43992.7 MB / 65466.5 MB
[ "01:44:56.716" ][SystemMonitor] Stats Update: CPU App: 1.0582 % | Sys: 17.1958 % | RAM App: 220.738 MB | Sys Avail: 43993.7 MB / 65466.5 MB
TelemetryMonitor: Processed 300 frames. Current FPS: 29
[ "01:44:57.718" ][SystemMonitor] Stats Update: CPU App: 0.260417 % | Sys: 9.63542 % | RAM App: 220.758 MB | Sys Avail: 43992.8 MB / 65466.5 MB
[ "01:44:58.715" ][SystemMonitor] Stats Update: CPU App: 0.520833 % | Sys: 22.1354 % | RAM App: 220.781 MB | Sys Avail: 43987.6 MB / 65466.5 MB
[ "01:44:59.718" ][SystemMonitor] Stats Update: CPU App: 0.78125 % | Sys: 10.1563 % | RAM App: 220.801 MB | Sys Avail: 43992.5 MB / 65466.5 MB
[ "01:45:00.716" ][SystemMonitor] Stats Update: CPU App: 0.522193 % | Sys: 13.8381 % | RAM App: 220.82 MB | Sys Avail: 43992.7 MB / 65466.5 MB
[ "01:45:01.735" ][SystemMonitor] Stats Update: CPU App: 0.767263 % | Sys: 15.601 % | RAM App: 220.844 MB | Sys Avail: 43992.8 MB / 65466.5 MB
[ "01:45:02.716" ][SystemMonitor] Stats Update: CPU App: 0.529101 % | Sys: 42.0635 % | RAM App: 220.867 MB | Sys Avail: 44055.5 MB / 65466.5 MB
[ "01:45:03.734" ][SystemMonitor] Stats Update: CPU App: 1.02564 % | Sys: 34.6154 % | RAM App: 220.883 MB | Sys Avail: 44050 MB / 65466.5 MB
[ "01:45:04.718" ][SystemMonitor] Stats Update: CPU App: 0.26455 % | Sys: 12.4339 % | RAM App: 220.906 MB | Sys Avail: 44054.8 MB / 65466.5 MB
[ "01:45:05.736" ][SystemMonitor] Stats Update: CPU App: 0.512821 % | Sys: 18.7179 % | RAM App: 220.926 MB | Sys Avail: 44069.9 MB / 65466.5 MB
[ "01:45:06.718" ][SystemMonitor] Stats Update: CPU App: 0 % | Sys: 12.963 % | RAM App: 220.996 MB | Sys Avail: 44053 MB / 65466.5 MB
TelemetryMonitor: Processed 300 frames. Current FPS: 29
[ "01:45:07.719" ][SystemMonitor] Stats Update: CPU App: 0.260417 % | Sys: 16.1458 % | RAM App: 221.023 MB | Sys Avail: 44059.7 MB / 65466.5 MB
[ "01:45:08.716" ][SystemMonitor] Stats Update: CPU App: 1.04167 % | Sys: 28.9063 % | RAM App: 221.043 MB | Sys Avail: 44037.1 MB / 65466.5 MB
[ "01:45:09.715" ][SystemMonitor] Stats Update: CPU App: 0 % | Sys: 9.375 % | RAM App: 221.063 MB | Sys Avail: 44037 MB / 65466.5 MB
[ "01:45:10.718" ][SystemMonitor] Stats Update: CPU App: 0.260417 % | Sys: 15.625 % | RAM App: 220.16 MB | Sys Avail: 44039.5 MB / 65466.5 MB
[ "01:45:11.719" ][SystemMonitor] Stats Update: CPU App: 0.260417 % | Sys: 38.0208 % | RAM App: 220.16 MB | Sys Avail: 43954.7 MB / 65466.5 MB
[ "01:45:12.719" ][SystemMonitor] Stats Update: CPU App: 1.30208 % | Sys: 24.7396 % | RAM App: 220.16 MB | Sys Avail: 44034.8 MB / 65466.5 MB
[ "01:45:13.728" ][SystemMonitor] Stats Update: CPU App: 1.04167 % | Sys: 38.8021 % | RAM App: 220.16 MB | Sys Avail: 44033.9 MB / 65466.5 MB
[ "01:45:14.719" ][SystemMonitor] Stats Update: CPU App: 0.260417 % | Sys: 22.6563 % | RAM App: 220.172 MB | Sys Avail: 44029.7 MB / 65466.5 MB
[ "01:45:15.719" ][SystemMonitor] Stats Update: CPU App: 0 % | Sys: 13.2813 % | RAM App: 220.191 MB | Sys Avail: 44036.1 MB / 65466.5 MB
[ "01:45:16.716" ][SystemMonitor] Stats Update: CPU App: 0.52356 % | Sys: 17.7546 % | RAM App: 220.203 MB | Sys Avail: 44039 MB / 65466.5 MB
[ "01:45:17.718" ][SystemMonitor] Stats Update: CPU App: 0 % | Sys: 12.2078 % | RAM App: 220.203 MB | Sys Avail: 44039.4 MB / 65466.5 MB
TelemetryMonitor: Processed 300 frames. Current FPS: 29
[ "01:45:18.719" ][SystemMonitor] Stats Update: CPU App: 1.5625 % | Sys: 25.5208 % | RAM App: 220.203 MB | Sys Avail: 44047.6 MB / 65466.5 MB
[ "01:45:19.719" ][SystemMonitor] Stats Update: CPU App: 0.78125 % | Sys: 17.4479 % | RAM App: 220.203 MB | Sys Avail: 44040.5 MB / 65466.5 MB
[ "01:45:20.718" ][SystemMonitor] Stats Update: CPU App: 0.520833 % | Sys: 16.9271 % | RAM App: 220.203 MB | Sys Avail: 44020 MB / 65466.5 MB
[ "01:45:21.736" ][SystemMonitor] Stats Update: CPU App: 0.512821 % | Sys: 14.359 % | RAM App: 220.203 MB | Sys Avail: 44020.9 MB / 65466.5 MB
[ "01:45:22.714" ][SystemMonitor] Stats Update: CPU App: 1.0582 % | Sys: 19.8413 % | RAM App: 220.203 MB | Sys Avail: 43969.9 MB / 65466.5 MB
[ "01:45:23.719" ][SystemMonitor] Stats Update: CPU App: 1.5625 % | Sys: 15.3646 % | RAM App: 220.203 MB | Sys Avail: 43973 MB / 65466.5 MB
[ "01:45:24.717" ][SystemMonitor] Stats Update: CPU App: 1.04167 % | Sys: 23.9583 % | RAM App: 220.203 MB | Sys Avail: 43965.3 MB / 65466.5 MB
[ "01:45:25.719" ][SystemMonitor] Stats Update: CPU App: 0.78125 % | Sys: 9.89583 % | RAM App: 220.203 MB | Sys Avail: 43967.2 MB / 65466.5 MB
[ "01:45:26.716" ][SystemMonitor] Stats Update: CPU App: 0.78329 % | Sys: 14.6214 % | RAM App: 220.203 MB | Sys Avail: 43970.1 MB / 65466.5 MB
[ "01:45:27.736" ][SystemMonitor] Stats Update: CPU App: 0.511509 % | Sys: 13.8107 % | RAM App: 220.203 MB | Sys Avail: 43971.1 MB / 65466.5 MB
TelemetryMonitor: Processed 300 frames. Current FPS: 30
[ "01:45:28.717" ][SystemMonitor] Stats Update: CPU App: 0.529101 % | Sys: 10.582 % | RAM App: 220.215 MB | Sys Avail: 43973.8 MB / 65466.5 MB
[ "01:45:29.735" ][SystemMonitor] Stats Update: CPU App: 0.769231 % | Sys: 22.5641 % | RAM App: 220.234 MB | Sys Avail: 43966.5 MB / 65466.5 MB
[ "01:45:30.719" ][SystemMonitor] Stats Update: CPU App: 0.26455 % | Sys: 15.0794 % | RAM App: 220.254 MB | Sys Avail: 43970.4 MB / 65466.5 MB
[ "01:45:31.719" ][SystemMonitor] Stats Update: CPU App: 0.260417 % | Sys: 8.85417 % | RAM App: 220.277 MB | Sys Avail: 43972.6 MB / 65466.5 MB
[ "01:45:32.719" ][SystemMonitor] Stats Update: CPU App: 0.260417 % | Sys: 10.9375 % | RAM App: 220.301 MB | Sys Avail: 43972.4 MB / 65466.5 MB
[ "01:45:33.718" ][SystemMonitor] Stats Update: CPU App: 0.260417 % | Sys: 10.4167 % | RAM App: 220.32 MB | Sys Avail: 43972.9 MB / 65466.5 MB
[ "01:45:34.716" ][SystemMonitor] Stats Update: CPU App: 1.04167 % | Sys: 31.25 % | RAM App: 220.371 MB | Sys Avail: 43967.3 MB / 65466.5 MB
[ "01:45:35.719" ][SystemMonitor] Stats Update: CPU App: 0.520833 % | Sys: 12.7604 % | RAM App: 220.395 MB | Sys Avail: 43971.9 MB / 65466.5 MB
[ "01:45:36.716" ][SystemMonitor] Stats Update: CPU App: 0 % | Sys: 14.0625 % | RAM App: 220.414 MB | Sys Avail: 43944.4 MB / 65466.5 MB
[ "01:45:37.736" ][SystemMonitor] Stats Update: CPU App: 0.769231 % | Sys: 15.3846 % | RAM App: 220.434 MB | Sys Avail: 43959.1 MB / 65466.5 MB
TelemetryMonitor: Processed 300 frames. Current FPS: 29
[ "01:45:38.716" ][SystemMonitor] Stats Update: CPU App: 0.266667 % | Sys: 11.9681 % | RAM App: 220.453 MB | Sys Avail: 43977.6 MB / 65466.5 MB
[ "01:45:39.719" ][SystemMonitor] Stats Update: CPU App: 1.29199 % | Sys: 27.2021 % | RAM App: 220.477 MB | Sys Avail: 43957.1 MB / 65466.5 MB
[ "01:45:40.716" ][SystemMonitor] Stats Update: CPU App: 1.04167 % | Sys: 13.5417 % | RAM App: 220.496 MB | Sys Avail: 43960.6 MB / 65466.5 MB
[ "01:45:41.719" ][SystemMonitor] Stats Update: CPU App: 0.260417 % | Sys: 36.9792 % | RAM App: 220.516 MB | Sys Avail: 43870.7 MB / 65466.5 MB
[ "01:45:42.715" ][SystemMonitor] Stats Update: CPU App: 0.522193 % | Sys: 27.9373 % | RAM App: 220.535 MB | Sys Avail: 43956.6 MB / 65466.5 MB
[ "01:45:43.719" ][SystemMonitor] Stats Update: CPU App: 0.519481 % | Sys: 25.974 % | RAM App: 220.559 MB | Sys Avail: 43956.9 MB / 65466.5 MB
[ "01:45:44.720" ][SystemMonitor] Stats Update: CPU App: 0.520833 % | Sys: 13.8021 % | RAM App: 220.578 MB | Sys Avail: 43960.6 MB / 65466.5 MB
[ "01:45:45.720" ][SystemMonitor] Stats Update: CPU App: 0.520833 % | Sys: 13.0208 % | RAM App: 220.758 MB | Sys Avail: 43960.3 MB / 65466.5 MB
[ "01:45:46.715" ][SystemMonitor] Stats Update: CPU App: 0.520833 % | Sys: 9.89583 % | RAM App: 220.777 MB | Sys Avail: 43960.2 MB / 65466.5 MB
[ "01:45:47.720" ][SystemMonitor] Stats Update: CPU App: 1.04167 % | Sys: 26.8229 % | RAM App: 220.801 MB | Sys Avail: 43957.1 MB / 65466.5 MB
[ "01:45:48.716" ][SystemMonitor] Stats Update: CPU App: 0.520833 % | Sys: 37.5 % | RAM App: 220.82 MB | Sys Avail: 43955.8 MB / 65466.5 MB
TelemetryMonitor: Processed 300 frames. Current FPS: 29
[ "01:45:49.719" ][SystemMonitor] Stats Update: CPU App: 0.260417 % | Sys: 11.9792 % | RAM App: 220.84 MB | Sys Avail: 43955.2 MB / 65466.5 MB
[ "01:45:50.716" ][SystemMonitor] Stats Update: CPU App: 0.520833 % | Sys: 15.1042 % | RAM App: 220.863 MB | Sys Avail: 43959.1 MB / 65466.5 MB
[ "01:45:51.736" ][SystemMonitor] Stats Update: CPU App: 0.512821 % | Sys: 13.3333 % | RAM App: 220.883 MB | Sys Avail: 43957.6 MB / 65466.5 MB
[ "01:45:52.716" ][SystemMonitor] Stats Update: CPU App: 0.793651 % | Sys: 36.7725 % | RAM App: 220.934 MB | Sys Avail: 43956 MB / 65466.5 MB
[ "01:45:53.737" ][SystemMonitor] Stats Update: CPU App: 0.512821 % | Sys: 23.8462 % | RAM App: 220.953 MB | Sys Avail: 43917.1 MB / 65466.5 MB
[ "01:45:54.719" ][SystemMonitor] Stats Update: CPU App: 0.793651 % | Sys: 14.8148 % | RAM App: 220.973 MB | Sys Avail: 43891.4 MB / 65466.5 MB
[ "01:45:55.714" ][SystemMonitor] Stats Update: CPU App: 0.520833 % | Sys: 11.4583 % | RAM App: 221.082 MB | Sys Avail: 43894.7 MB / 65466.5 MB
[ "01:45:56.720" ][SystemMonitor] Stats Update: CPU App: 0.260417 % | Sys: 19.0104 % | RAM App: 221.105 MB | Sys Avail: 43898.4 MB / 65466.5 MB
[ "01:45:57.720" ][SystemMonitor] Stats Update: CPU App: 0.260417 % | Sys: 29.1667 % | RAM App: 221.23 MB | Sys Avail: 43899.7 MB / 65466.5 MB
[ "01:45:58.719" ][SystemMonitor] Stats Update: CPU App: 0 % | Sys: 31.7708 % | RAM App: 221.301 MB | Sys Avail: 43905.9 MB / 65466.5 MB
TelemetryMonitor: Processed 300 frames. Current FPS: 29
[ "01:45:59.737" ][SystemMonitor] Stats Update: CPU App: 0.512821 % | Sys: 14.1026 % | RAM App: 221.379 MB | Sys Avail: 43909.8 MB / 65466.5 MB
[ "01:46:00.720" ][SystemMonitor] Stats Update: CPU App: 0.26455 % | Sys: 11.1111 % | RAM App: 221.398 MB | Sys Avail: 43909.7 MB / 65466.5 MB
[ "01:46:01.720" ][SystemMonitor] Stats Update: CPU App: 0.260417 % | Sys: 14.0625 % | RAM App: 221.523 MB | Sys Avail: 43909.3 MB / 65466.5 MB
[ "01:46:02.716" ][SystemMonitor] Stats Update: CPU App: 0.78125 % | Sys: 28.9063 % | RAM App: 221.617 MB | Sys Avail: 43890.1 MB / 65466.5 MB
[ "01:46:03.720" ][SystemMonitor] Stats Update: CPU App: 1.04167 % | Sys: 24.2188 % | RAM App: 221.637 MB | Sys Avail: 43913.5 MB / 65466.5 MB
[ "01:46:04.720" ][SystemMonitor] Stats Update: CPU App: 0.78125 % | Sys: 36.4583 % | RAM App: 221.746 MB | Sys Avail: 43918.2 MB / 65466.5 MB
[ "01:46:05.737" ][SystemMonitor] Stats Update: CPU App: 0.25641 % | Sys: 26.9231 % | RAM App: 221.824 MB | Sys Avail: 43917.4 MB / 65466.5 MB
[ "01:46:06.720" ][SystemMonitor] Stats Update: CPU App: 0.529101 % | Sys: 16.6667 % | RAM App: 221.902 MB | Sys Avail: 43912.1 MB / 65466.5 MB
[ "01:46:07.754" ][SystemMonitor] Stats Update: CPU App: 0.505051 % | Sys: 17.1717 % | RAM App: 221.98 MB | Sys Avail: 43912.5 MB / 65466.5 MB
[ "01:46:08.720" ][SystemMonitor] Stats Update: CPU App: 0.537634 % | Sys: 36.5591 % | RAM App: 222.02 MB | Sys Avail: 43906.7 MB / 65466.5 MB
[ "01:46:09.719" ][SystemMonitor] Stats Update: CPU App: 0.260417 % | Sys: 22.1354 % | RAM App: 222.109 MB | Sys Avail: 43856.2 MB / 65466.5 MB
TelemetryMonitor: Processed 300 frames. Current FPS: 28
[ "01:46:10.713" ][SystemMonitor] Stats Update: CPU App: 0.520833 % | Sys: 15.625 % | RAM App: 222.18 MB | Sys Avail: 43878.1 MB / 65466.5 MB
[ "01:46:11.721" ][SystemMonitor] Stats Update: CPU App: 1.04167 % | Sys: 44.7917 % | RAM App: 219.523 MB | Sys Avail: 43789.2 MB / 65466.5 MB
[ "01:46:12.721" ][SystemMonitor] Stats Update: CPU App: 1.04167 % | Sys: 38.0208 % | RAM App: 219.648 MB | Sys Avail: 43867.3 MB / 65466.5 MB
[ "01:46:13.716" ][SystemMonitor] Stats Update: CPU App: 0.78125 % | Sys: 40.1042 % | RAM App: 219.656 MB | Sys Avail: 43859.9 MB / 65466.5 MB
[ "01:46:14.716" ][SystemMonitor] Stats Update: CPU App: 0.78125 % | Sys: 30.2083 % | RAM App: 219.664 MB | Sys Avail: 43802.2 MB / 65466.5 MB
[ "01:46:15.720" ][SystemMonitor] Stats Update: CPU App: 0.260417 % | Sys: 9.89583 % | RAM App: 219.684 MB | Sys Avail: 43807.4 MB / 65466.5 MB
[ "01:46:16.714" ][SystemMonitor] Stats Update: CPU App: 0.520833 % | Sys: 12.7604 % | RAM App: 219.711 MB | Sys Avail: 43808.4 MB / 65466.5 MB
[ "01:46:17.754" ][SystemMonitor] Stats Update: CPU App: 0.252525 % | Sys: 22.7273 % | RAM App: 219.777 MB | Sys Avail: 43804.2 MB / 65466.5 MB
[ "01:46:18.716" ][SystemMonitor] Stats Update: CPU App: 1.6129 % | Sys: 26.8817 % | RAM App: 219.793 MB | Sys Avail: 43798.3 MB / 65466.5 MB
[ "01:46:19.721" ][SystemMonitor] Stats Update: CPU App: 1.04167 % | Sys: 12.7604 % | RAM App: 219.801 MB | Sys Avail: 43805.2 MB / 65466.5 MB
TelemetryMonitor: Processed 300 frames. Current FPS: 29
[ "01:46:20.714" ][SystemMonitor] Stats Update: CPU App: 0 % | Sys: 12.5 % | RAM App: 219.801 MB | Sys Avail: 43809.9 MB / 65466.5 MB
[ "01:46:21.716" ][SystemMonitor] Stats Update: CPU App: 1.30208 % | Sys: 41.9271 % | RAM App: 219.801 MB | Sys Avail: 43773.2 MB / 65466.5 MB
[ "01:46:22.720" ][SystemMonitor] Stats Update: CPU App: 0.260417 % | Sys: 13.2813 % | RAM App: 219.801 MB | Sys Avail: 43797 MB / 65466.5 MB
[ "01:46:23.737" ][SystemMonitor] Stats Update: CPU App: 0.769231 % | Sys: 13.0769 % | RAM App: 219.805 MB | Sys Avail: 43806 MB / 65466.5 MB
[ "01:46:24.721" ][SystemMonitor] Stats Update: CPU App: 0.529101 % | Sys: 12.963 % | RAM App: 219.805 MB | Sys Avail: 43807.9 MB / 65466.5 MB
[ "01:46:25.737" ][SystemMonitor] Stats Update: CPU App: 0.769231 % | Sys: 12.5641 % | RAM App: 219.828 MB | Sys Avail: 43809.3 MB / 65466.5 MB
[ "01:46:26.720" ][SystemMonitor] Stats Update: CPU App: 0.26455 % | Sys: 12.6984 % | RAM App: 219.875 MB | Sys Avail: 43808.4 MB / 65466.5 MB
[ "01:46:27.719" ][SystemMonitor] Stats Update: CPU App: 1.04167 % | Sys: 13.8021 % | RAM App: 219.926 MB | Sys Avail: 43809.7 MB / 65466.5 MB
[ "01:46:28.737" ][SystemMonitor] Stats Update: CPU App: 0.769231 % | Sys: 13.3333 % | RAM App: 219.98 MB | Sys Avail: 43811.2 MB / 65466.5 MB
[ "01:46:29.721" ][SystemMonitor] Stats Update: CPU App: 0.793651 % | Sys: 14.5503 % | RAM App: 220.055 MB | Sys Avail: 43812.6 MB / 65466.5 MB
[ "01:46:30.717" ][SystemMonitor] Stats Update: CPU App: 0.522193 % | Sys: 23.2376 % | RAM App: 220.109 MB | Sys Avail: 43817.3 MB / 65466.5 MB
TelemetryMonitor: Processed 300 frames. Current FPS: 29
[ "01:46:31.721" ][SystemMonitor] Stats Update: CPU App: 0.25974 % | Sys: 13.7662 % | RAM App: 220.129 MB | Sys Avail: 43826.5 MB / 65466.5 MB
[ "01:46:32.721" ][SystemMonitor] Stats Update: CPU App: 0.260417 % | Sys: 28.125 % | RAM App: 220.199 MB | Sys Avail: 43782.7 MB / 65466.5 MB
[ "01:46:33.720" ][SystemMonitor] Stats Update: CPU App: 0.78125 % | Sys: 13.8021 % | RAM App: 220.273 MB | Sys Avail: 43797.8 MB / 65466.5 MB
[ "01:46:34.716" ][SystemMonitor] Stats Update: CPU App: 0.520833 % | Sys: 11.1979 % | RAM App: 220.301 MB | Sys Avail: 43845.6 MB / 65466.5 MB
[ "01:46:35.737" ][SystemMonitor] Stats Update: CPU App: 1.02564 % | Sys: 12.8205 % | RAM App: 220.426 MB | Sys Avail: 43873.1 MB / 65466.5 MB
[ "01:46:36.716" ][SystemMonitor] Stats Update: CPU App: 0.26455 % | Sys: 16.1376 % | RAM App: 220.496 MB | Sys Avail: 43886.2 MB / 65466.5 MB
[ "01:46:37.738" ][SystemMonitor] Stats Update: CPU App: 0 % | Sys: 10.2564 % | RAM App: 220.535 MB | Sys Avail: 43888 MB / 65466.5 MB
[ "01:46:38.714" ][SystemMonitor] Stats Update: CPU App: 1.32275 % | Sys: 26.7196 % | RAM App: 220.566 MB | Sys Avail: 43836.9 MB / 65466.5 MB
[ "01:46:39.719" ][SystemMonitor] Stats Update: CPU App: 0.78125 % | Sys: 23.1771 % | RAM App: 220.605 MB | Sys Avail: 43817.5 MB / 65466.5 MB
[ "01:46:40.717" ][SystemMonitor] Stats Update: CPU App: 0.78125 % | Sys: 17.1875 % | RAM App: 220.68 MB | Sys Avail: 43819.6 MB / 65466.5 MB
TelemetryMonitor: Processed 300 frames. Current FPS: 29
[ "01:46:41.720" ][SystemMonitor] Stats Update: CPU App: 0.520833 % | Sys: 37.5 % | RAM App: 220.758 MB | Sys Avail: 43739.2 MB / 65466.5 MB
[ "01:46:42.722" ][SystemMonitor] Stats Update: CPU App: 0.520833 % | Sys: 30.9896 % | RAM App: 220.828 MB | Sys Avail: 43818.6 MB / 65466.5 MB
[ "01:46:43.738" ][SystemMonitor] Stats Update: CPU App: 0 % | Sys: 27.9487 % | RAM App: 220.902 MB | Sys Avail: 43815.5 MB / 65466.5 MB
[ "01:46:44.721" ][SystemMonitor] Stats Update: CPU App: 0 % | Sys: 14.2857 % | RAM App: 220.98 MB | Sys Avail: 43824.8 MB / 65466.5 MB
[ "01:46:45.722" ][SystemMonitor] Stats Update: CPU App: 0.78125 % | Sys: 48.1771 % | RAM App: 221.055 MB | Sys Avail: 43837.8 MB / 65466.5 MB
[ "01:46:46.722" ][SystemMonitor] Stats Update: CPU App: 0.520833 % | Sys: 16.4063 % | RAM App: 221.125 MB | Sys Avail: 43850.9 MB / 65466.5 MB
[ "01:46:47.715" ][SystemMonitor] Stats Update: CPU App: 0.260417 % | Sys: 11.4583 % | RAM App: 221.203 MB | Sys Avail: 43880.9 MB / 65466.5 MB
[ "01:46:48.716" ][SystemMonitor] Stats Update: CPU App: 0 % | Sys: 13.3159 % | RAM App: 221.27 MB | Sys Avail: 43911 MB / 65466.5 MB
[ "01:46:49.721" ][SystemMonitor] Stats Update: CPU App: 0.519481 % | Sys: 20.5195 % | RAM App: 221.34 MB | Sys Avail: 43919.5 MB / 65466.5 MB
[ "01:46:50.722" ][SystemMonitor] Stats Update: CPU App: 0.260417 % | Sys: 16.6667 % | RAM App: 221.418 MB | Sys Avail: 43918.2 MB / 65466.5 MB
[ "01:46:51.715" ][SystemMonitor] Stats Update: CPU App: 0.78125 % | Sys: 16.6667 % | RAM App: 221.492 MB | Sys Avail: 43918.4 MB / 65466.5 MB
TelemetryMonitor: Processed 300 frames. Current FPS: 29
[ "01:46:52.722" ][SystemMonitor] Stats Update: CPU App: 0.260417 % | Sys: 13.8021 % | RAM App: 221.563 MB | Sys Avail: 43916.7 MB / 65466.5 MB
[ "01:46:53.722" ][SystemMonitor] Stats Update: CPU App: 0 % | Sys: 33.3333 % | RAM App: 221.668 MB | Sys Avail: 43893.9 MB / 65466.5 MB
[ "01:46:54.721" ][SystemMonitor] Stats Update: CPU App: 0.78125 % | Sys: 13.5417 % | RAM App: 221.746 MB | Sys Avail: 43911 MB / 65466.5 MB
[ "01:46:55.722" ][SystemMonitor] Stats Update: CPU App: 0.78125 % | Sys: 10.4167 % | RAM App: 221.82 MB | Sys Avail: 43929.6 MB / 65466.5 MB
[ "01:46:56.715" ][SystemMonitor] Stats Update: CPU App: 0.78125 % | Sys: 10.6771 % | RAM App: 221.898 MB | Sys Avail: 43931.9 MB / 65466.5 MB
[ "01:46:57.722" ][SystemMonitor] Stats Update: CPU App: 0.78125 % | Sys: 12.2396 % | RAM App: 221.973 MB | Sys Avail: 43933.1 MB / 65466.5 MB
[ "01:46:58.716" ][SystemMonitor] Stats Update: CPU App: 0.260417 % | Sys: 14.3229 % | RAM App: 221.996 MB | Sys Avail: 43932 MB / 65466.5 MB
[ "01:46:59.722" ][SystemMonitor] Stats Update: CPU App: 0.78125 % | Sys: 22.1354 % | RAM App: 222.074 MB | Sys Avail: 43919.7 MB / 65466.5 MB
[ "01:47:00.721" ][SystemMonitor] Stats Update: CPU App: 1.04167 % | Sys: 24.2188 % | RAM App: 222.141 MB | Sys Avail: 43895.4 MB / 65466.5 MB
[ "01:47:01.714" ][SystemMonitor] Stats Update: CPU App: 1.5625 % | Sys: 11.4583 % | RAM App: 222.273 MB | Sys Avail: 43896.5 MB / 65466.5 MB
TelemetryMonitor: Processed 300 frames. Current FPS: 28
[ "01:47:02.722" ][SystemMonitor] Stats Update: CPU App: 0.260417 % | Sys: 13.0208 % | RAM App: 222.293 MB | Sys Avail: 43901.1 MB / 65466.5 MB
[ "01:47:03.722" ][SystemMonitor] Stats Update: CPU App: 0.520833 % | Sys: 14.0625 % | RAM App: 222.379 MB | Sys Avail: 43909.7 MB / 65466.5 MB
[ "01:47:04.722" ][SystemMonitor] Stats Update: CPU App: 0.78125 % | Sys: 14.8438 % | RAM App: 222.457 MB | Sys Avail: 43910.2 MB / 65466.5 MB
[ "01:47:05.722" ][SystemMonitor] Stats Update: CPU App: 0 % | Sys: 9.89583 % | RAM App: 222.531 MB | Sys Avail: 43909.8 MB / 65466.5 MB
[ "01:47:06.716" ][SystemMonitor] Stats Update: CPU App: 0.260417 % | Sys: 19.0104 % | RAM App: 222.613 MB | Sys Avail: 43905.8 MB / 65466.5 MB
[ "01:47:07.719" ][SystemMonitor] Stats Update: CPU App: 0.78125 % | Sys: 33.3333 % | RAM App: 222.688 MB | Sys Avail: 43890.2 MB / 65466.5 MB
[ "01:47:08.722" ][SystemMonitor] Stats Update: CPU App: 0.78125 % | Sys: 21.875 % | RAM App: 222.766 MB | Sys Avail: 43880.8 MB / 65466.5 MB
[ "01:47:09.739" ][SystemMonitor] Stats Update: CPU App: 1.02564 % | Sys: 16.6667 % | RAM App: 222.84 MB | Sys Avail: 43885.9 MB / 65466.5 MB
[ "01:47:10.722" ][SystemMonitor] Stats Update: CPU App: 0.793651 % | Sys: 15.0794 % | RAM App: 222.914 MB | Sys Avail: 43890.9 MB / 65466.5 MB
[ "01:47:11.722" ][SystemMonitor] Stats Update: CPU App: 0.520833 % | Sys: 41.1458 % | RAM App: 220.426 MB | Sys Avail: 43813.3 MB / 65466.5 MB
TelemetryMonitor: Processed 300 frames. Current FPS: 30
[ "01:47:12.723" ][SystemMonitor] Stats Update: CPU App: 1.04167 % | Sys: 29.9479 % | RAM App: 220.523 MB | Sys Avail: 43906.3 MB / 65466.5 MB
[ "01:47:13.739" ][SystemMonitor] Stats Update: CPU App: 0 % | Sys: 26.4103 % | RAM App: 220.492 MB | Sys Avail: 43914.2 MB / 65466.5 MB
[ "01:47:14.722" ][SystemMonitor] Stats Update: CPU App: 0.529101 % | Sys: 16.4021 % | RAM App: 220.551 MB | Sys Avail: 43918.1 MB / 65466.5 MB
[ "01:47:15.722" ][SystemMonitor] Stats Update: CPU App: 0.520833 % | Sys: 13.8021 % | RAM App: 220.637 MB | Sys Avail: 43918 MB / 65466.5 MB
[ "01:47:16.717" ][SystemMonitor] Stats Update: CPU App: 0.520833 % | Sys: 17.1875 % | RAM App: 220.664 MB | Sys Avail: 43901.1 MB / 65466.5 MB
[ "01:47:17.715" ][SystemMonitor] Stats Update: CPU App: 0.78125 % | Sys: 36.1979 % | RAM App: 220.703 MB | Sys Avail: 43867.7 MB / 65466.5 MB
[ "01:47:18.723" ][SystemMonitor] Stats Update: CPU App: 0.260417 % | Sys: 28.6458 % | RAM App: 220.746 MB | Sys Avail: 43868.7 MB / 65466.5 MB
[ "01:47:19.720" ][SystemMonitor] Stats Update: CPU App: 0.520833 % | Sys: 32.2917 % | RAM App: 220.793 MB | Sys Avail: 43864.9 MB / 65466.5 MB
[ "01:47:20.723" ][SystemMonitor] Stats Update: CPU App: 0.520833 % | Sys: 21.875 % | RAM App: 220.809 MB | Sys Avail: 43866.9 MB / 65466.5 MB
[ "01:47:21.723" ][SystemMonitor] Stats Update: CPU App: 1.04167 % | Sys: 22.3958 % | RAM App: 220.828 MB | Sys Avail: 43873.6 MB / 65466.5 MB
[ "01:47:22.722" ][SystemMonitor] Stats Update: CPU App: 0.78125 % | Sys: 17.9688 % | RAM App: 220.828 MB | Sys Avail: 43881.6 MB / 65466.5 MB
TelemetryMonitor: Processed 300 frames. Current FPS: 29
[ "01:47:23.713" ][SystemMonitor] Stats Update: CPU App: 1.30208 % | Sys: 26.8229 % | RAM App: 220.828 MB | Sys Avail: 43876.1 MB / 65466.5 MB
[ "01:47:24.716" ][SystemMonitor] Stats Update: CPU App: 0.260417 % | Sys: 22.1354 % | RAM App: 220.895 MB | Sys Avail: 43891.8 MB / 65466.5 MB
[ "01:47:25.723" ][SystemMonitor] Stats Update: CPU App: 1.04167 % | Sys: 15.625 % | RAM App: 220.707 MB | Sys Avail: 43895.6 MB / 65466.5 MB
[ "01:47:26.716" ][SystemMonitor] Stats Update: CPU App: 0.260417 % | Sys: 17.9688 % | RAM App: 220.094 MB | Sys Avail: 43897.2 MB / 65466.5 MB
[ "01:47:27.723" ][SystemMonitor] Stats Update: CPU App: 0.260417 % | Sys: 18.75 % | RAM App: 219.484 MB | Sys Avail: 43897.9 MB / 65466.5 MB
[ "01:47:28.717" ][SystemMonitor] Stats Update: CPU App: 0.78125 % | Sys: 16.6667 % | RAM App: 219.508 MB | Sys Avail: 43897.8 MB / 65466.5 MB
[ "01:47:29.723" ][SystemMonitor] Stats Update: CPU App: 0.520833 % | Sys: 23.4375 % | RAM App: 219.09 MB | Sys Avail: 43903.4 MB / 65466.5 MB
[ "01:47:30.723" ][SystemMonitor] Stats Update: CPU App: 0 % | Sys: 17.4479 % | RAM App: 219.164 MB | Sys Avail: 43917.4 MB / 65466.5 MB
[ "01:47:31.715" ][SystemMonitor] Stats Update: CPU App: 0.78125 % | Sys: 21.3542 % | RAM App: 219.242 MB | Sys Avail: 43926.1 MB / 65466.5 MB
[ "01:47:32.723" ][SystemMonitor] Stats Update: CPU App: 0.78125 % | Sys: 16.9271 % | RAM App: 219.285 MB | Sys Avail: 43941 MB / 65466.5 MB
TelemetryMonitor: Processed 300 frames. Current FPS: 30
[ "01:47:33.723" ][SystemMonitor] Stats Update: CPU App: 1.30208 % | Sys: 16.6667 % | RAM App: 219.336 MB | Sys Avail: 43954.2 MB / 65466.5 MB
[ "01:47:34.716" ][SystemMonitor] Stats Update: CPU App: 0.78125 % | Sys: 21.6146 % | RAM App: 219.395 MB | Sys Avail: 43954.7 MB / 65466.5 MB
[ "01:47:35.716" ][SystemMonitor] Stats Update: CPU App: 0.260417 % | Sys: 15.8854 % | RAM App: 219.445 MB | Sys Avail: 43956.6 MB / 65466.5 MB
[ "01:47:36.723" ][SystemMonitor] Stats Update: CPU App: 0.520833 % | Sys: 15.8854 % | RAM App: 219.5 MB | Sys Avail: 43956 MB / 65466.5 MB
[ "01:47:37.715" ][SystemMonitor] Stats Update: CPU App: 0.520833 % | Sys: 15.3646 % | RAM App: 219.516 MB | Sys Avail: 43956 MB / 65466.5 MB
[ "01:47:38.723" ][SystemMonitor] Stats Update: CPU App: 0.78125 % | Sys: 17.4479 % | RAM App: 219.535 MB | Sys Avail: 43972.8 MB / 65466.5 MB
[ "01:47:39.723" ][SystemMonitor] Stats Update: CPU App: 1.30208 % | Sys: 20.0521 % | RAM App: 219.645 MB | Sys Avail: 43979.9 MB / 65466.5 MB
[ "01:47:40.714" ][SystemMonitor] Stats Update: CPU App: 0 % | Sys: 14.8438 % | RAM App: 219.719 MB | Sys Avail: 43980 MB / 65466.5 MB
[ "01:47:41.725" ][SystemMonitor] Stats Update: CPU App: 0.520833 % | Sys: 42.7083 % | RAM App: 219.766 MB | Sys Avail: 43885.8 MB / 65466.5 MB
[ "01:47:42.723" ][SystemMonitor] Stats Update: CPU App: 0.78125 % | Sys: 37.5 % | RAM App: 219.887 MB | Sys Avail: 43947.1 MB / 65466.5 MB
TelemetryMonitor: Processed 300 frames. Current FPS: 30
[ "01:47:43.723" ][SystemMonitor] Stats Update: CPU App: 1.30208 % | Sys: 35.6771 % | RAM App: 219.969 MB | Sys Avail: 43951.4 MB / 65466.5 MB
[ "01:47:44.724" ][SystemMonitor] Stats Update: CPU App: 0.520833 % | Sys: 16.9271 % | RAM App: 220.035 MB | Sys Avail: 43955.1 MB / 65466.5 MB
[ "01:47:45.714" ][SystemMonitor] Stats Update: CPU App: 0.78125 % | Sys: 15.8854 % | RAM App: 220.121 MB | Sys Avail: 43956.3 MB / 65466.5 MB
[ "01:47:46.723" ][SystemMonitor] Stats Update: CPU App: 0.520833 % | Sys: 20.0521 % | RAM App: 220.191 MB | Sys Avail: 43955.1 MB / 65466.5 MB
[ "01:47:47.740" ][SystemMonitor] Stats Update: CPU App: 0.512821 % | Sys: 15.8974 % | RAM App: 220.219 MB | Sys Avail: 43953.8 MB / 65466.5 MB
[ "01:47:48.724" ][SystemMonitor] Stats Update: CPU App: 0.529101 % | Sys: 17.1958 % | RAM App: 220.285 MB | Sys Avail: 43945.7 MB / 65466.5 MB
[ "01:47:49.740" ][SystemMonitor] Stats Update: CPU App: 0.512821 % | Sys: 19.4872 % | RAM App: 220.359 MB | Sys Avail: 43942.6 MB / 65466.5 MB
[ "01:47:50.715" ][SystemMonitor] Stats Update: CPU App: 0.529101 % | Sys: 17.4603 % | RAM App: 220.441 MB | Sys Avail: 43937.7 MB / 65466.5 MB
[ "01:47:51.716" ][SystemMonitor] Stats Update: CPU App: 0.520833 % | Sys: 25.5208 % | RAM App: 220.473 MB | Sys Avail: 43931 MB / 65466.5 MB
[ "01:47:52.724" ][SystemMonitor] Stats Update: CPU App: 0.520833 % | Sys: 37.2396 % | RAM App: 220.559 MB | Sys Avail: 43900.4 MB / 65466.5 MB
TelemetryMonitor: Processed 300 frames. Current FPS: 30
[ "01:47:53.716" ][SystemMonitor] Stats Update: CPU App: 0.78125 % | Sys: 25 % | RAM App: 220.582 MB | Sys Avail: 43908.2 MB / 65466.5 MB
[ "01:47:54.717" ][SystemMonitor] Stats Update: CPU App: 0.260417 % | Sys: 25.5208 % | RAM App: 220.602 MB | Sys Avail: 43857.9 MB / 65466.5 MB
[ "01:47:55.719" ][SystemMonitor] Stats Update: CPU App: 0.520833 % | Sys: 23.9583 % | RAM App: 220.641 MB | Sys Avail: 43854.3 MB / 65466.5 MB
[ "01:47:56.715" ][SystemMonitor] Stats Update: CPU App: 0.520833 % | Sys: 10.6771 % | RAM App: 220.664 MB | Sys Avail: 43857.7 MB / 65466.5 MB
[ "01:47:57.723" ][SystemMonitor] Stats Update: CPU App: 0.78125 % | Sys: 14.8438 % | RAM App: 220.684 MB | Sys Avail: 43866.6 MB / 65466.5 MB
[ "01:47:58.716" ][SystemMonitor] Stats Update: CPU App: 1.30208 % | Sys: 13.0208 % | RAM App: 220.703 MB | Sys Avail: 43867 MB / 65466.5 MB
[ "01:47:59.742" ][SystemMonitor] Stats Update: CPU App: 0.769231 % | Sys: 15.3846 % | RAM App: 220.727 MB | Sys Avail: 43869.9 MB / 65466.5 MB
[ "01:48:00.724" ][SystemMonitor] Stats Update: CPU App: 0.26455 % | Sys: 15.0794 % | RAM App: 220.797 MB | Sys Avail: 43874.5 MB / 65466.5 MB
[ "01:48:01.724" ][SystemMonitor] Stats Update: CPU App: 0.260417 % | Sys: 37.7604 % | RAM App: 220.867 MB | Sys Avail: 43826 MB / 65466.5 MB
[ "01:48:02.716" ][SystemMonitor] Stats Update: CPU App: 1.04167 % | Sys: 15.3646 % | RAM App: 220.895 MB | Sys Avail: 43828.1 MB / 65466.5 MB
[ "01:48:03.724" ][SystemMonitor] Stats Update: CPU App: 0.78125 % | Sys: 17.7083 % | RAM App: 220.918 MB | Sys Avail: 43825.7 MB / 65466.5 MB
TelemetryMonitor: Processed 300 frames. Current FPS: 28
[ "01:48:04.716" ][SystemMonitor] Stats Update: CPU App: 0.78125 % | Sys: 13.5417 % | RAM App: 220.938 MB | Sys Avail: 43846.2 MB / 65466.5 MB
[ "01:48:05.723" ][SystemMonitor] Stats Update: CPU App: 0 % | Sys: 16.4063 % | RAM App: 220.973 MB | Sys Avail: 43842.3 MB / 65466.5 MB
[ "01:48:06.725" ][SystemMonitor] Stats Update: CPU App: 0.520833 % | Sys: 17.7083 % | RAM App: 221.027 MB | Sys Avail: 43841.7 MB / 65466.5 MB
[ "01:48:07.721" ][SystemMonitor] Stats Update: CPU App: 1.04167 % | Sys: 26.3021 % | RAM App: 221.105 MB | Sys Avail: 43790.9 MB / 65466.5 MB
[ "01:48:08.716" ][SystemMonitor] Stats Update: CPU App: 0.26178 % | Sys: 12.2715 % | RAM App: 221.18 MB | Sys Avail: 43807 MB / 65466.5 MB
[ "01:48:09.724" ][SystemMonitor] Stats Update: CPU App: 0.518135 % | Sys: 11.6883 % | RAM App: 221.273 MB | Sys Avail: 43825.9 MB / 65466.5 MB
[ "01:48:10.716" ][SystemMonitor] Stats Update: CPU App: 0.26178 % | Sys: 12.8272 % | RAM App: 221.375 MB | Sys Avail: 43828.6 MB / 65466.5 MB
[ "01:48:11.719" ][SystemMonitor] Stats Update: CPU App: 0.777202 % | Sys: 37.0466 % | RAM App: 218.949 MB | Sys Avail: 43753.6 MB / 65466.5 MB
[ "01:48:12.724" ][SystemMonitor] Stats Update: CPU App: 0.78125 % | Sys: 32.0313 % | RAM App: 219.066 MB | Sys Avail: 43842.2 MB / 65466.5 MB
[ "01:48:13.725" ][SystemMonitor] Stats Update: CPU App: 0 % | Sys: 26.0417 % | RAM App: 219.176 MB | Sys Avail: 43836.5 MB / 65466.5 MB
TelemetryMonitor: Processed 300 frames. Current FPS: 29
[ "01:48:14.715" ][SystemMonitor] Stats Update: CPU App: 1.04439 % | Sys: 18.799 % | RAM App: 219.238 MB | Sys Avail: 43838.3 MB / 65466.5 MB
[ "01:48:15.720" ][SystemMonitor] Stats Update: CPU App: 0.25974 % | Sys: 12.2078 % | RAM App: 219.262 MB | Sys Avail: 43841.2 MB / 65466.5 MB
[ "01:48:16.716" ][SystemMonitor] Stats Update: CPU App: 0.78125 % | Sys: 10.4167 % | RAM App: 219.293 MB | Sys Avail: 43851.4 MB / 65466.5 MB
[ "01:48:17.725" ][SystemMonitor] Stats Update: CPU App: 0.78125 % | Sys: 15.8854 % | RAM App: 219.328 MB | Sys Avail: 43859.5 MB / 65466.5 MB
[ "01:48:18.717" ][SystemMonitor] Stats Update: CPU App: 0.260417 % | Sys: 11.4583 % | RAM App: 219.332 MB | Sys Avail: 43871.8 MB / 65466.5 MB
[ "01:48:19.724" ][SystemMonitor] Stats Update: CPU App: 1.04167 % | Sys: 16.4063 % | RAM App: 219.344 MB | Sys Avail: 43874 MB / 65466.5 MB
[ "01:48:20.724" ][SystemMonitor] Stats Update: CPU App: 0.260417 % | Sys: 12.5 % | RAM App: 219.344 MB | Sys Avail: 43877.2 MB / 65466.5 MB
[ "01:48:21.718" ][SystemMonitor] Stats Update: CPU App: 0 % | Sys: 16.1458 % | RAM App: 219.438 MB | Sys Avail: 43875.1 MB / 65466.5 MB
[ "01:48:22.716" ][SystemMonitor] Stats Update: CPU App: 0.260417 % | Sys: 19.0104 % | RAM App: 219.438 MB | Sys Avail: 43873 MB / 65466.5 MB
[ "01:48:23.725" ][SystemMonitor] Stats Update: CPU App: 0 % | Sys: 14.3229 % | RAM App: 219.438 MB | Sys Avail: 43873.7 MB / 65466.5 MB
[ "01:48:24.715" ][SystemMonitor] Stats Update: CPU App: 0 % | Sys: 11.7188 % | RAM App: 219.438 MB | Sys Avail: 43874 MB / 65466.5 MB
TelemetryMonitor: Processed 300 frames. Current FPS: 28
[ "01:48:25.725" ][SystemMonitor] Stats Update: CPU App: 0.520833 % | Sys: 14.5833 % | RAM App: 219.441 MB | Sys Avail: 43872 MB / 65466.5 MB
[ "01:48:26.725" ][SystemMonitor] Stats Update: CPU App: 0.520833 % | Sys: 30.9896 % | RAM App: 219.441 MB | Sys Avail: 43846.1 MB / 65466.5 MB
[ "01:48:27.723" ][SystemMonitor] Stats Update: CPU App: 1.04439 % | Sys: 19.3211 % | RAM App: 219.461 MB | Sys Avail: 43855.3 MB / 65466.5 MB
[ "01:48:28.716" ][SystemMonitor] Stats Update: CPU App: 1.55844 % | Sys: 22.5974 % | RAM App: 219.504 MB | Sys Avail: 43872.4 MB / 65466.5 MB
[ "01:48:29.716" ][SystemMonitor] Stats Update: CPU App: 0.260417 % | Sys: 15.3646 % | RAM App: 219.527 MB | Sys Avail: 43880.4 MB / 65466.5 MB
[ "01:48:30.725" ][SystemMonitor] Stats Update: CPU App: 0.520833 % | Sys: 19.2708 % | RAM App: 219.598 MB | Sys Avail: 43889.5 MB / 65466.5 MB
[ "01:48:31.722" ][SystemMonitor] Stats Update: CPU App: 0.520833 % | Sys: 19.5313 % | RAM App: 219.641 MB | Sys Avail: 43889.7 MB / 65466.5 MB
[ "01:48:32.715" ][SystemMonitor] Stats Update: CPU App: 0.78125 % | Sys: 20.5729 % | RAM App: 219.68 MB | Sys Avail: 43890.1 MB / 65466.5 MB
[ "01:48:33.725" ][SystemMonitor] Stats Update: CPU App: 1.04167 % | Sys: 17.1875 % | RAM App: 219.719 MB | Sys Avail: 43894.8 MB / 65466.5 MB
[ "01:48:34.716" ][SystemMonitor] Stats Update: CPU App: 0.78534 % | Sys: 17.5393 % | RAM App: 219.848 MB | Sys Avail: 43896.9 MB / 65466.5 MB
TelemetryMonitor: Processed 300 frames. Current FPS: 29
[ "01:48:35.726" ][SystemMonitor] Stats Update: CPU App: 0.518135 % | Sys: 16.0622 % | RAM App: 219.965 MB | Sys Avail: 43896.4 MB / 65466.5 MB
[ "01:48:36.716" ][SystemMonitor] Stats Update: CPU App: 0.78125 % | Sys: 20.3125 % | RAM App: 220.016 MB | Sys Avail: 43904.7 MB / 65466.5 MB
[ "01:48:37.726" ][SystemMonitor] Stats Update: CPU App: 1.04167 % | Sys: 23.4375 % | RAM App: 220.066 MB | Sys Avail: 43887 MB / 65466.5 MB
[ "01:48:38.717" ][SystemMonitor] Stats Update: CPU App: 0.520833 % | Sys: 26.0417 % | RAM App: 220.094 MB | Sys Avail: 43893.1 MB / 65466.5 MB
[ "01:48:39.725" ][SystemMonitor] Stats Update: CPU App: 0.522193 % | Sys: 14.5833 % | RAM App: 220.184 MB | Sys Avail: 43896.2 MB / 65466.5 MB
[ "01:48:40.716" ][SystemMonitor] Stats Update: CPU App: 1.03896 % | Sys: 19.2708 % | RAM App: 220.25 MB | Sys Avail: 43897.4 MB / 65466.5 MB
[ "01:48:41.726" ][SystemMonitor] Stats Update: CPU App: 0.520833 % | Sys: 35.9375 % | RAM App: 220.355 MB | Sys Avail: 43827.1 MB / 65466.5 MB
[ "01:48:42.726" ][SystemMonitor] Stats Update: CPU App: 1.04167 % | Sys: 36.7188 % | RAM App: 220.379 MB | Sys Avail: 43888.4 MB / 65466.5 MB
[ "01:48:43.717" ][SystemMonitor] Stats Update: CPU App: 0.78125 % | Sys: 30.2083 % | RAM App: 220.473 MB | Sys Avail: 43890.2 MB / 65466.5 MB
[ "01:48:44.726" ][SystemMonitor] Stats Update: CPU App: 0 % | Sys: 14.3229 % | RAM App: 220.582 MB | Sys Avail: 43875.3 MB / 65466.5 MB
TelemetryMonitor: Processed 300 frames. Current FPS: 30
[ "01:48:45.726" ][SystemMonitor] Stats Update: CPU App: 0.520833 % | Sys: 50 % | RAM App: 220.684 MB | Sys Avail: 43922.6 MB / 65466.5 MB
[ "01:48:46.725" ][SystemMonitor] Stats Update: CPU App: 1.04167 % | Sys: 20.0521 % | RAM App: 220.727 MB | Sys Avail: 43914.4 MB / 65466.5 MB
[ "01:48:47.723" ][SystemMonitor] Stats Update: CPU App: 0.520833 % | Sys: 17.4479 % | RAM App: 220.777 MB | Sys Avail: 43914.4 MB / 65466.5 MB
[ "01:48:48.727" ][SystemMonitor] Stats Update: CPU App: 0 % | Sys: 15.8854 % | RAM App: 220.797 MB | Sys Avail: 43920.1 MB / 65466.5 MB
[ "01:48:49.725" ][SystemMonitor] Stats Update: CPU App: 1.30208 % | Sys: 17.9688 % | RAM App: 220.848 MB | Sys Avail: 43922.9 MB / 65466.5 MB
[ "01:48:50.716" ][SystemMonitor] Stats Update: CPU App: 0 % | Sys: 17.2324 % | RAM App: 220.883 MB | Sys Avail: 43924.3 MB / 65466.5 MB
[ "01:48:51.725" ][SystemMonitor] Stats Update: CPU App: 0.519481 % | Sys: 15.8442 % | RAM App: 220.926 MB | Sys Avail: 43923.1 MB / 65466.5 MB
[ "01:48:52.726" ][SystemMonitor] Stats Update: CPU App: 1.04167 % | Sys: 19.2708 % | RAM App: 221 MB | Sys Avail: 43925.5 MB / 65466.5 MB
[ "01:48:53.716" ][SystemMonitor] Stats Update: CPU App: 0.260417 % | Sys: 14.8438 % | RAM App: 221.047 MB | Sys Avail: 43923.8 MB / 65466.5 MB
[ "01:48:54.726" ][SystemMonitor] Stats Update: CPU App: 1.04167 % | Sys: 17.1875 % | RAM App: 221.07 MB | Sys Avail: 43922.5 MB / 65466.5 MB
[ "01:48:55.718" ][SystemMonitor] Stats Update: CPU App: 1.04167 % | Sys: 15.3646 % | RAM App: 221.152 MB | Sys Avail: 43923 MB / 65466.5 MB
TelemetryMonitor: Processed 300 frames. Current FPS: 30
[ "01:48:56.725" ][SystemMonitor] Stats Update: CPU App: 0.520833 % | Sys: 16.9271 % | RAM App: 221.172 MB | Sys Avail: 43924.5 MB / 65466.5 MB
[ "01:48:57.721" ][SystemMonitor] Stats Update: CPU App: 1.04167 % | Sys: 19.2708 % | RAM App: 221.27 MB | Sys Avail: 43923.4 MB / 65466.5 MB
[ "01:48:58.726" ][SystemMonitor] Stats Update: CPU App: 1.5625 % | Sys: 16.4063 % | RAM App: 221.293 MB | Sys Avail: 43926.2 MB / 65466.5 MB
[ "01:48:59.722" ][SystemMonitor] Stats Update: CPU App: 0.520833 % | Sys: 17.7083 % | RAM App: 221.375 MB | Sys Avail: 43924.1 MB / 65466.5 MB
[ "01:49:00.716" ][SystemMonitor] Stats Update: CPU App: 0.520833 % | Sys: 19.5313 % | RAM App: 221.395 MB | Sys Avail: 43919.7 MB / 65466.5 MB
[ "01:49:01.726" ][SystemMonitor] Stats Update: CPU App: 0.78125 % | Sys: 15.8854 % | RAM App: 221.418 MB | Sys Avail: 43917.4 MB / 65466.5 MB
[ "01:49:02.727" ][SystemMonitor] Stats Update: CPU App: 0.78125 % | Sys: 43.4896 % | RAM App: 221.441 MB | Sys Avail: 43895.9 MB / 65466.5 MB
[ "01:49:03.717" ][SystemMonitor] Stats Update: CPU App: 1.30208 % | Sys: 24.7396 % | RAM App: 221.461 MB | Sys Avail: 43901.2 MB / 65466.5 MB
[ "01:49:04.716" ][SystemMonitor] Stats Update: CPU App: 1.5625 % | Sys: 32.2917 % | RAM App: 221.52 MB | Sys Avail: 43885.4 MB / 65466.5 MB
[ "01:49:05.725" ][SystemMonitor] Stats Update: CPU App: 0 % | Sys: 19.7917 % | RAM App: 221.648 MB | Sys Avail: 43863.4 MB / 65466.5 MB
TelemetryMonitor: Processed 300 frames. Current FPS: 30
[ "01:49:06.725" ][SystemMonitor] Stats Update: CPU App: 0.520833 % | Sys: 17.4479 % | RAM App: 221.676 MB | Sys Avail: 43817.4 MB / 65466.5 MB
[ "01:49:07.726" ][SystemMonitor] Stats Update: CPU App: 0.260417 % | Sys: 14.3229 % | RAM App: 221.754 MB | Sys Avail: 43847 MB / 65466.5 MB
[ "01:49:08.726" ][SystemMonitor] Stats Update: CPU App: 1.5625 % | Sys: 18.2292 % | RAM App: 221.832 MB | Sys Avail: 43840.4 MB / 65466.5 MB
[ "01:49:09.718" ][SystemMonitor] Stats Update: CPU App: 0.520833 % | Sys: 13.8021 % | RAM App: 221.898 MB | Sys Avail: 43841.3 MB / 65466.5 MB
[ "01:49:10.715" ][SystemMonitor] Stats Update: CPU App: 0.520833 % | Sys: 24.2188 % | RAM App: 221.984 MB | Sys Avail: 43840.9 MB / 65466.5 MB
[ "01:49:11.725" ][SystemMonitor] Stats Update: CPU App: 0.520833 % | Sys: 48.1771 % | RAM App: 219.613 MB | Sys Avail: 43743.1 MB / 65466.5 MB
