[2026-07-04 16:01:04.639] [Thread 9904] Debug: [ "16:01:04.638" ][HWAccel] Requested mode: SettingsHelper::None
[2026-07-04 16:01:04.640] [Thread 9904] Info: [ "16:01:04.638" ][HWAccel] CPU decoding selected (no acceleration).
[2026-07-04 16:01:04.640] [Thread 9904] Info: [ "16:01:04.638" ][HWAccel] CPU Features: "SSE, SSE2, SSE3, SSSE3, SSE4.1, SSE4.2, AVX, AVX2, CUDA, VAAPI, DXVA2, QSV, D3D11VA, OPENCL, VULKAN, D3D12VA, AMF"
[2026-07-04 16:01:04.661] [Thread 9904] Debug: Frame budget set to: 4
[2026-07-04 16:01:04.673] [Thread 9904] Debug: [DIAG] Supported Image Formats: QList("bmp", "cur", "gif", "icns", "ico", "jfif", "jpeg", "jpg", "pbm", "pgm", "png", "ppm", "svg", "svgz", "tga", "tif", "tiff", "wbmp", "webp", "xbm", "xpm")
[2026-07-04 16:01:04.673] [Thread 9904] Debug: [ "16:01:04.673" ][HWAccel] Requested mode: SettingsHelper::None
[2026-07-04 16:01:04.673] [Thread 9904] Info: [ "16:01:04.673" ][HWAccel] CPU decoding selected (no acceleration).
[2026-07-04 16:01:04.673] [Thread 9904] Info: [ "16:01:04.673" ][HWAccel] CPU Features: "SSE, SSE2, SSE3, SSSE3, SSE4.1, SSE4.2, AVX, AVX2, CUDA, VAAPI, DXVA2, QSV, D3D11VA, OPENCL, VULKAN, D3D12VA, AMF"
[2026-07-04 16:01:04.677] [Thread 9904] Info: ================ ENVIRONMENT SNAPSHOT ================
[2026-07-04 16:01:04.677] [Thread 9904] Info: OS              : "Windows 10 Version 22H2"
[2026-07-04 16:01:04.677] [Thread 9904] Info: CPU Arch        : "x86_64" ( 6 logical threads)
[2026-07-04 16:01:04.677] [Thread 9904] Info: Total System RAM: 65466.5 MB
[2026-07-04 16:01:04.677] [Thread 9904] Info: GPU detected    : "NVIDIA GeForce GTX 1050 Ti" ( 4004 MB VRAM)
[2026-07-04 16:01:04.677] [Thread 9904] Info: ======================================================
[2026-07-04 16:01:05.116] [Thread 9904] Debug: SystemMonitor: Starting monitoring with interval 1000 ms
[2026-07-04 16:01:05.118] [Thread 9904] Debug: [ "16:01:05.118" ][SystemMonitor] Stats Update: CPU App: 0 % | Sys: 0 % | RAM App: 30.0781 MB | Sys Avail: 31779.4 MB / 65466.5 MB
[2026-07-04 16:01:05.284] [Thread 9904] Warning: qrc:/SamsungGallery/resources/qml_legacy/Main.qml:19:5: QML Settings: The Settings type from Qt.labs.settings is deprecated and will be removed in a future release. Please use the one from QtCore instead.
[2026-07-04 16:01:05.483] [Thread 9904] Debug: Loading last folder: I:/MY SDCArds
[2026-07-04 16:01:05.484] [Thread 9904] Debug: [TaskScheduler] Started 2 CPU threads and 4 IO threads.
[2026-07-04 16:01:05.484] [Thread 9904] Debug: [TaskScheduler] Cleared CPU queue. Removed: 0 tasks.
[2026-07-04 16:01:05.484] [Thread 9904] Debug: [TaskScheduler] Cleared IO queue. Removed: 0 tasks.
[2026-07-04 16:01:05.484] [Thread 13304] Debug: Scanning directory: "I:\\MY SDCArds"
[2026-07-04 16:01:05.484] [Thread 13304] Debug: Scanning directory: "I:\\MY SDCArds"
[2026-07-04 16:01:05.700] [Thread 14300] Debug: FileCacheManager: Initialized with LMDB (Stub) at "C:/Users/curtis/AppData/Local/SamsungClone/Gallery/cache/thumbnails/FileCache.lmdb"
[2026-07-04 16:01:05.802] [Thread 14000] Warning: Corrupt JPEG data: premature end of data segment
[2026-07-04 16:01:05.803] [Thread 28972] Warning: [AdaptiveIO] Stats:  "I:/"  Avg:  70  Limit:  2  ActiveWeight:  2
[2026-07-04 16:01:05.812] [Thread 14000] Warning: [AdaptiveIO] Stats:  "I:/"  Avg:  70.6  Limit:  6  ActiveWeight:  3
[2026-07-04 16:01:05.816] [Thread 25484] Debug: [ "16:01:05.816" ][VideoThumbnailer] Entering extractFrame for "I:/MY SDCArds/S22 ultra/100_CINE/MOV_0061.MP4"
[2026-07-04 16:01:05.879] [Thread 15516] Warning: [AdaptiveIO] Stats:  "I:/"  Avg:  70.94  Limit:  6  ActiveWeight:  6
[2026-07-04 16:01:05.883] [Thread 28972] Warning: [AdaptiveIO] Stats:  "I:/"  Avg:  71.746  Limit:  6  ActiveWeight:  5
[2026-07-04 16:01:05.901] [Thread 25484] Warning: [AdaptiveIO] Stats:  "I:/"  Avg:  73.0714  Limit:  6  ActiveWeight:  4
[2026-07-04 16:01:05.902] [Thread 25484] Debug: [ "16:01:05.901" ][VideoThumbnailer] Entering extractFrame for "I:/MY SDCArds/S22 ultra/100_CINE/MOV_0060.MP4"
[2026-07-04 16:01:05.968] [Thread 25484] Warning: [AdaptiveIO] Stats:  "I:/"  Avg:  72.3643  Limit:  6  ActiveWeight:  4
[2026-07-04 16:01:05.969] [Thread 25484] Debug: [ "16:01:05.969" ][VideoThumbnailer] Entering extractFrame for "I:/MY SDCArds/S22 ultra/100_CINE/MOV_0058.MP4"
[2026-07-04 16:01:06.032] [Thread 25484] Warning: [AdaptiveIO] Stats:  "I:/"  Avg:  71.4278  Limit:  6  ActiveWeight:  4
[2026-07-04 16:01:06.032] [Thread 25484] Debug: [ "16:01:06.032" ][VideoThumbnailer] Entering extractFrame for "I:/MY SDCArds/S22 ultra/100_CINE/MOV_0056.MP4"
[2026-07-04 16:01:06.120] [Thread 9904] Debug: [ "16:01:06.120" ][SystemMonitor] Stats Update: CPU App: 29.9479 % | Sys: 93.75 % | RAM App: 122.758 MB | Sys Avail: 31725.2 MB / 65466.5 MB
[2026-07-04 16:01:06.121] [Thread 9904] Debug: [SystemMonitor] Resource Update: RAM: 122.758 MB (Delta: 122.758 ) | VRAM: 34.5625 MB (Delta: 34.5625 )
[2026-07-04 16:01:06.147] [Thread 25484] Warning: [AdaptiveIO] Stats:  "I:/"  Avg:  75.6851  Limit:  6  ActiveWeight:  4
[2026-07-04 16:01:07.122] [Thread 9904] Debug: [ "16:01:07.122" ][SystemMonitor] Stats Update: CPU App: 16.4063 % | Sys: 85.4167 % | RAM App: 104.617 MB | Sys Avail: 31740.3 MB / 65466.5 MB
[2026-07-04 16:01:08.118] [Thread 9904] Debug: [ "16:01:08.118" ][SystemMonitor] Stats Update: CPU App: 17.4479 % | Sys: 88.8021 % | RAM App: 105.16 MB | Sys Avail: 31741.9 MB / 65466.5 MB
[2026-07-04 16:01:08.199] [Thread 9904] Debug: Scanning background work finished in 2715 ms. Starting batched insertion of 8948 items.
[2026-07-04 16:01:08.249] [Thread 28876] Debug: [ "16:01:08.249" ][VideoThumbnailer] Entering extractFrame for "I:/MY SDCArds/S22 ultra/Snapchat/Snapchat-647663909.mp4"
[2026-07-04 16:01:08.288] [Thread 15516] Warning: [AdaptiveIO] Stats:  "I:/"  Avg:  72.0165  Limit:  6  ActiveWeight:  6
[2026-07-04 16:01:08.300] [Thread 14000] Warning: [AdaptiveIO] Stats:  "I:/"  Avg:  69.8149  Limit:  4  ActiveWeight:  5
[2026-07-04 16:01:08.359] [Thread 28876] Warning: [AdaptiveIO] Stats:  "I:/"  Avg:  73.7334  Limit:  4  ActiveWeight:  4
[2026-07-04 16:01:08.361] [Thread 25484] Debug: [ "16:01:08.361" ][VideoThumbnailer] Entering extractFrame for "I:/MY SDCArds/S22 ultra/Snapchat/Snapchat-1717667834.mp4"
[2026-07-04 16:01:08.461] [Thread 25484] Warning: [AdaptiveIO] Stats:  "I:/"  Avg:  76.3601  Limit:  4  ActiveWeight:  4
[2026-07-04 16:01:08.463] [Thread 25484] Debug: [ "16:01:08.463" ][VideoThumbnailer] Entering extractFrame for "I:/MY SDCArds/S22 ultra/Snapchat/Snapchat-315429331.mp4"
[2026-07-04 16:01:08.477] [Thread 25484] Warning: [AdaptiveIO] Stats:  "I:/"  Avg:  70.1241  Limit:  4  ActiveWeight:  4
[2026-07-04 16:01:08.503] [Thread 28972] Warning: [AdaptiveIO] Stats:  "I:/"  Avg:  65.6116  Limit:  4  ActiveWeight:  4
[2026-07-04 16:01:08.506] [Thread 14000] Warning: [AdaptiveIO] Stats:  "I:/"  Avg:  61.6505  Limit:  4  ActiveWeight:  4
[2026-07-04 16:01:08.524] [Thread 13304] Warning: [AdaptiveIO] Stats:  "I:/"  Avg:  58.9854  Limit:  4  ActiveWeight:  4
[2026-07-04 16:01:08.524] [Thread 28972] Warning: [AdaptiveIO] Stats:  "I:/"  Avg:  55.1869  Limit:  4  ActiveWeight:  3
[2026-07-04 16:01:08.534] [Thread 14000] Warning: [AdaptiveIO] Stats:  "I:/"  Avg:  52.3682  Limit:  4  ActiveWeight:  6
[2026-07-04 16:01:08.535] [Thread 13304] Warning: [AdaptiveIO] Stats:  "I:/"  Avg:  48.0314  Limit:  4  ActiveWeight:  5
[2026-07-04 16:01:08.537] [Thread 15516] Warning: [AdaptiveIO] Stats:  "I:/"  Avg:  49.0282  Limit:  4  ActiveWeight:  4
[2026-07-04 16:01:08.538] [Thread 28972] Warning: [AdaptiveIO] Stats:  "I:/"  Avg:  45.4254  Limit:  4  ActiveWeight:  3
[2026-07-04 16:01:08.547] [Thread 13304] Warning: [AdaptiveIO] Stats:  "I:/"  Avg:  42.0829  Limit:  4  ActiveWeight:  5
[2026-07-04 16:01:08.552] [Thread 14000] Warning: [AdaptiveIO] Stats:  "I:/"  Avg:  39.4746  Limit:  4  ActiveWeight:  4
[2026-07-04 16:01:08.558] [Thread 13304] Warning: [AdaptiveIO] Stats:  "I:/"  Avg:  36.5271  Limit:  4  ActiveWeight:  4
[2026-07-04 16:01:08.560] [Thread 14000] Warning: [AdaptiveIO] Stats:  "I:/"  Avg:  33.5744  Limit:  4  ActiveWeight:  4
[2026-07-04 16:01:08.565] [Thread 28972] Warning: [AdaptiveIO] Stats:  "I:/"  Avg:  32.717  Limit:  4  ActiveWeight:  4
[2026-07-04 16:01:08.574] [Thread 28972] Warning: [AdaptiveIO] Stats:  "I:/"  Avg:  30.2453  Limit:  4  ActiveWeight:  4
[2026-07-04 16:01:08.588] [Thread 13304] Warning: [AdaptiveIO] Stats:  "I:/"  Avg:  30.1208  Limit:  4  ActiveWeight:  4
[2026-07-04 16:01:08.592] [Thread 14000] Warning: [AdaptiveIO] Stats:  "I:/"  Avg:  30.0087  Limit:  4  ActiveWeight:  4
[2026-07-04 16:01:08.596] [Thread 28972] Warning: [AdaptiveIO] Stats:  "I:/"  Avg:  29.1078  Limit:  4  ActiveWeight:  4
[2026-07-04 16:01:08.601] [Thread 13304] Warning: [AdaptiveIO] Stats:  "I:/"  Avg:  27.297  Limit:  4  ActiveWeight:  4
[2026-07-04 16:01:08.605] [Thread 14000] Warning: [AdaptiveIO] Stats:  "I:/"  Avg:  25.7673  Limit:  4  ActiveWeight:  4
[2026-07-04 16:01:08.610] [Thread 15516] Warning: [AdaptiveIO] Stats:  "I:/"  Avg:  30.2906  Limit:  4  ActiveWeight:  4
[2026-07-04 16:01:08.612] [Thread 14000] Warning: [AdaptiveIO] Stats:  "I:/"  Avg:  27.8615  Limit:  4  ActiveWeight:  3
[2026-07-04 16:01:08.616] [Thread 28972] Warning: [AdaptiveIO] Stats:  "I:/"  Avg:  26.9754  Limit:  4  ActiveWeight:  6
[2026-07-04 16:01:08.620] [Thread 13304] Warning: [AdaptiveIO] Stats:  "I:/"  Avg:  26.1778  Limit:  4  ActiveWeight:  5
[2026-07-04 16:01:08.621] [Thread 28972] Warning: [AdaptiveIO] Stats:  "I:/"  Avg:  23.9601  Limit:  4  ActiveWeight:  4
[2026-07-04 16:01:08.635] [Thread 14000] Warning: [AdaptiveIO] Stats:  "I:/"  Avg:  23.6641  Limit:  4  ActiveWeight:  4
[2026-07-04 16:01:08.648] [Thread 28972] Warning: [AdaptiveIO] Stats:  "I:/"  Avg:  23.7976  Limit:  4  ActiveWeight:  4
[2026-07-04 16:01:08.649] [Thread 13304] Warning: [AdaptiveIO] Stats:  "I:/"  Avg:  24.2179  Limit:  4  ActiveWeight:  4
[2026-07-04 16:01:08.655] [Thread 14000] Warning: [AdaptiveIO] Stats:  "I:/"  Avg:  23.7961  Limit:  4  ActiveWeight:  4
[2026-07-04 16:01:08.671] [Thread 14000] Warning: [AdaptiveIO] Stats:  "I:/"  Avg:  22.9165  Limit:  4  ActiveWeight:  4
[2026-07-04 16:01:08.671] [Thread 13304] Warning: [AdaptiveIO] Stats:  "I:/"  Avg:  22.7248  Limit:  4  ActiveWeight:  3
[2026-07-04 16:01:08.672] [Thread 28972] Warning: [AdaptiveIO] Stats:  "I:/"  Avg:  22.6524  Limit:  4  ActiveWeight:  4
[2026-07-04 16:01:08.674] [Thread 15516] Warning: [AdaptiveIO] Stats:  "I:/"  Avg:  26.3871  Limit:  4  ActiveWeight:  6
[2026-07-04 16:01:08.685] [Thread 28972] Warning: [AdaptiveIO] Stats:  "I:/"  Avg:  25.0484  Limit:  4  ActiveWeight:  5
[2026-07-04 16:01:08.686] [Thread 13304] Warning: [AdaptiveIO] Stats:  "I:/"  Avg:  24.0436  Limit:  4  ActiveWeight:  4
[2026-07-04 16:01:08.689] [Thread 14000] Warning: [AdaptiveIO] Stats:  "I:/"  Avg:  23.3392  Limit:  4  ActiveWeight:  4
[2026-07-04 16:01:08.691] [Thread 28972] Warning: [AdaptiveIO] Stats:  "I:/"  Avg:  21.5053  Limit:  4  ActiveWeight:  4
[2026-07-04 16:01:08.694] [Thread 15516] Warning: [AdaptiveIO] Stats:  "I:/"  Avg:  21.3548  Limit:  4  ActiveWeight:  4
[2026-07-04 16:01:08.696] [Thread 13304] Warning: [AdaptiveIO] Stats:  "I:/"  Avg:  20.0193  Limit:  4  ActiveWeight:  4
[2026-07-04 16:01:08.701] [Thread 14000] Warning: [AdaptiveIO] Stats:  "I:/"  Avg:  19.2174  Limit:  4  ActiveWeight:  4
[2026-07-04 16:01:08.705] [Thread 15516] Warning: [AdaptiveIO] Stats:  "I:/"  Avg:  18.2956  Limit:  4  ActiveWeight:  4
[2026-07-04 16:01:08.710] [Thread 28972] Warning: [AdaptiveIO] Stats:  "I:/"  Avg:  18.1661  Limit:  4  ActiveWeight:  4
[2026-07-04 16:01:08.710] [Thread 13304] Warning: [AdaptiveIO] Stats:  "I:/"  Avg:  17.6495  Limit:  4  ActiveWeight:  3
[2026-07-04 16:01:08.714] [Thread 14000] Warning: [AdaptiveIO] Stats:  "I:/"  Avg:  16.9845  Limit:  4  ActiveWeight:  3
[2026-07-04 16:01:08.721] [Thread 14000] Warning: [AdaptiveIO] Stats:  "I:/"  Avg:  15.7861  Limit:  4  ActiveWeight:  6
[2026-07-04 16:01:08.724] [Thread 28972] Warning: [AdaptiveIO] Stats:  "I:/"  Avg:  15.5075  Limit:  4  ActiveWeight:  5
[2026-07-04 16:01:08.736] [Thread 14000] Warning: [AdaptiveIO] Stats:  "I:/"  Avg:  15.3567  Limit:  4  ActiveWeight:  4
[2026-07-04 16:01:08.751] [Thread 13304] Warning: [AdaptiveIO] Stats:  "I:/"  Avg:  17.421  Limit:  4  ActiveWeight:  4
[2026-07-04 16:01:08.751] [Thread 14000] Warning: [AdaptiveIO] Stats:  "I:/"  Avg:  17.1789  Limit:  4  ActiveWeight:  3
[2026-07-04 16:01:08.757] [Thread 15516] Warning: [AdaptiveIO] Stats:  "I:/"  Avg:  20.561  Limit:  4  ActiveWeight:  6
[2026-07-04 16:01:08.758] [Thread 15516] Warning: [ "16:01:08.758" ][AdaptiveIO] Leaked weight recovered for cleared task: "I:/MY SDCArds/S22 ultra/Screenshots/toddlers wtf.png" Weight: 1 New Active Weight: 4
[2026-07-04 16:01:08.758] [Thread 15516] Warning: [ "16:01:08.758" ][AdaptiveIO] Leaked weight recovered for cleared task: "I:/MY SDCArds/S22 ultra/Screenshots/img(9).jpeg" Weight: 1 New Active Weight: 3
[2026-07-04 16:01:08.762] [Thread 13304] Warning: [AdaptiveIO] Stats:  "I:/"  Avg:  19.5049  Limit:  4  ActiveWeight:  3
[2026-07-04 16:01:08.770] [Thread 13304] Warning: [AdaptiveIO] Stats:  "I:/"  Avg:  18.1544  Limit:  4  ActiveWeight:  4
[2026-07-04 16:01:08.771] [Thread 14000] Warning: [AdaptiveIO] Stats:  "I:/"  Avg:  18.239  Limit:  4  ActiveWeight:  4
[2026-07-04 16:01:08.787] [Thread 13304] Warning: [AdaptiveIO] Stats:  "I:/"  Avg:  18.0151  Limit:  4  ActiveWeight:  4
[2026-07-04 16:01:08.790] [Thread 14000] Warning: [AdaptiveIO] Stats:  "I:/"  Avg:  17.9136  Limit:  4  ActiveWeight:  4
[2026-07-04 16:01:08.794] [Thread 13304] Warning: [AdaptiveIO] Stats:  "I:/"  Avg:  16.6222  Limit:  4  ActiveWeight:  4
[2026-07-04 16:01:08.796] [Thread 14000] Warning: [AdaptiveIO] Stats:  "I:/"  Avg:  15.56  Limit:  4  ActiveWeight:  4
[2026-07-04 16:01:08.805] [Thread 14000] Warning: [AdaptiveIO] Stats:  "I:/"  Avg:  14.904  Limit:  4  ActiveWeight:  4
[2026-07-04 16:01:08.806] [Thread 15516] Warning: [AdaptiveIO] Stats:  "I:/"  Avg:  17.5136  Limit:  4  ActiveWeight:  4
[2026-07-04 16:01:08.809] [Thread 13304] Warning: [AdaptiveIO] Stats:  "I:/"  Avg:  17.2622  Limit:  4  ActiveWeight:  4
[2026-07-04 16:01:08.839] [Thread 14000] Warning: [AdaptiveIO] Stats:  "I:/"  Avg:  18.736  Limit:  4  ActiveWeight:  4
[2026-07-04 16:01:08.840] [Thread 13304] Warning: [AdaptiveIO] Stats:  "I:/"  Avg:  19.6624  Limit:  4  ActiveWeight:  3
[2026-07-04 16:01:08.847] [Thread 14000] Warning: [AdaptiveIO] Stats:  "I:/"  Avg:  18.3962  Limit:  4  ActiveWeight:  4
[2026-07-04 16:01:08.853] [Thread 15516] Warning: [AdaptiveIO] Stats:  "I:/"  Avg:  21.1566  Limit:  4  ActiveWeight:  4
[2026-07-04 16:01:08.855] [Thread 13304] Warning: [AdaptiveIO] Stats:  "I:/"  Avg:  20.5409  Limit:  4  ActiveWeight:  4
[2026-07-04 16:01:08.859] [Thread 14000] Warning: [AdaptiveIO] Stats:  "I:/"  Avg:  19.5868  Limit:  4  ActiveWeight:  4
[2026-07-04 16:01:08.861] [Thread 28972] Warning: [AdaptiveIO] Stats:  "I:/"  Avg:  31.1281  Limit:  4  ActiveWeight:  4
[2026-07-04 16:01:08.862] [Thread 13304] Warning: [AdaptiveIO] Stats:  "I:/"  Avg:  28.6153  Limit:  4  ActiveWeight:  4
[2026-07-04 16:01:08.867] [Thread 14000] Warning: [AdaptiveIO] Stats:  "I:/"  Avg:  26.5538  Limit:  4  ActiveWeight:  4
[2026-07-04 16:01:08.868] [Thread 15516] Warning: [AdaptiveIO] Stats:  "I:/"  Avg:  25.1984  Limit:  4  ActiveWeight:  4
[2026-07-04 16:01:08.879] [Thread 13304] Warning: [AdaptiveIO] Stats:  "I:/"  Avg:  24.1786  Limit:  4  ActiveWeight:  4
[2026-07-04 16:01:08.886] [Thread 15516] Warning: [AdaptiveIO] Stats:  "I:/"  Avg:  23.4607  Limit:  4  ActiveWeight:  4
[2026-07-04 16:01:08.892] [Thread 14000] Warning: [AdaptiveIO] Stats:  "I:/"  Avg:  23.2146  Limit:  4  ActiveWeight:  4
[2026-07-04 16:01:08.892] [Thread 13304] Warning: [AdaptiveIO] Stats:  "I:/"  Avg:  22.1932  Limit:  4  ActiveWeight:  4
[2026-07-04 16:01:08.903] [Thread 14000] Warning: [AdaptiveIO] Stats:  "I:/"  Avg:  21.0739  Limit:  4  ActiveWeight:  4
[2026-07-04 16:01:08.906] [Thread 15516] Warning: [AdaptiveIO] Stats:  "I:/"  Avg:  20.8665  Limit:  4  ActiveWeight:  4
[2026-07-04 16:01:08.906] [Thread 13304] Warning: [AdaptiveIO] Stats:  "I:/"  Avg:  20.0798  Limit:  4  ActiveWeight:  4
[2026-07-04 16:01:08.912] [Thread 28972] Warning: [AdaptiveIO] Stats:  "I:/"  Avg:  23.0718  Limit:  4  ActiveWeight:  4
[2026-07-04 16:01:08.914] [Thread 14000] Warning: [AdaptiveIO] Stats:  "I:/"  Avg:  21.5647  Limit:  4  ActiveWeight:  4
[2026-07-04 16:01:08.936] [Thread 28972] Warning: [AdaptiveIO] Stats:  "I:/"  Avg:  21.7082  Limit:  4  ActiveWeight:  4
[2026-07-04 16:01:08.943] [Thread 14000] Warning: [AdaptiveIO] Stats:  "I:/"  Avg:  22.4374  Limit:  4  ActiveWeight:  4
[2026-07-04 16:01:08.957] [Thread 13304] Warning: [AdaptiveIO] Stats:  "I:/"  Avg:  25.2936  Limit:  4  ActiveWeight:  4
[2026-07-04 16:01:08.960] [Thread 15516] Warning: [AdaptiveIO] Stats:  "I:/"  Avg:  28.1643  Limit:  4  ActiveWeight:  4
[2026-07-04 16:01:08.966] [Thread 28972] Warning: [AdaptiveIO] Stats:  "I:/"  Avg:  28.3478  Limit:  4  ActiveWeight:  4
[2026-07-04 16:01:08.972] [Thread 14000] Warning: [AdaptiveIO] Stats:  "I:/"  Avg:  28.3131  Limit:  4  ActiveWeight:  3
[2026-07-04 16:01:08.984] [Thread 13304] Warning: [AdaptiveIO] Stats:  "I:/"  Avg:  28.0818  Limit:  4  ActiveWeight:  2
[2026-07-04 16:01:09.031] [Thread 15516] Warning: [AdaptiveIO] Stats:  "I:/"  Avg:  32.2736  Limit:  4  ActiveWeight:  1
[2026-07-04 16:01:09.032] [Thread 28876] Debug: [ "16:01:09.032" ][VideoThumbnailer] Entering extractFrame for "I:/MY SDCArds/S22 ultra/Snapchat/Snapchat-960036586.mp4"
[2026-07-04 16:01:09.131] [Thread 9904] Debug: [ "16:01:09.131" ][SystemMonitor] Stats Update: CPU App: 39.3316 % | Sys: 96.1538 % | RAM App: 151.898 MB | Sys Avail: 31689.3 MB / 65466.5 MB
[2026-07-04 16:01:09.154] [Thread 28876] Warning: [AdaptiveIO] Stats:  "I:/"  Avg:  41.2462  Limit:  4  ActiveWeight:  4
[2026-07-04 16:01:09.156] [Thread 25484] Debug: [ "16:01:09.156" ][VideoThumbnailer] Entering extractFrame for "I:/MY SDCArds/S22 ultra/Snapchat/Snapchat-1237898371.mp4"
[2026-07-04 16:01:09.254] [Thread 28876] Debug: [ "16:01:09.254" ][VideoThumbnailer] Entering extractFrame for "I:/MY SDCArds/S22 ultra/Snapchat/Snapchat-289408284.mp4"
[2026-07-04 16:01:09.376] [Thread 28876] Debug: [ "16:01:09.376" ][VideoThumbnailer] Entering extractFrame for "I:/MY SDCArds/S22 ultra/Snapchat/Snapchat-1429238178.mp4"
[2026-07-04 16:01:09.492] [Thread 25484] Debug: [ "16:01:09.492" ][VideoThumbnailer] Entering extractFrame for "I:/MY SDCArds/S22 ultra/Snapchat/Snapchat-235618355.mp4"
[2026-07-04 16:01:09.558] [Thread 25484] Debug: [ "16:01:09.558" ][VideoThumbnailer] Entering extractFrame for "I:/MY SDCArds/S22 ultra/Snapchat/Snapchat-1390399253.mp4"
[2026-07-04 16:01:09.667] [Thread 25484] Debug: [ "16:01:09.667" ][VideoThumbnailer] Entering extractFrame for "I:/MY SDCArds/S22 ultra/Snapchat/Snapchat-1020230256.mp4"
[2026-07-04 16:01:09.756] [Thread 25484] Debug: [ "16:01:09.756" ][VideoThumbnailer] Entering extractFrame for "I:/MY SDCArds/S22 ultra/Snapchat/Snapchat-2127517485.mp4"
[2026-07-04 16:01:09.810] [Thread 25484] Debug: [ "16:01:09.810" ][VideoThumbnailer] Entering extractFrame for "I:/MY SDCArds/S22 ultra/Snapchat/Snapchat-85323170.mp4"
[2026-07-04 16:01:09.868] [Thread 25484] Debug: [ "16:01:09.868" ][VideoThumbnailer] Entering extractFrame for "I:/MY SDCArds/S22 ultra/Snapchat/Snapchat-1932978751.mp4"
[2026-07-04 16:01:09.905] [Thread 25484] Debug: [ "16:01:09.905" ][VideoThumbnailer] Entering extractFrame for "I:/MY SDCArds/S22 ultra/Whatsapp/VID-20230923-WA0011.mp4"
[2026-07-04 16:01:09.924] [Thread 25484] Debug: [ "16:01:09.924" ][VideoThumbnailer] Entering extractFrame for "I:/MY SDCArds/S22 ultra/Whatsapp/VID-20230809-WA0002.mp4"
[2026-07-04 16:01:10.144] [Thread 9904] Debug: [ "16:01:10.144" ][SystemMonitor] Stats Update: CPU App: 24.1558 % | Sys: 96.875 % | RAM App: 148.93 MB | Sys Avail: 31684.7 MB / 65466.5 MB
[2026-07-04 16:01:10.783] [Thread 28972] Warning: [AdaptiveIO] Stats:  "I:/"  Avg:  39.5223  Limit:  4  ActiveWeight:  4
[2026-07-04 16:01:11.116] [Thread 9904] Debug: [ "16:01:11.116" ][SystemMonitor] Stats Update: CPU App: 17.1958 % | Sys: 82.0106 % | RAM App: 166.09 MB | Sys Avail: 31653.8 MB / 65466.5 MB
[2026-07-04 16:01:11.421] [Thread 28876] Debug: [ "16:01:11.421" ][VideoThumbnailer] Entering extractFrame for "I:/MY SDCArds/S22 ultra/Movies/VID-20230903-WA0001.mp4"
[2026-07-04 16:01:12.116] [Thread 9904] Debug: [ "16:01:12.116" ][SystemMonitor] Stats Update: CPU App: 6.25 % | Sys: 100 % | RAM App: 167.078 MB | Sys Avail: 31554.1 MB / 65466.5 MB
[2026-07-04 16:01:13.119] [Thread 9904] Debug: [ "16:01:13.119" ][SystemMonitor] Stats Update: CPU App: 1.5625 % | Sys: 76.5625 % | RAM App: 167.336 MB | Sys Avail: 31660.1 MB / 65466.5 MB
[2026-07-04 16:01:14.118] [Thread 9904] Debug: [ "16:01:14.118" ][SystemMonitor] Stats Update: CPU App: 1.30208 % | Sys: 76.0417 % | RAM App: 167.457 MB | Sys Avail: 31668.2 MB / 65466.5 MB
[2026-07-04 16:01:15.116] [Thread 9904] Debug: [ "16:01:15.116" ][SystemMonitor] Stats Update: CPU App: 2.08333 % | Sys: 69.2708 % | RAM App: 167.465 MB | Sys Avail: 31670 MB / 65466.5 MB
[2026-07-04 16:01:16.117] [Thread 9904] Debug: [ "16:01:16.117" ][SystemMonitor] Stats Update: CPU App: 1.04167 % | Sys: 63.8021 % | RAM App: 166.629 MB | Sys Avail: 31671.4 MB / 65466.5 MB
[2026-07-04 16:01:17.124] [Thread 9904] Debug: [ "16:01:17.124" ][SystemMonitor] Stats Update: CPU App: 0.520833 % | Sys: 87.7604 % | RAM App: 166.629 MB | Sys Avail: 31648.5 MB / 65466.5 MB
[2026-07-04 16:01:18.117] [Thread 9904] Debug: [ "16:01:18.117" ][SystemMonitor] Stats Update: CPU App: 2.34375 % | Sys: 78.9063 % | RAM App: 166.645 MB | Sys Avail: 31634.1 MB / 65466.5 MB
[2026-07-04 16:01:19.121] [Thread 9904] Debug: [ "16:01:19.121" ][SystemMonitor] Stats Update: CPU App: 1.04167 % | Sys: 66.1458 % | RAM App: 166.676 MB | Sys Avail: 31634.9 MB / 65466.5 MB
[2026-07-04 16:01:20.117] [Thread 9904] Debug: [ "16:01:20.117" ][SystemMonitor] Stats Update: CPU App: 1.04167 % | Sys: 75.7813 % | RAM App: 166.676 MB | Sys Avail: 31648.8 MB / 65466.5 MB
[2026-07-04 16:01:21.122] [Thread 9904] Debug: [ "16:01:21.122" ][SystemMonitor] Stats Update: CPU App: 1.5625 % | Sys: 61.1979 % | RAM App: 166.809 MB | Sys Avail: 31638.8 MB / 65466.5 MB
[2026-07-04 16:01:22.121] [Thread 9904] Debug: [ "16:01:22.121" ][SystemMonitor] Stats Update: CPU App: 1.82292 % | Sys: 71.6146 % | RAM App: 166.84 MB | Sys Avail: 31641.2 MB / 65466.5 MB
[2026-07-04 16:01:23.126] [Thread 9904] Debug: [ "16:01:23.126" ][SystemMonitor] Stats Update: CPU App: 1.5625 % | Sys: 62.7604 % | RAM App: 166.84 MB | Sys Avail: 31643.4 MB / 65466.5 MB
[2026-07-04 16:01:24.118] [Thread 9904] Debug: [ "16:01:24.118" ][SystemMonitor] Stats Update: CPU App: 1.82292 % | Sys: 81.5104 % | RAM App: 166.852 MB | Sys Avail: 31546.3 MB / 65466.5 MB
[2026-07-04 16:01:25.122] [Thread 9904] Debug: [ "16:01:25.122" ][SystemMonitor] Stats Update: CPU App: 1.82292 % | Sys: 63.2813 % | RAM App: 166.852 MB | Sys Avail: 31547.5 MB / 65466.5 MB
[2026-07-04 16:01:26.118] [Thread 9904] Debug: [ "16:01:26.117" ][SystemMonitor] Stats Update: CPU App: 1.30208 % | Sys: 61.9792 % | RAM App: 166.855 MB | Sys Avail: 31547.1 MB / 65466.5 MB
[2026-07-04 16:01:27.119] [Thread 9904] Debug: [ "16:01:27.119" ][SystemMonitor] Stats Update: CPU App: 0.78125 % | Sys: 73.6979 % | RAM App: 166.855 MB | Sys Avail: 31547.7 MB / 65466.5 MB
[2026-07-04 16:01:28.117] [Thread 9904] Debug: [ "16:01:28.117" ][SystemMonitor] Stats Update: CPU App: 1.5625 % | Sys: 69.2708 % | RAM App: 166.855 MB | Sys Avail: 31429.7 MB / 65466.5 MB
[2026-07-04 16:01:29.118] [Thread 9904] Debug: [ "16:01:29.118" ][SystemMonitor] Stats Update: CPU App: 1.30208 % | Sys: 59.8958 % | RAM App: 166.855 MB | Sys Avail: 31430.5 MB / 65466.5 MB
[2026-07-04 16:01:30.118] [Thread 9904] Debug: [ "16:01:30.118" ][SystemMonitor] Stats Update: CPU App: 0.78125 % | Sys: 61.7188 % | RAM App: 166.855 MB | Sys Avail: 31428.2 MB / 65466.5 MB
[2026-07-04 16:01:31.125] [Thread 9904] Debug: [ "16:01:31.125" ][SystemMonitor] Stats Update: CPU App: 1.5625 % | Sys: 78.9063 % | RAM App: 166.891 MB | Sys Avail: 31428.1 MB / 65466.5 MB
[2026-07-04 16:01:32.117] [Thread 9904] Debug: [ "16:01:32.117" ][SystemMonitor] Stats Update: CPU App: 2.60417 % | Sys: 65.8854 % | RAM App: 166.922 MB | Sys Avail: 31369 MB / 65466.5 MB
[2026-07-04 16:01:33.122] [Thread 9904] Debug: [ "16:01:33.122" ][SystemMonitor] Stats Update: CPU App: 1.04167 % | Sys: 63.2813 % | RAM App: 166.922 MB | Sys Avail: 31367.6 MB / 65466.5 MB
[2026-07-04 16:01:34.120] [Thread 9904] Debug: [ "16:01:34.120" ][SystemMonitor] Stats Update: CPU App: 1.5625 % | Sys: 62.5 % | RAM App: 166.922 MB | Sys Avail: 31367.8 MB / 65466.5 MB
[2026-07-04 16:01:35.124] [Thread 9904] Debug: [ "16:01:35.124" ][SystemMonitor] Stats Update: CPU App: 1.82292 % | Sys: 76.5625 % | RAM App: 166.961 MB | Sys Avail: 31366.9 MB / 65466.5 MB
[2026-07-04 16:01:36.118] [Thread 9904] Debug: [ "16:01:36.118" ][SystemMonitor] Stats Update: CPU App: 0.520833 % | Sys: 70.5729 % | RAM App: 166.926 MB | Sys Avail: 31343.1 MB / 65466.5 MB
[2026-07-04 16:01:37.120] [Thread 9904] Debug: [ "16:01:37.120" ][SystemMonitor] Stats Update: CPU App: 0.78125 % | Sys: 60.4167 % | RAM App: 166.957 MB | Sys Avail: 31339.1 MB / 65466.5 MB
[2026-07-04 16:01:38.118] [Thread 9904] Debug: [ "16:01:38.118" ][SystemMonitor] Stats Update: CPU App: 2.86458 % | Sys: 79.9479 % | RAM App: 166.957 MB | Sys Avail: 31326.1 MB / 65466.5 MB
[2026-07-04 16:01:39.121] [Thread 9904] Debug: [ "16:01:39.121" ][SystemMonitor] Stats Update: CPU App: 1.30208 % | Sys: 65.8854 % | RAM App: 166.957 MB | Sys Avail: 31324.7 MB / 65466.5 MB
[2026-07-04 16:01:40.117] [Thread 9904] Debug: [ "16:01:40.117" ][SystemMonitor] Stats Update: CPU App: 1.04167 % | Sys: 59.1146 % | RAM App: 166.957 MB | Sys Avail: 31323.5 MB / 65466.5 MB
[2026-07-04 16:01:41.125] [Thread 9904] Debug: [ "16:01:41.125" ][SystemMonitor] Stats Update: CPU App: 1.5625 % | Sys: 78.3854 % | RAM App: 166.957 MB | Sys Avail: 31299.1 MB / 65466.5 MB
[2026-07-04 16:01:42.117] [Thread 9904] Debug: [ "16:01:42.117" ][SystemMonitor] Stats Update: CPU App: 1.5625 % | Sys: 99.2188 % | RAM App: 166.551 MB | Sys Avail: 31277.5 MB / 65466.5 MB
[2026-07-04 16:01:43.120] [Thread 9904] Debug: [ "16:01:43.120" ][SystemMonitor] Stats Update: CPU App: 1.30208 % | Sys: 78.9063 % | RAM App: 166.582 MB | Sys Avail: 31277.2 MB / 65466.5 MB
[2026-07-04 16:01:44.118] [Thread 9904] Debug: [ "16:01:44.118" ][SystemMonitor] Stats Update: CPU App: 2.34375 % | Sys: 60.6771 % | RAM App: 166.613 MB | Sys Avail: 31273.6 MB / 65466.5 MB
[2026-07-04 16:01:45.118] [Thread 9904] Debug: [ "16:01:45.118" ][SystemMonitor] Stats Update: CPU App: 1.5625 % | Sys: 77.8646 % | RAM App: 166.645 MB | Sys Avail: 31281.9 MB / 65466.5 MB
[2026-07-04 16:01:46.118] [Thread 9904] Debug: [ "16:01:46.118" ][SystemMonitor] Stats Update: CPU App: 1.82292 % | Sys: 58.8542 % | RAM App: 166.645 MB | Sys Avail: 31284.1 MB / 65466.5 MB
[2026-07-04 16:01:47.115] [Thread 9904] Debug: [ "16:01:47.115" ][SystemMonitor] Stats Update: CPU App: 0.78125 % | Sys: 60.9375 % | RAM App: 166.676 MB | Sys Avail: 31285.9 MB / 65466.5 MB
[2026-07-04 16:01:48.117] [Thread 9904] Debug: [ "16:01:48.117" ][SystemMonitor] Stats Update: CPU App: 0.260417 % | Sys: 66.1458 % | RAM App: 166.676 MB | Sys Avail: 31166.8 MB / 65466.5 MB
[2026-07-04 16:01:49.124] [Thread 9904] Debug: [ "16:01:49.124" ][SystemMonitor] Stats Update: CPU App: 1.5625 % | Sys: 72.3958 % | RAM App: 166.676 MB | Sys Avail: 31178.1 MB / 65466.5 MB
[2026-07-04 16:01:50.118] [Thread 9904] Debug: [ "16:01:50.118" ][SystemMonitor] Stats Update: CPU App: 1.30208 % | Sys: 70.8333 % | RAM App: 166.738 MB | Sys Avail: 31291.5 MB / 65466.5 MB
