================ ENVIRONMENT SNAPSHOT ================
OS              : "Windows 10 Version 22H2"
CPU Arch        : "x86_64" ( 6 logical threads)
Total System RAM: 65466.5 MB
GPU detected    : "NVIDIA GeForce GTX 1050 Ti" ( 4004 MB VRAM)
======================================================
[ "16:09:27.532" ][HWAccel] Requested mode: SettingsHelper::None
[ "16:09:27.532" ][HWAccel] CPU decoding selected (no acceleration).
[ "16:09:27.532" ][HWAccel] CPU Features: "SSE, SSE2, SSE3, SSSE3, SSE4.1, SSE4.2, AVX, AVX2, CUDA, VAAPI, DXVA2, QSV, D3D11VA, OPENCL, VULKAN, D3D12VA, AMF"
[Diagnostics] Monitor started - running checks every 1000ms
SystemMonitor: Starting monitoring with interval 1000 ms
[ "16:09:27.536" ][SystemMonitor] Stats Update: CPU App: 0 % | Sys: 0 % | RAM App: 61.8125 MB | Sys Avail: 31246.3 MB / 65466.5 MB
[SystemMonitor] Resource Update: RAM: 61.8125 MB (Delta: 61.8125 ) | VRAM: 0.804688 MB (Delta: 0.804688 )
[Diagnostics] Attached to ScrollBenchImageModel
[Diagnostics] Attached to SettingsHelper
[TaskScheduler] Started 2 CPU threads and 4 IO threads.
FileCacheManager: Initialized with LMDB (Stub) at "C:/Users/curtis/AppData/Local/appScrollBench/cache/thumbnails/FileCache.lmdb"
qrc:/ScrollBench/qml/MainScrollBench.qml:22:5: QML Settings: Failed to initialize QSettings instance. Status code is: 1
qrc:/ScrollBench/qml/MainScrollBench.qml:22:5: QML Settings: The following application identifiers have not been set: QList("organizationName", "organizationDomain")
qrc:/ScrollBench/qml/MainScrollBench.qml:22:5: QML Settings: The Settings type from Qt.labs.settings is deprecated and will be removed in a future release. Please use the one from QtCore instead.
[ "16:09:28.529" ][SystemMonitor] Stats Update: CPU App: 10.1563 % | Sys: 77.6042 % | RAM App: 136.738 MB | Sys Avail: 31194.1 MB / 65466.5 MB
[SystemMonitor] Resource Update: RAM: 136.738 MB (Delta: 74.9258 ) | VRAM: 28.4023 MB (Delta: 27.5977 )
[ "16:09:29.524" ][SystemMonitor] Stats Update: CPU App: 0.520833 % | Sys: 74.7396 % | RAM App: 137.133 MB | Sys Avail: 31190.1 MB / 65466.5 MB
[ "16:09:30.530" ][SystemMonitor] Stats Update: CPU App: 0.520833 % | Sys: 70.3125 % | RAM App: 137.262 MB | Sys Avail: 31190 MB / 65466.5 MB
[ "16:09:31.531" ][SystemMonitor] Stats Update: CPU App: 0.260417 % | Sys: 80.9896 % | RAM App: 137.652 MB | Sys Avail: 31190.7 MB / 65466.5 MB
[ "16:09:32.530" ][SystemMonitor] Stats Update: CPU App: 1.04167 % | Sys: 72.9167 % | RAM App: 137.699 MB | Sys Avail: 31188.3 MB / 65466.5 MB
[ "16:09:33.523" ][SystemMonitor] Stats Update: CPU App: 0.78125 % | Sys: 65.1042 % | RAM App: 137.773 MB | Sys Avail: 31185.2 MB / 65466.5 MB
[ "16:09:34.530" ][SystemMonitor] Stats Update: CPU App: 1.30208 % | Sys: 73.4375 % | RAM App: 137.793 MB | Sys Avail: 31189.4 MB / 65466.5 MB
[ "16:09:35.524" ][SystemMonitor] Stats Update: CPU App: 0.78125 % | Sys: 65.3646 % | RAM App: 137.91 MB | Sys Avail: 31188 MB / 65466.5 MB
[ "16:09:36.524" ][SystemMonitor] Stats Update: CPU App: 1.04167 % | Sys: 73.6979 % | RAM App: 137.953 MB | Sys Avail: 31190.8 MB / 65466.5 MB
[ "16:09:37.547" ][SystemMonitor] Stats Update: CPU App: 0.512821 % | Sys: 79.2308 % | RAM App: 136.27 MB | Sys Avail: 31186.2 MB / 65466.5 MB
[ "16:09:38.526" ][SystemMonitor] Stats Update: CPU App: 2.1164 % | Sys: 71.6931 % | RAM App: 136.301 MB | Sys Avail: 31186.6 MB / 65466.5 MB
TelemetryMonitor: Processed 300 frames. Current FPS: 27
[ "16:09:39.524" ][SystemMonitor] Stats Update: CPU App: 0.520833 % | Sys: 72.9167 % | RAM App: 136.32 MB | Sys Avail: 31186.9 MB / 65466.5 MB
[ "16:09:40.545" ][SystemMonitor] Stats Update: CPU App: 0.25641 % | Sys: 75.8974 % | RAM App: 136.082 MB | Sys Avail: 31175.2 MB / 65466.5 MB
[ "16:09:41.523" ][SystemMonitor] Stats Update: CPU App: 0.793651 % | Sys: 75.6614 % | RAM App: 136.156 MB | Sys Avail: 31115.2 MB / 65466.5 MB
[ "16:09:42.529" ][SystemMonitor] Stats Update: CPU App: 0.520833 % | Sys: 95.0521 % | RAM App: 136.246 MB | Sys Avail: 31178.1 MB / 65466.5 MB
[ "16:09:43.530" ][SystemMonitor] Stats Update: CPU App: 0.78125 % | Sys: 68.2292 % | RAM App: 136.285 MB | Sys Avail: 31177.2 MB / 65466.5 MB
[ "16:09:44.546" ][SystemMonitor] Stats Update: CPU App: 0.769231 % | Sys: 66.1538 % | RAM App: 136.363 MB | Sys Avail: 31176.5 MB / 65466.5 MB
[ "16:09:45.523" ][SystemMonitor] Stats Update: CPU App: 1.5873 % | Sys: 67.4603 % | RAM App: 136.402 MB | Sys Avail: 31180 MB / 65466.5 MB
[ "16:09:46.529" ][SystemMonitor] Stats Update: CPU App: 0.78125 % | Sys: 59.8958 % | RAM App: 136.426 MB | Sys Avail: 31179 MB / 65466.5 MB
[ "16:09:47.529" ][SystemMonitor] Stats Update: CPU App: 0.520833 % | Sys: 71.3542 % | RAM App: 136.445 MB | Sys Avail: 31179.5 MB / 65466.5 MB
[ "16:09:48.529" ][SystemMonitor] Stats Update: CPU App: 0.78125 % | Sys: 66.4063 % | RAM App: 136.469 MB | Sys Avail: 31183.1 MB / 65466.5 MB
[ "16:09:49.530" ][SystemMonitor] Stats Update: CPU App: 0.78125 % | Sys: 62.2396 % | RAM App: 136.508 MB | Sys Avail: 31187 MB / 65466.5 MB
TelemetryMonitor: Processed 300 frames. Current FPS: 28
[ "16:09:50.546" ][SystemMonitor] Stats Update: CPU App: 1.02564 % | Sys: 60.7692 % | RAM App: 136.652 MB | Sys Avail: 31187.5 MB / 65466.5 MB
[ "16:09:51.523" ][SystemMonitor] Stats Update: CPU App: 0.529101 % | Sys: 69.8413 % | RAM App: 136.738 MB | Sys Avail: 31190 MB / 65466.5 MB
[ "16:09:52.524" ][SystemMonitor] Stats Update: CPU App: 0.520833 % | Sys: 70.5729 % | RAM App: 136.77 MB | Sys Avail: 31166.7 MB / 65466.5 MB
[ "16:09:53.529" ][SystemMonitor] Stats Update: CPU App: 1.04167 % | Sys: 70.0521 % | RAM App: 136.816 MB | Sys Avail: 31089.1 MB / 65466.5 MB
[ "16:09:54.524" ][SystemMonitor] Stats Update: CPU App: 0.520833 % | Sys: 57.2917 % | RAM App: 136.859 MB | Sys Avail: 31090.2 MB / 65466.5 MB
[ "16:09:55.530" ][SystemMonitor] Stats Update: CPU App: 0.78125 % | Sys: 62.7604 % | RAM App: 136.883 MB | Sys Avail: 31091.3 MB / 65466.5 MB
[ "16:09:56.523" ][SystemMonitor] Stats Update: CPU App: 0.78125 % | Sys: 75 % | RAM App: 136.934 MB | Sys Avail: 30996.7 MB / 65466.5 MB
[ "16:09:57.530" ][SystemMonitor] Stats Update: CPU App: 0.78125 % | Sys: 67.1875 % | RAM App: 136.953 MB | Sys Avail: 30978.2 MB / 65466.5 MB
[ "16:09:58.530" ][SystemMonitor] Stats Update: CPU App: 0.520833 % | Sys: 66.1458 % | RAM App: 135.184 MB | Sys Avail: 31007.7 MB / 65466.5 MB
[ "16:09:59.530" ][SystemMonitor] Stats Update: CPU App: 1.04167 % | Sys: 72.1354 % | RAM App: 135.379 MB | Sys Avail: 31008.5 MB / 65466.5 MB
TelemetryMonitor: Processed 300 frames. Current FPS: 27
[ "16:10:00.530" ][SystemMonitor] Stats Update: CPU App: 0.260417 % | Sys: 70.0521 % | RAM App: 135.453 MB | Sys Avail: 30995.5 MB / 65466.5 MB
[ "16:10:01.523" ][SystemMonitor] Stats Update: CPU App: 1.30208 % | Sys: 59.6354 % | RAM App: 135.504 MB | Sys Avail: 30996.8 MB / 65466.5 MB
[ "16:10:02.528" ][SystemMonitor] Stats Update: CPU App: 1.5625 % | Sys: 61.9792 % | RAM App: 135.547 MB | Sys Avail: 31005.2 MB / 65466.5 MB
[ "16:10:03.523" ][SystemMonitor] Stats Update: CPU App: 1.04167 % | Sys: 73.6979 % | RAM App: 135.582 MB | Sys Avail: 30998.7 MB / 65466.5 MB
[ "16:10:04.530" ][SystemMonitor] Stats Update: CPU App: 0 % | Sys: 60.4167 % | RAM App: 135.754 MB | Sys Avail: 30997.1 MB / 65466.5 MB
[ "16:10:05.530" ][SystemMonitor] Stats Update: CPU App: 0.260417 % | Sys: 62.5 % | RAM App: 135.887 MB | Sys Avail: 30990.3 MB / 65466.5 MB
[ "16:10:06.530" ][SystemMonitor] Stats Update: CPU App: 0.78125 % | Sys: 76.3021 % | RAM App: 135.949 MB | Sys Avail: 30955.9 MB / 65466.5 MB
[ "16:10:07.530" ][SystemMonitor] Stats Update: CPU App: 0.520833 % | Sys: 61.1979 % | RAM App: 136.008 MB | Sys Avail: 30956 MB / 65466.5 MB
[ "16:10:08.522" ][SystemMonitor] Stats Update: CPU App: 0.520833 % | Sys: 60.6771 % | RAM App: 136.059 MB | Sys Avail: 30954.9 MB / 65466.5 MB
[ "16:10:09.523" ][SystemMonitor] Stats Update: CPU App: 1.04167 % | Sys: 78.9063 % | RAM App: 136.176 MB | Sys Avail: 30953.2 MB / 65466.5 MB
[ "16:10:10.528" ][SystemMonitor] Stats Update: CPU App: 0 % | Sys: 57.5521 % | RAM App: 136.203 MB | Sys Avail: 30954.8 MB / 65466.5 MB
TelemetryMonitor: Processed 300 frames. Current FPS: 29
[ "16:10:11.530" ][SystemMonitor] Stats Update: CPU App: 0.520833 % | Sys: 76.5625 % | RAM App: 136.238 MB | Sys Avail: 30883.4 MB / 65466.5 MB
[ "16:10:12.530" ][SystemMonitor] Stats Update: CPU App: 0.260417 % | Sys: 89.5833 % | RAM App: 136.32 MB | Sys Avail: 30912.8 MB / 65466.5 MB
[ "16:10:13.523" ][SystemMonitor] Stats Update: CPU App: 1.04167 % | Sys: 64.0625 % | RAM App: 136.348 MB | Sys Avail: 30827.1 MB / 65466.5 MB
[ "16:10:14.524" ][SystemMonitor] Stats Update: CPU App: 0.520833 % | Sys: 68.4896 % | RAM App: 136.375 MB | Sys Avail: 30959.1 MB / 65466.5 MB
[ "16:10:15.523" ][SystemMonitor] Stats Update: CPU App: 0 % | Sys: 63.8021 % | RAM App: 136.395 MB | Sys Avail: 30963.2 MB / 65466.5 MB
[ "16:10:16.547" ][SystemMonitor] Stats Update: CPU App: 1.28205 % | Sys: 67.6923 % | RAM App: 136.414 MB | Sys Avail: 30958.4 MB / 65466.5 MB
[ "16:10:17.530" ][SystemMonitor] Stats Update: CPU App: 0.793651 % | Sys: 71.4286 % | RAM App: 136.438 MB | Sys Avail: 30957.6 MB / 65466.5 MB
[ "16:10:18.526" ][SystemMonitor] Stats Update: CPU App: 0.520833 % | Sys: 64.3229 % | RAM App: 136.457 MB | Sys Avail: 30898.6 MB / 65466.5 MB
[ "16:10:19.531" ][SystemMonitor] Stats Update: CPU App: 1.30208 % | Sys: 70.0521 % | RAM App: 136.465 MB | Sys Avail: 30890.1 MB / 65466.5 MB
[ "16:10:20.530" ][SystemMonitor] Stats Update: CPU App: 0.78125 % | Sys: 84.375 % | RAM App: 136.52 MB | Sys Avail: 30958.7 MB / 65466.5 MB
TelemetryMonitor: Processed 300 frames. Current FPS: 29
[ "16:10:21.530" ][SystemMonitor] Stats Update: CPU App: 0.520833 % | Sys: 64.8438 % | RAM App: 136.543 MB | Sys Avail: 30867.8 MB / 65466.5 MB
[ "16:10:22.524" ][SystemMonitor] Stats Update: CPU App: 0.520833 % | Sys: 70.8333 % | RAM App: 136.59 MB | Sys Avail: 30965.4 MB / 65466.5 MB
[ "16:10:23.523" ][SystemMonitor] Stats Update: CPU App: 0.260417 % | Sys: 67.1875 % | RAM App: 136.621 MB | Sys Avail: 30962.4 MB / 65466.5 MB
[ "16:10:24.528" ][SystemMonitor] Stats Update: CPU App: 0.520833 % | Sys: 62.5 % | RAM App: 136.641 MB | Sys Avail: 30965.1 MB / 65466.5 MB
[ "16:10:25.531" ][SystemMonitor] Stats Update: CPU App: 0.78125 % | Sys: 74.7396 % | RAM App: 135.723 MB | Sys Avail: 30976.7 MB / 65466.5 MB
[ "16:10:26.531" ][SystemMonitor] Stats Update: CPU App: 0.260417 % | Sys: 66.1458 % | RAM App: 135.723 MB | Sys Avail: 30975.5 MB / 65466.5 MB
[ "16:10:27.523" ][SystemMonitor] Stats Update: CPU App: 0.78125 % | Sys: 67.4479 % | RAM App: 135.672 MB | Sys Avail: 30959.3 MB / 65466.5 MB
[ "16:10:28.531" ][SystemMonitor] Stats Update: CPU App: 0.520833 % | Sys: 71.3542 % | RAM App: 135.672 MB | Sys Avail: 30938.3 MB / 65466.5 MB
[ "16:10:29.521" ][SystemMonitor] Stats Update: CPU App: 0.78125 % | Sys: 70.3125 % | RAM App: 135.688 MB | Sys Avail: 30944.9 MB / 65466.5 MB
[ "16:10:30.529" ][SystemMonitor] Stats Update: CPU App: 1.04167 % | Sys: 68.75 % | RAM App: 135.727 MB | Sys Avail: 30947.3 MB / 65466.5 MB
TelemetryMonitor: Processed 300 frames. Current FPS: 29
[ "16:10:31.523" ][SystemMonitor] Stats Update: CPU App: 1.5625 % | Sys: 68.75 % | RAM App: 135.758 MB | Sys Avail: 30932.7 MB / 65466.5 MB
[ "16:10:32.530" ][SystemMonitor] Stats Update: CPU App: 0.520833 % | Sys: 70.3125 % | RAM App: 135.758 MB | Sys Avail: 30939.5 MB / 65466.5 MB
[ "16:10:33.531" ][SystemMonitor] Stats Update: CPU App: 0.520833 % | Sys: 67.7083 % | RAM App: 135.758 MB | Sys Avail: 30923.1 MB / 65466.5 MB
[ "16:10:34.525" ][SystemMonitor] Stats Update: CPU App: 1.30208 % | Sys: 63.8021 % | RAM App: 135.758 MB | Sys Avail: 30961.6 MB / 65466.5 MB
[ "16:10:35.523" ][SystemMonitor] Stats Update: CPU App: 0.78125 % | Sys: 60.1563 % | RAM App: 135.758 MB | Sys Avail: 30958.5 MB / 65466.5 MB
[ "16:10:36.548" ][SystemMonitor] Stats Update: CPU App: 1.28205 % | Sys: 73.8462 % | RAM App: 135.758 MB | Sys Avail: 30898 MB / 65466.5 MB
[ "16:10:37.523" ][SystemMonitor] Stats Update: CPU App: 0.529101 % | Sys: 49.2063 % | RAM App: 135.758 MB | Sys Avail: 30931.2 MB / 65466.5 MB
[ "16:10:38.524" ][SystemMonitor] Stats Update: CPU App: 0.78125 % | Sys: 70.8333 % | RAM App: 135.773 MB | Sys Avail: 30930.2 MB / 65466.5 MB
[ "16:10:39.535" ][SystemMonitor] Stats Update: CPU App: 0.78125 % | Sys: 81.25 % | RAM App: 135.809 MB | Sys Avail: 31021.2 MB / 65466.5 MB
[ "16:10:40.527" ][SystemMonitor] Stats Update: CPU App: 1.30208 % | Sys: 78.3854 % | RAM App: 135.84 MB | Sys Avail: 31025.5 MB / 65466.5 MB
[ "16:10:41.531" ][SystemMonitor] Stats Update: CPU App: 0.520833 % | Sys: 82.0313 % | RAM App: 135.84 MB | Sys Avail: 30958 MB / 65466.5 MB
TelemetryMonitor: Processed 300 frames. Current FPS: 27
[ "16:10:42.528" ][SystemMonitor] Stats Update: CPU App: 0.260417 % | Sys: 99.7396 % | RAM App: 135.863 MB | Sys Avail: 30994.6 MB / 65466.5 MB
[ "16:10:43.524" ][SystemMonitor] Stats Update: CPU App: 0.520833 % | Sys: 93.2292 % | RAM App: 135.914 MB | Sys Avail: 31033.9 MB / 65466.5 MB
[ "16:10:44.548" ][SystemMonitor] Stats Update: CPU App: 0 % | Sys: 80.5128 % | RAM App: 135.934 MB | Sys Avail: 31033.1 MB / 65466.5 MB
[ "16:10:45.548" ][SystemMonitor] Stats Update: CPU App: 0.78125 % | Sys: 80.7292 % | RAM App: 135.992 MB | Sys Avail: 31036.6 MB / 65466.5 MB
[ "16:10:46.533" ][SystemMonitor] Stats Update: CPU App: 1.5873 % | Sys: 81.4815 % | RAM App: 136.043 MB | Sys Avail: 31037.8 MB / 65466.5 MB
[ "16:10:47.535" ][SystemMonitor] Stats Update: CPU App: 0.78125 % | Sys: 78.9063 % | RAM App: 136.098 MB | Sys Avail: 31038.3 MB / 65466.5 MB
[ "16:10:48.532" ][SystemMonitor] Stats Update: CPU App: 1.04167 % | Sys: 77.8646 % | RAM App: 136.125 MB | Sys Avail: 31039.1 MB / 65466.5 MB
[ "16:10:49.523" ][SystemMonitor] Stats Update: CPU App: 0.520833 % | Sys: 79.1667 % | RAM App: 136.168 MB | Sys Avail: 31040.6 MB / 65466.5 MB
[ "16:10:50.532" ][SystemMonitor] Stats Update: CPU App: 0.260417 % | Sys: 64.5833 % | RAM App: 136.262 MB | Sys Avail: 31038.3 MB / 65466.5 MB
[ "16:10:51.537" ][SystemMonitor] Stats Update: CPU App: 1.04167 % | Sys: 70.3125 % | RAM App: 136.293 MB | Sys Avail: 31016.9 MB / 65466.5 MB
[ "16:10:52.530" ][SystemMonitor] Stats Update: CPU App: 0 % | Sys: 81.7708 % | RAM App: 136.332 MB | Sys Avail: 31016.6 MB / 65466.5 MB
TelemetryMonitor: Processed 300 frames. Current FPS: 28
[ "16:10:53.532" ][SystemMonitor] Stats Update: CPU App: 0.260417 % | Sys: 69.2708 % | RAM App: 136.363 MB | Sys Avail: 31028.7 MB / 65466.5 MB
[ "16:10:54.532" ][SystemMonitor] Stats Update: CPU App: 1.30208 % | Sys: 66.1458 % | RAM App: 136.406 MB | Sys Avail: 31028.5 MB / 65466.5 MB
[ "16:10:55.531" ][SystemMonitor] Stats Update: CPU App: 1.82292 % | Sys: 70.0521 % | RAM App: 136.426 MB | Sys Avail: 31031.6 MB / 65466.5 MB
[ "16:10:56.524" ][SystemMonitor] Stats Update: CPU App: 0.520833 % | Sys: 64.5833 % | RAM App: 136.445 MB | Sys Avail: 31033.2 MB / 65466.5 MB
[ "16:10:57.523" ][SystemMonitor] Stats Update: CPU App: 1.30208 % | Sys: 67.7083 % | RAM App: 136.492 MB | Sys Avail: 31036.4 MB / 65466.5 MB
[ "16:10:58.531" ][SystemMonitor] Stats Update: CPU App: 0.520833 % | Sys: 71.3542 % | RAM App: 136.551 MB | Sys Avail: 31036.8 MB / 65466.5 MB
[ "16:10:59.524" ][SystemMonitor] Stats Update: CPU App: 0.260417 % | Sys: 74.7396 % | RAM App: 136.598 MB | Sys Avail: 31018.7 MB / 65466.5 MB
[ "16:11:00.531" ][SystemMonitor] Stats Update: CPU App: 0.78125 % | Sys: 81.7708 % | RAM App: 136.621 MB | Sys Avail: 31016.5 MB / 65466.5 MB
[ "16:11:01.523" ][SystemMonitor] Stats Update: CPU App: 0.78125 % | Sys: 82.8125 % | RAM App: 136.676 MB | Sys Avail: 31018.2 MB / 65466.5 MB
[ "16:11:02.531" ][SystemMonitor] Stats Update: CPU App: 0.78125 % | Sys: 82.5521 % | RAM App: 136.699 MB | Sys Avail: 31029.6 MB / 65466.5 MB
[ "16:11:03.524" ][SystemMonitor] Stats Update: CPU App: 1.04167 % | Sys: 80.2083 % | RAM App: 136.754 MB | Sys Avail: 31024.6 MB / 65466.5 MB
TelemetryMonitor: Processed 300 frames. Current FPS: 27
[ "16:11:04.529" ][SystemMonitor] Stats Update: CPU App: 1.5625 % | Sys: 77.6042 % | RAM App: 136.809 MB | Sys Avail: 31022.2 MB / 65466.5 MB
[ "16:11:05.524" ][SystemMonitor] Stats Update: CPU App: 1.04167 % | Sys: 80.9896 % | RAM App: 136.867 MB | Sys Avail: 31024 MB / 65466.5 MB
[ "16:11:06.532" ][SystemMonitor] Stats Update: CPU App: 0.520833 % | Sys: 78.3854 % | RAM App: 136.93 MB | Sys Avail: 31024 MB / 65466.5 MB
[ "16:11:07.523" ][SystemMonitor] Stats Update: CPU App: 1.04167 % | Sys: 76.3021 % | RAM App: 136.996 MB | Sys Avail: 31028.5 MB / 65466.5 MB
[ "16:11:08.529" ][SystemMonitor] Stats Update: CPU App: 1.30208 % | Sys: 86.1979 % | RAM App: 137.027 MB | Sys Avail: 31024.9 MB / 65466.5 MB
[ "16:11:09.532" ][SystemMonitor] Stats Update: CPU App: 0.520833 % | Sys: 71.3542 % | RAM App: 137.098 MB | Sys Avail: 31027.9 MB / 65466.5 MB
[ "16:11:10.531" ][SystemMonitor] Stats Update: CPU App: 0.260417 % | Sys: 68.2292 % | RAM App: 137.152 MB | Sys Avail: 31043.1 MB / 65466.5 MB
[ "16:11:11.523" ][SystemMonitor] Stats Update: CPU App: 0.78125 % | Sys: 75.5208 % | RAM App: 137.23 MB | Sys Avail: 30976.4 MB / 65466.5 MB
[ "16:11:12.534" ][SystemMonitor] Stats Update: CPU App: 1.30208 % | Sys: 89.0625 % | RAM App: 137.285 MB | Sys Avail: 31051.4 MB / 65466.5 MB
[ "16:11:13.521" ][SystemMonitor] Stats Update: CPU App: 0.78125 % | Sys: 70.8333 % | RAM App: 137.32 MB | Sys Avail: 31039.7 MB / 65466.5 MB
TelemetryMonitor: Processed 300 frames. Current FPS: 29
[ "16:11:14.534" ][SystemMonitor] Stats Update: CPU App: 1.04167 % | Sys: 65.3646 % | RAM App: 137.352 MB | Sys Avail: 31041 MB / 65466.5 MB
[ "16:11:15.523" ][SystemMonitor] Stats Update: CPU App: 0.78125 % | Sys: 69.0104 % | RAM App: 137.438 MB | Sys Avail: 31045.4 MB / 65466.5 MB
[ "16:11:16.532" ][SystemMonitor] Stats Update: CPU App: 0.520833 % | Sys: 72.6563 % | RAM App: 137.465 MB | Sys Avail: 31032.1 MB / 65466.5 MB
[ "16:11:17.525" ][SystemMonitor] Stats Update: CPU App: 0.260417 % | Sys: 64.3229 % | RAM App: 137.484 MB | Sys Avail: 31033.3 MB / 65466.5 MB
[ "16:11:18.532" ][SystemMonitor] Stats Update: CPU App: 0 % | Sys: 67.7083 % | RAM App: 137.512 MB | Sys Avail: 31038.1 MB / 65466.5 MB
[ "16:11:19.523" ][SystemMonitor] Stats Update: CPU App: 1.30208 % | Sys: 69.5313 % | RAM App: 137.535 MB | Sys Avail: 31038 MB / 65466.5 MB
[ "16:11:20.522" ][SystemMonitor] Stats Update: CPU App: 1.30208 % | Sys: 73.4375 % | RAM App: 137.559 MB | Sys Avail: 31039.1 MB / 65466.5 MB
[ "16:11:21.523" ][SystemMonitor] Stats Update: CPU App: 1.5625 % | Sys: 67.4479 % | RAM App: 137.586 MB | Sys Avail: 31039 MB / 65466.5 MB
[ "16:11:22.531" ][SystemMonitor] Stats Update: CPU App: 0.78125 % | Sys: 80.7292 % | RAM App: 137.625 MB | Sys Avail: 31000.5 MB / 65466.5 MB
[ "16:11:23.525" ][SystemMonitor] Stats Update: CPU App: 0.520833 % | Sys: 67.4479 % | RAM App: 137.66 MB | Sys Avail: 30990.9 MB / 65466.5 MB
[ "16:11:24.532" ][SystemMonitor] Stats Update: CPU App: 1.30208 % | Sys: 79.9479 % | RAM App: 137.68 MB | Sys Avail: 30978.9 MB / 65466.5 MB
TelemetryMonitor: Processed 300 frames. Current FPS: 29
[ "16:11:25.524" ][SystemMonitor] Stats Update: CPU App: 1.30208 % | Sys: 71.3542 % | RAM App: 136.758 MB | Sys Avail: 30982.9 MB / 65466.5 MB
[ "16:11:26.533" ][SystemMonitor] Stats Update: CPU App: 0.520833 % | Sys: 76.8229 % | RAM App: 136.758 MB | Sys Avail: 30997.4 MB / 65466.5 MB
[ "16:11:27.523" ][SystemMonitor] Stats Update: CPU App: 0 % | Sys: 82.8125 % | RAM App: 136.758 MB | Sys Avail: 31297.9 MB / 65466.5 MB
[ "16:11:28.532" ][SystemMonitor] Stats Update: CPU App: 1.82292 % | Sys: 83.0729 % | RAM App: 136.758 MB | Sys Avail: 31463.5 MB / 65466.5 MB
[ "16:11:29.523" ][SystemMonitor] Stats Update: CPU App: 0.78125 % | Sys: 73.6979 % | RAM App: 136.77 MB | Sys Avail: 31463.9 MB / 65466.5 MB
[ "16:11:30.533" ][SystemMonitor] Stats Update: CPU App: 0 % | Sys: 70.8333 % | RAM App: 136.789 MB | Sys Avail: 31443.5 MB / 65466.5 MB
[ "16:11:31.523" ][SystemMonitor] Stats Update: CPU App: 0.78125 % | Sys: 80.7292 % | RAM App: 136.797 MB | Sys Avail: 31430.1 MB / 65466.5 MB
[ "16:11:32.531" ][SystemMonitor] Stats Update: CPU App: 1.30208 % | Sys: 61.7188 % | RAM App: 136.801 MB | Sys Avail: 31434.3 MB / 65466.5 MB
[ "16:11:33.524" ][SystemMonitor] Stats Update: CPU App: 0.78125 % | Sys: 69.2708 % | RAM App: 136.801 MB | Sys Avail: 31436 MB / 65466.5 MB
[ "16:11:34.522" ][SystemMonitor] Stats Update: CPU App: 0.78125 % | Sys: 68.2292 % | RAM App: 136.801 MB | Sys Avail: 31442.2 MB / 65466.5 MB
TelemetryMonitor: Processed 300 frames. Current FPS: 28
[ "16:11:35.533" ][SystemMonitor] Stats Update: CPU App: 0.260417 % | Sys: 67.7083 % | RAM App: 136.801 MB | Sys Avail: 31383.7 MB / 65466.5 MB
[ "16:11:36.524" ][SystemMonitor] Stats Update: CPU App: 0.520833 % | Sys: 58.5938 % | RAM App: 136.801 MB | Sys Avail: 31377.5 MB / 65466.5 MB
[ "16:11:37.523" ][SystemMonitor] Stats Update: CPU App: 0.78125 % | Sys: 61.1979 % | RAM App: 136.801 MB | Sys Avail: 31375.2 MB / 65466.5 MB
[ "16:11:38.531" ][SystemMonitor] Stats Update: CPU App: 1.04167 % | Sys: 80.9896 % | RAM App: 136.801 MB | Sys Avail: 31376.1 MB / 65466.5 MB
[ "16:11:39.525" ][SystemMonitor] Stats Update: CPU App: 1.5625 % | Sys: 76.5625 % | RAM App: 136.801 MB | Sys Avail: 31270.2 MB / 65466.5 MB
[ "16:11:40.533" ][SystemMonitor] Stats Update: CPU App: 0.520833 % | Sys: 61.7188 % | RAM App: 136.801 MB | Sys Avail: 31249 MB / 65466.5 MB
[ "16:11:41.524" ][SystemMonitor] Stats Update: CPU App: 1.30208 % | Sys: 72.6563 % | RAM App: 136.801 MB | Sys Avail: 31175.5 MB / 65466.5 MB
[ "16:11:42.532" ][SystemMonitor] Stats Update: CPU App: 1.04167 % | Sys: 93.75 % | RAM App: 136.801 MB | Sys Avail: 31238.6 MB / 65466.5 MB
[ "16:11:43.533" ][SystemMonitor] Stats Update: CPU App: 0.520833 % | Sys: 73.1771 % | RAM App: 136.82 MB | Sys Avail: 31179.5 MB / 65466.5 MB
[ "16:11:44.523" ][SystemMonitor] Stats Update: CPU App: 0.78125 % | Sys: 59.1146 % | RAM App: 136.84 MB | Sys Avail: 31175 MB / 65466.5 MB
[ "16:11:45.523" ][SystemMonitor] Stats Update: CPU App: 1.04167 % | Sys: 59.8958 % | RAM App: 136.863 MB | Sys Avail: 31173.2 MB / 65466.5 MB
TelemetryMonitor: Processed 300 frames. Current FPS: 29
[ "16:11:46.534" ][SystemMonitor] Stats Update: CPU App: 1.04167 % | Sys: 77.3438 % | RAM App: 136.883 MB | Sys Avail: 31171 MB / 65466.5 MB
[ "16:11:47.524" ][SystemMonitor] Stats Update: CPU App: 1.04167 % | Sys: 66.6667 % | RAM App: 136.902 MB | Sys Avail: 31170.9 MB / 65466.5 MB
[ "16:11:48.533" ][SystemMonitor] Stats Update: CPU App: 0.78125 % | Sys: 67.9688 % | RAM App: 136.922 MB | Sys Avail: 31168.7 MB / 65466.5 MB
[ "16:11:49.553" ][SystemMonitor] Stats Update: CPU App: 1.79487 % | Sys: 88.2051 % | RAM App: 136.941 MB | Sys Avail: 31159.6 MB / 65466.5 MB
[ "16:11:50.526" ][SystemMonitor] Stats Update: CPU App: 1.32275 % | Sys: 70.8995 % | RAM App: 136.965 MB | Sys Avail: 31158.5 MB / 65466.5 MB
[ "16:11:51.524" ][SystemMonitor] Stats Update: CPU App: 1.04167 % | Sys: 60.4167 % | RAM App: 136.984 MB | Sys Avail: 31157.9 MB / 65466.5 MB
[ "16:11:52.528" ][SystemMonitor] Stats Update: CPU App: 0.78125 % | Sys: 60.1563 % | RAM App: 137.008 MB | Sys Avail: 31156.7 MB / 65466.5 MB
[ "16:11:53.533" ][SystemMonitor] Stats Update: CPU App: 1.04167 % | Sys: 74.7396 % | RAM App: 137.027 MB | Sys Avail: 31129.7 MB / 65466.5 MB
[ "16:11:54.533" ][SystemMonitor] Stats Update: CPU App: 0.78125 % | Sys: 60.6771 % | RAM App: 137.047 MB | Sys Avail: 31130 MB / 65466.5 MB
[ "16:11:55.533" ][SystemMonitor] Stats Update: CPU App: 0.260417 % | Sys: 59.6354 % | RAM App: 137.066 MB | Sys Avail: 31135.8 MB / 65466.5 MB
TelemetryMonitor: Processed 300 frames. Current FPS: 29
[ "16:11:56.527" ][SystemMonitor] Stats Update: CPU App: 0.260417 % | Sys: 78.125 % | RAM App: 137.086 MB | Sys Avail: 31133.5 MB / 65466.5 MB
[ "16:11:57.523" ][SystemMonitor] Stats Update: CPU App: 1.04167 % | Sys: 62.2396 % | RAM App: 137.238 MB | Sys Avail: 31128.8 MB / 65466.5 MB
[ "16:11:58.527" ][SystemMonitor] Stats Update: CPU App: 1.04167 % | Sys: 60.9375 % | RAM App: 137.273 MB | Sys Avail: 31124.8 MB / 65466.5 MB
[ "16:11:59.534" ][SystemMonitor] Stats Update: CPU App: 0.520833 % | Sys: 67.4479 % | RAM App: 137.309 MB | Sys Avail: 31047.6 MB / 65466.5 MB
