ninja: Entering directory `build'
[1/65] Copying appScrollBench qml sources into build dir
[2/65] Running qmlimportscanner for appScrollBench
[3/65] Automatic MOC and UIC for target tst_automation
[4/65] Automatic MOC and UIC for target tst_linkage
[5/65] Automatic MOC and UIC for target tst_imagemodel
[6/65] Building CXX object test_scrollbench/CMakeFiles/tst_automation.dir/__/src/SettingsHelper.cpp.obj
[7/65] Building CXX object test_scrollbench/CMakeFiles/tst_automation.dir/__/src/FileCacheManager.cpp.obj
[8/65] Automatic MOC and UIC for target appScrollBench
[9/65] Building CXX object test_scrollbench/CMakeFiles/tst_linkage.dir/tst_linkage_autogen/mocs_compilation.cpp.obj
[10/65] Building CXX object CMakeFiles/tst_imagemodel.dir/tst_imagemodel_autogen/mocs_compilation.cpp.obj
[11/65] Building CXX object test_scrollbench/CMakeFiles/tst_automation.dir/tst_automation_autogen/mocs_compilation.cpp.obj
[12/65] Building CXX object CMakeFiles/tst_imagemodel.dir/src/SettingsHelper.cpp.obj
[13/65] Building CXX object test_scrollbench/CMakeFiles/tst_automation.dir/__/src/AsyncImageProvider.cpp.obj
[14/65] Building CXX object test_scrollbench/CMakeFiles/tst_linkage.dir/__/src/AsyncImageProvider.cpp.obj
[15/65] Building CXX object CMakeFiles/tst_imagemodel.dir/src/FileCacheManager.cpp.obj
[16/65] Running AUTOMOC file extraction for target appScrollBench
[17/65] Running rcc for resource appScrollBench_raw_qml_0
[18/65] Linking CXX executable D:\Dev\antigravity\test_scrollbench\deploy\tst_automation.exe
[19/65] Running moc --collect-json for target appScrollBench
[20/65] Automatic QML type registration for target appScrollBench
[21/65] Generating .rcc/qmlcache/appScrollBench_qml/PhotoViewerScrollBench_qml.cpp, .rcc/qmlcache/appScrollBench_qml/PhotoViewerScrollBench_qml.cpp.aotstats
[22/65] Generating .rcc/qmlcache/appScrollBench_qml/AlbumsViewScrollBench_qml.cpp, .rcc/qmlcache/appScrollBench_qml/AlbumsViewScrollBench_qml.cpp.aotstats
[23/65] Generating .rcc/qmlcache/appScrollBench_qml/GalleryViewScrollBench_qml.cpp, .rcc/qmlcache/appScrollBench_qml/GalleryViewScrollBench_qml.cpp.aotstats
[24/65] Generating .rcc/qmlcache/appScrollBench_qml/MainScrollBench_qml.cpp, .rcc/qmlcache/appScrollBench_qml/MainScrollBench_qml.cpp.aotstats
[25/65] Generating .rcc/qmlcache/appScrollBench_qml/GalleryViewSemanticScrollBench_qml.cpp, .rcc/qmlcache/appScrollBench_qml/GalleryViewSemanticScrollBench_qml.cpp.aotstats
[26/65] Building CXX object test_scrollbench/CMakeFiles/tst_linkage.dir/__/src/SettingsHelper.cpp.obj
[27/65] Generating .rcc/qmlcache/appScrollBench_qml/UsageGraph_qml.cpp, .rcc/qmlcache/appScrollBench_qml/UsageGraph_qml.cpp.aotstats
[28/65] Generating .rcc/qmlcache/appScrollBench_qml/DateScrubber_qml.cpp, .rcc/qmlcache/appScrollBench_qml/DateScrubber_qml.cpp.aotstats
[29/65] Generating .rcc/qmlcache/appScrollBench_qml/ResizeEditor_qml.cpp, .rcc/qmlcache/appScrollBench_qml/ResizeEditor_qml.cpp.aotstats
[30/65] Generating .rcc/qmlcache/appScrollBench_qml/PerformanceOverlay_qml.cpp, .rcc/qmlcache/appScrollBench_qml/PerformanceOverlay_qml.cpp.aotstats
[31/65] Generating .rcc/qmlcache/appScrollBench_qml/ShareDialog_qml.cpp, .rcc/qmlcache/appScrollBench_qml/ShareDialog_qml.cpp.aotstats
[32/65] Generating .rcc/qmlcache/appScrollBench_qml/SelectionActionBar_qml.cpp, .rcc/qmlcache/appScrollBench_qml/SelectionActionBar_qml.cpp.aotstats
[33/65] Generating .rcc/qmlcache/appScrollBench_qml/VideoFeedbackOverlay_qml.cpp, .rcc/qmlcache/appScrollBench_qml/VideoFeedbackOverlay_qml.cpp.aotstats
[34/65] Generating .rcc/qmlcache/appScrollBench_qml/BenchmarkRunner_qml.cpp, .rcc/qmlcache/appScrollBench_qml/BenchmarkRunner_qml.cpp.aotstats
[35/65] Generating .rcc/qmlcache/appScrollBench_qml/DiagnosticsOverlay_qml.cpp, .rcc/qmlcache/appScrollBench_qml/DiagnosticsOverlay_qml.cpp.aotstats
[36/65] Building CXX object test_scrollbench/CMakeFiles/tst_linkage.dir/__/src/FileCacheManager.cpp.obj
[37/65] Generating .rcc/qmlcache/appScrollBench_qml/DiagnosticRow_qml.cpp, .rcc/qmlcache/appScrollBench_qml/DiagnosticRow_qml.cpp.aotstats
[38/65] Generating .rcc/qmlcache/appScrollBench_qml/DebugTuner_qml.cpp, .rcc/qmlcache/appScrollBench_qml/DebugTuner_qml.cpp.aotstats
[39/65] Linking CXX executable D:\Dev\antigravity\test_scrollbench\deploy\tst_linkage.exe
[40/65] Building CXX object CMakeFiles/tst_imagemodel.dir/src/AsyncImageProvider.cpp.obj
[41/65] Building CXX object test_scrollbench/CMakeFiles/appScrollBench.dir/appscrollbench_qmltyperegistrations.cpp.obj
[42/65] Building CXX object test_scrollbench/CMakeFiles/appScrollBench.dir/__/src/SettingsHelper.cpp.obj
[43/65] Buil