ninja: Entering directory `build'
[1/56] Copying appScrollBench qml sources into build dir
[2/56] Running qmlimportscanner for appScrollBench
[3/56] Automatic MOC and UIC for target tst_linkage
[4/56] Automatic MOC and UIC for target tst_automation
[5/56] Automatic MOC and UIC for target appScrollBench
[6/56] Running rcc for resource appScrollBench_raw_qml_0
[7/56] Running AUTOMOC file extraction for target appScrollBench
[8/56] Running moc --collect-json for target appScrollBench
[9/56] Automatic QML type registration for target appScrollBench
[10/56] Building CXX object test_scrollbench/CMakeFiles/tst_linkage.dir/src/tst_linkage.cpp.obj
[11/56] Building CXX object test_scrollbench/CMakeFiles/tst_automation.dir/src/tst_automation.cpp.obj
[12/56] Generating .rcc/qmlcache/appScrollBench_qml/GalleryViewScrollBench_qml.cpp, .rcc/qmlcache/appScrollBench_qml/GalleryViewScrollBench_qml.cpp.aotstats
[13/56] Generating .rcc/qmlcache/appScrollBench_qml/MainScrollBench_qml.cpp, .rcc/qmlcache/appScrollBench_qml/MainScrollBench_qml.cpp.aotstats
[14/56] Generating .rcc/qmlcache/appScrollBench_qml/GalleryViewSemanticScrollBench_qml.cpp, .rcc/qmlcache/appScrollBench_qml/GalleryViewSemanticScrollBench_qml.cpp.aotstats
[15/56] Generating .rcc/qmlcache/appScrollBench_qml/AlbumsViewScrollBench_qml.cpp, .rcc/qmlcache/appScrollBench_qml/AlbumsViewScrollBench_qml.cpp.aotstats
[16/56] Generating .rcc/qmlcache/appScrollBench_qml/PhotoViewerScrollBench_qml.cpp, .rcc/qmlcache/appScrollBench_qml/PhotoViewerScrollBench_qml.cpp.aotstats
[17/56] Generating .rcc/qmlcache/appScrollBench_qml/UsageGraph_qml.cpp, .rcc/qmlcache/appScrollBench_qml/UsageGraph_qml.cpp.aotstats
[18/56] Generating .rcc/qmlcache/appScrollBench_qml/DateScrubber_qml.cpp, .rcc/qmlcache/appScrollBench_qml/DateScrubber_qml.cpp.aotstats
[19/56] Generating .rcc/qmlcache/appScrollBench_qml/ShareDialog_qml.cpp, .rcc/qmlcache/appScrollBench_qml/ShareDialog_qml.cpp.aotstats
[20/56] Generating .rcc/qmlcache/appScrollBench_qml/PerformanceOverlay_qml.cpp, .rcc/qmlcache/appScrollBench_qml/PerformanceOverlay_qml.cpp.aotstats
[21/56] Generating .rcc/qmlcache/appScrollBench_qml/BenchmarkRunner_qml.cpp, .rcc/qmlcache/appScrollBench_qml/BenchmarkRunner_qml.cpp.aotstats
[22/56] Generating .rcc/qmlcache/appScrollBench_qml/SelectionActionBar_qml.cpp, .rcc/qmlcache/appScrollBench_qml/SelectionActionBar_qml.cpp.aotstats
[23/56] Generating .rcc/qmlcache/appScrollBench_qml/VideoFeedbackOverlay_qml.cpp, .rcc/qmlcache/appScrollBench_qml/VideoFeedbackOverlay_qml.cpp.aotstats
[24/56] Generating .rcc/qmlcache/appScrollBench_qml/ResizeEditor_qml.cpp, .rcc/qmlcache/appScrollBench_qml/ResizeEditor_qml.cpp.aotstats
[25/56] Generating .rcc/qmlcache/appScrollBench_qml/DebugTuner_qml.cpp, .rcc/qmlcache/appScrollBench_qml/DebugTuner_qml.cpp.aotstats
[26/56] Generating .rcc/qmlcache/appScrollBench_qml/DiagnosticsOverlay_qml.cpp, .rcc/qmlcache/appScrollBench_qml/DiagnosticsOverlay_qml.cpp.aotstats
[27/56] Generating .rcc/qmlcache/appScrollBench_qml/DiagnosticRow_qml.cpp, .rcc/qmlcache/appScrollBench_qml/DiagnosticRow_qml.cpp.aotstats
[28/56] Building CXX object test_scrollbench/CMakeFiles/tst_automation.dir/tst_automation_autogen/mocs_compilation.cpp.obj
[29/56] Building CXX object test_scrollbench/CMakeFiles/tst_automation.dir/src/ScrollBenchImageModel.cpp.obj
In file included from D:/Dev/antigravity/3rdparty/LibRaw/libraw/libraw_datastream.h:38,
                 from D:/Dev/antigravity/3rdparty/LibRaw/libraw/libraw.h:77,
                 from D:/Dev/antigravity/test_scrollbench/src/ScrollBenchImageModel.cpp:19:
D:/Qt/Tools/mingw1310_64/x86_64-w64-mingw32/include/winsock2.h:15:2: warning: #warning Please include winsock2.h before windows.h [-Wcpp]
   15 | #warning Please include winsock2.h before windows.h
      |  ^~~~~~~
[30/56] Building CXX object test_scrollbench/CMakeFiles/tst_linkage.dir/src/ScrollBenchImageModel.cpp.obj
In file included from D:/Dev/antigravity/3rdparty/LibRaw/libraw/libraw_datastream.h:38,
                 from D:/Dev/antigravity/3rdparty/LibRaw/libraw/libraw.h:77,
                 from D:/Dev/antigravity/test_scrollbench/src/ScrollBenchImageModel.cpp:19:
D:/Qt/Tools/mingw1310_64/x86_64-w64-mingw32/include/winsock2.h:15:2: warning: #warning Please include winsock2.h before windows.h [-Wcpp]
   15 | #warning Please include winsock2.h before windows.h
      |  ^~~~~~~
[31/56] Building CXX object test_scrollbench/CMakeFiles/tst_linkage.dir/tst_linkage_autogen/mocs_compilation.cpp.obj
[32/56] Building CXX object test_scrollbench/CMakeFiles/appScrollBench.dir/src/DiagnosticsMonitor.cpp.obj
[33/56] Building CXX object test_scrollbench/CMakeFiles/appScrollBench.dir/appscrollbench_qmltyperegistrations.cpp.obj
[34/56] Building CXX object test_scrollbench/CMakeFiles/appScrollBench.dir/src/main_scrollbench.cpp.obj
[35/56] Building CXX object test_scrollbench/CMakeFiles/appScrollBench.dir/.rcc/qmlcache/appScrollBench_qml/MainScrollBench_qml.cpp.obj
[36/56] Building CXX object test_scrollbench/CMakeFiles/appScrollBench.dir/.rcc/qmlcache/appScrollBench_qml/GalleryViewScrollBench_qml.cpp.obj
[37/56] Building CXX object test_scrollbench/CMakeFiles/appScrollBench.dir/.rcc/qmlcache/appScrollBench_qml/GalleryViewSemanticScrollBench_qml.cpp.obj
[38/56] Building CXX object test_scrollbench/CMakeFiles/appScrollBench.dir/src/ScrollBenchImageModel.cpp.obj
In file included from D:/Dev/antigravity/3rdparty/LibRaw/libraw/libraw_datastream.h:38,
                 from D:/Dev/antigravity/3rdparty/LibRaw/libraw/libraw.h:77,
                 from D:/Dev/antigravity/test_scrollbench/src/ScrollBenchImageModel.cpp:19:
D:/Qt/Tools/mingw1310_64/x86_64-w64-mingw32/include/winsock2.h:15:2: warning: #warning Please include winsock2.h before windows.h [-Wcpp]
   15 | #warning Please include winsock2.h before windows.h
      |  ^~~~~~~
[39/56] Building CXX object test_scrollbench/CMakeFiles/appScrollBench.dir/appScrollBench_autogen/mocs_compilation.cpp.obj
[40/56] Building CXX object test_scrollbench/CMakeFiles/appScrollBench.dir/.rcc/qmlcache/appScrollBench_qml/PerformanceOverlay_qml.cpp.obj
[41/56] Building CXX object test_scrollbench/CMakeFiles/appScrollBench.dir/.rcc/qmlcache/appScrollBench_qml/DateScrubber_qml.cpp.obj
[42/56] Building CXX object test_scrollbench/CMakeFiles/appScrollBench.dir/.rcc/qmlcache/appScrollBench_qml/AlbumsViewScrollBench_qml.cpp.obj
[43/56] Building CXX object test_scrollbench/CMakeFiles/appScrollBench.dir/.rcc/qmlcache/appScrollBench_qml/ShareDialog_qml.cpp.obj
[44/56] Building CXX object test_scrollbench/CMakeFiles/appScrollBench.dir/.rcc/qmlcache/appScrollBench_qml/PhotoViewerScrollBench_qml.cpp.obj
[45/56] Building CXX object test_scrollbench/CMakeFiles/appScrollBench.dir/.rcc/qmlcache/appScrollBench_qml/ResizeEditor_qml.cpp.obj
[46/56] Building CXX object test_scrollbench/CMakeFiles/appScrollBench.dir/.rcc/qmlcache/appScrollBench_qml/UsageGraph_qml.cpp.obj
[47/56] Building CXX object test_scrollbench/CMakeFiles/appScrollBench.dir/.rcc/qmlcache/appScrollBench_qml/VideoFeedbackOverlay_qml.cpp.obj
[48/56] Building CXX object test_scrollbench/CMakeFiles/appScrollBench.dir/.rcc/qmlcache/appScrollBench_qml/SelectionActionBar_qml.cpp.obj
[49/56] Building CXX object test_scrollbench/CMakeFiles/appScrollBench.dir/.qt/rcc/qrc_appScrollBench_raw_qml_0.cpp.obj
[50/56] Linking CXX executable D:\Dev\antigravity\test_scrollbench\deploy\tst_automation.exe
[51/56] Linking CXX executable D:\Dev\antigravity\test_scrollbench\deploy\tst_linkage.exe
[52/56] Building CXX object test_scrollbench/CMakeFiles/appScrollBench.dir/.rcc/qmlcache/appScrollBench_qml/DiagnosticsOverlay_qml.cpp.obj
[53/56] Building CXX object test_scrollbench/CMakeFiles/appScrollBench.dir/.rcc/qmlcache/appScrollBench_qml/BenchmarkRunner_qml.cpp.obj
[54/56] Building CXX object test_scrollbench/CMakeFiles/appScrollBench.dir/.rcc/qmlcache/appScrollBench_qml/DiagnosticRow_qml.cpp.obj
[55/56] Building CXX object test_scrollbench/CMakeFiles/appScrollBench.dir/.rcc/qmlcache/appScrollBench_qml/DebugTuner_qml.cpp.obj
[56/56] Linking CXX executable D:\Dev\antigravity\test_scrollbench\deploy\appScrollBench.exe
================ ENVIRONMENT SNAPSHOT ================
OS              : "Windows 10 Version 22H2"
CPU Arch        : "x86_64" ( 6 logical threads)
Total System RAM: 65466.5 MB
GPU detected    : "NVIDIA GeForce GTX 1050 Ti" ( 4004 MB VRAM)
======================================================
[ "02:53:27.302" ][HWAccel] Requested mode: SettingsHelper::CUDA
[ "02:53:27.302" ][HWAccel] Attempting cuda ...
[ "02:53:27.302" ][HWAccel] SUCCESS: cuda initialized
[Diagnostics] Monitor started - running checks every 1000ms
SystemMonitor: Starting monitoring with interval 1000 ms
[ "02:53:27.397" ][SystemMonitor] Stats Update: CPU App: 0 % | Sys: 0 % | RAM App: 144.672 MB | Sys Avail: 49342.4 MB / 65466.5 MB
[SystemMonitor] Resource Update: RAM: 144.672 MB (Delta: 144.672 ) | VRAM: 46.8047 MB (Delta: 46.8047 )
[Diagnostics] Attached to ScrollBenchImageModel
[Diagnostics] Attached to SettingsHelper
[TaskScheduler] Started 2 CPU threads and 4 IO threads.
FileCacheManager: Initialized with Memory-Mapped Ring Buffer at "C:/Users/curtis/AppData/Local/appScrollBench/cache/thumbnails/FileCache.mmap"
qrc:/ScrollBench/qml/MainScrollBench.qml:22:5: QML Settings: Failed to initialize QSettings instance. Status code is: 1
qrc:/ScrollBench/qml/MainScrollBench.qml:22:5: QML Settings: The following application identifiers have not been set: QList("organizationName", "organizationDomain")
qrc:/ScrollBench/qml/MainScrollBench.qml:22:5: QML Settings: The Settings type from Qt.labs.settings is deprecated and will be removed in a future release. Please use the one from QtCore instead.
[ "02:53:28.397" ][SystemMonitor] Stats Update: CPU App: 11.7801 % | Sys: 28.2723 % | RAM App: 221.309 MB | Sys Avail: 49277.4 MB / 65466.5 MB
[SystemMonitor] Resource Update: RAM: 221.309 MB (Delta: 76.6367 ) | VRAM: 74.5898 MB (Delta: 27.7852 )
[ "02:53:29.411" ][SystemMonitor] Stats Update: CPU App: 1.5544 % | Sys: 10.1036 % | RAM App: 222.895 MB | Sys Avail: 49267.2 MB / 65466.5 MB
[ "02:53:30.399" ][SystemMonitor] Stats Update: CPU App: 1.04167 % | Sys: 5.46875 % | RAM App: 222.941 MB | Sys Avail: 49276.4 MB / 65466.5 MB
[ "02:53:31.411" ][SystemMonitor] Stats Update: CPU App: 1.04167 % | Sys: 13.8021 % | RAM App: 222.945 MB | Sys Avail: 49268.9 MB / 65466.5 MB
[ "02:53:32.397" ][SystemMonitor] Stats Update: CPU App: 0.520833 % | Sys: 5.46875 % | RAM App: 222.949 MB | Sys Avail: 49270.4 MB / 65466.5 MB
[ "02:53:33.411" ][SystemMonitor] Stats Update: CPU App: 1.5625 % | Sys: 5.72917 % | RAM App: 222.949 MB | Sys Avail: 49274.9 MB / 65466.5 MB
[ "02:53:34.405" ][SystemMonitor] Stats Update: CPU App: 0.78125 % | Sys: 6.51042 % | RAM App: 222.973 MB | Sys Avail: 49276.1 MB / 65466.5 MB
[ "02:53:35.400" ][SystemMonitor] Stats Update: CPU App: 0 % | Sys: 28.125 % | RAM App: 222.82 MB | Sys Avail: 49244.8 MB / 65466.5 MB
[ "02:53:36.411" ][SystemMonitor] Stats Update: CPU App: 0.260417 % | Sys: 7.55208 % | RAM App: 222.547 MB | Sys Avail: 49244.5 MB / 65466.5 MB
[ "02:53:37.412" ][SystemMonitor] Stats Update: CPU App: 1.04167 % | Sys: 18.2292 % | RAM App: 222.563 MB | Sys Avail: 49228.2 MB / 65466.5 MB
[ "02:53:38.411" ][SystemMonitor] Stats Update: CPU App: 1.5625 % | Sys: 8.85417 % | RAM App: 222.59 MB | Sys Avail: 49230 MB / 65466.5 MB
TelemetryMonitor: Processed 300 frames. Current FPS: 29
[ "02:53:39.405" ][SystemMonitor] Stats Update: CPU App: 1.82292 % | Sys: 8.85417 % | RAM App: 222.625 MB | Sys Avail: 49243.5 MB / 65466.5 MB
[ "02:53:40.397" ][SystemMonitor] Stats Update: CPU App: 0.78125 % | Sys: 5.98958 % | RAM App: 222.641 MB | Sys Avail: 49240.3 MB / 65466.5 MB
[ "02:53:41.411" ][SystemMonitor] Stats Update: CPU App: 0.260417 % | Sys: 5.20833 % | RAM App: 222.664 MB | Sys Avail: 49240.3 MB / 65466.5 MB
[ "02:53:42.412" ][SystemMonitor] Stats Update: CPU App: 1.04167 % | Sys: 30.9896 % | RAM App: 222.688 MB | Sys Avail: 49165.5 MB / 65466.5 MB
[ "02:53:43.411" ][SystemMonitor] Stats Update: CPU App: 1.04167 % | Sys: 6.51042 % | RAM App: 222.871 MB | Sys Avail: 49172.3 MB / 65466.5 MB
[ "02:53:44.412" ][SystemMonitor] Stats Update: CPU App: 1.30208 % | Sys: 18.4896 % | RAM App: 222.91 MB | Sys Avail: 49177.3 MB / 65466.5 MB
[ "02:53:45.404" ][SystemMonitor] Stats Update: CPU App: 1.30548 % | Sys: 10.705 % | RAM App: 222.98 MB | Sys Avail: 49177.2 MB / 65466.5 MB
[ "02:53:46.397" ][SystemMonitor] Stats Update: CPU App: 1.04167 % | Sys: 9.375 % | RAM App: 223.004 MB | Sys Avail: 49171.2 MB / 65466.5 MB
[ "02:53:47.405" ][SystemMonitor] Stats Update: CPU App: 1.55844 % | Sys: 7.79221 % | RAM App: 223.059 MB | Sys Avail: 49174.5 MB / 65466.5 MB
[ "02:53:48.411" ][SystemMonitor] Stats Update: CPU App: 0 % | Sys: 7.29167 % | RAM App: 220.836 MB | Sys Avail: 49188.4 MB / 65466.5 MB
TelemetryMonitor: Processed 300 frames. Current FPS: 29
[ "02:53:49.404" ][SystemMonitor] Stats Update: CPU App: 0.78125 % | Sys: 9.375 % | RAM App: 221.035 MB | Sys Avail: 49182.7 MB / 65466.5 MB
[ "02:53:50.396" ][SystemMonitor] Stats Update: CPU App: 0.52356 % | Sys: 5.22193 % | RAM App: 221.266 MB | Sys Avail: 49191.7 MB / 65466.5 MB
[ "02:53:51.404" ][SystemMonitor] Stats Update: CPU App: 0.259067 % | Sys: 7.27273 % | RAM App: 221.34 MB | Sys Avail: 49190 MB / 65466.5 MB
[ "02:53:52.412" ][SystemMonitor] Stats Update: CPU App: 1.04167 % | Sys: 5.98958 % | RAM App: 221.367 MB | Sys Avail: 49193.8 MB / 65466.5 MB
[ "02:53:53.397" ][SystemMonitor] Stats Update: CPU App: 1.04167 % | Sys: 8.85417 % | RAM App: 221.535 MB | Sys Avail: 49190.5 MB / 65466.5 MB
[ "02:53:54.412" ][SystemMonitor] Stats Update: CPU App: 0.260417 % | Sys: 26.5625 % | RAM App: 221.602 MB | Sys Avail: 49134.4 MB / 65466.5 MB
[ "02:53:55.398" ][SystemMonitor] Stats Update: CPU App: 1.04167 % | Sys: 16.4063 % | RAM App: 221.621 MB | Sys Avail: 49183.2 MB / 65466.5 MB
[ "02:53:56.412" ][SystemMonitor] Stats Update: CPU App: 1.04167 % | Sys: 23.6979 % | RAM App: 221.645 MB | Sys Avail: 49193.3 MB / 65466.5 MB
[ "02:53:57.405" ][SystemMonitor] Stats Update: CPU App: 0.78125 % | Sys: 5.98958 % | RAM App: 221.664 MB | Sys Avail: 49185.2 MB / 65466.5 MB
[ "02:53:58.397" ][SystemMonitor] Stats Update: CPU App: 0.78125 % | Sys: 7.29167 % | RAM App: 221.832 MB | Sys Avail: 49199.7 MB / 65466.5 MB
TelemetryMonitor: Processed 300 frames. Current FPS: 30
[ "02:53:59.412" ][SystemMonitor] Stats Update: CPU App: 1.04167 % | Sys: 5.72917 % | RAM App: 221.852 MB | Sys Avail: 49198.6 MB / 65466.5 MB
[ "02:54:00.397" ][SystemMonitor] Stats Update: CPU App: 0.789474 % | Sys: 14.1732 % | RAM App: 221.934 MB | Sys Avail: 49200.4 MB / 65466.5 MB
[ "02:54:01.412" ][SystemMonitor] Stats Update: CPU App: 0.257732 % | Sys: 6.42674 % | RAM App: 221.957 MB | Sys Avail: 49204.8 MB / 65466.5 MB
[ "02:54:02.412" ][SystemMonitor] Stats Update: CPU App: 0.520833 % | Sys: 7.06806 % | RAM App: 221.977 MB | Sys Avail: 49207.1 MB / 65466.5 MB
[ "02:54:03.404" ][SystemMonitor] Stats Update: CPU App: 0.78125 % | Sys: 5.72917 % | RAM App: 221.996 MB | Sys Avail: 49238.5 MB / 65466.5 MB
[ "02:54:04.412" ][SystemMonitor] Stats Update: CPU App: 1.30208 % | Sys: 19.7917 % | RAM App: 222.09 MB | Sys Avail: 49242.9 MB / 65466.5 MB
[ "02:54:05.397" ][SystemMonitor] Stats Update: CPU App: 1.04167 % | Sys: 7.03125 % | RAM App: 222.051 MB | Sys Avail: 49242.3 MB / 65466.5 MB
[ "02:54:06.412" ][SystemMonitor] Stats Update: CPU App: 1.02564 % | Sys: 5.38462 % | RAM App: 222.07 MB | Sys Avail: 49242.6 MB / 65466.5 MB
[ "02:54:07.398" ][SystemMonitor] Stats Update: CPU App: 0.26455 % | Sys: 7.14286 % | RAM App: 222.094 MB | Sys Avail: 49243.1 MB / 65466.5 MB
[ "02:54:08.408" ][SystemMonitor] Stats Update: CPU App: 0.78125 % | Sys: 4.42708 % | RAM App: 222.141 MB | Sys Avail: 49245.8 MB / 65466.5 MB
[ "02:54:09.401" ][SystemMonitor] Stats Update: CPU App: 1.04167 % | Sys: 6.51042 % | RAM App: 222.168 MB | Sys Avail: 49242.4 MB / 65466.5 MB
TelemetryMonitor: Processed 300 frames. Current FPS: 29
[ "02:54:10.412" ][SystemMonitor] Stats Update: CPU App: 0.771208 % | Sys: 6.66667 % | RAM App: 222.188 MB | Sys Avail: 49242.4 MB / 65466.5 MB
[ "02:54:11.412" ][SystemMonitor] Stats Update: CPU App: 1.31579 % | Sys: 6.02094 % | RAM App: 222.211 MB | Sys Avail: 49241.4 MB / 65466.5 MB
[ "02:54:12.398" ][SystemMonitor] Stats Update: CPU App: 0.261097 % | Sys: 6.84211 % | RAM App: 222.23 MB | Sys Avail: 49242.1 MB / 65466.5 MB
[ "02:54:13.405" ][SystemMonitor] Stats Update: CPU App: 1.5625 % | Sys: 8.85417 % | RAM App: 222.266 MB | Sys Avail: 49239.7 MB / 65466.5 MB
[ "02:54:14.411" ][SystemMonitor] Stats Update: CPU App: 1.30208 % | Sys: 19.0104 % | RAM App: 222.289 MB | Sys Avail: 49206.7 MB / 65466.5 MB
[ "02:54:15.399" ][SystemMonitor] Stats Update: CPU App: 1.5625 % | Sys: 10.4167 % | RAM App: 222.313 MB | Sys Avail: 49208.2 MB / 65466.5 MB
[ "02:54:16.412" ][SystemMonitor] Stats Update: CPU App: 0.260417 % | Sys: 14.0625 % | RAM App: 222.34 MB | Sys Avail: 49212.8 MB / 65466.5 MB
[ "02:54:17.405" ][SystemMonitor] Stats Update: CPU App: 0.78125 % | Sys: 6.51042 % | RAM App: 222.371 MB | Sys Avail: 49210.3 MB / 65466.5 MB
[ "02:54:18.413" ][SystemMonitor] Stats Update: CPU App: 0 % | Sys: 4.61538 % | RAM App: 222.391 MB | Sys Avail: 49220.1 MB / 65466.5 MB
[ "02:54:19.405" ][SystemMonitor] Stats Update: CPU App: 0.791557 % | Sys: 10.0529 % | RAM App: 222.41 MB | Sys Avail: 49218.5 MB / 65466.5 MB
TelemetryMonitor: Processed 300 frames. Current FPS: 30
[ "02:54:20.412" ][SystemMonitor] Stats Update: CPU App: 0.78125 % | Sys: 14.3959 % | RAM App: 222.504 MB | Sys Avail: 49215.1 MB / 65466.5 MB
[ "02:54:21.412" ][SystemMonitor] Stats Update: CPU App: 0 % | Sys: 9.09091 % | RAM App: 222.527 MB | Sys Avail: 49201.4 MB / 65466.5 MB
[ "02:54:22.398" ][SystemMonitor] Stats Update: CPU App: 0.529101 % | Sys: 10.8466 % | RAM App: 222.551 MB | Sys Avail: 49202.6 MB / 65466.5 MB
[ "02:54:23.400" ][SystemMonitor] Stats Update: CPU App: 1.04167 % | Sys: 6.51042 % | RAM App: 222.57 MB | Sys Avail: 49204.2 MB / 65466.5 MB
[ "02:54:24.414" ][SystemMonitor] Stats Update: CPU App: 0.25641 % | Sys: 35.1282 % | RAM App: 222.594 MB | Sys Avail: 49087.9 MB / 65466.5 MB
[ "02:54:25.404" ][SystemMonitor] Stats Update: CPU App: 0.26455 % | Sys: 33.0688 % | RAM App: 221.68 MB | Sys Avail: 49139.1 MB / 65466.5 MB
[ "02:54:26.413" ][SystemMonitor] Stats Update: CPU App: 0 % | Sys: 34.6154 % | RAM App: 221.625 MB | Sys Avail: 49104.2 MB / 65466.5 MB
[ "02:54:27.396" ][SystemMonitor] Stats Update: CPU App: 0.529101 % | Sys: 17.9894 % | RAM App: 221.633 MB | Sys Avail: 49130.2 MB / 65466.5 MB
[ "02:54:28.413" ][SystemMonitor] Stats Update: CPU App: 1.02564 % | Sys: 6.41026 % | RAM App: 221.609 MB | Sys Avail: 49135 MB / 65466.5 MB
[ "02:54:29.400" ][SystemMonitor] Stats Update: CPU App: 0.529101 % | Sys: 9.25926 % | RAM App: 221.629 MB | Sys Avail: 49152.6 MB / 65466.5 MB
TelemetryMonitor: Processed 300 frames. Current FPS: 30
[ "02:54:30.413" ][SystemMonitor] Stats Update: CPU App: 0.25641 % | Sys: 10 % | RAM App: 221.648 MB | Sys Avail: 49170.1 MB / 65466.5 MB
[ "02:54:31.397" ][SystemMonitor] Stats Update: CPU App: 0.26455 % | Sys: 10.8466 % | RAM App: 221.668 MB | Sys Avail: 49166 MB / 65466.5 MB
[ "02:54:32.412" ][SystemMonitor] Stats Update: CPU App: 0.520833 % | Sys: 5.72917 % | RAM App: 221.668 MB | Sys Avail: 49174 MB / 65466.5 MB
[ "02:54:33.413" ][SystemMonitor] Stats Update: CPU App: 0.512821 % | Sys: 8.20513 % | RAM App: 221.668 MB | Sys Avail: 49173.6 MB / 65466.5 MB
[ "02:54:34.397" ][SystemMonitor] Stats Update: CPU App: 0.793651 % | Sys: 19.0476 % | RAM App: 221.668 MB | Sys Avail: 49141.6 MB / 65466.5 MB
[ "02:54:35.399" ][SystemMonitor] Stats Update: CPU App: 0.260417 % | Sys: 16.9271 % | RAM App: 221.668 MB | Sys Avail: 49152 MB / 65466.5 MB
[ "02:54:36.414" ][SystemMonitor] Stats Update: CPU App: 0.25641 % | Sys: 25.3846 % | RAM App: 221.668 MB | Sys Avail: 49156.5 MB / 65466.5 MB
[ "02:54:37.404" ][SystemMonitor] Stats Update: CPU App: 1.85185 % | Sys: 14.8148 % | RAM App: 221.668 MB | Sys Avail: 49157.2 MB / 65466.5 MB
[ "02:54:38.414" ][SystemMonitor] Stats Update: CPU App: 0.25641 % | Sys: 8.20513 % | RAM App: 221.668 MB | Sys Avail: 49157.4 MB / 65466.5 MB
[ "02:54:39.398" ][SystemMonitor] Stats Update: CPU App: 0.793651 % | Sys: 19.5767 % | RAM App: 221.668 MB | Sys Avail: 49164.4 MB / 65466.5 MB
TelemetryMonitor: Processed 300 frames. Current FPS: 29
[ "02:54:40.413" ][SystemMonitor] Stats Update: CPU App: 0.769231 % | Sys: 12.5641 % | RAM App: 221.672 MB | Sys Avail: 49163.5 MB / 65466.5 MB
[ "02:54:41.405" ][SystemMonitor] Stats Update: CPU App: 0.529101 % | Sys: 7.40741 % | RAM App: 221.672 MB | Sys Avail: 49160 MB / 65466.5 MB
[ "02:54:42.408" ][SystemMonitor] Stats Update: CPU App: 0.520833 % | Sys: 15.1042 % | RAM App: 221.672 MB | Sys Avail: 49142.3 MB / 65466.5 MB
