[2026-07-04 15:47:32.332] [Thread 29180] Debug: [ "15:47:32.330" ][HWAccel] Requested mode: SettingsHelper::None
[2026-07-04 15:47:32.332] [Thread 29180] Info: [ "15:47:32.330" ][HWAccel] CPU decoding selected (no acceleration).
[2026-07-04 15:47:32.332] [Thread 29180] Info: [ "15:47:32.330" ][HWAccel] CPU Features: "SSE, SSE2, SSE3, SSSE3, SSE4.1, SSE4.2, AVX, AVX2, CUDA, VAAPI, DXVA2, QSV, D3D11VA, OPENCL, VULKAN, D3D12VA, AMF"
[2026-07-04 15:47:32.417] [Thread 29180] Debug: Frame budget set to: 4
[2026-07-04 15:47:32.615] [Thread 29180] Debug: [DIAG] Supported Image Formats: QList("bmp", "cur", "gif", "icns", "ico", "jfif", "jpeg", "jpg", "pbm", "pgm", "png", "ppm", "svg", "svgz", "tga", "tif", "tiff", "wbmp", "webp", "xbm", "xpm")
[2026-07-04 15:47:32.615] [Thread 29180] Debug: [ "15:47:32.615" ][HWAccel] Requested mode: SettingsHelper::None
[2026-07-04 15:47:32.615] [Thread 29180] Info: [ "15:47:32.615" ][HWAccel] CPU decoding selected (no acceleration).
[2026-07-04 15:47:32.615] [Thread 29180] Info: [ "15:47:32.615" ][HWAccel] CPU Features: "SSE, SSE2, SSE3, SSSE3, SSE4.1, SSE4.2, AVX, AVX2, CUDA, VAAPI, DXVA2, QSV, D3D11VA, OPENCL, VULKAN, D3D12VA, AMF"
[2026-07-04 15:47:32.620] [Thread 29180] Info: ================ ENVIRONMENT SNAPSHOT ================
[2026-07-04 15:47:32.620] [Thread 29180] Info: OS              : "Windows 10 Version 22H2"
[2026-07-04 15:47:32.620] [Thread 29180] Info: CPU Arch        : "x86_64" ( 6 logical threads)
[2026-07-04 15:47:32.621] [Thread 29180] Info: Total System RAM: 65466.5 MB
[2026-07-04 15:47:32.621] [Thread 29180] Info: GPU detected    : "NVIDIA GeForce GTX 1050 Ti" ( 4004 MB VRAM)
[2026-07-04 15:47:32.621] [Thread 29180] Info: ======================================================
[2026-07-04 15:47:33.080] [Thread 29180] Debug: SystemMonitor: Starting monitoring with interval 1000 ms
[2026-07-04 15:47:33.082] [Thread 29180] Debug: [ "15:47:33.082" ][SystemMonitor] Stats Update: CPU App: 0 % | Sys: 0 % | RAM App: 30.1211 MB | Sys Avail: 31804.3 MB / 65466.5 MB
[2026-07-04 15:47:33.662] [Thread 29180] Warning: qrc:/SamsungGallery/resources/qml_legacy/Main.qml:19:5: QML Settings: The Settings type from Qt.labs.settings is deprecated and will be removed in a future release. Please use the one from QtCore instead.
[2026-07-04 15:47:33.848] [Thread 29180] Debug: Loading last folder: I:/MY SDCArds
[2026-07-04 15:47:33.850] [Thread 29180] Debug: [TaskScheduler] Started 2 CPU threads and 4 IO threads.
[2026-07-04 15:47:33.850] [Thread 29180] Debug: [TaskScheduler] Cleared CPU queue. Removed: 0 tasks.
[2026-07-04 15:47:33.850] [Thread 29180] Debug: [TaskScheduler] Cleared IO queue. Removed: 0 tasks.
[2026-07-04 15:47:33.850] [Thread 19296] Debug: Scanning directory: "I:\\MY SDCArds"
[2026-07-04 15:47:33.850] [Thread 19296] Debug: Scanning directory: "I:\\MY SDCArds"
[2026-07-04 15:47:34.140] [Thread 29180] Debug: [ "15:47:34.140" ][SystemMonitor] Stats Update: CPU App: 14.2157 % | Sys: 76.7157 % | RAM App: 86.9961 MB | Sys Avail: 31764.5 MB / 65466.5 MB
[2026-07-04 15:47:34.140] [Thread 29180] Debug: [SystemMonitor] Resource Update: RAM: 86.9961 MB (Delta: 86.9961 ) | VRAM: 28.3047 MB (Delta: 28.3047 )
[2026-07-04 15:47:34.151] [Thread 30396] Debug: FileCacheManager: Initialized with LMDB (Stub) at "C:/Users/curtis/AppData/Local/SamsungClone/Gallery/cache/thumbnails/FileCache.lmdb"
[2026-07-04 15:47:34.291] [Thread 28984] Warning: Corrupt JPEG data: premature end of data segment
[2026-07-04 15:47:34.301] [Thread 28984] Warning: [AdaptiveIO] Stats:  "I:/"  Avg:  125  Limit:  2  ActiveWeight:  2
[2026-07-04 15:47:34.301] [Thread 18304] Warning: [AdaptiveIO] Stats:  "I:/"  Avg:  125  Limit:  4  ActiveWeight:  2
[2026-07-04 15:47:34.413] [Thread 28984] Warning: [AdaptiveIO] Stats:  "I:/"  Avg:  123.6  Limit:  4  ActiveWeight:  2
[2026-07-04 15:47:34.426] [Thread 18304] Warning: [AdaptiveIO] Stats:  "I:/"  Avg:  123.64  Limit:  4  ActiveWeight:  1
[2026-07-04 15:47:34.434] [Thread 27912] Debug: [ "15:47:34.434" ][VideoThumbnailer] Entering extractFrame for "I:/MY SDCArds/S22 ultra/100_CINE/MOV_0061.MP4"
[2026-07-04 15:47:34.571] [Thread 27912] Warning: [AdaptiveIO] Stats:  "I:/"  Avg:  124.876  Limit:  4  ActiveWeight:  4
[2026-07-04 15:47:34.572] [Thread 25980] Debug: [ "15:47:34.572" ][VideoThumbnailer] Entering extractFrame for "I:/MY SDCArds/S22 ultra/100_CINE/MOV_0060.MP4"
[2026-07-04 15:47:34.659] [Thread 25980] Warning: [AdaptiveIO] Stats:  "I:/"  Avg:  121.188  Limit:  4  ActiveWeight:  4
[2026-07-04 15:47:34.660] [Thread 25980] Debug: [ "15:47:34.660" ][VideoThumbnailer] Entering extractFrame for "I:/MY SDCArds/S22 ultra/100_CINE/MOV_0058.MP4"
[2026-07-04 15:47:34.765] [Thread 25980] Warning: [AdaptiveIO] Stats:  "I:/"  Avg:  119.57  Limit:  4  ActiveWeight:  4
[2026-07-04 15:47:34.765] [Thread 25980] Debug: [ "15:47:34.765" ][VideoThumbnailer] Entering extractFrame for "I:/MY SDCArds/S22 ultra/100_CINE/MOV_0056.MP4"
[2026-07-04 15:47:34.901] [Thread 25980] Warning: [AdaptiveIO] Stats:  "I:/"  Avg:  121.113  Limit:  4  ActiveWeight:  4
[2026-07-04 15:47:35.071] [Thread 29180] Debug: [ "15:47:35.071" ][SystemMonitor] Stats Update: CPU App: 27.5 % | Sys: 94.4444 % | RAM App: 103.367 MB | Sys Avail: 31732.5 MB / 65466.5 MB
[2026-07-04 15:47:36.085] [Thread 29180] Debug: [ "15:47:36.071" ][SystemMonitor] Stats Update: CPU App: 16.1458 % | Sys: 80.4688 % | RAM App: 104.789 MB | Sys Avail: 31743.5 MB / 65466.5 MB
[2026-07-04 15:47:36.546] [Thread 29180] Debug: Scanning background work finished in 2696 ms. Starting batched insertion of 8948 items.
[2026-07-04 15:47:36.601] [Thread 27912] Debug: [ "15:47:36.601" ][VideoThumbnailer] Entering extractFrame for "I:/MY SDCArds/S22 ultra/Snapchat/Snapchat-1390399253.mp4"
[2026-07-04 15:47:36.741] [Thread 27912] Warning: [AdaptiveIO] Stats:  "I:/"  Avg:  122.901  Limit:  4  ActiveWeight:  4
[2026-07-04 15:47:36.744] [Thread 25980] Warning: [ "15:47:36.744" ][AdaptiveIO] Leaked weight recovered for cleared task: "I:/MY SDCArds/S22 ultra/Snapchat/Snapchat-315429331.mp4" Weight: 4 New Active Weight: 0
[2026-07-04 15:47:36.745] [Thread 27912] Debug: [ "15:47:36.745" ][VideoThumbnailer] Entering extractFrame for "I:/MY SDCArds/S22 ultra/Snapchat/Snapchat-1020230256.mp4"
[2026-07-04 15:47:36.875] [Thread 27912] Warning: [AdaptiveIO] Stats:  "I:/"  Avg:  123.611  Limit:  4  ActiveWeight:  4
[2026-07-04 15:47:36.887] [Thread 18304] Warning: [AdaptiveIO] Stats:  "I:/"  Avg:  112.15  Limit:  4  ActiveWeight:  4
[2026-07-04 15:47:36.918] [Thread 28984] Warning: [AdaptiveIO] Stats:  "I:/"  Avg:  105.035  Limit:  4  ActiveWeight:  4
[2026-07-04 15:47:36.922] [Thread 19296] Warning: [AdaptiveIO] Stats:  "I:/"  Avg:  98.8316  Limit:  4  ActiveWeight:  4
[2026-07-04 15:47:36.941] [Thread 18304] Warning: [AdaptiveIO] Stats:  "I:/"  Avg:  93.7484  Limit:  4  ActiveWeight:  4
[2026-07-04 15:47:36.948] [Thread 19296] Warning: [AdaptiveIO] Stats:  "I:/"  Avg:  86.9736  Limit:  4  ActiveWeight:  4
[2026-07-04 15:47:36.959] [Thread 18304] Warning: [AdaptiveIO] Stats:  "I:/"  Avg:  79.9762  Limit:  4  ActiveWeight:  4
[2026-07-04 15:47:36.964] [Thread 19296] Warning: [AdaptiveIO] Stats:  "I:/"  Avg:  73.4786  Limit:  4  ActiveWeight:  4
[2026-07-04 15:47:36.975] [Thread 16820] Warning: [AdaptiveIO] Stats:  "I:/"  Avg:  75.9307  Limit:  4  ActiveWeight:  4
[2026-07-04 15:47:36.979] [Thread 28984] Warning: [AdaptiveIO] Stats:  "I:/"  Avg:  74.2377  Limit:  4  ActiveWeight:  4
[2026-07-04 15:47:36.985] [Thread 18304] Warning: [AdaptiveIO] Stats:  "I:/"  Avg:  69.2139  Limit:  4  ActiveWeight:  4
[2026-07-04 15:47:36.988] [Thread 19296] Warning: [AdaptiveIO] Stats:  "I:/"  Avg:  64.4925  Limit:  4  ActiveWeight:  4
[2026-07-04 15:47:36.989] [Thread 19296] Warning: [ "15:47:36.989" ][AdaptiveIO] Leaked weight recovered for cleared task: "I:/MY SDCArds/S22 ultra/Snapchat/Snapchat-1848469862.jpg" Weight: 1 New Active Weight: 3
[2026-07-04 15:47:36.999] [Thread 28984] Warning: [AdaptiveIO] Stats:  "I:/"  Avg:  59.7433  Limit:  4  ActiveWeight:  3
[2026-07-04 15:47:37.015] [Thread 16820] Warning: [AdaptiveIO] Stats:  "I:/"  Avg:  57.5689  Limit:  4  ActiveWeight:  4
[2026-07-04 15:47:37.032] [Thread 19296] Warning: [AdaptiveIO] Stats:  "I:/"  Avg:  54.712  Limit:  4  ActiveWeight:  4
[2026-07-04 15:47:37.040] [Thread 16820] Warning: [AdaptiveIO] Stats:  "I:/"  Avg:  51.3408  Limit:  4  ActiveWeight:  4
[2026-07-04 15:47:37.124] [Thread 29180] Debug: [ "15:47:37.124" ][SystemMonitor] Stats Update: CPU App: 20.1511 % | Sys: 92.0398 % | RAM App: 121.668 MB | Sys Avail: 31747 MB / 65466.5 MB
[2026-07-04 15:47:37.134] [Thread 18304] Warning: [AdaptiveIO] Stats:  "I:/"  Avg:  61.0067  Limit:  4  ActiveWeight:  4
[2026-07-04 15:47:37.160] [Thread 28984] Warning: [AdaptiveIO] Stats:  "I:/"  Avg:  70.4061  Limit:  4  ActiveWeight:  4
[2026-07-04 15:47:37.165] [Thread 19296] Warning: [AdaptiveIO] Stats:  "I:/"  Avg:  76.3655  Limit:  4  ActiveWeight:  4
[2026-07-04 15:47:37.178] [Thread 16820] Warning: [AdaptiveIO] Stats:  "I:/"  Avg:  82.3289  Limit:  4  ActiveWeight:  4
[2026-07-04 15:47:37.178] [Thread 18304] Warning: [AdaptiveIO] Stats:  "I:/"  Avg:  76.196  Limit:  4  ActiveWeight:  3
[2026-07-04 15:47:37.196] [Thread 28984] Warning: [AdaptiveIO] Stats:  "I:/"  Avg:  72.0764  Limit:  4  ActiveWeight:  4
[2026-07-04 15:47:37.198] [Thread 18304] Warning: [AdaptiveIO] Stats:  "I:/"  Avg:  66.1688  Limit:  4  ActiveWeight:  4
[2026-07-04 15:47:37.198] [Thread 19296] Warning: [AdaptiveIO] Stats:  "I:/"  Avg:  62.8519  Limit:  4  ActiveWeight:  4
[2026-07-04 15:47:37.217] [Thread 19296] Warning: [AdaptiveIO] Stats:  "I:/"  Avg:  58.4667  Limit:  4  ActiveWeight:  4
[2026-07-04 15:47:37.218] [Thread 18304] Warning: [AdaptiveIO] Stats:  "I:/"  Avg:  54.52  Limit:  4  ActiveWeight:  4
[2026-07-04 15:47:37.229] [Thread 28984] Warning: [AdaptiveIO] Stats:  "I:/"  Avg:  50.968  Limit:  4  ActiveWeight:  4
[2026-07-04 15:47:37.238] [Thread 18304] Warning: [AdaptiveIO] Stats:  "I:/"  Avg:  47.8712  Limit:  4  ActiveWeight:  4
[2026-07-04 15:47:37.239] [Thread 16820] Warning: [AdaptiveIO] Stats:  "I:/"  Avg:  46.5841  Limit:  4  ActiveWeight:  4
[2026-07-04 15:47:37.241] [Thread 19296] Warning: [AdaptiveIO] Stats:  "I:/"  Avg:  44.2257  Limit:  4  ActiveWeight:  4
[2026-07-04 15:47:37.252] [Thread 18304] Warning: [AdaptiveIO] Stats:  "I:/"  Avg:  41.2031  Limit:  4  ActiveWeight:  4
[2026-07-04 15:47:37.259] [Thread 28984] Warning: [AdaptiveIO] Stats:  "I:/"  Avg:  39.8828  Limit:  4  ActiveWeight:  4
[2026-07-04 15:47:37.306] [Thread 18304] Warning: [AdaptiveIO] Stats:  "I:/"  Avg:  41.0945  Limit:  4  ActiveWeight:  4
[2026-07-04 15:47:37.309] [Thread 19296] Warning: [AdaptiveIO] Stats:  "I:/"  Avg:  43.7851  Limit:  4  ActiveWeight:  4
[2026-07-04 15:47:37.330] [Thread 16820] Warning: [AdaptiveIO] Stats:  "I:/"  Avg:  48.4066  Limit:  4  ActiveWeight:  4
[2026-07-04 15:47:37.344] [Thread 28984] Warning: [AdaptiveIO] Stats:  "I:/"  Avg:  52.0659  Limit:  4  ActiveWeight:  4
[2026-07-04 15:47:37.371] [Thread 16820] Warning: [AdaptiveIO] Stats:  "I:/"  Avg:  50.7593  Limit:  4  ActiveWeight:  4
[2026-07-04 15:47:37.389] [Thread 18304] Warning: [AdaptiveIO] Stats:  "I:/"  Avg:  53.8834  Limit:  4  ActiveWeight:  4
[2026-07-04 15:47:37.389] [Thread 28984] Warning: [AdaptiveIO] Stats:  "I:/"  Avg:  52.8951  Limit:  4  ActiveWeight:  4
[2026-07-04 15:47:37.390] [Thread 16820] Warning: [AdaptiveIO] Stats:  "I:/"  Avg:  49.3055  Limit:  4  ActiveWeight:  4
[2026-07-04 15:47:37.411] [Thread 19296] Warning: [AdaptiveIO] Stats:  "I:/"  Avg:  54.575  Limit:  4  ActiveWeight:  4
[2026-07-04 15:47:37.415] [Thread 18304] Warning: [AdaptiveIO] Stats:  "I:/"  Avg:  51.6175  Limit:  4  ActiveWeight:  4
[2026-07-04 15:47:37.432] [Thread 28984] Warning: [AdaptiveIO] Stats:  "I:/"  Avg:  50.6557  Limit:  4  ActiveWeight:  5
[2026-07-04 15:47:37.444] [Thread 18304] Warning: [AdaptiveIO] Stats:  "I:/"  Avg:  48.3902  Limit:  4  ActiveWeight:  4
[2026-07-04 15:47:37.476] [Thread 28984] Warning: [AdaptiveIO] Stats:  "I:/"  Avg:  47.8512  Limit:  4  ActiveWeight:  4
[2026-07-04 15:47:37.477] [Thread 19296] Warning: [AdaptiveIO] Stats:  "I:/"  Avg:  49.466  Limit:  4  ActiveWeight:  4
[2026-07-04 15:47:37.505] [Thread 18304] Warning: [AdaptiveIO] Stats:  "I:/"  Avg:  50.5194  Limit:  4  ActiveWeight:  4
[2026-07-04 15:47:37.507] [Thread 28984] Warning: [AdaptiveIO] Stats:  "I:/"  Avg:  48.4675  Limit:  4  ActiveWeight:  4
[2026-07-04 15:47:37.510] [Thread 16820] Warning: [AdaptiveIO] Stats:  "I:/"  Avg:  55.6207  Limit:  4  ActiveWeight:  4
[2026-07-04 15:47:37.518] [Thread 19296] Warning: [AdaptiveIO] Stats:  "I:/"  Avg:  54.0587  Limit:  4  ActiveWeight:  4
[2026-07-04 15:47:37.557] [Thread 18304] Warning: [AdaptiveIO] Stats:  "I:/"  Avg:  53.7528  Limit:  4  ActiveWeight:  4
[2026-07-04 15:47:37.557] [Thread 19296] Warning: [AdaptiveIO] Stats:  "I:/"  Avg:  51.1775  Limit:  4  ActiveWeight:  4
[2026-07-04 15:47:37.558] [Thread 28984] Warning: [AdaptiveIO] Stats:  "I:/"  Avg:  51.0598  Limit:  4  ActiveWeight:  4
[2026-07-04 15:47:37.607] [Thread 18304] Warning: [AdaptiveIO] Stats:  "I:/"  Avg:  50.8538  Limit:  4  ActiveWeight:  4
[2026-07-04 15:47:37.608] [Thread 16820] Warning: [AdaptiveIO] Stats:  "I:/"  Avg:  55.4684  Limit:  4  ActiveWeight:  4
[2026-07-04 15:47:37.618] [Thread 28984] Warning: [AdaptiveIO] Stats:  "I:/"  Avg:  55.8216  Limit:  4  ActiveWeight:  4
[2026-07-04 15:47:37.631] [Thread 19296] Warning: [AdaptiveIO] Stats:  "I:/"  Avg:  57.5394  Limit:  4  ActiveWeight:  3
[2026-07-04 15:47:37.661] [Thread 18304] Warning: [AdaptiveIO] Stats:  "I:/"  Avg:  57.1855  Limit:  4  ActiveWeight:  4
[2026-07-04 15:47:37.667] [Thread 19296] Warning: [AdaptiveIO] Stats:  "I:/"  Avg:  54.9669  Limit:  4  ActiveWeight:  4
[2026-07-04 15:47:37.690] [Thread 28984] Warning: [AdaptiveIO] Stats:  "I:/"  Avg:  55.2702  Limit:  4  ActiveWeight:  3
[2026-07-04 15:47:37.709] [Thread 16820] Warning: [AdaptiveIO] Stats:  "I:/"  Avg:  59.7432  Limit:  4  ActiveWeight:  4
[2026-07-04 15:47:38.079] [Thread 29180] Debug: [ "15:47:38.079" ][SystemMonitor] Stats Update: CPU App: 23.1806 % | Sys: 98.6339 % | RAM App: 135.449 MB | Sys Avail: 31737.4 MB / 65466.5 MB
[2026-07-04 15:47:39.070] [Thread 29180] Debug: [ "15:47:39.070" ][SystemMonitor] Stats Update: CPU App: 8.07292 % | Sys: 83.3333 % | RAM App: 135.582 MB | Sys Avail: 31737.9 MB / 65466.5 MB
[2026-07-04 15:47:40.070] [Thread 29180] Debug: [ "15:47:40.070" ][SystemMonitor] Stats Update: CPU App: 1.04167 % | Sys: 80.2083 % | RAM App: 135.66 MB | Sys Avail: 31739.2 MB / 65466.5 MB
[2026-07-04 15:47:41.072] [Thread 29180] Debug: [ "15:47:41.072" ][SystemMonitor] Stats Update: CPU App: 1.30208 % | Sys: 86.7188 % | RAM App: 135.461 MB | Sys Avail: 31685.8 MB / 65466.5 MB
[2026-07-04 15:47:42.071] [Thread 29180] Debug: [ "15:47:42.071" ][SystemMonitor] Stats Update: CPU App: 0.520833 % | Sys: 99.4792 % | RAM App: 135.449 MB | Sys Avail: 31728.1 MB / 65466.5 MB
[2026-07-04 15:47:43.070] [Thread 29180] Debug: [ "15:47:43.070" ][SystemMonitor] Stats Update: CPU App: 2.08333 % | Sys: 87.5 % | RAM App: 135.41 MB | Sys Avail: 31730 MB / 65466.5 MB
[2026-07-04 15:47:44.070] [Thread 29180] Debug: [ "15:47:44.070" ][SystemMonitor] Stats Update: CPU App: 1.30208 % | Sys: 80.9896 % | RAM App: 135.414 MB | Sys Avail: 31725.5 MB / 65466.5 MB
[2026-07-04 15:47:45.070] [Thread 29180] Debug: [ "15:47:45.070" ][SystemMonitor] Stats Update: CPU App: 0.78125 % | Sys: 77.6042 % | RAM App: 135.398 MB | Sys Avail: 31725.7 MB / 65466.5 MB
[2026-07-04 15:47:46.071] [Thread 29180] Debug: [ "15:47:46.071" ][SystemMonitor] Stats Update: CPU App: 1.04167 % | Sys: 78.6458 % | RAM App: 135.008 MB | Sys Avail: 31725.9 MB / 65466.5 MB
[2026-07-04 15:47:47.071] [Thread 29180] Debug: [ "15:47:47.071" ][SystemMonitor] Stats Update: CPU App: 1.30208 % | Sys: 70.0521 % | RAM App: 135.012 MB | Sys Avail: 31726 MB / 65466.5 MB
[2026-07-04 15:47:48.071] [Thread 29180] Debug: [ "15:47:48.071" ][SystemMonitor] Stats Update: CPU App: 1.04167 % | Sys: 63.5417 % | RAM App: 135.039 MB | Sys Avail: 31713 MB / 65466.5 MB
