warning: in the working copy of 'docs/KNOWN_ISSUES.md', LF will be replaced by CRLF the next time Git touches it
warning: in the working copy of 'docs/TODO.md', LF will be replaced by CRLF the next time Git touches it
[main 3223727] Fix QML selection logic bugs and DragHandler input stealing
 33 files changed, 33297 insertions(+), 3854 deletions(-)
 create mode 100644 graphify-out/2026-07-06/.graphify_analysis.json
 create mode 100644 graphify-out/2026-07-06/.graphify_labels.json
 create mode 100644 graphify-out/2026-07-06/.graphify_semantic_marker
 create mode 100644 graphify-out/2026-07-06/GRAPH_REPORT.md
 create mode 100644 graphify-out/2026-07-06/cost.json
 create mode 100644 graphify-out/2026-07-06/graph.json
 create mode 100644 graphify-out/2026-07-06/manifest.json
 create mode 100644 graphify-out/cache/ast/v0.9.3/0927b503b67da6d5d62334bed7c74719d8bb65c7d69bdb6ac81bae2b70aa284c.json
 create mode 100644 graphify-out/cache/ast/v0.9.3/0e1c034a226573b552b7bab637593cf2e1ba1d95c5599c7dd630faf4edde625c.json
 create mode 100644 graphify-out/cache/ast/v0.9.3/212082ecc63cbd2fee43a4b7a8f69afcfecb9091bc45638632da18998ca92dda.json
 create mode 100644 graphify-out/cache/ast/v0.9.3/38a8d63b53ac6d38882d66f689f8c713a3dccbc915865a6ad45bdcf5e039873f.json
 create mode 100644 graphify-out/cache/ast/v0.9.3/662aa3e2d6b2fd99f84c08109966065ce4f5b1dd97daddbedc85144c0653f32b.json
 create mode 100644 graphify-out/cache/ast/v0.9.3/7ab4e2bf6b3bc9418bad4f6c45b9bf06a384bb6e79c0ff7847b9abf3b9ea6be7.json
 create mode 100644 graphify-out/cache/ast/v0.9.3/902ec03d1e57042658ef3f69b80eb5555bb8be7dfec3d7dcb376c574f1a736bd.json
 create mode 100644 graphify-out/cache/ast/v0.9.3/9efa0e357eaa892735d56a14d52a02c86b7fa33672090cf69dcfe299756f3b19.json
 create mode 100644 graphify-out/cache/ast/v0.9.3/af8c237467d5f94e281fed67d4eeb2e0e1757b1742b2c468059afd65c625c783.json
 create mode 100644 graphify-out/cache/ast/v0.9.3/b7334894b67d6d0edd04e22996d52ba5e75e3aeb6444f765a515642bbb9409b2.json
 create mode 100644 graphify-out/cache/ast/v0.9.3/bead790057b1eea0835a7bf73421152c172039ab0884b1d8d783caa0465c4e83.json
 create mode 100644 graphify-out/cache/ast/v0.9.3/e282343001b31c4ba354bfc57def8f96dc30a8947719ee44150fde5e753578d7.json
 create mode 100644 graphify-out/cache/ast/v0.9.3/ec49b86c315b1910453bab5d229881f5a7de3d6d472cfe148636404f4b128f96.json
 create mode 100644 graphify-out/cache/ast/v0.9.3/ec5378284cc00606e9c89b0733b02182b1a198dda221338ea9a3f62ae8a8a07c.json
To https://github.com/cdrivex4/antigravity.git
   d538f73..3223727  main -> main
