[2026-07-04 15:59:30.411] [Thread 1840] Debug: [ "15:59:30.410" ][HWAccel] Requested mode: SettingsHelper::None
[2026-07-04 15:59:30.411] [Thread 1840] Info: [ "15:59:30.410" ][HWAccel] CPU decoding selected (no acceleration).
[2026-07-04 15:59:30.411] [Thread 1840] Info: [ "15:59:30.410" ][HWAccel] CPU Features: "SSE, SSE2, SSE3, SSSE3, SSE4.1, SSE4.2, AVX, AVX2, CUDA, VAAPI, DXVA2, QSV, D3D11VA, OPENCL, VULKAN, D3D12VA, AMF"
[2026-07-04 15:59:30.428] [Thread 1840] Debug: Frame budget set to: 4
[2026-07-04 15:59:30.438] [Thread 1840] Debug: [DIAG] Supported Image Formats: QList("bmp", "cur", "gif", "icns", "ico", "jfif", "jpeg", "jpg", "pbm", "pgm", "png", "ppm", "svg", "svgz", "tga", "tif", "tiff", "wbmp", "webp", "xbm", "xpm")
[2026-07-04 15:59:30.438] [Thread 1840] Debug: [ "15:59:30.438" ][HWAccel] Requested mode: SettingsHelper::None
[2026-07-04 15:59:30.438] [Thread 1840] Info: [ "15:59:30.438" ][HWAccel] CPU decoding selected (no acceleration).
[2026-07-04 15:59:30.438] [Thread 1840] Info: [ "15:59:30.438" ][HWAccel] CPU Features: "SSE, SSE2, SSE3, SSSE3, SSE4.1, SSE4.2, AVX, AVX2, CUDA, VAAPI, DXVA2, QSV, D3D11VA, OPENCL, VULKAN, D3D12VA, AMF"
[2026-07-04 15:59:30.444] [Thread 1840] Info: ================ ENVIRONMENT SNAPSHOT ================
[2026-07-04 15:59:30.444] [Thread 1840] Info: OS              : "Windows 10 Version 22H2"
[2026-07-04 15:59:30.444] [Thread 1840] Info: CPU Arch        : "x86_64" ( 6 logical threads)
[2026-07-04 15:59:30.444] [Thread 1840] Info: Total System RAM: 65466.5 MB
[2026-07-04 15:59:30.444] [Thread 1840] Info: GPU detected    : "NVIDIA GeForce GTX 1050 Ti" ( 4004 MB VRAM)
[2026-07-04 15:59:30.444] [Thread 1840] Info: ======================================================
[2026-07-04 15:59:31.000] [Thread 1840] Debug: SystemMonitor: Starting monitoring with interval 1000 ms
[2026-07-04 15:59:31.003] [Thread 1840] Debug: [ "15:59:31.003" ][SystemMonitor] Stats Update: CPU App: 0 % | Sys: 0 % | RAM App: 30.1836 MB | Sys Avail: 31692.9 MB / 65466.5 MB
[2026-07-04 15:59:31.139] [Thread 1840] Warning: qrc:/SamsungGallery/resources/qml_legacy/Main.qml:19:5: QML Settings: The Settings type from Qt.labs.settings is deprecated and will be removed in a future release. Please use the one from QtCore instead.
[2026-07-04 15:59:31.303] [Thread 1840] Debug: Loading last folder: I:/MY SDCArds
[2026-07-04 15:59:31.304] [Thread 1840] Debug: [TaskScheduler] Started 2 CPU threads and 4 IO threads.
[2026-07-04 15:59:31.304] [Thread 1840] Debug: [TaskScheduler] Cleared CPU queue. Removed: 0 tasks.
[2026-07-04 15:59:31.304] [Thread 1840] Debug: [TaskScheduler] Cleared IO queue. Removed: 0 tasks.
[2026-07-04 15:59:31.305] [Thread 12968] Debug: Scanning directory: "I:\\MY SDCArds"
[2026-07-04 15:59:31.305] [Thread 12968] Debug: Scanning directory: "I:\\MY SDCArds"
[2026-07-04 15:59:31.510] [Thread 4904] Debug: FileCacheManager: Initialized with LMDB (Stub) at "C:/Users/curtis/AppData/Local/SamsungClone/Gallery/cache/thumbnails/FileCache.lmdb"
[2026-07-04 15:59:31.715] [Thread 26520] Warning: Corrupt JPEG data: premature end of data segment
[2026-07-04 15:59:31.723] [Thread 26520] Warning: [AdaptiveIO] Stats:  "I:/"  Avg:  84  Limit:  2  ActiveWeight:  2
[2026-07-04 15:59:31.723] [Thread 660] Warning: [AdaptiveIO] Stats:  "I:/"  Avg:  84.1  Limit:  6  ActiveWeight:  2
[2026-07-04 15:59:31.724] [Thread 17804] Debug: [ "15:59:31.724" ][VideoThumbnailer] Entering extractFrame for "I:/MY SDCArds/S22 ultra/100_CINE/MOV_0061.MP4"
[2026-07-04 15:59:31.852] [Thread 26520] Warning: [AdaptiveIO] Stats:  "I:/"  Avg:  88.59  Limit:  6  ActiveWeight:  6
[2026-07-04 15:59:31.870] [Thread 17240] Warning: [AdaptiveIO] Stats:  "I:/"  Avg:  94.231  Limit:  6  ActiveWeight:  5
[2026-07-04 15:59:31.894] [Thread 17804] Warning: [AdaptiveIO] Stats:  "I:/"  Avg:  101.708  Limit:  6  ActiveWeight:  4
[2026-07-04 15:59:31.894] [Thread 17804] Debug: [ "15:59:31.894" ][VideoThumbnailer] Entering extractFrame for "I:/MY SDCArds/S22 ultra/100_CINE/MOV_0060.MP4"
[2026-07-04 15:59:31.983] [Thread 17804] Warning: [AdaptiveIO] Stats:  "I:/"  Avg:  100.437  Limit:  6  ActiveWeight:  4
[2026-07-04 15:59:31.984] [Thread 28108] Debug: [ "15:59:31.983" ][VideoThumbnailer] Entering extractFrame for "I:/MY SDCArds/S22 ultra/100_CINE/MOV_0058.MP4"
[2026-07-04 15:59:31.994] [Thread 1840] Debug: [ "15:59:31.994" ][SystemMonitor] Stats Update: CPU App: 27.0833 % | Sys: 90.625 % | RAM App: 100.973 MB | Sys Avail: 31634.7 MB / 65466.5 MB
[2026-07-04 15:59:31.994] [Thread 1840] Debug: [SystemMonitor] Resource Update: RAM: 100.973 MB (Delta: 100.973 ) | VRAM: 34.6875 MB (Delta: 34.6875 )
[2026-07-04 15:59:32.085] [Thread 28108] Warning: [AdaptiveIO] Stats:  "I:/"  Avg:  100.493  Limit:  6  ActiveWeight:  4
[2026-07-04 15:59:32.086] [Thread 28108] Debug: [ "15:59:32.086" ][VideoThumbnailer] Entering extractFrame for "I:/MY SDCArds/S22 ultra/100_CINE/MOV_0056.MP4"
[2026-07-04 15:59:32.213] [Thread 28108] Warning: [AdaptiveIO] Stats:  "I:/"  Avg:  103.044  Limit:  6  ActiveWeight:  4
[2026-07-04 15:59:32.999] [Thread 1840] Debug: [ "15:59:32.999" ][SystemMonitor] Stats Update: CPU App: 20.0521 % | Sys: 84.6354 % | RAM App: 103.152 MB | Sys Avail: 31633.5 MB / 65466.5 MB
[2026-07-04 15:59:33.918] [Thread 1840] Debug: Scanning background work finished in 2614 ms. Starting batched insertion of 8948 items.
[2026-07-04 15:59:34.003] [Thread 1840] Debug: [ "15:59:34.003" ][SystemMonitor] Stats Update: CPU App: 15.625 % | Sys: 87.2396 % | RAM App: 104.91 MB | Sys Avail: 31616.3 MB / 65466.5 MB
[2026-07-04 15:59:34.061] [Thread 26520] Warning: [AdaptiveIO] Stats:  "I:/"  Avg:  96.2397  Limit:  6  ActiveWeight:  6
[2026-07-04 15:59:34.061] [Thread 26520] Warning: [ "15:59:34.061" ][AdaptiveIO] Leaked weight recovered for cleared task: "I:/MY SDCArds/S22 ultra/Snapchat/Snapchat-1511459281.jpg" Weight: 1 New Active Weight: 4
[2026-07-04 15:59:34.061] [Thread 26520] Warning: [ "15:59:34.061" ][AdaptiveIO] Leaked weight recovered for cleared task: "I:/MY SDCArds/S22 ultra/Snapchat/Snapchat-610640586.jpg" Weight: 1 New Active Weight: 3
[2026-07-04 15:59:34.102] [Thread 12968] Warning: [AdaptiveIO] Stats:  "I:/"  Avg:  94.1157  Limit:  4  ActiveWeight:  4
[2026-07-04 15:59:34.103] [Thread 17240] Warning: [AdaptiveIO] Stats:  "I:/"  Avg:  92.3041  Limit:  4  ActiveWeight:  4
[2026-07-04 15:59:34.123] [Thread 26520] Warning: [AdaptiveIO] Stats:  "I:/"  Avg:  87.8737  Limit:  4  ActiveWeight:  4
[2026-07-04 15:59:34.126] [Thread 12968] Warning: [AdaptiveIO] Stats:  "I:/"  Avg:  81.4863  Limit:  4  ActiveWeight:  4
[2026-07-04 15:59:34.142] [Thread 17240] Warning: [AdaptiveIO] Stats:  "I:/"  Avg:  77.0377  Limit:  4  ActiveWeight:  4
[2026-07-04 15:59:34.149] [Thread 26520] Warning: [AdaptiveIO] Stats:  "I:/"  Avg:  71.6339  Limit:  4  ActiveWeight:  4
[2026-07-04 15:59:34.180] [Thread 12968] Warning: [AdaptiveIO] Stats:  "I:/"  Avg:  69.5705  Limit:  4  ActiveWeight:  4
[2026-07-04 15:59:34.180] [Thread 17240] Warning: [AdaptiveIO] Stats:  "I:/"  Avg:  66.3135  Limit:  4  ActiveWeight:  4
[2026-07-04 15:59:34.185] [Thread 660] Warning: [AdaptiveIO] Stats:  "I:/"  Avg:  74.3821  Limit:  4  ActiveWeight:  4
[2026-07-04 15:59:34.214] [Thread 26520] Warning: [AdaptiveIO] Stats:  "I:/"  Avg:  73.3439  Limit:  4  ActiveWeight:  4
[2026-07-04 15:59:34.219] [Thread 12968] Warning: [AdaptiveIO] Stats:  "I:/"  Avg:  69.8095  Limit:  4  ActiveWeight:  4
[2026-07-04 15:59:34.220] [Thread 17240] Warning: [AdaptiveIO] Stats:  "I:/"  Avg:  66.7286  Limit:  4  ActiveWeight:  4
[2026-07-04 15:59:34.234] [Thread 26520] Warning: [AdaptiveIO] Stats:  "I:/"  Avg:  61.9557  Limit:  4  ActiveWeight:  4
[2026-07-04 15:59:34.252] [Thread 12968] Warning: [AdaptiveIO] Stats:  "I:/"  Avg:  58.9601  Limit:  4  ActiveWeight:  4
[2026-07-04 15:59:34.272] [Thread 26520] Warning: [AdaptiveIO] Stats:  "I:/"  Avg:  56.7641  Limit:  4  ActiveWeight:  4
[2026-07-04 15:59:34.273] [Thread 17240] Warning: [AdaptiveIO] Stats:  "I:/"  Avg:  56.1877  Limit:  4  ActiveWeight:  4
[2026-07-04 15:59:34.288] [Thread 12968] Warning: [AdaptiveIO] Stats:  "I:/"  Avg:  54.1689  Limit:  4  ActiveWeight:  4
[2026-07-04 15:59:34.336] [Thread 660] Warning: [AdaptiveIO] Stats:  "I:/"  Avg:  63.8521  Limit:  4  ActiveWeight:  4
[2026-07-04 15:59:34.336] [Thread 26520] Warning: [AdaptiveIO] Stats:  "I:/"  Avg:  63.8668  Limit:  4  ActiveWeight:  3
[2026-07-04 15:59:34.337] [Thread 17240] Warning: [AdaptiveIO] Stats:  "I:/"  Avg:  63.9802  Limit:  4  ActiveWeight:  2
[2026-07-04 15:59:34.340] [Thread 12968] Warning: [AdaptiveIO] Stats:  "I:/"  Avg:  62.6821  Limit:  4  ActiveWeight:  4
[2026-07-04 15:59:34.393] [Thread 17240] Warning: [AdaptiveIO] Stats:  "I:/"  Avg:  61.7139  Limit:  4  ActiveWeight:  5
[2026-07-04 15:59:34.394] [Thread 17240] Warning: [ "15:59:34.394" ][AdaptiveIO] Leaked weight recovered for cleared task: "I:/MY SDCArds/S22 ultra/Snapchat/Snapchat-1913469095.jpg" Weight: 1 New Active Weight: 3
[2026-07-04 15:59:34.396] [Thread 26520] Warning: [AdaptiveIO] Stats:  "I:/"  Avg:  61.2425  Limit:  4  ActiveWeight:  3
[2026-07-04 15:59:34.414] [Thread 12968] Warning: [AdaptiveIO] Stats:  "I:/"  Avg:  61.1183  Limit:  4  ActiveWeight:  4
[2026-07-04 15:59:34.431] [Thread 26520] Warning: [AdaptiveIO] Stats:  "I:/"  Avg:  58.5065  Limit:  4  ActiveWeight:  4
[2026-07-04 15:59:34.435] [Thread 660] Warning: [AdaptiveIO] Stats:  "I:/"  Avg:  62.2558  Limit:  4  ActiveWeight:  4
[2026-07-04 15:59:34.446] [Thread 12968] Warning: [AdaptiveIO] Stats:  "I:/"  Avg:  59.1302  Limit:  4  ActiveWeight:  4
[2026-07-04 15:59:34.475] [Thread 26520] Warning: [AdaptiveIO] Stats:  "I:/"  Avg:  57.5172  Limit:  4  ActiveWeight:  4
[2026-07-04 15:59:34.481] [Thread 660] Warning: [AdaptiveIO] Stats:  "I:/"  Avg:  56.2655  Limit:  4  ActiveWeight:  4
[2026-07-04 15:59:34.481] [Thread 17240] Warning: [AdaptiveIO] Stats:  "I:/"  Avg:  59.0389  Limit:  4  ActiveWeight:  3
[2026-07-04 15:59:34.501] [Thread 17240] Warning: [AdaptiveIO] Stats:  "I:/"  Avg:  55.035  Limit:  4  ActiveWeight:  5
[2026-07-04 15:59:34.501] [Thread 17240] Warning: [ "15:59:34.501" ][AdaptiveIO] Leaked weight recovered for cleared task: "I:/MY SDCArds/S22 ultra/Snapchat/Snapchat-902644525.jpg" Weight: 1 New Active Weight: 3
[2026-07-04 15:59:34.502] [Thread 12968] Warning: [AdaptiveIO] Stats:  "I:/"  Avg:  54.9315  Limit:  4  ActiveWeight:  3
[2026-07-04 15:59:34.504] [Thread 660] Warning: [AdaptiveIO] Stats:  "I:/"  Avg:  51.4384  Limit:  4  ActiveWeight:  4
[2026-07-04 15:59:34.519] [Thread 26520] Warning: [AdaptiveIO] Stats:  "I:/"  Avg:  50.4945  Limit:  4  ActiveWeight:  4
[2026-07-04 15:59:34.525] [Thread 660] Warning: [AdaptiveIO] Stats:  "I:/"  Avg:  46.2451  Limit:  4  ActiveWeight:  4
[2026-07-04 15:59:34.530] [Thread 17240] Warning: [AdaptiveIO] Stats:  "I:/"  Avg:  44.3206  Limit:  4  ActiveWeight:  4
[2026-07-04 15:59:34.534] [Thread 12968] Warning: [AdaptiveIO] Stats:  "I:/"  Avg:  42.8885  Limit:  4  ActiveWeight:  4
[2026-07-04 15:59:34.550] [Thread 26520] Warning: [AdaptiveIO] Stats:  "I:/"  Avg:  41.3997  Limit:  4  ActiveWeight:  4
[2026-07-04 15:59:34.551] [Thread 17240] Warning: [AdaptiveIO] Stats:  "I:/"  Avg:  39.1597  Limit:  4  ActiveWeight:  4
[2026-07-04 15:59:34.558] [Thread 660] Warning: [AdaptiveIO] Stats:  "I:/"  Avg:  38.3437  Limit:  4  ActiveWeight:  4
[2026-07-04 15:59:34.574] [Thread 12968] Warning: [AdaptiveIO] Stats:  "I:/"  Avg:  38.4094  Limit:  4  ActiveWeight:  4
[2026-07-04 15:59:34.577] [Thread 26520] Warning: [AdaptiveIO] Stats:  "I:/"  Avg:  37.2684  Limit:  4  ActiveWeight:  4
[2026-07-04 15:59:34.585] [Thread 17240] Warning: [AdaptiveIO] Stats:  "I:/"  Avg:  36.9416  Limit:  4  ActiveWeight:  3
[2026-07-04 15:59:34.602] [Thread 12968] Warning: [AdaptiveIO] Stats:  "I:/"  Avg:  36.0474  Limit:  4  ActiveWeight:  2
[2026-07-04 15:59:34.622] [Thread 26520] Warning: [AdaptiveIO] Stats:  "I:/"  Avg:  34.3427  Limit:  4  ActiveWeight:  4
[2026-07-04 15:59:34.629] [Thread 17240] Warning: [AdaptiveIO] Stats:  "I:/"  Avg:  33.5084  Limit:  4  ActiveWeight:  3
[2026-07-04 15:59:34.637] [Thread 12968] Warning: [AdaptiveIO] Stats:  "I:/"  Avg:  33.4576  Limit:  4  ActiveWeight:  2
[2026-07-04 15:59:34.647] [Thread 660] Warning: [AdaptiveIO] Stats:  "I:/"  Avg:  38.9118  Limit:  4  ActiveWeight:  1
[2026-07-04 15:59:34.665] [Thread 660] Warning: [AdaptiveIO] Stats:  "I:/"  Avg:  36.6206  Limit:  4  ActiveWeight:  1
[2026-07-04 15:59:34.667] [Thread 17804] Debug: [ "15:59:34.667" ][VideoThumbnailer] Entering extractFrame for "I:/MY SDCArds/S22 ultra/Snapchat/Snapchat-1932978751.mp4"
[2026-07-04 15:59:34.696] [Thread 17804] Warning: [AdaptiveIO] Stats:  "I:/"  Avg:  35.9586  Limit:  4  ActiveWeight:  4
[2026-07-04 15:59:34.697] [Thread 17804] Debug: [ "15:59:34.697" ][VideoThumbnailer] Entering extractFrame for "I:/MY SDCArds/S22 ultra/Whatsapp/VID-20230923-WA0011.mp4"
[2026-07-04 15:59:34.737] [Thread 17804] Warning: [AdaptiveIO] Stats:  "I:/"  Avg:  36.2627  Limit:  4  ActiveWeight:  4
[2026-07-04 15:59:34.737] [Thread 17804] Debug: [ "15:59:34.737" ][VideoThumbnailer] Entering extractFrame for "I:/MY SDCArds/S22 ultra/Whatsapp/VID-20230809-WA0002.mp4"
[2026-07-04 15:59:34.805] [Thread 17804] Warning: [AdaptiveIO] Stats:  "I:/"  Avg:  39.4364  Limit:  4  ActiveWeight:  4
[2026-07-04 15:59:34.842] [Thread 28108] Debug: [ "15:59:34.842" ][VideoThumbnailer] Entering extractFrame for "I:/MY SDCArds/S22 ultra/Snapchat/Snapchat-1020230256.mp4"
[2026-07-04 15:59:34.876] [Thread 28108] Warning: [AdaptiveIO] Stats:  "I:/"  Avg:  38.7928  Limit:  4  ActiveWeight:  4
[2026-07-04 15:59:34.953] [Thread 17804] Debug: [ "15:59:34.953" ][VideoThumbnailer] Entering extractFrame for "I:/MY SDCArds/S22 ultra/Snapchat/Snapchat-289408284.mp4"
[2026-07-04 15:59:34.980] [Thread 17804] Warning: [AdaptiveIO] Stats:  "I:/"  Avg:  37.5135  Limit:  4  ActiveWeight:  4
[2026-07-04 15:59:35.006] [Thread 1840] Debug: [ "15:59:35.006" ][SystemMonitor] Stats Update: CPU App: 27.8646 % | Sys: 98.6979 % | RAM App: 129.496 MB | Sys Avail: 31555 MB / 65466.5 MB
[2026-07-04 15:59:35.096] [Thread 660] Warning: [AdaptiveIO] Stats:  "I:/"  Avg:  38.1622  Limit:  4  ActiveWeight:  4
[2026-07-04 15:59:35.097] [Thread 12968] Warning: [AdaptiveIO] Stats:  "I:/"  Avg:  38.8459  Limit:  4  ActiveWeight:  3
[2026-07-04 15:59:35.103] [Thread 26520] Warning: [AdaptiveIO] Stats:  "I:/"  Avg:  40.0614  Limit:  4  ActiveWeight:  2
[2026-07-04 15:59:35.117] [Thread 17240] Warning: [AdaptiveIO] Stats:  "I:/"  Avg:  42.4552  Limit:  4  ActiveWeight:  1
[2026-07-04 15:59:35.117] [Thread 28108] Debug: [ "15:59:35.117" ][VideoThumbnailer] Entering extractFrame for "I:/MY SDCArds/S22 ultra/Snapchat/Snapchat-1390399253.mp4"
[2026-07-04 15:59:35.139] [Thread 28108] Warning: [AdaptiveIO] Stats:  "I:/"  Avg:  40.4097  Limit:  4  ActiveWeight:  4
[2026-07-04 15:59:35.141] [Thread 28108] Debug: [ "15:59:35.141" ][VideoThumbnailer] Entering extractFrame for "I:/MY SDCArds/S22 ultra/Snapchat/Snapchat-1020230256.mp4"
[2026-07-04 15:59:35.146] [Thread 28108] Warning: [AdaptiveIO] Stats:  "I:/"  Avg:  36.8687  Limit:  4  ActiveWeight:  4
[2026-07-04 15:59:35.147] [Thread 28108] Debug: [ "15:59:35.147" ][VideoThumbnailer] Entering extractFrame for "I:/MY SDCArds/S22 ultra/Snapchat/Snapchat-1932978751.mp4"
[2026-07-04 15:59:35.150] [Thread 28108] Warning: [AdaptiveIO] Stats:  "I:/"  Avg:  33.4819  Limit:  4  ActiveWeight:  4
[2026-07-04 15:59:35.253] [Thread 17804] Debug: [ "15:59:35.253" ][VideoThumbnailer] Entering extractFrame for "I:/MY SDCArds/S22 ultra/Snapchat/Snapchat-1717667834.mp4"
[2026-07-04 15:59:35.272] [Thread 17804] Critical: [ "15:59:35.272" ][FFmpeg Error] "moov atom not found"
[2026-07-04 15:59:35.272] [Thread 17804] Warning: [ "15:59:35.253" ][FFmpeg] Failed to open file (or timeout): "I:/MY SDCArds/S22 ultra/Snapchat/Snapchat-1717667834.mp4"
[2026-07-04 15:59:35.272] [Thread 17804] Warning: [AdaptiveIO] Stats:  "I:/"  Avg:  32.0337  Limit:  4  ActiveWeight:  4
[2026-07-04 15:59:35.389] [Thread 28108] Debug: [ "15:59:35.389" ][VideoThumbnailer] Entering extractFrame for "I:/MY SDCArds/S22 ultra/Snapchat/Snapchat-1932978751.mp4"
[2026-07-04 15:59:35.415] [Thread 28108] Warning: [AdaptiveIO] Stats:  "I:/"  Avg:  31.3303  Limit:  4  ActiveWeight:  4
[2026-07-04 15:59:35.485] [Thread 17804] Debug: [ "15:59:35.485" ][VideoThumbnailer] Entering extractFrame for "I:/MY SDCArds/S22 ultra/Snapchat/Snapchat-960036586.mp4"
[2026-07-04 15:59:35.537] [Thread 17804] Warning: [AdaptiveIO] Stats:  "I:/"  Avg:  33.4973  Limit:  4  ActiveWeight:  4
[2026-07-04 15:59:35.587] [Thread 28108] Debug: [ "15:59:35.587" ][VideoThumbnailer] Entering extractFrame for "I:/MY SDCArds/S22 ultra/Snapchat/Snapchat-1932978751.mp4"
[2026-07-04 15:59:35.630] [Thread 28108] Warning: [AdaptiveIO] Stats:  "I:/"  Avg:  34.4475  Limit:  4  ActiveWeight:  4
[2026-07-04 15:59:35.631] [Thread 28108] Debug: [ "15:59:35.631" ][VideoThumbnailer] Entering extractFrame for "I:/MY SDCArds/S22 ultra/Snapchat/Snapchat-1429238178.mp4"
[2026-07-04 15:59:35.701] [Thread 28108] Warning: [AdaptiveIO] Stats:  "I:/"  Avg:  37.9028  Limit:  4  ActiveWeight:  4
[2026-07-04 15:59:35.897] [Thread 17804] Debug: [ "15:59:35.897" ][VideoThumbnailer] Entering extractFrame for "I:/MY SDCArds/S22 ultra/Snapchat/Snapchat-1717667834.mp4"
[2026-07-04 15:59:35.930] [Thread 17804] Warning: [AdaptiveIO] Stats:  "I:/"  Avg:  37.3125  Limit:  4  ActiveWeight:  4
[2026-07-04 15:59:35.997] [Thread 1840] Debug: [ "15:59:35.997" ][SystemMonitor] Stats Update: CPU App: 22.1354 % | Sys: 88.8021 % | RAM App: 133.301 MB | Sys Avail: 31533.7 MB / 65466.5 MB
[2026-07-04 15:59:36.426] [Thread 28108] Debug: [ "15:59:36.426" ][VideoThumbnailer] Entering extractFrame for "I:/MY SDCArds/S22 ultra/Snapchat/Snapchat-647663909.mp4"
[2026-07-04 15:59:36.445] [Thread 28108] Critical: [ "15:59:36.445" ][FFmpeg Error] "moov atom not found"
[2026-07-04 15:59:36.445] [Thread 28108] Warning: [ "15:59:36.426" ][FFmpeg] Failed to open file (or timeout): "I:/MY SDCArds/S22 ultra/Snapchat/Snapchat-647663909.mp4"
[2026-07-04 15:59:36.445] [Thread 28108] Warning: [AdaptiveIO] Stats:  "I:/"  Avg:  35.3813  Limit:  4  ActiveWeight:  4
[2026-07-04 15:59:36.500] [Thread 17804] Debug: [ "15:59:36.500" ][VideoThumbnailer] Entering extractFrame for "I:/MY SDCArds/S22 ultra/Snapchat/Snapchat-1717667834.mp4"
[2026-07-04 15:59:36.515] [Thread 17804] Warning: [AdaptiveIO] Stats:  "I:/"  Avg:  33.3431  Limit:  4  ActiveWeight:  4
[2026-07-04 15:59:36.779] [Thread 28108] Debug: [ "15:59:36.779" ][VideoThumbnailer] Entering extractFrame for "I:/MY SDCArds/S22 ultra/Snapchat/Snapchat-647663909.mp4"
[2026-07-04 15:59:36.782] [Thread 28108] Warning: [AdaptiveIO] Stats:  "I:/"  Avg:  30.3088  Limit:  4  ActiveWeight:  4
[2026-07-04 15:59:37.022] [Thread 1840] Debug: [ "15:59:37.022" ][SystemMonitor] Stats Update: CPU App: 17.4242 % | Sys: 84.596 % | RAM App: 133.223 MB | Sys Avail: 31581.4 MB / 65466.5 MB
[2026-07-04 15:59:37.186] [Thread 17804] Warning: [ "15:59:37.186" ][AdaptiveIO] Leaked weight recovered for cleared task: "I:/MY SDCArds/S22 ultra/Snapchat/Snapchat-647663909.mp4" Weight: 4 New Active Weight: 0
[2026-07-04 15:59:37.997] [Thread 1840] Debug: [ "15:59:37.997" ][SystemMonitor] Stats Update: CPU App: 14.5161 % | Sys: 83.6022 % | RAM App: 132.98 MB | Sys Avail: 31569.7 MB / 65466.5 MB
[2026-07-04 15:59:38.477] [Thread 28108] Debug: [ "15:59:38.477" ][VideoThumbnailer] Entering extractFrame for "I:/MY SDCArds/S22 ultra/Snapchat/Snapchat-1237898371.mp4"
[2026-07-04 15:59:38.485] [Thread 28108] Warning: [AdaptiveIO] Stats:  "I:/"  Avg:  28.0779  Limit:  4  ActiveWeight:  4
[2026-07-04 15:59:38.635] [Thread 17804] Debug: [ "15:59:38.635" ][VideoThumbnailer] Entering extractFrame for "I:/MY SDCArds/S22 ultra/Snapchat/Snapchat-1237898371.mp4"
[2026-07-04 15:59:38.637] [Thread 17804] Warning: [AdaptiveIO] Stats:  "I:/"  Avg:  25.4701  Limit:  4  ActiveWeight:  4
[2026-07-04 15:59:38.737] [Thread 17240] Warning: [AdaptiveIO] Stats:  "I:/"  Avg:  27.5231  Limit:  4  ActiveWeight:  4
[2026-07-04 15:59:38.738] [Thread 26520] Warning: [AdaptiveIO] Stats:  "I:/"  Avg:  29.4708  Limit:  4  ActiveWeight:  3
[2026-07-04 15:59:38.738] [Thread 12968] Warning: [AdaptiveIO] Stats:  "I:/"  Avg:  31.2237  Limit:  4  ActiveWeight:  2
[2026-07-04 15:59:38.745] [Thread 660] Warning: [AdaptiveIO] Stats:  "I:/"  Avg:  33.5014  Limit:  4  ActiveWeight:  1
[2026-07-04 15:59:38.969] [Thread 17240] Warning: [AdaptiveIO] Stats:  "I:/"  Avg:  33.0512  Limit:  4  ActiveWeight:  4
[2026-07-04 15:59:38.970] [Thread 26520] Warning: [AdaptiveIO] Stats:  "I:/"  Avg:  32.6461  Limit:  4  ActiveWeight:  3
[2026-07-04 15:59:38.985] [Thread 660] Warning: [AdaptiveIO] Stats:  "I:/"  Avg:  33.8815  Limit:  4  ActiveWeight:  2
[2026-07-04 15:59:38.988] [Thread 12968] Warning: [AdaptiveIO] Stats:  "I:/"  Avg:  35.2933  Limit:  4  ActiveWeight:  1
[2026-07-04 15:59:39.012] [Thread 1840] Debug: [ "15:59:39.012" ][SystemMonitor] Stats Update: CPU App: 16.1538 % | Sys: 80.2564 % | RAM App: 135.73 MB | Sys Avail: 31574.4 MB / 65466.5 MB
[2026-07-04 15:59:39.479] [Thread 28108] Debug: [ "15:59:39.479" ][VideoThumbnailer] Entering extractFrame for "I:/MY SDCArds/S22 ultra/Snapchat/Snapchat-1237898371.mp4"
[2026-07-04 15:59:39.480] [Thread 28108] Critical: [ "15:59:39.480" ][FFmpeg Error] "moov atom not found"
[2026-07-04 15:59:39.480] [Thread 28108] Warning: [ "15:59:39.479" ][FFmpeg] Failed to open file (or timeout): "I:/MY SDCArds/S22 ultra/Snapchat/Snapchat-1237898371.mp4"
[2026-07-04 15:59:39.480] [Thread 28108] Warning: [AdaptiveIO] Stats:  "I:/"  Avg:  31.864  Limit:  4  ActiveWeight:  4
[2026-07-04 15:59:39.481] [Thread 28108] Debug: [ "15:59:39.481" ][VideoThumbnailer] Entering extractFrame for "I:/MY SDCArds/S22 ultra/Snapchat/Snapchat-289408284.mp4"
[2026-07-04 15:59:39.482] [Thread 28108] Warning: [ "15:59:39.481" ][FFmpeg] Failed to open file (or timeout): "I:/MY SDCArds/S22 ultra/Snapchat/Snapchat-289408284.mp4"
[2026-07-04 15:59:39.482] [Thread 28108] Warning: [AdaptiveIO] Stats:  "I:/"  Avg:  28.6776  Limit:  4  ActiveWeight:  4
[2026-07-04 15:59:39.665] [Thread 17804] Debug: [ "15:59:39.665" ][VideoThumbnailer] Entering extractFrame for "I:/MY SDCArds/S22 ultra/Snapchat/Snapchat-1717667834.mp4"
[2026-07-04 15:59:39.683] [Thread 17804] Warning: [AdaptiveIO] Stats:  "I:/"  Avg:  27.6098  Limit:  4  ActiveWeight:  4
[2026-07-04 15:59:39.990] [Thread 1840] Debug: [ "15:59:39.990" ][SystemMonitor] Stats Update: CPU App: 16.6667 % | Sys: 83.0688 % | RAM App: 136.969 MB | Sys Avail: 31542.8 MB / 65466.5 MB
[2026-07-04 15:59:40.133] [Thread 28108] Debug: [ "15:59:40.133" ][VideoThumbnailer] Entering extractFrame for "I:/MY SDCArds/S22 ultra/Snapchat/Snapchat-960036586.mp4"
[2026-07-04 15:59:40.172] [Thread 28108] Warning: [AdaptiveIO] Stats:  "I:/"  Avg:  28.7489  Limit:  4  ActiveWeight:  4
[2026-07-04 15:59:40.251] [Thread 17804] Debug: [ "15:59:40.251" ][VideoThumbnailer] Entering extractFrame for "I:/MY SDCArds/S22 ultra/Snapchat/Snapchat-289408284.mp4"
[2026-07-04 15:59:40.253] [Thread 17804] Warning: [ "15:59:40.253" ][FFmpeg Warn] "Could not find codec parameters for stream 1 (Video: h264 (avc1 / 0x31637661), none(pc, bt709/bt709/smpte170m), 1920x1080, 7989 kb/s): unspecified pixel format\nConsider increasing the value for the 'analyzeduration' (0) and 'probesize' (5000000) options"
[2026-07-04 15:59:40.254] [Thread 17804] Warning: [AdaptiveIO] Stats:  "I:/"  Avg:  26.074  Limit:  4  ActiveWeight:  4
[2026-07-04 15:59:40.996] [Thread 1840] Debug: [ "15:59:40.995" ][SystemMonitor] Stats Update: CPU App: 14.3229 % | Sys: 94.2708 % | RAM App: 136.715 MB | Sys Avail: 31541.2 MB / 65466.5 MB
[2026-07-04 15:59:41.051] [Thread 28108] Debug: [ "15:59:41.051" ][VideoThumbnailer] Entering extractFrame for "I:/MY SDCArds/S22 ultra/Snapchat/Snapchat-1237898371.mp4"
[2026-07-04 15:59:41.097] [Thread 28108] Warning: [AdaptiveIO] Stats:  "I:/"  Avg:  28.0666  Limit:  4  ActiveWeight:  4
[2026-07-04 15:59:41.098] [Thread 17804] Debug: [ "15:59:41.098" ][VideoThumbnailer] Entering extractFrame for "I:/MY SDCArds/S22 ultra/Snapchat/Snapchat-960036586.mp4"
[2026-07-04 15:59:41.149] [Thread 17804] Warning: [AdaptiveIO] Stats:  "I:/"  Avg:  30.3599  Limit:  4  ActiveWeight:  4
[2026-07-04 15:59:41.247] [Thread 660] Warning: [ "15:59:41.247" ][AdaptiveIO] Leaked weight recovered for cleared task: "I:/MY SDCArds/S22 ultra/Snapchat/Snapchat-505219224.jpg" Weight: 1 New Active Weight: 3
[2026-07-04 15:59:41.261] [Thread 17240] Warning: [AdaptiveIO] Stats:  "I:/"  Avg:  29.7239  Limit:  4  ActiveWeight:  3
[2026-07-04 15:59:41.280] [Thread 12968] Warning: [AdaptiveIO] Stats:  "I:/"  Avg:  31.1515  Limit:  4  ActiveWeight:  2
[2026-07-04 15:59:41.281] [Thread 26520] Warning: [AdaptiveIO] Stats:  "I:/"  Avg:  32.4364  Limit:  4  ActiveWeight:  1
[2026-07-04 15:59:41.363] [Thread 26520] Warning: [AdaptiveIO] Stats:  "I:/"  Avg:  32.4927  Limit:  4  ActiveWeight:  4
[2026-07-04 15:59:41.893] [Thread 28108] Debug: [ "15:59:41.893" ][VideoThumbnailer] Entering extractFrame for "I:/MY SDCArds/S22 ultra/Snapchat/Snapchat-1717667834.mp4"
[2026-07-04 15:59:41.896] [Thread 28108] Warning: [ "15:59:41.896" ][FFmpeg Warn] "Could not find codec parameters for stream 1 (Video: h264 (avc1 / 0x31637661), none(pc, bt709/bt709/smpte170m), 1920x1080, 7991 kb/s): unspecified pixel format\nConsider increasing the value for the 'analyzeduration' (0) and 'probesize' (5000000) options"
[2026-07-04 15:59:41.991] [Thread 1840] Debug: [ "15:59:41.990" ][SystemMonitor] Stats Update: CPU App: 17.7083 % | Sys: 100 % | RAM App: 139.52 MB | Sys Avail: 31422.4 MB / 65466.5 MB
[2026-07-04 15:59:42.406] [Thread 17804] Debug: [ "15:59:42.406" ][VideoThumbnailer] Entering extractFrame for "I:/MY SDCArds/S22 ultra/Snapchat/Snapchat-1429238178.mp4"
[2026-07-04 15:59:42.706] [Thread 28108] Debug: [ "15:59:42.706" ][VideoThumbnailer] Entering extractFrame for "I:/MY SDCArds/S22 ultra/Snapchat/Snapchat-1717667834.mp4"
[2026-07-04 15:59:42.710] [Thread 28108] Warning: [ "15:59:42.710" ][FFmpeg Warn] "Could not find codec parameters for stream 1 (Video: h264 (avc1 / 0x31637661), none(pc, bt709/bt709/smpte170m), 1920x1080, 7991 kb/s): unspecified pixel format\nConsider increasing the value for the 'analyzeduration' (0) and 'probesize' (5000000) options"
[2026-07-04 15:59:43.034] [Thread 1840] Debug: [ "15:59:42.996" ][SystemMonitor] Stats Update: CPU App: 16.4063 % | Sys: 87.2396 % | RAM App: 140.074 MB | Sys Avail: 31528.3 MB / 65466.5 MB
[2026-07-04 15:59:43.273] [Thread 17804] Debug: [ "15:59:43.272" ][VideoThumbnailer] Entering extractFrame for "I:/MY SDCArds/S22 ultra/Snapchat/Snapchat-315429331.mp4"
[2026-07-04 15:59:43.285] [Thread 17804] Debug: [ "15:59:43.285" ][VideoThumbnailer] Entering extractFrame for "I:/MY SDCArds/S22 ultra/Snapchat/Snapchat-1717667834.mp4"
[2026-07-04 15:59:43.289] [Thread 17804] Debug: [ "15:59:43.289" ][VideoThumbnailer] Entering extractFrame for "I:/MY SDCArds/S22 ultra/Snapchat/Snapchat-289408284.mp4"
[2026-07-04 15:59:43.301] [Thread 17804] Debug: [ "15:59:43.301" ][VideoThumbnailer] Entering extractFrame for "I:/MY SDCArds/S22 ultra/Snapchat/Snapchat-85323170.mp4"
[2026-07-04 15:59:43.315] [Thread 28108] Debug: [ "15:59:43.315" ][VideoThumbnailer] Entering extractFrame for "I:/MY SDCArds/S22 ultra/Snapchat/Snapchat-235618355.mp4"
[2026-07-04 15:59:43.999] [Thread 1840] Debug: [ "15:59:43.999" ][SystemMonitor] Stats Update: CPU App: 19.0104 % | Sys: 78.3854 % | RAM App: 144.582 MB | Sys Avail: 31527.5 MB / 65466.5 MB
[2026-07-04 15:59:44.675] [Thread 17804] Debug: [ "15:59:44.674" ][VideoThumbnailer] Entering extractFrame for "I:/MY SDCArds/S22 ultra/Snapchat/Snapchat-2127517485.mp4"
[2026-07-04 15:59:44.681] [Thread 17804] Critical: [ "15:59:44.681" ][FFmpeg Error] "moov atom not found"
[2026-07-04 15:59:44.681] [Thread 17804] Warning: [ "15:59:44.674" ][FFmpeg] Failed to open file (or timeout): "I:/MY SDCArds/S22 ultra/Snapchat/Snapchat-2127517485.mp4"
[2026-07-04 15:59:44.843] [Thread 28108] Debug: [ "15:59:44.843" ][VideoThumbnailer] Entering extractFrame for "I:/MY SDCArds/S22 ultra/Snapchat/Snapchat-2127517485.mp4"
[2026-07-04 15:59:45.010] [Thread 1840] Debug: [ "15:59:45.010" ][SystemMonitor] Stats Update: CPU App: 18.7179 % | Sys: 78.2051 % | RAM App: 145.004 MB | Sys Avail: 31443.3 MB / 65466.5 MB
[2026-07-04 15:59:45.509] [Thread 17804] Debug: [ "15:59:45.509" ][VideoThumbnailer] Entering extractFrame for "I:/MY SDCArds/S22 ultra/Snapchat/Snapchat-2127517485.mp4"
[2026-07-04 15:59:45.994] [Thread 1840] Debug: [ "15:59:45.994" ][SystemMonitor] Stats Update: CPU App: 18.254 % | Sys: 83.3333 % | RAM App: 145.699 MB | Sys Avail: 31416.8 MB / 65466.5 MB
[2026-07-04 15:59:46.996] [Thread 1840] Debug: [ "15:59:46.996" ][SystemMonitor] Stats Update: CPU App: 15.1042 % | Sys: 80.7292 % | RAM App: 146.02 MB | Sys Avail: 31475.5 MB / 65466.5 MB
[2026-07-04 15:59:48.003] [Thread 1840] Debug: [ "15:59:48.003" ][SystemMonitor] Stats Update: CPU App: 16.6667 % | Sys: 87.2396 % | RAM App: 147.281 MB | Sys Avail: 31368.6 MB / 65466.5 MB
[2026-07-04 15:59:48.998] [Thread 1840] Debug: [ "15:59:48.998" ][SystemMonitor] Stats Update: CPU App: 16.6667 % | Sys: 88.2813 % | RAM App: 147.695 MB | Sys Avail: 31416.8 MB / 65466.5 MB
[2026-07-04 15:59:50.005] [Thread 1840] Debug: [ "15:59:50.005" ][SystemMonitor] Stats Update: CPU App: 17.4479 % | Sys: 85.4167 % | RAM App: 148.449 MB | Sys Avail: 31522.5 MB / 65466.5 MB
[2026-07-04 15:59:50.996] [Thread 1840] Debug: [ "15:59:50.996" ][SystemMonitor] Stats Update: CPU App: 17.1875 % | Sys: 84.6354 % | RAM App: 149.262 MB | Sys Avail: 31487.3 MB / 65466.5 MB
[2026-07-04 15:59:52.036] [Thread 1840] Debug: [ "15:59:52.036" ][SystemMonitor] Stats Update: CPU App: 17.1717 % | Sys: 98.2323 % | RAM App: 149.398 MB | Sys Avail: 31518.1 MB / 65466.5 MB
[2026-07-04 15:59:52.995] [Thread 1840] Debug: [ "15:59:52.995" ][SystemMonitor] Stats Update: CPU App: 15.8602 % | Sys: 93.0108 % | RAM App: 149.391 MB | Sys Avail: 31532.5 MB / 65466.5 MB
[2026-07-04 15:59:54.029] [Thread 1840] Debug: [ "15:59:54.029" ][SystemMonitor] Stats Update: CPU App: 15.8568 % | Sys: 86.1111 % | RAM App: 150.406 MB | Sys Avail: 31563.6 MB / 65466.5 MB
[2026-07-04 15:59:55.000] [Thread 1840] Debug: [ "15:59:55.000" ][SystemMonitor] Stats Update: CPU App: 14.5889 % | Sys: 83.0645 % | RAM App: 150.504 MB | Sys Avail: 31584.1 MB / 65466.5 MB
[2026-07-04 15:59:56.001] [Thread 1840] Debug: [ "15:59:56.001" ][SystemMonitor] Stats Update: CPU App: 17.7083 % | Sys: 84.6354 % | RAM App: 150.715 MB | Sys Avail: 31455.7 MB / 65466.5 MB
[2026-07-04 15:59:57.005] [Thread 1840] Debug: [ "15:59:57.005" ][SystemMonitor] Stats Update: CPU App: 15.625 % | Sys: 85.9375 % | RAM App: 152.461 MB | Sys Avail: 31533.6 MB / 65466.5 MB
[2026-07-04 15:59:57.005] [Thread 1840] Debug: [SystemMonitor] Resource Update: RAM: 152.461 MB (Delta: 51.4883 ) | VRAM: 34.8711 MB (Delta: 0.183594 )
[2026-07-04 15:59:58.002] [Thread 1840] Debug: [ "15:59:58.002" ][SystemMonitor] Stats Update: CPU App: 16.6667 % | Sys: 82.2917 % | RAM App: 152.898 MB | Sys Avail: 31405.6 MB / 65466.5 MB
[2026-07-04 15:59:59.012] [Thread 1840] Debug: [ "15:59:59.012" ][SystemMonitor] Stats Update: CPU App: 18.7179 % | Sys: 86.4103 % | RAM App: 154.711 MB | Sys Avail: 31571.6 MB / 65466.5 MB
[2026-07-04 15:59:59.999] [Thread 1840] Debug: [ "15:59:59.999" ][SystemMonitor] Stats Update: CPU App: 16.4021 % | Sys: 81.2169 % | RAM App: 155.23 MB | Sys Avail: 31551.4 MB / 65466.5 MB
[2026-07-04 16:00:00.993] [Thread 1840] Debug: [ "16:00:00.993" ][SystemMonitor] Stats Update: CPU App: 18.2292 % | Sys: 79.9479 % | RAM App: 156.441 MB | Sys Avail: 31591.6 MB / 65466.5 MB
[2026-07-04 16:00:02.003] [Thread 1840] Debug: [ "16:00:02.003" ][SystemMonitor] Stats Update: CPU App: 16.9271 % | Sys: 82.2917 % | RAM App: 157.219 MB | Sys Avail: 31435.4 MB / 65466.5 MB
[2026-07-04 16:00:03.002] [Thread 1840] Debug: [ "16:00:03.002" ][SystemMonitor] Stats Update: CPU App: 15.8854 % | Sys: 84.1146 % | RAM App: 157.422 MB | Sys Avail: 31587.8 MB / 65466.5 MB
[2026-07-04 16:00:03.992] [Thread 1840] Debug: [ "16:00:03.992" ][SystemMonitor] Stats Update: CPU App: 17.1875 % | Sys: 81.7708 % | RAM App: 157.855 MB | Sys Avail: 31566.7 MB / 65466.5 MB
[2026-07-04 16:00:04.991] [Thread 1840] Debug: [ "16:00:04.990" ][SystemMonitor] Stats Update: CPU App: 17.1875 % | Sys: 81.25 % | RAM App: 158.234 MB | Sys Avail: 31584 MB / 65466.5 MB
[2026-07-04 16:00:05.995] [Thread 1840] Debug: [ "16:00:05.995" ][SystemMonitor] Stats Update: CPU App: 18.2292 % | Sys: 81.25 % | RAM App: 158.922 MB | Sys Avail: 31576.8 MB / 65466.5 MB
[2026-07-04 16:00:06.995] [Thread 1840] Debug: [ "16:00:06.995" ][SystemMonitor] Stats Update: CPU App: 14.8438 % | Sys: 78.3854 % | RAM App: 158.996 MB | Sys Avail: 31496.1 MB / 65466.5 MB
[2026-07-04 16:00:07.999] [Thread 1840] Debug: [ "16:00:07.999" ][SystemMonitor] Stats Update: CPU App: 17.1875 % | Sys: 90.8854 % | RAM App: 159.586 MB | Sys Avail: 31496 MB / 65466.5 MB
[2026-07-04 16:00:09.014] [Thread 1840] Debug: [ "16:00:09.014" ][SystemMonitor] Stats Update: CPU App: 16.6667 % | Sys: 85.3846 % | RAM App: 160.262 MB | Sys Avail: 31408.8 MB / 65466.5 MB
[2026-07-04 16:00:10.025] [Thread 1840] Debug: [ "16:00:10.025" ][SystemMonitor] Stats Update: CPU App: 16.9231 % | Sys: 81.5385 % | RAM App: 160.898 MB | Sys Avail: 31559.9 MB / 65466.5 MB
[2026-07-04 16:00:10.994] [Thread 1840] Debug: [ "16:00:10.994" ][SystemMonitor] Stats Update: CPU App: 10.4839 % | Sys: 94.6237 % | RAM App: 161.379 MB | Sys Avail: 31519.9 MB / 65466.5 MB
[2026-07-04 16:00:12.017] [Thread 1840] Debug: [ "16:00:12.017" ][SystemMonitor] Stats Update: CPU App: 13.3333 % | Sys: 100 % | RAM App: 161.492 MB | Sys Avail: 31415.8 MB / 65466.5 MB
[2026-07-04 16:00:13.011] [Thread 1840] Debug: [ "16:00:13.011" ][SystemMonitor] Stats Update: CPU App: 13.8021 % | Sys: 99.4792 % | RAM App: 162.168 MB | Sys Avail: 31494.6 MB / 65466.5 MB
[2026-07-04 16:00:14.005] [Thread 1840] Debug: [ "16:00:14.005" ][SystemMonitor] Stats Update: CPU App: 15.873 % | Sys: 97.3545 % | RAM App: 162.496 MB | Sys Avail: 31510 MB / 65466.5 MB
[2026-07-04 16:00:14.993] [Thread 1840] Debug: [ "16:00:14.993" ][SystemMonitor] Stats Update: CPU App: 16.4063 % | Sys: 82.0313 % | RAM App: 162.949 MB | Sys Avail: 31521.3 MB / 65466.5 MB
[2026-07-04 16:00:15.995] [Thread 1840] Debug: [ "16:00:15.994" ][SystemMonitor] Stats Update: CPU App: 15.625 % | Sys: 63.0208 % | RAM App: 163.527 MB | Sys Avail: 31521.6 MB / 65466.5 MB
[2026-07-04 16:00:17.017] [Thread 1840] Debug: [ "16:00:17.017" ][SystemMonitor] Stats Update: CPU App: 15.1282 % | Sys: 78.2051 % | RAM App: 163.824 MB | Sys Avail: 31518.1 MB / 65466.5 MB
[2026-07-04 16:00:17.996] [Thread 1840] Debug: [ "16:00:17.996" ][SystemMonitor] Stats Update: CPU App: 15.3439 % | Sys: 87.5661 % | RAM App: 164.844 MB | Sys Avail: 31518.6 MB / 65466.5 MB
[2026-07-04 16:00:18.999] [Thread 1840] Debug: [ "16:00:18.999" ][SystemMonitor] Stats Update: CPU App: 15.625 % | Sys: 89.3229 % | RAM App: 165.777 MB | Sys Avail: 31518.6 MB / 65466.5 MB
[2026-07-04 16:00:19.997] [Thread 1840] Debug: [ "16:00:19.997" ][SystemMonitor] Stats Update: CPU App: 14.3229 % | Sys: 89.3229 % | RAM App: 166.055 MB | Sys Avail: 31527.8 MB / 65466.5 MB
[2026-07-04 16:00:21.011] [Thread 1840] Debug: [ "16:00:21.011" ][SystemMonitor] Stats Update: CPU App: 13.8462 % | Sys: 91.5385 % | RAM App: 167.277 MB | Sys Avail: 31527.8 MB / 65466.5 MB
