ninja: Entering directory `build'
[1/52] Automatic MOC and UIC for target tst_linkage
[2/51] Automatic MOC and UIC for target tst_automation
[3/50] Automatic MOC and UIC for target appScrollBench
[4/50] Automatic MOC and UIC for target tst_imagemodel
[5/48] Running AUTOMOC file extraction for target appScrollBench
[6/48] Running moc --collect-json for target appScrollBench
[7/29] Building CXX object test_scrollbench/CMakeFiles/tst_automation.dir/__/src/AsyncImageProvider.cpp.obj
[8/29] Building CXX object test_scrollbench/CMakeFiles/tst_linkage.dir/__/src/AsyncImageProvider.cpp.obj
[9/29] Building CXX object test_scrollbench/CMakeFiles/appScrollBench.dir/.rcc/qmlcache/appScrollBench_qml/DateScrubber_qml.cpp.obj
[10/29] Building CXX object test_scrollbench/CMakeFiles/appScrollBench.dir/.rcc/qmlcache/appScrollBench_qml/PerformanceOverlay_qml.cpp.obj
[11/29] Building CXX object test_scrollbench/CMakeFiles/appScrollBench.dir/.rcc/qmlcache/appScrollBench_qml/GalleryViewScrollBench_qml.cpp.obj
[12/29] Building CXX object test_scrollbench/CMakeFiles/appScrollBench.dir/.rcc/qmlcache/appScrollBench_qml/ResizeEditor_qml.cpp.obj
[13/29] Building CXX object test_scrollbench/CMakeFiles/appScrollBench.dir/.rcc/qmlcache/appScrollBench_qml/ShareDialog_qml.cpp.obj
[14/29] Building CXX object test_scrollbench/CMakeFiles/appScrollBench.dir/.rcc/qmlcache/appScrollBench_qml/UsageGraph_qml.cpp.obj
[15/29] Building CXX object test_scrollbench/CMakeFiles/appScrollBench.dir/.rcc/qmlcache/appScrollBench_qml/SelectionActionBar_qml.cpp.obj
[16/29] Building CXX object test_scrollbench/CMakeFiles/appScrollBench.dir/.rcc/qmlcache/appScrollBench_qml/VideoFeedbackOverlay_qml.cpp.obj
[17/29] Building CXX object test_scrollbench/CMakeFiles/appScrollBench.dir/.rcc/qmlcache/appScrollBench_qml/BenchmarkRunner_qml.cpp.obj
[18/29] Building CXX object test_scrollbench/CMakeFiles/appScrollBench.dir/.rcc/qmlcache/appScrollBench_qml/PhotoViewerScrollBench_qml.cpp.obj
[19/29] Building CXX object test_scrollbench/CMakeFiles/appScrollBench.dir/.rcc/qmlcache/appScrollBench_qml/GalleryViewSemanticScrollBench_qml.cpp.obj
[20/29] Building CXX object test_scrollbench/CMakeFiles/appScrollBench.dir/.rcc/qmlcache/appScrollBench_qml/AlbumsViewScrollBench_qml.cpp.obj
[21/29] Building CXX object test_scrollbench/CMakeFiles/appScrollBench.dir/.qt/rcc/qrc_appScrollBench_raw_qml_0.cpp.obj
[22/29] Linking CXX executable D:\Dev\antigravity\test_scrollbench\deploy\tst_linkage.exe
[23/29] Linking CXX executable D:\Dev\antigravity\test_scrollbench\deploy\tst_automation.exe
[24/29] Building CXX object test_scrollbench/CMakeFiles/appScrollBench.dir/.rcc/qmlcache/appScrollBench_qml/DiagnosticsOverlay_qml.cpp.obj
[25/29] Building CXX object test_scrollbench/CMakeFiles/appScrollBench.dir/.rcc/qmlcache/appScrollBench_qml/DiagnosticRow_qml.cpp.obj
[26/29] Building CXX object test_scrollbench/CMakeFiles/appScrollBench.dir/.rcc/qmlcache/appScrollBench_qml/DebugTuner_qml.cpp.obj
[27/29] Building CXX object test_scrollbench/CMakeFiles/appScrollBench.dir/__/src/AsyncImageProvider.cpp.obj
[28/29] Building CXX object test_scrollbench/CMakeFiles/appScrollBench.dir/appScrollBench_autogen/mocs_compilation.cpp.obj
[29/29] Linking CXX executable D:\Dev\antigravity\test_scrollbench\deploy\appScrollBench.exe
