================ ENVIRONMENT SNAPSHOT ================
OS              : "Windows 10 Version 22H2"
CPU Arch        : "x86_64" ( 6 logical threads)
Total System RAM: 65466.5 MB
GPU detected    : "NVIDIA GeForce GTX 1050 Ti" ( 4004 MB VRAM)
======================================================
[ "16:15:19.723" ][HWAccel] Requested mode: SettingsHelper::None
[ "16:15:19.723" ][HWAccel] CPU decoding selected (no acceleration).
[ "16:15:19.723" ][HWAccel] CPU Features: "SSE, SSE2, SSE3, SSSE3, SSE4.1, SSE4.2, AVX, AVX2, CUDA, VAAPI, DXVA2, QSV, D3D11VA, OPENCL, VULKAN, D3D12VA, AMF"
[Diagnostics] Monitor started - running checks every 1000ms
SystemMonitor: Starting monitoring with interval 1000 ms
[ "16:15:19.726" ][SystemMonitor] Stats Update: CPU App: 0 % | Sys: 0 % | RAM App: 61.1602 MB | Sys Avail: 31044.3 MB / 65466.5 MB
[SystemMonitor] Resource Update: RAM: 61.1602 MB (Delta: 61.1602 ) | VRAM: 0.804688 MB (Delta: 0.804688 )
[Diagnostics] Attached to ScrollBenchImageModel
[Diagnostics] Attached to SettingsHelper
[TaskScheduler] Started 2 CPU threads and 4 IO threads.
FileCacheManager: Initialized with LMDB (Stub) at "C:/Users/curtis/AppData/Local/appScrollBench/cache/thumbnails/FileCache.lmdb"
qrc:/ScrollBench/qml/MainScrollBench.qml:22:5: QML Settings: Failed to initialize QSettings instance. Status code is: 1
qrc:/ScrollBench/qml/MainScrollBench.qml:22:5: QML Settings: The following application identifiers have not been set: QList("organizationName", "organizationDomain")
qrc:/ScrollBench/qml/MainScrollBench.qml:22:5: QML Settings: The Settings type from Qt.labs.settings is deprecated and will be removed in a future release. Please use the one from QtCore instead.
[ "16:15:20.736" ][SystemMonitor] Stats Update: CPU App: 10.4167 % | Sys: 73.6979 % | RAM App: 136.777 MB | Sys Avail: 30980.6 MB / 65466.5 MB
[SystemMonitor] Resource Update: RAM: 136.777 MB (Delta: 75.6172 ) | VRAM: 28.4023 MB (Delta: 27.5977 )
[ "16:15:21.741" ][SystemMonitor] Stats Update: CPU App: 2.5641 % | Sys: 78.4615 % | RAM App: 137.551 MB | Sys Avail: 30977.6 MB / 65466.5 MB
[ "16:15:22.733" ][SystemMonitor] Stats Update: CPU App: 0.793651 % | Sys: 76.7196 % | RAM App: 138.152 MB | Sys Avail: 30985.1 MB / 65466.5 MB
[ "16:15:23.741" ][SystemMonitor] Stats Update: CPU App: 1.02564 % | Sys: 70.5128 % | RAM App: 138.184 MB | Sys Avail: 30989.6 MB / 65466.5 MB
[ "16:15:24.741" ][SystemMonitor] Stats Update: CPU App: 1.30208 % | Sys: 66.9271 % | RAM App: 138.246 MB | Sys Avail: 31009.7 MB / 65466.5 MB
[ "16:15:25.727" ][SystemMonitor] Stats Update: CPU App: 0.793651 % | Sys: 81.4815 % | RAM App: 138.285 MB | Sys Avail: 30840.5 MB / 65466.5 MB
[ "16:15:26.741" ][SystemMonitor] Stats Update: CPU App: 0.25641 % | Sys: 69.7436 % | RAM App: 138.316 MB | Sys Avail: 30994.7 MB / 65466.5 MB
[ "16:15:27.726" ][SystemMonitor] Stats Update: CPU App: 1.0582 % | Sys: 69.0476 % | RAM App: 138.352 MB | Sys Avail: 31028.8 MB / 65466.5 MB
[ "16:15:28.736" ][SystemMonitor] Stats Update: CPU App: 1.04167 % | Sys: 75.7813 % | RAM App: 138.133 MB | Sys Avail: 31055.5 MB / 65466.5 MB
[ "16:15:29.728" ][SystemMonitor] Stats Update: CPU App: 0.78125 % | Sys: 77.6042 % | RAM App: 138.215 MB | Sys Avail: 30912.8 MB / 65466.5 MB
[ "16:15:30.726" ][SystemMonitor] Stats Update: CPU App: 0.78125 % | Sys: 66.9271 % | RAM App: 136.93 MB | Sys Avail: 30968.3 MB / 65466.5 MB
TelemetryMonitor: Processed 300 frames. Current FPS: 29
[ "16:15:31.728" ][SystemMonitor] Stats Update: CPU App: 0.78125 % | Sys: 61.1979 % | RAM App: 137.059 MB | Sys Avail: 30989.3 MB / 65466.5 MB
[ "16:15:32.740" ][SystemMonitor] Stats Update: CPU App: 1.03627 % | Sys: 65.8974 % | RAM App: 137.094 MB | Sys Avail: 31036.4 MB / 65466.5 MB
[ "16:15:33.728" ][SystemMonitor] Stats Update: CPU App: 0.26178 % | Sys: 67.7249 % | RAM App: 137.109 MB | Sys Avail: 31027 MB / 65466.5 MB
[ "16:15:34.729" ][SystemMonitor] Stats Update: CPU App: 0.260417 % | Sys: 63.5417 % | RAM App: 136.758 MB | Sys Avail: 30863.5 MB / 65466.5 MB
[ "16:15:35.728" ][SystemMonitor] Stats Update: CPU App: 1.04167 % | Sys: 63.2813 % | RAM App: 136.836 MB | Sys Avail: 30959.7 MB / 65466.5 MB
[ "16:15:36.729" ][SystemMonitor] Stats Update: CPU App: 1.30208 % | Sys: 64.8438 % | RAM App: 136.883 MB | Sys Avail: 31005.1 MB / 65466.5 MB
[ "16:15:37.726" ][SystemMonitor] Stats Update: CPU App: 0.520833 % | Sys: 65.8854 % | RAM App: 136.914 MB | Sys Avail: 31006.6 MB / 65466.5 MB
[ "16:15:38.726" ][SystemMonitor] Stats Update: CPU App: 0.78125 % | Sys: 62.5 % | RAM App: 136.934 MB | Sys Avail: 30965.5 MB / 65466.5 MB
[ "16:15:39.727" ][SystemMonitor] Stats Update: CPU App: 0.520833 % | Sys: 60.4167 % | RAM App: 136.953 MB | Sys Avail: 31008.1 MB / 65466.5 MB
[ "16:15:40.736" ][SystemMonitor] Stats Update: CPU App: 0 % | Sys: 63.0208 % | RAM App: 136.977 MB | Sys Avail: 31039 MB / 65466.5 MB
TelemetryMonitor: Processed 300 frames. Current FPS: 29
[ "16:15:41.728" ][SystemMonitor] Stats Update: CPU App: 0.260417 % | Sys: 69.2708 % | RAM App: 136.496 MB | Sys Avail: 31011.2 MB / 65466.5 MB
[ "16:15:42.730" ][SystemMonitor] Stats Update: CPU App: 0.78125 % | Sys: 97.6563 % | RAM App: 136.652 MB | Sys Avail: 30910.2 MB / 65466.5 MB
[ "16:15:43.728" ][SystemMonitor] Stats Update: CPU App: 0.520833 % | Sys: 70.8333 % | RAM App: 136.742 MB | Sys Avail: 31021.7 MB / 65466.5 MB
[ "16:15:44.726" ][SystemMonitor] Stats Update: CPU App: 1.04167 % | Sys: 67.9688 % | RAM App: 136.77 MB | Sys Avail: 31017.4 MB / 65466.5 MB
[ "16:15:45.727" ][SystemMonitor] Stats Update: CPU App: 0.78125 % | Sys: 77.6042 % | RAM App: 136.82 MB | Sys Avail: 31018.8 MB / 65466.5 MB
[ "16:15:46.735" ][SystemMonitor] Stats Update: CPU App: 0.260417 % | Sys: 63.5417 % | RAM App: 136.855 MB | Sys Avail: 30996.7 MB / 65466.5 MB
[ "16:15:47.742" ][SystemMonitor] Stats Update: CPU App: 0.769231 % | Sys: 74.8718 % | RAM App: 136.906 MB | Sys Avail: 30984.4 MB / 65466.5 MB
[ "16:15:48.735" ][SystemMonitor] Stats Update: CPU App: 1.5873 % | Sys: 87.037 % | RAM App: 136.926 MB | Sys Avail: 31070.3 MB / 65466.5 MB
[ "16:15:49.728" ][SystemMonitor] Stats Update: CPU App: 0.520833 % | Sys: 65.1042 % | RAM App: 136.938 MB | Sys Avail: 31005.1 MB / 65466.5 MB
[ "16:15:50.730" ][SystemMonitor] Stats Update: CPU App: 0.78125 % | Sys: 62.2396 % | RAM App: 134.879 MB | Sys Avail: 31074.5 MB / 65466.5 MB
TelemetryMonitor: Processed 300 frames. Current FPS: 29
[ "16:15:51.728" ][SystemMonitor] Stats Update: CPU App: 0.520833 % | Sys: 66.4063 % | RAM App: 135.09 MB | Sys Avail: 31075.9 MB / 65466.5 MB
[ "16:15:52.741" ][SystemMonitor] Stats Update: CPU App: 1.02564 % | Sys: 65.1282 % | RAM App: 135.113 MB | Sys Avail: 30965.9 MB / 65466.5 MB
[ "16:15:53.728" ][SystemMonitor] Stats Update: CPU App: 1.0582 % | Sys: 56.3492 % | RAM App: 135.133 MB | Sys Avail: 31086.5 MB / 65466.5 MB
[ "16:15:54.732" ][SystemMonitor] Stats Update: CPU App: 0.78125 % | Sys: 59.8958 % | RAM App: 135.156 MB | Sys Avail: 31082.9 MB / 65466.5 MB
[ "16:15:55.725" ][SystemMonitor] Stats Update: CPU App: 1.04167 % | Sys: 78.3854 % | RAM App: 135.184 MB | Sys Avail: 31079.9 MB / 65466.5 MB
[ "16:15:56.726" ][SystemMonitor] Stats Update: CPU App: 1.04167 % | Sys: 79.9479 % | RAM App: 135.383 MB | Sys Avail: 31077.7 MB / 65466.5 MB
[ "16:15:57.822" ][SystemMonitor] Stats Update: CPU App: 0.479616 % | Sys: 79.2857 % | RAM App: 135.434 MB | Sys Avail: 31075.6 MB / 65466.5 MB
[ "16:15:58.736" ][SystemMonitor] Stats Update: CPU App: 0.2849 % | Sys: 86.2069 % | RAM App: 135.492 MB | Sys Avail: 31073.7 MB / 65466.5 MB
[ "16:15:59.742" ][SystemMonitor] Stats Update: CPU App: 1.02564 % | Sys: 78.9744 % | RAM App: 135.527 MB | Sys Avail: 31072.7 MB / 65466.5 MB
[ "16:16:00.742" ][SystemMonitor] Stats Update: CPU App: 0.78125 % | Sys: 88.8021 % | RAM App: 135.578 MB | Sys Avail: 31077.6 MB / 65466.5 MB
[ "16:16:01.742" ][SystemMonitor] Stats Update: CPU App: 1.30208 % | Sys: 77.6042 % | RAM App: 135.668 MB | Sys Avail: 31074.3 MB / 65466.5 MB
TelemetryMonitor: Processed 300 frames. Current FPS: 27
[ "16:16:02.736" ][SystemMonitor] Stats Update: CPU App: 0.793651 % | Sys: 77.5132 % | RAM App: 135.699 MB | Sys Avail: 31074.9 MB / 65466.5 MB
[ "16:16:03.726" ][SystemMonitor] Stats Update: CPU App: 1.04167 % | Sys: 84.1146 % | RAM App: 135.746 MB | Sys Avail: 31077.6 MB / 65466.5 MB
[ "16:16:04.724" ][SystemMonitor] Stats Update: CPU App: 0.520833 % | Sys: 82.8125 % | RAM App: 135.777 MB | Sys Avail: 31076.1 MB / 65466.5 MB
[ "16:16:05.726" ][SystemMonitor] Stats Update: CPU App: 0.78125 % | Sys: 90.1042 % | RAM App: 135.832 MB | Sys Avail: 31075.8 MB / 65466.5 MB
[ "16:16:06.742" ][SystemMonitor] Stats Update: CPU App: 0.512821 % | Sys: 71.5385 % | RAM App: 135.875 MB | Sys Avail: 31085.4 MB / 65466.5 MB
[ "16:16:07.725" ][SystemMonitor] Stats Update: CPU App: 0.529101 % | Sys: 63.7566 % | RAM App: 135.91 MB | Sys Avail: 31077.1 MB / 65466.5 MB
[ "16:16:08.742" ][SystemMonitor] Stats Update: CPU App: 0.769231 % | Sys: 62.8205 % | RAM App: 135.941 MB | Sys Avail: 31081.9 MB / 65466.5 MB
[ "16:16:09.724" ][SystemMonitor] Stats Update: CPU App: 0.26455 % | Sys: 66.4021 % | RAM App: 136.004 MB | Sys Avail: 31110.9 MB / 65466.5 MB
[ "16:16:10.741" ][SystemMonitor] Stats Update: CPU App: 0.25641 % | Sys: 69.2308 % | RAM App: 136.031 MB | Sys Avail: 31114.6 MB / 65466.5 MB
[ "16:16:11.742" ][SystemMonitor] Stats Update: CPU App: 1.30208 % | Sys: 64.5833 % | RAM App: 136.004 MB | Sys Avail: 31114.1 MB / 65466.5 MB
[ "16:16:12.730" ][SystemMonitor] Stats Update: CPU App: 1.0582 % | Sys: 98.1481 % | RAM App: 136.098 MB | Sys Avail: 31027.9 MB / 65466.5 MB
TelemetryMonitor: Processed 300 frames. Current FPS: 28
[ "16:16:13.724" ][SystemMonitor] Stats Update: CPU App: 1.30208 % | Sys: 74.4792 % | RAM App: 136.129 MB | Sys Avail: 31107.1 MB / 65466.5 MB
[ "16:16:14.742" ][SystemMonitor] Stats Update: CPU App: 1.53846 % | Sys: 64.6154 % | RAM App: 136.164 MB | Sys Avail: 31106.2 MB / 65466.5 MB
[ "16:16:15.741" ][SystemMonitor] Stats Update: CPU App: 0.520833 % | Sys: 66.9271 % | RAM App: 136.262 MB | Sys Avail: 31106.6 MB / 65466.5 MB
[ "16:16:16.725" ][SystemMonitor] Stats Update: CPU App: 0.793651 % | Sys: 76.1905 % | RAM App: 136.332 MB | Sys Avail: 31102.4 MB / 65466.5 MB
[ "16:16:17.725" ][SystemMonitor] Stats Update: CPU App: 0.520833 % | Sys: 78.3854 % | RAM App: 135.48 MB | Sys Avail: 31100.1 MB / 65466.5 MB
[ "16:16:18.725" ][SystemMonitor] Stats Update: CPU App: 0.520833 % | Sys: 69.7917 % | RAM App: 135.48 MB | Sys Avail: 31099.3 MB / 65466.5 MB
[ "16:16:19.758" ][SystemMonitor] Stats Update: CPU App: 0.505051 % | Sys: 69.4444 % | RAM App: 135.441 MB | Sys Avail: 31098.3 MB / 65466.5 MB
[ "16:16:20.742" ][SystemMonitor] Stats Update: CPU App: 0.793651 % | Sys: 69.3122 % | RAM App: 135.445 MB | Sys Avail: 31097.4 MB / 65466.5 MB
[ "16:16:21.726" ][SystemMonitor] Stats Update: CPU App: 0.793651 % | Sys: 67.7249 % | RAM App: 135.461 MB | Sys Avail: 31099.1 MB / 65466.5 MB
[ "16:16:22.743" ][SystemMonitor] Stats Update: CPU App: 0.769231 % | Sys: 68.7179 % | RAM App: 135.48 MB | Sys Avail: 31100.1 MB / 65466.5 MB
[ "16:16:23.725" ][SystemMonitor] Stats Update: CPU App: 1.32275 % | Sys: 70.8995 % | RAM App: 135.496 MB | Sys Avail: 31081.3 MB / 65466.5 MB
TelemetryMonitor: Processed 300 frames. Current FPS: 27
[ "16:16:24.726" ][SystemMonitor] Stats Update: CPU App: 1.04167 % | Sys: 73.4375 % | RAM App: 135.496 MB | Sys Avail: 31087.3 MB / 65466.5 MB
[ "16:16:25.737" ][SystemMonitor] Stats Update: CPU App: 1.04167 % | Sys: 80.2083 % | RAM App: 135.516 MB | Sys Avail: 31075.9 MB / 65466.5 MB
[ "16:16:26.744" ][SystemMonitor] Stats Update: CPU App: 1.02564 % | Sys: 82.5641 % | RAM App: 135.523 MB | Sys Avail: 31040.7 MB / 65466.5 MB
[ "16:16:27.726" ][SystemMonitor] Stats Update: CPU App: 0.26455 % | Sys: 89.418 % | RAM App: 135.738 MB | Sys Avail: 31020.3 MB / 65466.5 MB
[ "16:16:28.726" ][SystemMonitor] Stats Update: CPU App: 1.5625 % | Sys: 85.6771 % | RAM App: 135.742 MB | Sys Avail: 31018.6 MB / 65466.5 MB
[ "16:16:29.725" ][SystemMonitor] Stats Update: CPU App: 2.08333 % | Sys: 84.6354 % | RAM App: 135.742 MB | Sys Avail: 31321.3 MB / 65466.5 MB
[ "16:16:30.726" ][SystemMonitor] Stats Update: CPU App: 0.260417 % | Sys: 88.5417 % | RAM App: 135.762 MB | Sys Avail: 31653 MB / 65466.5 MB
[ "16:16:31.728" ][SystemMonitor] Stats Update: CPU App: 0.78125 % | Sys: 70.0521 % | RAM App: 135.793 MB | Sys Avail: 31650.9 MB / 65466.5 MB
[ "16:16:32.726" ][SystemMonitor] Stats Update: CPU App: 1.04167 % | Sys: 64.0625 % | RAM App: 135.824 MB | Sys Avail: 31650 MB / 65466.5 MB
[ "16:16:33.725" ][SystemMonitor] Stats Update: CPU App: 1.04167 % | Sys: 65.8854 % | RAM App: 135.84 MB | Sys Avail: 31650.3 MB / 65466.5 MB
[ "16:16:34.726" ][SystemMonitor] Stats Update: CPU App: 0.260417 % | Sys: 71.3542 % | RAM App: 135.855 MB | Sys Avail: 31650.9 MB / 65466.5 MB
TelemetryMonitor: Processed 300 frames. Current FPS: 27
[ "16:16:35.725" ][SystemMonitor] Stats Update: CPU App: 0.78125 % | Sys: 65.3646 % | RAM App: 135.91 MB | Sys Avail: 31646.4 MB / 65466.5 MB
[ "16:16:36.726" ][SystemMonitor] Stats Update: CPU App: 0.260417 % | Sys: 67.4479 % | RAM App: 135.93 MB | Sys Avail: 31648.6 MB / 65466.5 MB
[ "16:16:37.744" ][SystemMonitor] Stats Update: CPU App: 0.512821 % | Sys: 68.9744 % | RAM App: 135.992 MB | Sys Avail: 31648.4 MB / 65466.5 MB
[ "16:16:38.726" ][SystemMonitor] Stats Update: CPU App: 0.793651 % | Sys: 69.5767 % | RAM App: 136.07 MB | Sys Avail: 31649.7 MB / 65466.5 MB
[ "16:16:39.726" ][SystemMonitor] Stats Update: CPU App: 0.260417 % | Sys: 64.5833 % | RAM App: 136.121 MB | Sys Avail: 31648.7 MB / 65466.5 MB
[ "16:16:40.727" ][SystemMonitor] Stats Update: CPU App: 0.520833 % | Sys: 64.3229 % | RAM App: 136.203 MB | Sys Avail: 31650.8 MB / 65466.5 MB
[ "16:16:41.726" ][SystemMonitor] Stats Update: CPU App: 2.08333 % | Sys: 72.1354 % | RAM App: 136.227 MB | Sys Avail: 31649.6 MB / 65466.5 MB
[ "16:16:42.727" ][SystemMonitor] Stats Update: CPU App: 2.08333 % | Sys: 97.1354 % | RAM App: 136.277 MB | Sys Avail: 31594.7 MB / 65466.5 MB
[ "16:16:43.727" ][SystemMonitor] Stats Update: CPU App: 0.520833 % | Sys: 71.3542 % | RAM App: 136.375 MB | Sys Avail: 31641.9 MB / 65466.5 MB
[ "16:16:44.727" ][SystemMonitor] Stats Update: CPU App: 0.520833 % | Sys: 61.4583 % | RAM App: 136.457 MB | Sys Avail: 31638.9 MB / 65466.5 MB
TelemetryMonitor: Processed 300 frames. Current FPS: 29
[ "16:16:45.743" ][SystemMonitor] Stats Update: CPU App: 0.769231 % | Sys: 82.0513 % | RAM App: 136.559 MB | Sys Avail: 31643.4 MB / 65466.5 MB
[ "16:16:46.744" ][SystemMonitor] Stats Update: CPU App: 1.04167 % | Sys: 73.1771 % | RAM App: 136.641 MB | Sys Avail: 31633.2 MB / 65466.5 MB
[ "16:16:47.726" ][SystemMonitor] Stats Update: CPU App: 0.26455 % | Sys: 70.1058 % | RAM App: 136.664 MB | Sys Avail: 31631.4 MB / 65466.5 MB
[ "16:16:48.726" ][SystemMonitor] Stats Update: CPU App: 0.78125 % | Sys: 63.0208 % | RAM App: 136.742 MB | Sys Avail: 31631.8 MB / 65466.5 MB
[ "16:16:49.726" ][SystemMonitor] Stats Update: CPU App: 0.260417 % | Sys: 59.1146 % | RAM App: 136.797 MB | Sys Avail: 31631.3 MB / 65466.5 MB
[ "16:16:50.727" ][SystemMonitor] Stats Update: CPU App: 0.520833 % | Sys: 68.2292 % | RAM App: 136.82 MB | Sys Avail: 31627.8 MB / 65466.5 MB
[ "16:16:51.744" ][SystemMonitor] Stats Update: CPU App: 1.28205 % | Sys: 78.7179 % | RAM App: 136.906 MB | Sys Avail: 31619.9 MB / 65466.5 MB
[ "16:16:52.749" ][SystemMonitor] Stats Update: CPU App: 0.520833 % | Sys: 79.9479 % | RAM App: 136.93 MB | Sys Avail: 31610.3 MB / 65466.5 MB
[ "16:16:53.727" ][SystemMonitor] Stats Update: CPU App: 1.32275 % | Sys: 65.0794 % | RAM App: 136.953 MB | Sys Avail: 31604.2 MB / 65466.5 MB
[ "16:16:54.726" ][SystemMonitor] Stats Update: CPU App: 0.260417 % | Sys: 75.7813 % | RAM App: 136.973 MB | Sys Avail: 31589.7 MB / 65466.5 MB
[ "16:16:55.726" ][SystemMonitor] Stats Update: CPU App: 0.520833 % | Sys: 78.9063 % | RAM App: 136.992 MB | Sys Avail: 31580.1 MB / 65466.5 MB
TelemetryMonitor: Processed 300 frames. Current FPS: 27
[ "16:16:56.744" ][SystemMonitor] Stats Update: CPU App: 0.769231 % | Sys: 76.4103 % | RAM App: 137.016 MB | Sys Avail: 31479.6 MB / 65466.5 MB
[ "16:16:57.735" ][SystemMonitor] Stats Update: CPU App: 0.793651 % | Sys: 88.6243 % | RAM App: 137.043 MB | Sys Avail: 31434.6 MB / 65466.5 MB
[ "16:16:58.726" ][SystemMonitor] Stats Update: CPU App: 0.260417 % | Sys: 70.8333 % | RAM App: 137.063 MB | Sys Avail: 31411.3 MB / 65466.5 MB
[ "16:16:59.728" ][SystemMonitor] Stats Update: CPU App: 0.520833 % | Sys: 61.7188 % | RAM App: 137.102 MB | Sys Avail: 31419.6 MB / 65466.5 MB
[ "16:17:00.743" ][SystemMonitor] Stats Update: CPU App: 0.769231 % | Sys: 77.1795 % | RAM App: 137.133 MB | Sys Avail: 31385.8 MB / 65466.5 MB
[ "16:17:01.727" ][SystemMonitor] Stats Update: CPU App: 0 % | Sys: 69.8413 % | RAM App: 137.156 MB | Sys Avail: 31356.7 MB / 65466.5 MB
[ "16:17:02.736" ][SystemMonitor] Stats Update: CPU App: 1.5625 % | Sys: 64.3229 % | RAM App: 137.188 MB | Sys Avail: 31357.7 MB / 65466.5 MB
[ "16:17:03.726" ][SystemMonitor] Stats Update: CPU App: 0.260417 % | Sys: 77.8646 % | RAM App: 137.215 MB | Sys Avail: 31351.7 MB / 65466.5 MB
[ "16:17:04.727" ][SystemMonitor] Stats Update: CPU App: 1.30208 % | Sys: 73.9583 % | RAM App: 137.23 MB | Sys Avail: 31350 MB / 65466.5 MB
[ "16:17:05.727" ][SystemMonitor] Stats Update: CPU App: 1.30208 % | Sys: 76.8229 % | RAM App: 137.258 MB | Sys Avail: 31348.1 MB / 65466.5 MB
[ "16:17:06.727" ][SystemMonitor] Stats Update: CPU App: 1.04167 % | Sys: 83.8542 % | RAM App: 137.281 MB | Sys Avail: 31332.2 MB / 65466.5 MB
TelemetryMonitor: Processed 300 frames. Current FPS: 28
[ "16:17:07.730" ][SystemMonitor] Stats Update: CPU App: 0.260417 % | Sys: 90.625 % | RAM App: 137.305 MB | Sys Avail: 31315.1 MB / 65466.5 MB
[ "16:17:08.727" ][SystemMonitor] Stats Update: CPU App: 0.78125 % | Sys: 83.0729 % | RAM App: 137.336 MB | Sys Avail: 31304.7 MB / 65466.5 MB
[ "16:17:09.727" ][SystemMonitor] Stats Update: CPU App: 1.30208 % | Sys: 74.2188 % | RAM App: 137.355 MB | Sys Avail: 31263.5 MB / 65466.5 MB
[ "16:17:10.744" ][SystemMonitor] Stats Update: CPU App: 1.28205 % | Sys: 92.3077 % | RAM App: 137.387 MB | Sys Avail: 31184.7 MB / 65466.5 MB
[ "16:17:11.728" ][SystemMonitor] Stats Update: CPU App: 0.26455 % | Sys: 94.709 % | RAM App: 137.414 MB | Sys Avail: 31181.1 MB / 65466.5 MB
[ "16:17:12.728" ][SystemMonitor] Stats Update: CPU App: 0.78125 % | Sys: 98.4375 % | RAM App: 137.434 MB | Sys Avail: 31098.2 MB / 65466.5 MB
[ "16:17:13.727" ][SystemMonitor] Stats Update: CPU App: 1.04167 % | Sys: 86.4583 % | RAM App: 137.461 MB | Sys Avail: 31147.4 MB / 65466.5 MB
[ "16:17:14.726" ][SystemMonitor] Stats Update: CPU App: 0 % | Sys: 65.8854 % | RAM App: 137.484 MB | Sys Avail: 31143.4 MB / 65466.5 MB
[ "16:17:15.727" ][SystemMonitor] Stats Update: CPU App: 0.78125 % | Sys: 79.9479 % | RAM App: 137.512 MB | Sys Avail: 31145.2 MB / 65466.5 MB
[ "16:17:16.744" ][SystemMonitor] Stats Update: CPU App: 1.02564 % | Sys: 91.0256 % | RAM App: 136.602 MB | Sys Avail: 31121.1 MB / 65466.5 MB
[ "16:17:17.745" ][SystemMonitor] Stats Update: CPU App: 0.78125 % | Sys: 95.8333 % | RAM App: 136.602 MB | Sys Avail: 31139.4 MB / 65466.5 MB
TelemetryMonitor: Processed 300 frames. Current FPS: 29
[ "16:17:18.738" ][SystemMonitor] Stats Update: CPU App: 0.793651 % | Sys: 98.6772 % | RAM App: 136.602 MB | Sys Avail: 31062.5 MB / 65466.5 MB
[ "16:17:19.727" ][SystemMonitor] Stats Update: CPU App: 0.520833 % | Sys: 98.4375 % | RAM App: 136.602 MB | Sys Avail: 30995.5 MB / 65466.5 MB
[ "16:17:20.728" ][SystemMonitor] Stats Update: CPU App: 1.04167 % | Sys: 82.0313 % | RAM App: 136.613 MB | Sys Avail: 30940.6 MB / 65466.5 MB
[ "16:17:21.727" ][SystemMonitor] Stats Update: CPU App: 1.04167 % | Sys: 76.3021 % | RAM App: 136.633 MB | Sys Avail: 31033 MB / 65466.5 MB
[ "16:17:22.728" ][SystemMonitor] Stats Update: CPU App: 1.04167 % | Sys: 71.875 % | RAM App: 136.852 MB | Sys Avail: 31044 MB / 65466.5 MB
[ "16:17:23.727" ][SystemMonitor] Stats Update: CPU App: 1.04167 % | Sys: 75 % | RAM App: 136.859 MB | Sys Avail: 31024.2 MB / 65466.5 MB
[ "16:17:24.728" ][SystemMonitor] Stats Update: CPU App: 0.78125 % | Sys: 72.6563 % | RAM App: 136.859 MB | Sys Avail: 31045.1 MB / 65466.5 MB
[ "16:17:25.729" ][SystemMonitor] Stats Update: CPU App: 1.04167 % | Sys: 85.6771 % | RAM App: 137.004 MB | Sys Avail: 30992.8 MB / 65466.5 MB
[ "16:17:26.727" ][SystemMonitor] Stats Update: CPU App: 0.78125 % | Sys: 75 % | RAM App: 137.004 MB | Sys Avail: 30985.4 MB / 65466.5 MB
[ "16:17:27.727" ][SystemMonitor] Stats Update: CPU App: 1.30208 % | Sys: 74.7396 % | RAM App: 137.004 MB | Sys Avail: 30995.8 MB / 65466.5 MB
TelemetryMonitor: Processed 300 frames. Current FPS: 28
[ "16:17:28.728" ][SystemMonitor] Stats Update: CPU App: 0.520833 % | Sys: 74.2188 % | RAM App: 137.004 MB | Sys Avail: 30988.5 MB / 65466.5 MB
[ "16:17:29.750" ][SystemMonitor] Stats Update: CPU App: 0.512821 % | Sys: 79.7436 % | RAM App: 137.004 MB | Sys Avail: 30783.1 MB / 65466.5 MB
[ "16:17:30.728" ][SystemMonitor] Stats Update: CPU App: 1.0582 % | Sys: 84.3915 % | RAM App: 137.004 MB | Sys Avail: 30954.4 MB / 65466.5 MB
[ "16:17:31.728" ][SystemMonitor] Stats Update: CPU App: 0.520833 % | Sys: 72.9167 % | RAM App: 137.004 MB | Sys Avail: 31066.1 MB / 65466.5 MB
[ "16:17:32.728" ][SystemMonitor] Stats Update: CPU App: 0.520833 % | Sys: 77.8646 % | RAM App: 137.004 MB | Sys Avail: 31054.2 MB / 65466.5 MB
[ "16:17:33.727" ][SystemMonitor] Stats Update: CPU App: 1.04167 % | Sys: 75.5208 % | RAM App: 137.004 MB | Sys Avail: 31045.7 MB / 65466.5 MB
[ "16:17:34.728" ][SystemMonitor] Stats Update: CPU App: 0.78125 % | Sys: 74.7396 % | RAM App: 137.016 MB | Sys Avail: 31062.3 MB / 65466.5 MB
[ "16:17:35.728" ][SystemMonitor] Stats Update: CPU App: 0.520833 % | Sys: 72.9167 % | RAM App: 137.039 MB | Sys Avail: 31051.8 MB / 65466.5 MB
[ "16:17:36.728" ][SystemMonitor] Stats Update: CPU App: 0.78125 % | Sys: 69.7917 % | RAM App: 137.059 MB | Sys Avail: 31050.3 MB / 65466.5 MB
[ "16:17:37.745" ][SystemMonitor] Stats Update: CPU App: 0.769231 % | Sys: 74.6154 % | RAM App: 137.082 MB | Sys Avail: 30974.3 MB / 65466.5 MB
[ "16:17:38.729" ][SystemMonitor] Stats Update: CPU App: 0.26455 % | Sys: 74.8677 % | RAM App: 137.105 MB | Sys Avail: 31076.1 MB / 65466.5 MB
TelemetryMonitor: Processed 300 frames. Current FPS: 28
[ "16:17:39.727" ][SystemMonitor] Stats Update: CPU App: 0.260417 % | Sys: 72.6563 % | RAM App: 137.125 MB | Sys Avail: 31071.5 MB / 65466.5 MB
[ "16:17:40.728" ][SystemMonitor] Stats Update: CPU App: 1.04167 % | Sys: 82.2917 % | RAM App: 137.145 MB | Sys Avail: 31054 MB / 65466.5 MB
[ "16:17:41.728" ][SystemMonitor] Stats Update: CPU App: 2.08333 % | Sys: 68.75 % | RAM App: 137.168 MB | Sys Avail: 30994.2 MB / 65466.5 MB
[ "16:17:42.728" ][SystemMonitor] Stats Update: CPU App: 0.260417 % | Sys: 97.9167 % | RAM App: 137.188 MB | Sys Avail: 30936.2 MB / 65466.5 MB
[ "16:17:43.728" ][SystemMonitor] Stats Update: CPU App: 0.520833 % | Sys: 77.3438 % | RAM App: 137.211 MB | Sys Avail: 31031.3 MB / 65466.5 MB
[ "16:17:44.729" ][SystemMonitor] Stats Update: CPU App: 0.78125 % | Sys: 80.7292 % | RAM App: 137.23 MB | Sys Avail: 31038.5 MB / 65466.5 MB
[ "16:17:45.728" ][SystemMonitor] Stats Update: CPU App: 0.78125 % | Sys: 67.1875 % | RAM App: 137.25 MB | Sys Avail: 30952.3 MB / 65466.5 MB
[ "16:17:46.729" ][SystemMonitor] Stats Update: CPU App: 0.260417 % | Sys: 83.8542 % | RAM App: 137.406 MB | Sys Avail: 30981.8 MB / 65466.5 MB
[ "16:17:47.729" ][SystemMonitor] Stats Update: CPU App: 0.260417 % | Sys: 51.5625 % | RAM App: 137.438 MB | Sys Avail: 30981.8 MB / 65466.5 MB
[ "16:17:48.728" ][SystemMonitor] Stats Update: CPU App: 1.30208 % | Sys: 73.4375 % | RAM App: 137.473 MB | Sys Avail: 31018.5 MB / 65466.5 MB
Retrying to obtain clipboard.
[ "16:17:49.745" ][SystemMonitor] Stats Update: CPU App: 0.769231 % | Sys: 81.7949 % | RAM App: 137.512 MB | Sys Avail: 31023 MB / 65466.5 MB
TelemetryMonitor: Processed 300 frames. Current FPS: 27
[ "16:17:50.731" ][SystemMonitor] Stats Update: CPU App: 0.793651 % | Sys: 87.037 % | RAM App: 137.535 MB | Sys Avail: 31027.6 MB / 65466.5 MB
[ "16:17:51.729" ][SystemMonitor] Stats Update: CPU App: 0.260417 % | Sys: 85.1563 % | RAM App: 137.559 MB | Sys Avail: 31019.9 MB / 65466.5 MB
[ "16:17:52.745" ][SystemMonitor] Stats Update: CPU App: 0.25641 % | Sys: 79.2308 % | RAM App: 137.586 MB | Sys Avail: 31019.5 MB / 65466.5 MB
[ "16:17:53.746" ][SystemMonitor] Stats Update: CPU App: 0.520833 % | Sys: 79.9479 % | RAM App: 137.613 MB | Sys Avail: 31021.8 MB / 65466.5 MB
[ "16:17:54.729" ][SystemMonitor] Stats Update: CPU App: 1.0582 % | Sys: 85.9788 % | RAM App: 137.641 MB | Sys Avail: 31015.6 MB / 65466.5 MB
[ "16:17:55.729" ][SystemMonitor] Stats Update: CPU App: 1.04167 % | Sys: 85.6771 % | RAM App: 137.66 MB | Sys Avail: 31006.5 MB / 65466.5 MB
[ "16:17:56.730" ][SystemMonitor] Stats Update: CPU App: 1.5625 % | Sys: 84.6354 % | RAM App: 137.695 MB | Sys Avail: 31004 MB / 65466.5 MB
[ "16:17:57.729" ][SystemMonitor] Stats Update: CPU App: 0.260417 % | Sys: 84.6354 % | RAM App: 137.719 MB | Sys Avail: 31001.6 MB / 65466.5 MB
[ "16:17:58.725" ][SystemMonitor] Stats Update: CPU App: 1.82292 % | Sys: 86.1979 % | RAM App: 137.738 MB | Sys Avail: 31001.6 MB / 65466.5 MB
[ "16:17:59.730" ][SystemMonitor] Stats Update: CPU App: 0.260417 % | Sys: 83.5938 % | RAM App: 137.758 MB | Sys Avail: 31001.6 MB / 65466.5 MB
[ "16:18:00.762" ][SystemMonitor] Stats Update: CPU App: 0.505051 % | Sys: 74.7475 % | RAM App: 137.789 MB | Sys Avail: 31007 MB / 65466.5 MB
TelemetryMonitor: Processed 300 frames. Current FPS: 29
[ "16:18:01.729" ][SystemMonitor] Stats Update: CPU App: 0.806452 % | Sys: 72.043 % | RAM App: 137.809 MB | Sys Avail: 31003.8 MB / 65466.5 MB
[ "16:18:02.729" ][SystemMonitor] Stats Update: CPU App: 0.78125 % | Sys: 71.0938 % | RAM App: 137.84 MB | Sys Avail: 31002.9 MB / 65466.5 MB
[ "16:18:03.746" ][SystemMonitor] Stats Update: CPU App: 0.769231 % | Sys: 66.1538 % | RAM App: 137.859 MB | Sys Avail: 31007 MB / 65466.5 MB
[ "16:18:04.725" ][SystemMonitor] Stats Update: CPU App: 1.0582 % | Sys: 72.4868 % | RAM App: 137.891 MB | Sys Avail: 31017.9 MB / 65466.5 MB
[ "16:18:05.727" ][SystemMonitor] Stats Update: CPU App: 1.30208 % | Sys: 72.9167 % | RAM App: 137.91 MB | Sys Avail: 31007.8 MB / 65466.5 MB
[ "16:18:06.730" ][SystemMonitor] Stats Update: CPU App: 1.04167 % | Sys: 69.7917 % | RAM App: 137.934 MB | Sys Avail: 31006.6 MB / 65466.5 MB
[ "16:18:07.727" ][SystemMonitor] Stats Update: CPU App: 0.520833 % | Sys: 72.6563 % | RAM App: 137.961 MB | Sys Avail: 31008.7 MB / 65466.5 MB
[ "16:18:08.746" ][SystemMonitor] Stats Update: CPU App: 0.512821 % | Sys: 68.9744 % | RAM App: 137.988 MB | Sys Avail: 31007.7 MB / 65466.5 MB
[ "16:18:09.729" ][SystemMonitor] Stats Update: CPU App: 1.0582 % | Sys: 73.545 % | RAM App: 138.012 MB | Sys Avail: 31114.9 MB / 65466.5 MB
[ "16:18:10.725" ][SystemMonitor] Stats Update: CPU App: 0.78125 % | Sys: 70.8333 % | RAM App: 138.043 MB | Sys Avail: 31109.5 MB / 65466.5 MB
TelemetryMonitor: Processed 300 frames. Current FPS: 30
[ "16:18:11.728" ][SystemMonitor] Stats Update: CPU App: 1.30208 % | Sys: 71.0938 % | RAM App: 138.066 MB | Sys Avail: 31109.8 MB / 65466.5 MB
[ "16:18:12.731" ][SystemMonitor] Stats Update: CPU App: 1.04167 % | Sys: 96.6146 % | RAM App: 138.086 MB | Sys Avail: 31018.5 MB / 65466.5 MB
[ "16:18:13.729" ][SystemMonitor] Stats Update: CPU App: 1.04167 % | Sys: 81.25 % | RAM App: 137.227 MB | Sys Avail: 31113.4 MB / 65466.5 MB
[ "16:18:14.746" ][SystemMonitor] Stats Update: CPU App: 0.769231 % | Sys: 73.5897 % | RAM App: 137.227 MB | Sys Avail: 31107.4 MB / 65466.5 MB
[ "16:18:15.729" ][SystemMonitor] Stats Update: CPU App: 0 % | Sys: 71.4286 % | RAM App: 137.227 MB | Sys Avail: 31110.2 MB / 65466.5 MB
[ "16:18:16.747" ][SystemMonitor] Stats Update: CPU App: 1.53846 % | Sys: 73.8462 % | RAM App: 137.227 MB | Sys Avail: 31109 MB / 65466.5 MB
[ "16:18:17.730" ][SystemMonitor] Stats Update: CPU App: 1.5873 % | Sys: 70.1058 % | RAM App: 137.238 MB | Sys Avail: 31109.8 MB / 65466.5 MB
[ "16:18:18.730" ][SystemMonitor] Stats Update: CPU App: 0.260417 % | Sys: 71.875 % | RAM App: 137.262 MB | Sys Avail: 31109.2 MB / 65466.5 MB
[ "16:18:19.725" ][SystemMonitor] Stats Update: CPU App: 0.78125 % | Sys: 72.1354 % | RAM App: 137.266 MB | Sys Avail: 31110.3 MB / 65466.5 MB
[ "16:18:20.729" ][SystemMonitor] Stats Update: CPU App: 0.520833 % | Sys: 72.3958 % | RAM App: 137.266 MB | Sys Avail: 31116.5 MB / 65466.5 MB
[ "16:18:21.729" ][SystemMonitor] Stats Update: CPU App: 0.520833 % | Sys: 65.3646 % | RAM App: 137.266 MB | Sys Avail: 31115.7 MB / 65466.5 MB
TelemetryMonitor: Processed 300 frames. Current FPS: 29
[ "16:18:22.731" ][SystemMonitor] Stats Update: CPU App: 1.30208 % | Sys: 73.4375 % | RAM App: 137.266 MB | Sys Avail: 31112.9 MB / 65466.5 MB
[ "16:18:23.729" ][SystemMonitor] Stats Update: CPU App: 0.260417 % | Sys: 72.6563 % | RAM App: 137.266 MB | Sys Avail: 31084.2 MB / 65466.5 MB
[ "16:18:24.729" ][SystemMonitor] Stats Update: CPU App: 0.78125 % | Sys: 74.2188 % | RAM App: 137.266 MB | Sys Avail: 31083.2 MB / 65466.5 MB
[ "16:18:25.729" ][SystemMonitor] Stats Update: CPU App: 1.04167 % | Sys: 75.5208 % | RAM App: 137.266 MB | Sys Avail: 31048.9 MB / 65466.5 MB
[ "16:18:26.730" ][SystemMonitor] Stats Update: CPU App: 1.30208 % | Sys: 80.9896 % | RAM App: 137.266 MB | Sys Avail: 31096.7 MB / 65466.5 MB
[ "16:18:27.729" ][SystemMonitor] Stats Update: CPU App: 1.04167 % | Sys: 72.3958 % | RAM App: 137.266 MB | Sys Avail: 31086 MB / 65466.5 MB
[ "16:18:28.728" ][SystemMonitor] Stats Update: CPU App: 0.260417 % | Sys: 67.4479 % | RAM App: 137.266 MB | Sys Avail: 31091.2 MB / 65466.5 MB
[ "16:18:29.730" ][SystemMonitor] Stats Update: CPU App: 0 % | Sys: 86.1979 % | RAM App: 137.266 MB | Sys Avail: 31091 MB / 65466.5 MB
[ "16:18:30.730" ][SystemMonitor] Stats Update: CPU App: 0.260417 % | Sys: 76.0417 % | RAM App: 137.266 MB | Sys Avail: 31078.3 MB / 65466.5 MB
[ "16:18:31.731" ][SystemMonitor] Stats Update: CPU App: 0.260417 % | Sys: 68.2292 % | RAM App: 137.277 MB | Sys Avail: 31079.5 MB / 65466.5 MB
TelemetryMonitor: Processed 300 frames. Current FPS: 28
[ "16:18:32.729" ][SystemMonitor] Stats Update: CPU App: 0 % | Sys: 78.9063 % | RAM App: 137.301 MB | Sys Avail: 31085.2 MB / 65466.5 MB
[ "16:18:33.732" ][SystemMonitor] Stats Update: CPU App: 1.5625 % | Sys: 89.8438 % | RAM App: 137.32 MB | Sys Avail: 31149.4 MB / 65466.5 MB
[ "16:18:34.730" ][SystemMonitor] Stats Update: CPU App: 0.260417 % | Sys: 82.8125 % | RAM App: 137.34 MB | Sys Avail: 31181 MB / 65466.5 MB
[ "16:18:35.729" ][SystemMonitor] Stats Update: CPU App: 0.520833 % | Sys: 91.4063 % | RAM App: 137.363 MB | Sys Avail: 31110.9 MB / 65466.5 MB
[ "16:18:36.727" ][SystemMonitor] Stats Update: CPU App: 0.78125 % | Sys: 79.1667 % | RAM App: 137.383 MB | Sys Avail: 31106.1 MB / 65466.5 MB
[ "16:18:37.727" ][SystemMonitor] Stats Update: CPU App: 1.04167 % | Sys: 80.4688 % | RAM App: 137.406 MB | Sys Avail: 31318 MB / 65466.5 MB
[ "16:18:38.730" ][SystemMonitor] Stats Update: CPU App: 0.260417 % | Sys: 64.3229 % | RAM App: 137.426 MB | Sys Avail: 31329.1 MB / 65466.5 MB
[ "16:18:39.727" ][SystemMonitor] Stats Update: CPU App: 0.78125 % | Sys: 61.4583 % | RAM App: 137.449 MB | Sys Avail: 31352.2 MB / 65466.5 MB
[ "16:18:40.746" ][SystemMonitor] Stats Update: CPU App: 0.769231 % | Sys: 73.3333 % | RAM App: 137.469 MB | Sys Avail: 31349.2 MB / 65466.5 MB
[ "16:18:41.724" ][SystemMonitor] Stats Update: CPU App: 1.5873 % | Sys: 68.7831 % | RAM App: 137.488 MB | Sys Avail: 31360.1 MB / 65466.5 MB
[ "16:18:42.729" ][SystemMonitor] Stats Update: CPU App: 1.04167 % | Sys: 97.3958 % | RAM App: 137.512 MB | Sys Avail: 31213.8 MB / 65466.5 MB
TelemetryMonitor: Processed 300 frames. Current FPS: 29
[ "16:18:43.730" ][SystemMonitor] Stats Update: CPU App: 0.260417 % | Sys: 80.7292 % | RAM App: 137.531 MB | Sys Avail: 31353.6 MB / 65466.5 MB
[ "16:18:44.730" ][SystemMonitor] Stats Update: CPU App: 0.520833 % | Sys: 68.4896 % | RAM App: 137.551 MB | Sys Avail: 31350.8 MB / 65466.5 MB
[ "16:18:45.730" ][SystemMonitor] Stats Update: CPU App: 0.78125 % | Sys: 61.7188 % | RAM App: 137.574 MB | Sys Avail: 31362.3 MB / 65466.5 MB
[ "16:18:46.731" ][SystemMonitor] Stats Update: CPU App: 0.520833 % | Sys: 68.75 % | RAM App: 137.598 MB | Sys Avail: 31373.2 MB / 65466.5 MB
[ "16:18:47.729" ][SystemMonitor] Stats Update: CPU App: 0.520833 % | Sys: 85.6771 % | RAM App: 137.621 MB | Sys Avail: 31366.2 MB / 65466.5 MB
[ "16:18:48.734" ][SystemMonitor] Stats Update: CPU App: 1.5625 % | Sys: 73.6979 % | RAM App: 137.641 MB | Sys Avail: 31373.1 MB / 65466.5 MB
[ "16:18:49.727" ][SystemMonitor] Stats Update: CPU App: 0.78125 % | Sys: 64.8438 % | RAM App: 137.66 MB | Sys Avail: 31387 MB / 65466.5 MB
[ "16:18:50.730" ][SystemMonitor] Stats Update: CPU App: 0.520833 % | Sys: 60.1563 % | RAM App: 137.738 MB | Sys Avail: 31393.2 MB / 65466.5 MB
[ "16:18:51.731" ][SystemMonitor] Stats Update: CPU App: 0.78125 % | Sys: 75 % | RAM App: 137.809 MB | Sys Avail: 31391.6 MB / 65466.5 MB
[ "16:18:52.730" ][SystemMonitor] Stats Update: CPU App: 0.260417 % | Sys: 66.6667 % | RAM App: 137.832 MB | Sys Avail: 31345.4 MB / 65466.5 MB
[ "16:18:53.731" ][SystemMonitor] Stats Update: CPU App: 0.78125 % | Sys: 69.5313 % | RAM App: 137.852 MB | Sys Avail: 31278.2 MB / 65466.5 MB
TelemetryMonitor: Processed 300 frames. Current FPS: 29
[ "16:18:54.747" ][SystemMonitor] Stats Update: CPU App: 0.769231 % | Sys: 64.359 % | RAM App: 137.875 MB | Sys Avail: 31276.6 MB / 65466.5 MB
[ "16:18:55.728" ][SystemMonitor] Stats Update: CPU App: 0.793651 % | Sys: 67.7249 % | RAM App: 137.895 MB | Sys Avail: 31271.7 MB / 65466.5 MB
[ "16:18:56.731" ][SystemMonitor] Stats Update: CPU App: 0.78125 % | Sys: 70.5729 % | RAM App: 137.918 MB | Sys Avail: 31229.4 MB / 65466.5 MB
[ "16:18:57.725" ][SystemMonitor] Stats Update: CPU App: 0.520833 % | Sys: 91.4063 % | RAM App: 137.938 MB | Sys Avail: 31212.7 MB / 65466.5 MB
[ "16:18:58.731" ][SystemMonitor] Stats Update: CPU App: 1.30208 % | Sys: 71.875 % | RAM App: 137.973 MB | Sys Avail: 31195.6 MB / 65466.5 MB
[ "16:18:59.728" ][SystemMonitor] Stats Update: CPU App: 0.260417 % | Sys: 74.2188 % | RAM App: 138.035 MB | Sys Avail: 31197.6 MB / 65466.5 MB
[ "16:19:00.730" ][SystemMonitor] Stats Update: CPU App: 1.04167 % | Sys: 76.5625 % | RAM App: 138.074 MB | Sys Avail: 31185.3 MB / 65466.5 MB
[ "16:19:01.727" ][SystemMonitor] Stats Update: CPU App: 1.5625 % | Sys: 77.8646 % | RAM App: 138.145 MB | Sys Avail: 31140.6 MB / 65466.5 MB
[ "16:19:02.749" ][SystemMonitor] Stats Update: CPU App: 0.769231 % | Sys: 66.4103 % | RAM App: 138.164 MB | Sys Avail: 31134 MB / 65466.5 MB
[ "16:19:03.731" ][SystemMonitor] Stats Update: CPU App: 0.793651 % | Sys: 74.0741 % | RAM App: 138.242 MB | Sys Avail: 31122.6 MB / 65466.5 MB
[ "16:19:04.764" ][SystemMonitor] Stats Update: CPU App: 0.757576 % | Sys: 81.5657 % | RAM App: 138.332 MB | Sys Avail: 31114.8 MB / 65466.5 MB
TelemetryMonitor: Processed 300 frames. Current FPS: 27
[ "16:19:05.728" ][SystemMonitor] Stats Update: CPU App: 0.537634 % | Sys: 64.5161 % | RAM App: 138.367 MB | Sys Avail: 31107.7 MB / 65466.5 MB
[ "16:19:06.730" ][SystemMonitor] Stats Update: CPU App: 0.520833 % | Sys: 58.8542 % | RAM App: 138.406 MB | Sys Avail: 31101.1 MB / 65466.5 MB
[ "16:19:07.727" ][SystemMonitor] Stats Update: CPU App: 0.260417 % | Sys: 73.4375 % | RAM App: 138.441 MB | Sys Avail: 31103.7 MB / 65466.5 MB
[ "16:19:08.731" ][SystemMonitor] Stats Update: CPU App: 1.30208 % | Sys: 64.3229 % | RAM App: 138.516 MB | Sys Avail: 31103.9 MB / 65466.5 MB
[ "16:19:09.728" ][SystemMonitor] Stats Update: CPU App: 1.04167 % | Sys: 59.8958 % | RAM App: 138.535 MB | Sys Avail: 31104.4 MB / 65466.5 MB
[ "16:19:10.724" ][SystemMonitor] Stats Update: CPU App: 0.520833 % | Sys: 77.0833 % | RAM App: 138.59 MB | Sys Avail: 31105.9 MB / 65466.5 MB
[ "16:19:11.728" ][SystemMonitor] Stats Update: CPU App: 0.520833 % | Sys: 74.2188 % | RAM App: 138.648 MB | Sys Avail: 31106.5 MB / 65466.5 MB
[ "16:19:12.736" ][SystemMonitor] Stats Update: CPU App: 0.520833 % | Sys: 97.9167 % | RAM App: 138.684 MB | Sys Avail: 31002 MB / 65466.5 MB
