[ "10:52:46.894" ][HWAccel] Requested mode: SettingsHelper::None
[ "10:52:46.894" ][HWAccel] CPU decoding selected (no acceleration).
[ "10:52:46.894" ][HWAccel] CPU Features: "SSE, SSE2, SSE3"
[Diagnostics] Monitor started - running checks every 1000ms
SystemMonitor: Starting monitoring with interval 1000 ms
[ "10:52:47.350" ][SystemMonitor] Stats Update: CPU App: 0 % | Sys: 0 % | RAM App: 28.1719 MB | Sys Avail: 29408 MB / 65466.5 MB
[Diagnostics] Attached to ScrollBenchImageModel
[Diagnostics] Attached to SettingsHelper
[TaskScheduler] Started 2 CPU threads and 4 IO threads.
qrc:/ScrollBench/qml/SelectionActionBar.qml:17:5: Unable to assign [undefined] to int
[ "10:52:48.352" ][SystemMonitor] Stats Update: CPU App: 10.9375 % | Sys: 59.8958 % | RAM App: 100.219 MB | Sys Avail: 29414.1 MB / 65466.5 MB
[SystemMonitor] Resource Update: RAM: 100.219 MB (Delta: 100.219 ) | VRAM: 27.2852 MB (Delta: 27.2852 )
[Diagnostics] WARNING: "Buffered range only 0 items - might be the '19 items' bug"
[ "10:52:49.343" ][SystemMonitor] Stats Update: CPU App: 1.5625 % | Sys: 60.1563 % | RAM App: 101.398 MB | Sys Avail: 29379.6 MB / 65466.5 MB
[Diagnostics] WARNING: "Buffered range only 0 items - might be the '19 items' bug"
[ "10:52:50.350" ][SystemMonitor] Stats Update: CPU App: 0.78125 % | Sys: 41.9271 % | RAM App: 101.609 MB | Sys Avail: 29390.6 MB / 65466.5 MB
[Diagnostics] WARNING: "Buffered range only 0 items - might be the '19 items' bug"
[ "10:52:51.344" ][SystemMonitor] Stats Update: CPU App: 11.4583 % | Sys: 55.2083 % | RAM App: 124.91 MB | Sys Avail: 29378.3 MB / 65466.5 MB
[Diagnostics] WARNING: "Buffered range only 0 items - might be the '19 items' bug"
[ "10:52:52.348" ][SystemMonitor] Stats Update: CPU App: 13.5417 % | Sys: 63.8021 % | RAM App: 132.762 MB | Sys Avail: 29391 MB / 65466.5 MB
[Diagnostics] WARNING: "Buffered range only 0 items - might be the '19 items' bug"
TelemetryMonitor: Processed 300 frames. Current FPS: 62
[ "10:52:53.345" ][SystemMonitor] Stats Update: CPU App: 2.08333 % | Sys: 38.2813 % | RAM App: 132.473 MB | Sys Avail: 29394.7 MB / 65466.5 MB
[Diagnostics] WARNING: "Buffered range only 0 items - might be the '19 items' bug"
[ "10:52:54.350" ][SystemMonitor] Stats Update: CPU App: 1.04167 % | Sys: 43.2292 % | RAM App: 132.484 MB | Sys Avail: 29411.1 MB / 65466.5 MB
[Diagnostics] WARNING: "Buffered range only 0 items - might be the '19 items' bug"
[ "10:52:55.345" ][SystemMonitor] Stats Update: CPU App: 0.78125 % | Sys: 44.0104 % | RAM App: 131.809 MB | Sys Avail: 29401.4 MB / 65466.5 MB
[Diagnostics] WARNING: "Buffered range only 0 items - might be the '19 items' bug"
[ "10:52:56.349" ][SystemMonitor] Stats Update: CPU App: 2.08333 % | Sys: 41.6667 % | RAM App: 132.414 MB | Sys Avail: 29434.6 MB / 65466.5 MB
[Diagnostics] WARNING: "Buffered range only 0 items - might be the '19 items' bug"
[ "10:52:57.348" ][SystemMonitor] Stats Update: CPU App: 0.78125 % | Sys: 51.8229 % | RAM App: 132.426 MB | Sys Avail: 29425.1 MB / 65466.5 MB
[Diagnostics] WARNING: "Buffered range only 0 items - might be the '19 items' bug"
TelemetryMonitor: Processed 300 frames. Current FPS: 62
[ "10:52:58.346" ][SystemMonitor] Stats Update: CPU App: 0.260417 % | Sys: 38.8021 % | RAM App: 132.035 MB | Sys Avail: 29422.8 MB / 65466.5 MB
[Diagnostics] WARNING: "Buffered range only 0 items - might be the '19 items' bug"
[ "10:52:59.344" ][SystemMonitor] Stats Update: CPU App: 0.78125 % | Sys: 47.1354 % | RAM App: 132.625 MB | Sys Avail: 29573.3 MB / 65466.5 MB
[Diagnostics] WARNING: "Buffered range only 0 items - might be the '19 items' bug"
[ "10:53:00.345" ][SystemMonitor] Stats Update: CPU App: 0.260417 % | Sys: 52.0833 % | RAM App: 132.641 MB | Sys Avail: 29443.6 MB / 65466.5 MB
[Diagnostics] WARNING: "Buffered range only 0 items - might be the '19 items' bug"
[ "10:53:01.343" ][SystemMonitor] Stats Update: CPU App: 5.46875 % | Sys: 58.3333 % | RAM App: 134.094 MB | Sys Avail: 29374.4 MB / 65466.5 MB
[Diagnostics] WARNING: "Buffered range only 0 items - might be the '19 items' bug"
[ "10:53:02.344" ][SystemMonitor] Stats Update: CPU App: 6.25 % | Sys: 60.6771 % | RAM App: 136.777 MB | Sys Avail: 29373 MB / 65466.5 MB
[Diagnostics] WARNING: "Buffered range only 0 items - might be the '19 items' bug"
TelemetryMonitor: Processed 300 frames. Current FPS: 62
[ "10:53:03.356" ][SystemMonitor] Stats Update: CPU App: 4.16667 % | Sys: 61.4583 % | RAM App: 137.91 MB | Sys Avail: 29370 MB / 65466.5 MB
[Diagnostics] WARNING: "Buffered range only 0 items - might be the '19 items' bug"
[ "10:53:04.351" ][SystemMonitor] Stats Update: CPU App: 3.90625 % | Sys: 63.0208 % | RAM App: 138.258 MB | Sys Avail: 29293.2 MB / 65466.5 MB
[Diagnostics] WARNING: "Buffered range only 0 items - might be the '19 items' bug"
[ "10:53:05.355" ][SystemMonitor] Stats Update: CPU App: 1.82292 % | Sys: 54.4271 % | RAM App: 138.301 MB | Sys Avail: 29502.2 MB / 65466.5 MB
[Diagnostics] WARNING: "Buffered range only 0 items - might be the '19 items' bug"
[ "10:53:06.356" ][SystemMonitor] Stats Update: CPU App: 2.08333 % | Sys: 54.9479 % | RAM App: 137.227 MB | Sys Avail: 29478.1 MB / 65466.5 MB
[Diagnostics] WARNING: "Buffered range only 0 items - might be the '19 items' bug"
[NetworkScan] Detected mapped network drive: "I:\\MY SDCArds\\2021 Video" Device: "\\\\?\\Volume{53c9d0f1-9d99-4d19-8241-f18cb8d6e107}\\"
[NetworkScan] Using non-incremental scan strategy for network path
Using Qt multimedia with FFmpeg version 7.1.1 LGPL version 2.1 or later
Starting video (isCurrent): file:///I:/MY SDCArds/2021 Video/MOV_0060.MP4
[AdaptiveIO] Stats:  "I:/"  Avg:  1  Limit:  2  ActiveWeight:  2
[AdaptiveIO] Stats:  "I:/"  Avg:  1.1  Limit:  6  ActiveWeight:  3
[AdaptiveIO] Stats:  "I:/"  Avg:  1.09  Limit:  6  ActiveWeight:  4
[AdaptiveIO] Stats:  "I:/"  Avg:  1.081  Limit:  6  ActiveWeight:  4
[AdaptiveIO] Stats:  "I:/"  Avg:  1.0729  Limit:  6  ActiveWeight:  4
[AdaptiveIO] Stats:  "I:/"  Avg:  1.06561  Limit:  6  ActiveWeight:  3
[AdaptiveIO] Stats:  "I:/"  Avg:  0.959049  Limit:  6  ActiveWeight:  4
[AdaptiveIO] Stats:  "I:/"  Avg:  0.863144  Limit:  6  ActiveWeight:  4
[AdaptiveIO] Stats:  "I:/"  Avg:  0.77683  Limit:  6  ActiveWeight:  4
[AdaptiveIO] Stats:  "I:/"  Avg:  0.699147  Limit:  6  ActiveWeight:  4
[AdaptiveIO] Stats:  "I:/"  Avg:  0.729232  Limit:  6  ActiveWeight:  4
[AdaptiveIO] Stats:  "I:/"  Avg:  0.756309  Limit:  6  ActiveWeight:  4
setVisibleEndIndex called with: 5
[Diagnostics] WARNING: "Buffered range only 6 items - might be the '19 items' bug"
[ViewportCulling] Current settings: m_viewportCullingEnabled= true , BUFFER_SIZE= 50
[ViewportCulling] RANGE UPDATE: 
  Viewport indices: 0 to 5 ( 6 items) 
  Buffered range: 0 to 5 ( 6 items with BUFFER_SIZE= 50 ) 
  Total items in model: 6
[ViewportCulling] Setting 6 visible paths in VRM
[VRM] Total visible paths: 6 Sample: "I:/MY SDCArds/2021 Video/MOV_0056.MP4"
[ViewportCulling] Requested: 6 | Already loaded: 0 | Total in range: 6
Viewport settled at: 0 - 5
processPendingUpdates: Emitted dataChanged for range: 0 to 5
[ "10:53:07.349" ][SystemMonitor] Stats Update: CPU App: 4.42708 % | Sys: 51.5625 % | RAM App: 146.859 MB | Sys Avail: 29485.2 MB / 65466.5 MB
[Diagnostics] WARNING: "Buffered range only 6 items - might be the '19 items' bug"
TelemetryMonitor: Processed 300 frames. Current FPS: 62
[ "10:53:08.345" ][SystemMonitor] Stats Update: CPU App: 1.30208 % | Sys: 58.0729 % | RAM App: 147.387 MB | Sys Avail: 29410.2 MB / 65466.5 MB
[Diagnostics] WARNING: "Buffered range only 6 items - might be the '19 items' bug"
[ "10:53:09.345" ][SystemMonitor] Stats Update: CPU App: 1.5625 % | Sys: 52.8646 % | RAM App: 147.398 MB | Sys Avail: 29407 MB / 65466.5 MB
[Diagnostics] WARNING: "Buffered range only 6 items - might be the '19 items' bug"
[ "10:53:10.343" ][SystemMonitor] Stats Update: CPU App: 1.30208 % | Sys: 66.1458 % | RAM App: 147.406 MB | Sys Avail: 29405.4 MB / 65466.5 MB
[Diagnostics] WARNING: "Buffered range only 6 items - might be the '19 items' bug"
[ "10:53:11.346" ][SystemMonitor] Stats Update: CPU App: 0.78125 % | Sys: 74.7396 % | RAM App: 148.211 MB | Sys Avail: 29411.2 MB / 65466.5 MB
[Diagnostics] WARNING: "Buffered range only 6 items - might be the '19 items' bug"
[ "10:53:12.345" ][SystemMonitor] Stats Update: CPU App: 1.30208 % | Sys: 84.1146 % | RAM App: 148.242 MB | Sys Avail: 29409.6 MB / 65466.5 MB
[Diagnostics] WARNING: "Buffered range only 6 items - might be the '19 items' bug"
TelemetryMonitor: Processed 300 frames. Current FPS: 62
[ "10:53:13.354" ][SystemMonitor] Stats Update: CPU App: 1.30208 % | Sys: 56.5104 % | RAM App: 148.313 MB | Sys Avail: 29433.9 MB / 65466.5 MB
[Diagnostics] WARNING: "Buffered range only 6 items - might be the '19 items' bug"
[ "10:53:14.350" ][SystemMonitor] Stats Update: CPU App: 1.04167 % | Sys: 52.8646 % | RAM App: 147.75 MB | Sys Avail: 29439.4 MB / 65466.5 MB
[Diagnostics] WARNING: "Buffered range only 6 items - might be the '19 items' bug"
[ "10:53:15.343" ][SystemMonitor] Stats Update: CPU App: 0.78125 % | Sys: 41.9271 % | RAM App: 147.762 MB | Sys Avail: 29437.3 MB / 65466.5 MB
[Diagnostics] WARNING: "Buffered range only 6 items - might be the '19 items' bug"
[ "10:53:16.345" ][SystemMonitor] Stats Update: CPU App: 0.520833 % | Sys: 47.9167 % | RAM App: 147.773 MB | Sys Avail: 29406 MB / 65466.5 MB
[Diagnostics] WARNING: "Buffered range only 6 items - might be the '19 items' bug"
[ "10:53:17.343" ][SystemMonitor] Stats Update: CPU App: 0.520833 % | Sys: 45.0521 % | RAM App: 147.383 MB | Sys Avail: 29405 MB / 65466.5 MB
[Diagnostics] WARNING: "Buffered range only 6 items - might be the '19 items' bug"
TelemetryMonitor: Processed 300 frames. Current FPS: 62
[ "10:53:18.343" ][SystemMonitor] Stats Update: CPU App: 1.04167 % | Sys: 49.2188 % | RAM App: 147.391 MB | Sys Avail: 29401 MB / 65466.5 MB
[Diagnostics] WARNING: "Buffered range only 6 items - might be the '19 items' bug"
[ "10:53:19.351" ][SystemMonitor] Stats Update: CPU App: 1.30208 % | Sys: 41.1458 % | RAM App: 147.398 MB | Sys Avail: 29396.3 MB / 65466.5 MB
[Diagnostics] WARNING: "Buffered range only 6 items - might be the '19 items' bug"
[ "10:53:20.344" ][SystemMonitor] Stats Update: CPU App: 0.78125 % | Sys: 42.7083 % | RAM App: 147.441 MB | Sys Avail: 29429.2 MB / 65466.5 MB
[Diagnostics] WARNING: "Buffered range only 6 items - might be the '19 items' bug"
[ "10:53:21.345" ][SystemMonitor] Stats Update: CPU App: 1.82292 % | Sys: 45.5729 % | RAM App: 147.449 MB | Sys Avail: 29408 MB / 65466.5 MB
[Diagnostics] WARNING: "Buffered range only 6 items - might be the '19 items' bug"
[ "10:53:22.344" ][SystemMonitor] Stats Update: CPU App: 1.04167 % | Sys: 40.625 % | RAM App: 147.496 MB | Sys Avail: 29401.1 MB / 65466.5 MB
[Diagnostics] WARNING: "Buffered range only 6 items - might be the '19 items' bug"
TelemetryMonitor: Processed 300 frames. Current FPS: 62
[ "10:53:23.343" ][SystemMonitor] Stats Update: CPU App: 0.260417 % | Sys: 40.1042 % | RAM App: 147.504 MB | Sys Avail: 29406.9 MB / 65466.5 MB
[Diagnostics] WARNING: "Buffered range only 6 items - might be the '19 items' bug"
[ "10:53:24.343" ][SystemMonitor] Stats Update: CPU App: 0.78125 % | Sys: 44.2708 % | RAM App: 147.547 MB | Sys Avail: 29386.1 MB / 65466.5 MB
[Diagnostics] WARNING: "Buffered range only 6 items - might be the '19 items' bug"
[ "10:53:25.343" ][SystemMonitor] Stats Update: CPU App: 1.30208 % | Sys: 58.5938 % | RAM App: 147.672 MB | Sys Avail: 29395.1 MB / 65466.5 MB
[Diagnostics] WARNING: "Buffered range only 6 items - might be the '19 items' bug"
[ "10:53:26.344" ][SystemMonitor] Stats Update: CPU App: 1.04167 % | Sys: 46.875 % | RAM App: 147.805 MB | Sys Avail: 29408.6 MB / 65466.5 MB
[Diagnostics] WARNING: "Buffered range only 6 items - might be the '19 items' bug"
[ "10:53:27.349" ][SystemMonitor] Stats Update: CPU App: 1.5625 % | Sys: 59.375 % | RAM App: 147.816 MB | Sys Avail: 29395 MB / 65466.5 MB
[Diagnostics] WARNING: "Buffered range only 6 items - might be the '19 items' bug"
TelemetryMonitor: Processed 300 frames. Current FPS: 58
[ "10:53:28.345" ][SystemMonitor] Stats Update: CPU App: 1.5625 % | Sys: 80.9896 % | RAM App: 146.656 MB | Sys Avail: 29349.7 MB / 65466.5 MB
[Diagnostics] WARNING: "Buffered range only 6 items - might be the '19 items' bug"
[ "10:53:29.344" ][SystemMonitor] Stats Update: CPU App: 0.260417 % | Sys: 66.4063 % | RAM App: 146.711 MB | Sys Avail: 29332.9 MB / 65466.5 MB
[Diagnostics] WARNING: "Buffered range only 6 items - might be the '19 items' bug"
[ "10:53:30.344" ][SystemMonitor] Stats Update: CPU App: 0.78125 % | Sys: 59.6354 % | RAM App: 146.723 MB | Sys Avail: 29339.2 MB / 65466.5 MB
[Diagnostics] WARNING: "Buffered range only 6 items - might be the '19 items' bug"
[ "10:53:31.344" ][SystemMonitor] Stats Update: CPU App: 1.04167 % | Sys: 57.0313 % | RAM App: 146.715 MB | Sys Avail: 29306.8 MB / 65466.5 MB
[Diagnostics] WARNING: "Buffered range only 6 items - might be the '19 items' bug"
[ "10:53:32.344" ][SystemMonitor] Stats Update: CPU App: 1.04167 % | Sys: 58.3333 % | RAM App: 146.723 MB | Sys Avail: 29163.9 MB / 65466.5 MB
[Diagnostics] WARNING: "Buffered range only 6 items - might be the '19 items' bug"
TelemetryMonitor: Processed 300 frames. Current FPS: 62
[ "10:53:33.343" ][SystemMonitor] Stats Update: CPU App: 1.04167 % | Sys: 54.1667 % | RAM App: 146.73 MB | Sys Avail: 29267.5 MB / 65466.5 MB
[Diagnostics] WARNING: "Buffered range only 6 items - might be the '19 items' bug"
[ "10:53:34.344" ][SystemMonitor] Stats Update: CPU App: 0.78125 % | Sys: 43.4896 % | RAM App: 146.742 MB | Sys Avail: 29360.6 MB / 65466.5 MB
[Diagnostics] WARNING: "Buffered range only 6 items - might be the '19 items' bug"
[ "10:53:35.357" ][SystemMonitor] Stats Update: CPU App: 1.30208 % | Sys: 41.4063 % | RAM App: 146.75 MB | Sys Avail: 29359 MB / 65466.5 MB
[Diagnostics] WARNING: "Buffered range only 6 items - might be the '19 items' bug"
[ "10:53:36.347" ][SystemMonitor] Stats Update: CPU App: 0.78125 % | Sys: 36.1979 % | RAM App: 146.762 MB | Sys Avail: 29357.9 MB / 65466.5 MB
[Diagnostics] WARNING: "Buffered range only 6 items - might be the '19 items' bug"
[ "10:53:37.343" ][SystemMonitor] Stats Update: CPU App: 1.30208 % | Sys: 69.7917 % | RAM App: 146.73 MB | Sys Avail: 29316.2 MB / 65466.5 MB
[Diagnostics] WARNING: "Buffered range only 6 items - might be the '19 items' bug"
TelemetryMonitor: Processed 300 frames. Current FPS: 62
[ "10:53:38.345" ][SystemMonitor] Stats Update: CPU App: 1.30208 % | Sys: 75.2604 % | RAM App: 146.738 MB | Sys Avail: 29320.7 MB / 65466.5 MB
[Diagnostics] WARNING: "Buffered range only 6 items - might be the '19 items' bug"
[ "10:53:39.344" ][SystemMonitor] Stats Update: CPU App: 0.260417 % | Sys: 64.0625 % | RAM App: 146.922 MB | Sys Avail: 29292.8 MB / 65466.5 MB
[Diagnostics] WARNING: "Buffered range only 6 items - might be the '19 items' bug"
[ "10:53:40.344" ][SystemMonitor] Stats Update: CPU App: 1.30208 % | Sys: 52.3438 % | RAM App: 146.934 MB | Sys Avail: 29319.5 MB / 65466.5 MB
[Diagnostics] WARNING: "Buffered range only 6 items - might be the '19 items' bug"
[ "10:53:41.344" ][SystemMonitor] Stats Update: CPU App: 0 % | Sys: 71.0938 % | RAM App: 146.945 MB | Sys Avail: 29304.6 MB / 65466.5 MB
[Diagnostics] WARNING: "Buffered range only 6 items - might be the '19 items' bug"
[ "10:53:42.345" ][SystemMonitor] Stats Update: CPU App: 0.78125 % | Sys: 52.0833 % | RAM App: 146.953 MB | Sys Avail: 29291 MB / 65466.5 MB
[Diagnostics] WARNING: "Buffered range only 6 items - might be the '19 items' bug"
TelemetryMonitor: Processed 300 frames. Current FPS: 62
[ "10:53:43.343" ][SystemMonitor] Stats Update: CPU App: 1.5625 % | Sys: 42.9688 % | RAM App: 146.996 MB | Sys Avail: 29295 MB / 65466.5 MB
[Diagnostics] WARNING: "Buffered range only 6 items - might be the '19 items' bug"
[ "10:53:44.345" ][SystemMonitor] Stats Update: CPU App: 1.04167 % | Sys: 38.0208 % | RAM App: 147.035 MB | Sys Avail: 29296.3 MB / 65466.5 MB
[Diagnostics] WARNING: "Buffered range only 6 items - might be the '19 items' bug"
[ "10:53:45.344" ][SystemMonitor] Stats Update: CPU App: 0.520833 % | Sys: 39.8438 % | RAM App: 147.047 MB | Sys Avail: 29304.5 MB / 65466.5 MB
[Diagnostics] WARNING: "Buffered range only 6 items - might be the '19 items' bug"
[ "10:53:46.345" ][SystemMonitor] Stats Update: CPU App: 1.5625 % | Sys: 41.9271 % | RAM App: 147.086 MB | Sys Avail: 29313.9 MB / 65466.5 MB
[Diagnostics] WARNING: "Buffered range only 6 items - might be the '19 items' bug"
[ "10:53:47.344" ][SystemMonitor] Stats Update: CPU App: 0.78125 % | Sys: 39.8438 % | RAM App: 147.086 MB | Sys Avail: 29334.2 MB / 65466.5 MB
[Diagnostics] WARNING: "Buffered range only 6 items - might be the '19 items' bug"
TelemetryMonitor: Processed 300 frames. Current FPS: 62
[ "10:53:48.344" ][SystemMonitor] Stats Update: CPU App: 1.04167 % | Sys: 53.125 % | RAM App: 147.102 MB | Sys Avail: 29336.7 MB / 65466.5 MB
[Diagnostics] WARNING: "Buffered range only 6 items - might be the '19 items' bug"
[ "10:53:49.345" ][SystemMonitor] Stats Update: CPU App: 0.78125 % | Sys: 38.5417 % | RAM App: 147.121 MB | Sys Avail: 29329.1 MB / 65466.5 MB
[Diagnostics] WARNING: "Buffered range only 6 items - might be the '19 items' bug"
[ "10:53:50.345" ][SystemMonitor] Stats Update: CPU App: 0.78125 % | Sys: 44.7917 % | RAM App: 147.191 MB | Sys Avail: 29331.2 MB / 65466.5 MB
[Diagnostics] WARNING: "Buffered range only 6 items - might be the '19 items' bug"
[ "10:53:51.344" ][SystemMonitor] Stats Update: CPU App: 0.260417 % | Sys: 42.7083 % | RAM App: 147.207 MB | Sys Avail: 29341.6 MB / 65466.5 MB
[Diagnostics] WARNING: "Buffered range only 6 items - might be the '19 items' bug"
[ "10:53:52.345" ][SystemMonitor] Stats Update: CPU App: 0.78125 % | Sys: 66.1458 % | RAM App: 147.309 MB | Sys Avail: 29314.6 MB / 65466.5 MB
[Diagnostics] WARNING: "Buffered range only 6 items - might be the '19 items' bug"
TelemetryMonitor: Processed 300 frames. Current FPS: 62
[ "10:53:53.344" ][SystemMonitor] Stats Update: CPU App: 0.520833 % | Sys: 54.4271 % | RAM App: 147.41 MB | Sys Avail: 29315.5 MB / 65466.5 MB
[Diagnostics] WARNING: "Buffered range only 6 items - might be the '19 items' bug"
[ "10:53:54.345" ][SystemMonitor] Stats Update: CPU App: 0.78125 % | Sys: 74.4792 % | RAM App: 147.484 MB | Sys Avail: 29295 MB / 65466.5 MB
[Diagnostics] WARNING: "Buffered range only 6 items - might be the '19 items' bug"
[ "10:53:55.344" ][SystemMonitor] Stats Update: CPU App: 0.78125 % | Sys: 54.6875 % | RAM App: 147.496 MB | Sys Avail: 29307.8 MB / 65466.5 MB
[Diagnostics] WARNING: "Buffered range only 6 items - might be the '19 items' bug"
[ "10:53:56.345" ][SystemMonitor] Stats Update: CPU App: 0 % | Sys: 72.3958 % | RAM App: 147.504 MB | Sys Avail: 29178.4 MB / 65466.5 MB
[Diagnostics] WARNING: "Buffered range only 6 items - might be the '19 items' bug"
[ "10:53:57.343" ][SystemMonitor] Stats Update: CPU App: 1.04167 % | Sys: 89.3229 % | RAM App: 147.547 MB | Sys Avail: 29104.2 MB / 65466.5 MB
[Diagnostics] WARNING: "Buffered range only 6 items - might be the '19 items' bug"
TelemetryMonitor: Processed 300 frames. Current FPS: 62
[ "10:53:58.345" ][SystemMonitor] Stats Update: CPU App: 0.78125 % | Sys: 88.0208 % | RAM App: 147.586 MB | Sys Avail: 29091.3 MB / 65466.5 MB
[Diagnostics] WARNING: "Buffered range only 6 items - might be the '19 items' bug"
[ "10:53:59.343" ][SystemMonitor] Stats Update: CPU App: 0.78125 % | Sys: 86.7188 % | RAM App: 147.629 MB | Sys Avail: 29119.2 MB / 65466.5 MB
[Diagnostics] WARNING: "Buffered range only 6 items - might be the '19 items' bug"
[ "10:54:00.344" ][SystemMonitor] Stats Update: CPU App: 0.520833 % | Sys: 88.0208 % | RAM App: 147.703 MB | Sys Avail: 29079.6 MB / 65466.5 MB
[Diagnostics] WARNING: "Buffered range only 6 items - might be the '19 items' bug"
[ "10:54:01.344" ][SystemMonitor] Stats Update: CPU App: 1.5625 % | Sys: 88.5417 % | RAM App: 147.746 MB | Sys Avail: 29086.1 MB / 65466.5 MB
[Diagnostics] WARNING: "Buffered range only 6 items - might be the '19 items' bug"
[ "10:54:02.344" ][SystemMonitor] Stats Update: CPU App: 0.78125 % | Sys: 89.0625 % | RAM App: 147.344 MB | Sys Avail: 29083 MB / 65466.5 MB
[Diagnostics] WARNING: "Buffered range only 6 items - might be the '19 items' bug"
TelemetryMonitor: Processed 300 frames. Current FPS: 62
[ "10:54:03.343" ][SystemMonitor] Stats Update: CPU App: 0.78125 % | Sys: 88.5417 % | RAM App: 147.355 MB | Sys Avail: 29076.9 MB / 65466.5 MB
[Diagnostics] WARNING: "Buffered range only 6 items - might be the '19 items' bug"
[ "10:54:04.345" ][SystemMonitor] Stats Update: CPU App: 0.78125 % | Sys: 78.125 % | RAM App: 147.355 MB | Sys Avail: 29093.9 MB / 65466.5 MB
[Diagnostics] WARNING: "Buffered range only 6 items - might be the '19 items' bug"
[ "10:54:05.345" ][SystemMonitor] Stats Update: CPU App: 1.5625 % | Sys: 39.5833 % | RAM App: 146.824 MB | Sys Avail: 29109.9 MB / 65466.5 MB
[Diagnostics] WARNING: "Buffered range only 6 items - might be the '19 items' bug"
[ "10:54:06.345" ][SystemMonitor] Stats Update: CPU App: 0.260417 % | Sys: 61.4583 % | RAM App: 146.824 MB | Sys Avail: 29101.6 MB / 65466.5 MB
[Diagnostics] WARNING: "Buffered range only 6 items - might be the '19 items' bug"
[ "10:54:07.343" ][SystemMonitor] Stats Update: CPU App: 0.78125 % | Sys: 39.0625 % | RAM App: 146.824 MB | Sys Avail: 29082.4 MB / 65466.5 MB
[Diagnostics] WARNING: "Buffered range only 6 items - might be the '19 items' bug"
TelemetryMonitor: Processed 300 frames. Current FPS: 62
[ "10:54:08.345" ][SystemMonitor] Stats Update: CPU App: 1.30208 % | Sys: 37.5 % | RAM App: 146.824 MB | Sys Avail: 29100.7 MB / 65466.5 MB
[Diagnostics] WARNING: "Buffered range only 6 items - might be the '19 items' bug"
[ "10:54:09.344" ][SystemMonitor] Stats Update: CPU App: 1.5625 % | Sys: 48.1771 % | RAM App: 146.824 MB | Sys Avail: 29015.7 MB / 65466.5 MB
[Diagnostics] WARNING: "Buffered range only 6 items - might be the '19 items' bug"
[ "10:54:10.346" ][SystemMonitor] Stats Update: CPU App: 0.78125 % | Sys: 53.3854 % | RAM App: 146.824 MB | Sys Avail: 29038.6 MB / 65466.5 MB
[Diagnostics] WARNING: "Buffered range only 6 items - might be the '19 items' bug"
[ "10:54:11.346" ][SystemMonitor] Stats Update: CPU App: 0.520833 % | Sys: 61.1979 % | RAM App: 146.855 MB | Sys Avail: 29017.9 MB / 65466.5 MB
[Diagnostics] WARNING: "Buffered range only 6 items - might be the '19 items' bug"
[ "10:54:12.345" ][SystemMonitor] Stats Update: CPU App: 0.260417 % | Sys: 82.2917 % | RAM App: 146.855 MB | Sys Avail: 29029.3 MB / 65466.5 MB
[Diagnostics] WARNING: "Buffered range only 6 items - might be the '19 items' bug"
TelemetryMonitor: Processed 300 frames. Current FPS: 62
[ "10:54:13.344" ][SystemMonitor] Stats Update: CPU App: 2.34375 % | Sys: 79.9479 % | RAM App: 146.855 MB | Sys Avail: 29021.8 MB / 65466.5 MB
[Diagnostics] WARNING: "Buffered range only 6 items - might be the '19 items' bug"
[ "10:54:14.346" ][SystemMonitor] Stats Update: CPU App: 1.04167 % | Sys: 42.1875 % | RAM App: 146.855 MB | Sys Avail: 29024.8 MB / 65466.5 MB
[Diagnostics] WARNING: "Buffered range only 6 items - might be the '19 items' bug"
[ "10:54:15.346" ][SystemMonitor] Stats Update: CPU App: 1.5625 % | Sys: 55.4688 % | RAM App: 146.891 MB | Sys Avail: 28992.7 MB / 65466.5 MB
[Diagnostics] WARNING: "Buffered range only 6 items - might be the '19 items' bug"
[ "10:54:16.346" ][SystemMonitor] Stats Update: CPU App: 0.78125 % | Sys: 44.2708 % | RAM App: 146.922 MB | Sys Avail: 28970 MB / 65466.5 MB
[Diagnostics] WARNING: "Buffered range only 6 items - might be the '19 items' bug"
[ "10:54:17.345" ][SystemMonitor] Stats Update: CPU App: 1.04167 % | Sys: 43.4896 % | RAM App: 146.922 MB | Sys Avail: 28989.3 MB / 65466.5 MB
[Diagnostics] WARNING: "Buffered range only 6 items - might be the '19 items' bug"
TelemetryMonitor: Processed 300 frames. Current FPS: 62
[ "10:54:18.346" ][SystemMonitor] Stats Update: CPU App: 0.78125 % | Sys: 38.8021 % | RAM App: 146.922 MB | Sys Avail: 28975.5 MB / 65466.5 MB
[Diagnostics] WARNING: "Buffered range only 6 items - might be the '19 items' bug"
[ "10:54:19.345" ][SystemMonitor] Stats Update: CPU App: 1.5625 % | Sys: 38.8021 % | RAM App: 146.922 MB | Sys Avail: 28973.8 MB / 65466.5 MB
[Diagnostics] WARNING: "Buffered range only 6 items - might be the '19 items' bug"
[ "10:54:20.346" ][SystemMonitor] Stats Update: CPU App: 1.04167 % | Sys: 49.4792 % | RAM App: 146.922 MB | Sys Avail: 29213.4 MB / 65466.5 MB
[Diagnostics] WARNING: "Buffered range only 6 items - might be the '19 items' bug"
[ "10:54:21.345" ][SystemMonitor] Stats Update: CPU App: 1.5625 % | Sys: 67.1875 % | RAM App: 146.988 MB | Sys Avail: 29094.6 MB / 65466.5 MB
[Diagnostics] WARNING: "Buffered range only 6 items - might be the '19 items' bug"
[ "10:54:22.345" ][SystemMonitor] Stats Update: CPU App: 0.520833 % | Sys: 62.7604 % | RAM App: 146.98 MB | Sys Avail: 29069.5 MB / 65466.5 MB
[Diagnostics] WARNING: "Buffered range only 6 items - might be the '19 items' bug"
TelemetryMonitor: Processed 300 frames. Current FPS: 62
[ "10:54:23.346" ][SystemMonitor] Stats Update: CPU App: 1.04167 % | Sys: 55.2083 % | RAM App: 146.98 MB | Sys Avail: 29090.1 MB / 65466.5 MB
[Diagnostics] WARNING: "Buffered range only 6 items - might be the '19 items' bug"
[ "10:54:24.344" ][SystemMonitor] Stats Update: CPU App: 1.82292 % | Sys: 58.8542 % | RAM App: 146.988 MB | Sys Avail: 29083.3 MB / 65466.5 MB
[Diagnostics] WARNING: "Buffered range only 6 items - might be the '19 items' bug"
[ "10:54:25.344" ][SystemMonitor] Stats Update: CPU App: 0.520833 % | Sys: 68.4896 % | RAM App: 147.047 MB | Sys Avail: 29023.8 MB / 65466.5 MB
[Diagnostics] WARNING: "Buffered range only 6 items - might be the '19 items' bug"
[ "10:54:26.346" ][SystemMonitor] Stats Update: CPU App: 0.78125 % | Sys: 73.9583 % | RAM App: 147.133 MB | Sys Avail: 29034.8 MB / 65466.5 MB
[Diagnostics] WARNING: "Buffered range only 6 items - might be the '19 items' bug"
[ "10:54:27.343" ][SystemMonitor] Stats Update: CPU App: 1.30208 % | Sys: 52.6042 % | RAM App: 147.141 MB | Sys Avail: 28928.8 MB / 65466.5 MB
[Diagnostics] WARNING: "Buffered range only 6 items - might be the '19 items' bug"
TelemetryMonitor: Processed 300 frames. Current FPS: 62
[ "10:54:28.343" ][SystemMonitor] Stats Update: CPU App: 1.30208 % | Sys: 51.3021 % | RAM App: 147.152 MB | Sys Avail: 28910.7 MB / 65466.5 MB
[Diagnostics] WARNING: "Buffered range only 6 items - might be the '19 items' bug"
[ "10:54:29.345" ][SystemMonitor] Stats Update: CPU App: 1.30208 % | Sys: 48.9583 % | RAM App: 147.195 MB | Sys Avail: 29017.9 MB / 65466.5 MB
[Diagnostics] WARNING: "Buffered range only 6 items - might be the '19 items' bug"
[ "10:54:30.346" ][SystemMonitor] Stats Update: CPU App: 1.82292 % | Sys: 55.9896 % | RAM App: 147.227 MB | Sys Avail: 28923.2 MB / 65466.5 MB
[Diagnostics] WARNING: "Buffered range only 6 items - might be the '19 items' bug"
[ "10:54:31.343" ][SystemMonitor] Stats Update: CPU App: 1.04167 % | Sys: 59.6354 % | RAM App: 147.258 MB | Sys Avail: 28996.8 MB / 65466.5 MB
[Diagnostics] WARNING: "Buffered range only 6 items - might be the '19 items' bug"
[ "10:54:32.350" ][SystemMonitor] Stats Update: CPU App: 1.82292 % | Sys: 47.3958 % | RAM App: 147.258 MB | Sys Avail: 29001.8 MB / 65466.5 MB
[Diagnostics] WARNING: "Buffered range only 6 items - might be the '19 items' bug"
[ "10:54:33.346" ][SystemMonitor] Stats Update: CPU App: 1.04167 % | Sys: 51.5625 % | RAM App: 147.262 MB | Sys Avail: 29006 MB / 65466.5 MB
[Diagnostics] WARNING: "Buffered range only 6 items - might be the '19 items' bug"
TelemetryMonitor: Processed 300 frames. Current FPS: 62
[ "10:54:34.349" ][SystemMonitor] Stats Update: CPU App: 0.78125 % | Sys: 43.4896 % | RAM App: 147.266 MB | Sys Avail: 29004.5 MB / 65466.5 MB
[Diagnostics] WARNING: "Buffered range only 6 items - might be the '19 items' bug"
[ "10:54:35.345" ][SystemMonitor] Stats Update: CPU App: 1.5625 % | Sys: 58.5938 % | RAM App: 147.297 MB | Sys Avail: 29004.5 MB / 65466.5 MB
[Diagnostics] WARNING: "Buffered range only 6 items - might be the '19 items' bug"
[ "10:54:36.346" ][SystemMonitor] Stats Update: CPU App: 0.78125 % | Sys: 40.1042 % | RAM App: 147.336 MB | Sys Avail: 29060.4 MB / 65466.5 MB
[Diagnostics] WARNING: "Buffered range only 6 items - might be the '19 items' bug"
[ "10:54:37.343" ][SystemMonitor] Stats Update: CPU App: 0.78125 % | Sys: 52.6042 % | RAM App: 147.344 MB | Sys Avail: 29063.7 MB / 65466.5 MB
[Diagnostics] WARNING: "Buffered range only 6 items - might be the '19 items' bug"
TelemetryMonitor: Processed 300 frames. Current FPS: 62
[ "10:54:38.348" ][SystemMonitor] Stats Update: CPU App: 0.520833 % | Sys: 55.7292 % | RAM App: 147.387 MB | Sys Avail: 29051.4 MB / 65466.5 MB
[Diagnostics] WARNING: "Buffered range only 6 items - might be the '19 items' bug"
[ "10:54:39.343" ][SystemMonitor] Stats Update: CPU App: 1.82768 % | Sys: 50.3916 % | RAM App: 147.461 MB | Sys Avail: 29037.7 MB / 65466.5 MB
[Diagnostics] WARNING: "Buffered range only 6 items - might be the '19 items' bug"
[ "10:54:40.346" ][SystemMonitor] Stats Update: CPU App: 0.779221 % | Sys: 73.7662 % | RAM App: 147.5 MB | Sys Avail: 28997.8 MB / 65466.5 MB
[Diagnostics] WARNING: "Buffered range only 6 items - might be the '19 items' bug"
[QML ViewportRange] Precise detected range: 0 to 5 (6 items)
setVisibleEndIndex called with: 5
setVisibleEndIndex called with: 5
Viewport settled at: 0 - 5
[ "10:54:41.343" ][SystemMonitor] Stats Update: CPU App: 1.82292 % | Sys: 50.7813 % | RAM App: 148.875 MB | Sys Avail: 29015.3 MB / 65466.5 MB
[Diagnostics] WARNING: "Buffered range only 6 items - might be the '19 items' bug"
[ "10:54:42.347" ][SystemMonitor] Stats Update: CPU App: 1.04167 % | Sys: 52.0833 % | RAM App: 148.969 MB | Sys Avail: 29048.4 MB / 65466.5 MB
[Diagnostics] WARNING: "Buffered range only 6 items - might be the '19 items' bug"
[ "10:54:43.343" ][SystemMonitor] Stats Update: CPU App: 1.04167 % | Sys: 40.8854 % | RAM App: 148.977 MB | Sys Avail: 29043.3 MB / 65466.5 MB
[Diagnostics] WARNING: "Buffered range only 6 items - might be the '19 items' bug"
TelemetryMonitor: Processed 300 frames. Current FPS: 62
[ "10:54:44.346" ][SystemMonitor] Stats Update: CPU App: 0.78125 % | Sys: 36.4583 % | RAM App: 148.988 MB | Sys Avail: 29030.2 MB / 65466.5 MB
[Diagnostics] WARNING: "Buffered range only 6 items - might be the '19 items' bug"
[ "10:54:45.344" ][SystemMonitor] Stats Update: CPU App: 0.78125 % | Sys: 35.4167 % | RAM App: 148.996 MB | Sys Avail: 29049.1 MB / 65466.5 MB
[Diagnostics] WARNING: "Buffered range only 6 items - might be the '19 items' bug"
[ "10:54:46.347" ][SystemMonitor] Stats Update: CPU App: 1.04167 % | Sys: 47.6563 % | RAM App: 149.008 MB | Sys Avail: 29055.9 MB / 65466.5 MB
[Diagnostics] WARNING: "Buffered range only 6 items - might be the '19 items' bug"
[ "10:54:47.345" ][SystemMonitor] Stats Update: CPU App: 0.78125 % | Sys: 43.75 % | RAM App: 147.23 MB | Sys Avail: 29084.8 MB / 65466.5 MB
[Diagnostics] WARNING: "Buffered range only 6 items - might be the '19 items' bug"
[ "10:54:48.346" ][SystemMonitor] Stats Update: CPU App: 0.520833 % | Sys: 67.4479 % | RAM App: 147.18 MB | Sys Avail: 29023.2 MB / 65466.5 MB
[Diagnostics] WARNING: "Buffered range only 6 items - might be the '19 items' bug"
TelemetryMonitor: Processed 300 frames. Current FPS: 62
[ "10:54:49.345" ][SystemMonitor] Stats Update: CPU App: 0.520833 % | Sys: 49.7396 % | RAM App: 147.188 MB | Sys Avail: 29049.8 MB / 65466.5 MB
[Diagnostics] WARNING: "Buffered range only 6 items - might be the '19 items' bug"
[ "10:54:50.347" ][SystemMonitor] Stats Update: CPU App: 1.04167 % | Sys: 57.0313 % | RAM App: 147.199 MB | Sys Avail: 29049.2 MB / 65466.5 MB
[Diagnostics] WARNING: "Buffered range only 6 items - might be the '19 items' bug"
[ "10:54:51.343" ][SystemMonitor] Stats Update: CPU App: 2.08333 % | Sys: 46.0938 % | RAM App: 147.219 MB | Sys Avail: 29075.5 MB / 65466.5 MB
[Diagnostics] WARNING: "Buffered range only 6 items - might be the '19 items' bug"
[ "10:54:52.346" ][SystemMonitor] Stats Update: CPU App: 0.520833 % | Sys: 34.1146 % | RAM App: 147.23 MB | Sys Avail: 29089.8 MB / 65466.5 MB
[Diagnostics] WARNING: "Buffered range only 6 items - might be the '19 items' bug"
[ "10:54:53.345" ][SystemMonitor] Stats Update: CPU App: 0.520833 % | Sys: 45.0521 % | RAM App: 147.242 MB | Sys Avail: 29091.3 MB / 65466.5 MB
[Diagnostics] WARNING: "Buffered range only 6 items - might be the '19 items' bug"
TelemetryMonitor: Processed 300 frames. Current FPS: 62
[ "10:54:54.344" ][SystemMonitor] Stats Update: CPU App: 2.08333 % | Sys: 39.3229 % | RAM App: 147.25 MB | Sys Avail: 29073.6 MB / 65466.5 MB
[Diagnostics] WARNING: "Buffered range only 6 items - might be the '19 items' bug"
[ "10:54:55.345" ][SystemMonitor] Stats Update: CPU App: 1.04167 % | Sys: 51.8229 % | RAM App: 147.266 MB | Sys Avail: 29009.4 MB / 65466.5 MB
[Diagnostics] WARNING: "Buffered range only 6 items - might be the '19 items' bug"
[ "10:54:56.347" ][SystemMonitor] Stats Update: CPU App: 1.30208 % | Sys: 44.0104 % | RAM App: 147.277 MB | Sys Avail: 29069.3 MB / 65466.5 MB
[Diagnostics] WARNING: "Buffered range only 6 items - might be the '19 items' bug"
[ "10:54:57.345" ][SystemMonitor] Stats Update: CPU App: 1.04167 % | Sys: 40.1042 % | RAM App: 147.289 MB | Sys Avail: 29080.5 MB / 65466.5 MB
[Diagnostics] WARNING: "Buffered range only 6 items - might be the '19 items' bug"
[ "10:54:58.347" ][SystemMonitor] Stats Update: CPU App: 0.520833 % | Sys: 39.3229 % | RAM App: 147.297 MB | Sys Avail: 29059.8 MB / 65466.5 MB
[Diagnostics] WARNING: "Buffered range only 6 items - might be the '19 items' bug"
TelemetryMonitor: Processed 300 frames. Current FPS: 62
[ "10:54:59.345" ][SystemMonitor] Stats Update: CPU App: 0.260417 % | Sys: 36.7188 % | RAM App: 147.309 MB | Sys Avail: 29065.1 MB / 65466.5 MB
[Diagnostics] WARNING: "Buffered range only 6 items - might be the '19 items' bug"
[ "10:55:00.347" ][SystemMonitor] Stats Update: CPU App: 0.78125 % | Sys: 46.0938 % | RAM App: 147.32 MB | Sys Avail: 29064.6 MB / 65466.5 MB
[Diagnostics] WARNING: "Buffered range only 6 items - might be the '19 items' bug"
[ "10:55:01.345" ][SystemMonitor] Stats Update: CPU App: 1.30208 % | Sys: 51.0417 % | RAM App: 147.328 MB | Sys Avail: 29062.7 MB / 65466.5 MB
[Diagnostics] WARNING: "Buffered range only 6 items - might be the '19 items' bug"
[ "10:55:02.347" ][SystemMonitor] Stats Update: CPU App: 0.78125 % | Sys: 46.6146 % | RAM App: 147.34 MB | Sys Avail: 29088.2 MB / 65466.5 MB
[Diagnostics] WARNING: "Buffered range only 6 items - might be the '19 items' bug"
Retrying to obtain clipboard.
Retrying to obtain clipboard.
[ "10:55:03.345" ][SystemMonitor] Stats Update: CPU App: 1.04167 % | Sys: 44.5313 % | RAM App: 147.352 MB | Sys Avail: 29081.5 MB / 65466.5 MB
[Diagnostics] WARNING: "Buffered range only 6 items - might be the '19 items' bug"
TelemetryMonitor: Processed 300 frames. Current FPS: 58
Retrying to obtain clipboard.
Retrying to obtain clipboard.
[ "10:55:04.347" ][SystemMonitor] Stats Update: CPU App: 0.260417 % | Sys: 49.4792 % | RAM App: 147.43 MB | Sys Avail: 29091.7 MB / 65466.5 MB
[Diagnostics] WARNING: "Buffered range only 6 items - might be the '19 items' bug"
[ "10:55:05.344" ][SystemMonitor] Stats Update: CPU App: 0.260417 % | Sys: 53.6458 % | RAM App: 147.441 MB | Sys Avail: 29326.4 MB / 65466.5 MB
[Diagnostics] WARNING: "Buffered range only 6 items - might be the '19 items' bug"
Retrying to obtain clipboard.
[ "10:55:06.377" ][SystemMonitor] Stats Update: CPU App: 0.25641 % | Sys: 54.8718 % | RAM App: 147.453 MB | Sys Avail: 29187.5 MB / 65466.5 MB
[Diagnostics] WARNING: "Buffered range only 6 items - might be the '19 items' bug"
[ "10:55:07.343" ][SystemMonitor] Stats Update: CPU App: 1.0582 % | Sys: 64.5503 % | RAM App: 147.531 MB | Sys Avail: 29161.9 MB / 65466.5 MB
[Diagnostics] WARNING: "Buffered range only 6 items - might be the '19 items' bug"
[ "10:55:08.347" ][SystemMonitor] Stats Update: CPU App: 0.260417 % | Sys: 50.5208 % | RAM App: 147.543 MB | Sys Avail: 29168.4 MB / 65466.5 MB
[Diagnostics] WARNING: "Buffered range only 6 items - might be the '19 items' bug"
TelemetryMonitor: Processed 300 frames. Current FPS: 62
[ "10:55:09.344" ][SystemMonitor] Stats Update: CPU App: 1.04167 % | Sys: 48.1771 % | RAM App: 147.555 MB | Sys Avail: 29176.7 MB / 65466.5 MB
[Diagnostics] WARNING: "Buffered range only 6 items - might be the '19 items' bug"
Retrying to obtain clipboard.
[ "10:55:10.347" ][SystemMonitor] Stats Update: CPU App: 0.520833 % | Sys: 66.1458 % | RAM App: 147.563 MB | Sys Avail: 28930.5 MB / 65466.5 MB
[Diagnostics] WARNING: "Buffered range only 6 items - might be the '19 items' bug"
[ "10:55:11.344" ][SystemMonitor] Stats Update: CPU App: 1.04167 % | Sys: 74.2188 % | RAM App: 147.574 MB | Sys Avail: 29063.6 MB / 65466.5 MB
[Diagnostics] WARNING: "Buffered range only 6 items - might be the '19 items' bug"
[ "10:55:12.347" ][SystemMonitor] Stats Update: CPU App: 1.30208 % | Sys: 74.4792 % | RAM App: 147.609 MB | Sys Avail: 29069.4 MB / 65466.5 MB
[Diagnostics] WARNING: "Buffered range only 6 items - might be the '19 items' bug"
[ "10:55:13.343" ][SystemMonitor] Stats Update: CPU App: 1.04167 % | Sys: 89.8438 % | RAM App: 147.617 MB | Sys Avail: 29099.4 MB / 65466.5 MB
[Diagnostics] WARNING: "Buffered range only 6 items - might be the '19 items' bug"
TelemetryMonitor: Processed 300 frames. Current FPS: 62
[ "10:55:14.348" ][SystemMonitor] Stats Update: CPU App: 1.04167 % | Sys: 62.5 % | RAM App: 147.629 MB | Sys Avail: 29071.9 MB / 65466.5 MB
[Diagnostics] WARNING: "Buffered range only 6 items - might be the '19 items' bug"
[ "10:55:15.343" ][SystemMonitor] Stats Update: CPU App: 1.30208 % | Sys: 37.7604 % | RAM App: 147.637 MB | Sys Avail: 29105.9 MB / 65466.5 MB
[Diagnostics] WARNING: "Buffered range only 6 items - might be the '19 items' bug"
[ "10:55:16.352" ][SystemMonitor] Stats Update: CPU App: 0.520833 % | Sys: 46.875 % | RAM App: 147.648 MB | Sys Avail: 29077.4 MB / 65466.5 MB
[Diagnostics] WARNING: "Buffered range only 6 items - might be the '19 items' bug"
[ "10:55:17.345" ][SystemMonitor] Stats Update: CPU App: 2.08333 % | Sys: 56.7708 % | RAM App: 147.656 MB | Sys Avail: 29032.1 MB / 65466.5 MB
[Diagnostics] WARNING: "Buffered range only 6 items - might be the '19 items' bug"
[ "10:55:18.348" ][SystemMonitor] Stats Update: CPU App: 0.78125 % | Sys: 60.1563 % | RAM App: 147.668 MB | Sys Avail: 29028.4 MB / 65466.5 MB
[Diagnostics] WARNING: "Buffered range only 6 items - might be the '19 items' bug"
TelemetryMonitor: Processed 300 frames. Current FPS: 62
[ "10:55:19.343" ][SystemMonitor] Stats Update: CPU App: 0.520833 % | Sys: 45.0521 % | RAM App: 147.676 MB | Sys Avail: 29033.1 MB / 65466.5 MB
[Diagnostics] WARNING: "Buffered range only 6 items - might be the '19 items' bug"
[ "10:55:20.348" ][SystemMonitor] Stats Update: CPU App: 1.30208 % | Sys: 45.5729 % | RAM App: 147.688 MB | Sys Avail: 29004.2 MB / 65466.5 MB
[Diagnostics] WARNING: "Buffered range only 6 items - might be the '19 items' bug"
[ "10:55:21.343" ][SystemMonitor] Stats Update: CPU App: 1.5625 % | Sys: 48.9583 % | RAM App: 147.695 MB | Sys Avail: 29020.6 MB / 65466.5 MB
[Diagnostics] WARNING: "Buffered range only 6 items - might be the '19 items' bug"
[ "10:55:22.348" ][SystemMonitor] Stats Update: CPU App: 1.04167 % | Sys: 47.1354 % | RAM App: 147.609 MB | Sys Avail: 28990.8 MB / 65466.5 MB
[Diagnostics] WARNING: "Buffered range only 6 items - might be the '19 items' bug"
[ "10:55:23.344" ][SystemMonitor] Stats Update: CPU App: 1.04167 % | Sys: 36.7188 % | RAM App: 147.617 MB | Sys Avail: 29039 MB / 65466.5 MB
[Diagnostics] WARNING: "Buffered range only 6 items - might be the '19 items' bug"
TelemetryMonitor: Processed 300 frames. Current FPS: 62
[ "10:55:24.346" ][SystemMonitor] Stats Update: CPU App: 1.04167 % | Sys: 29.1667 % | RAM App: 147.629 MB | Sys Avail: 29019 MB / 65466.5 MB
[Diagnostics] WARNING: "Buffered range only 6 items - might be the '19 items' bug"
[ "10:55:25.344" ][SystemMonitor] Stats Update: CPU App: 1.30208 % | Sys: 52.8646 % | RAM App: 147.637 MB | Sys Avail: 28988.1 MB / 65466.5 MB
[Diagnostics] WARNING: "Buffered range only 6 items - might be the '19 items' bug"
[ "10:55:26.347" ][SystemMonitor] Stats Update: CPU App: 0.260417 % | Sys: 34.6354 % | RAM App: 147.648 MB | Sys Avail: 29056.3 MB / 65466.5 MB
[Diagnostics] WARNING: "Buffered range only 6 items - might be the '19 items' bug"
[ "10:55:27.346" ][SystemMonitor] Stats Update: CPU App: 0.78125 % | Sys: 36.1979 % | RAM App: 147.656 MB | Sys Avail: 29064.7 MB / 65466.5 MB
[Diagnostics] WARNING: "Buffered range only 6 items - might be the '19 items' bug"
[ "10:55:28.344" ][SystemMonitor] Stats Update: CPU App: 0.78125 % | Sys: 31.7708 % | RAM App: 147.668 MB | Sys Avail: 29054.4 MB / 65466.5 MB
[Diagnostics] WARNING: "Buffered range only 6 items - might be the '19 items' bug"
TelemetryMonitor: Processed 300 frames. Current FPS: 62
[ "10:55:29.343" ][SystemMonitor] Stats Update: CPU App: 0.260417 % | Sys: 36.4583 % | RAM App: 147.676 MB | Sys Avail: 29027.4 MB / 65466.5 MB
[Diagnostics] WARNING: "Buffered range only 6 items - might be the '19 items' bug"
[ "10:55:30.348" ][SystemMonitor] Stats Update: CPU App: 1.04167 % | Sys: 42.9688 % | RAM App: 147.184 MB | Sys Avail: 29040.6 MB / 65466.5 MB
[Diagnostics] WARNING: "Buffered range only 6 items - might be the '19 items' bug"
[ "10:55:31.343" ][SystemMonitor] Stats Update: CPU App: 1.04167 % | Sys: 33.3333 % | RAM App: 147.184 MB | Sys Avail: 29035.5 MB / 65466.5 MB
[Diagnostics] WARNING: "Buffered range only 6 items - might be the '19 items' bug"
[ "10:55:32.346" ][SystemMonitor] Stats Update: CPU App: 1.5625 % | Sys: 40.625 % | RAM App: 147.184 MB | Sys Avail: 29055 MB / 65466.5 MB
[Diagnostics] WARNING: "Buffered range only 6 items - might be the '19 items' bug"
[ "10:55:33.343" ][SystemMonitor] Stats Update: CPU App: 0.260417 % | Sys: 31.25 % | RAM App: 147.184 MB | Sys Avail: 29055.5 MB / 65466.5 MB
[Diagnostics] WARNING: "Buffered range only 6 items - might be the '19 items' bug"
TelemetryMonitor: Processed 300 frames. Current FPS: 62
[ "10:55:34.348" ][SystemMonitor] Stats Update: CPU App: 1.5625 % | Sys: 40.1042 % | RAM App: 147.184 MB | Sys Avail: 29030.5 MB / 65466.5 MB
[Diagnostics] WARNING: "Buffered range only 6 items - might be the '19 items' bug"
[ "10:55:35.344" ][SystemMonitor] Stats Update: CPU App: 1.5625 % | Sys: 42.7083 % | RAM App: 147.184 MB | Sys Avail: 29039.2 MB / 65466.5 MB
[Diagnostics] WARNING: "Buffered range only 6 items - might be the '19 items' bug"
[ "10:55:36.344" ][SystemMonitor] Stats Update: CPU App: 1.5625 % | Sys: 51.8229 % | RAM App: 147.184 MB | Sys Avail: 29070.9 MB / 65466.5 MB
[Diagnostics] WARNING: "Buffered range only 6 items - might be the '19 items' bug"
[ "10:55:37.345" ][SystemMonitor] Stats Update: CPU App: 1.5625 % | Sys: 53.125 % | RAM App: 147.184 MB | Sys Avail: 29041.9 MB / 65466.5 MB
[Diagnostics] WARNING: "Buffered range only 6 items - might be the '19 items' bug"
[ "10:55:38.348" ][SystemMonitor] Stats Update: CPU App: 2.08333 % | Sys: 53.125 % | RAM App: 147.184 MB | Sys Avail: 29032.3 MB / 65466.5 MB
[Diagnostics] WARNING: "Buffered range only 6 items - might be the '19 items' bug"
TelemetryMonitor: Processed 300 frames. Current FPS: 62
[ "10:55:39.345" ][SystemMonitor] Stats Update: CPU App: 0.520833 % | Sys: 46.875 % | RAM App: 147.184 MB | Sys Avail: 29050.6 MB / 65466.5 MB
[Diagnostics] WARNING: "Buffered range only 6 items - might be the '19 items' bug"
[ "10:55:40.348" ][SystemMonitor] Stats Update: CPU App: 0.260417 % | Sys: 43.75 % | RAM App: 147.184 MB | Sys Avail: 29045 MB / 65466.5 MB
[Diagnostics] WARNING: "Buffered range only 6 items - might be the '19 items' bug"
[ "10:55:41.346" ][SystemMonitor] Stats Update: CPU App: 1.5625 % | Sys: 44.7917 % | RAM App: 147.184 MB | Sys Avail: 29043.8 MB / 65466.5 MB
[Diagnostics] WARNING: "Buffered range only 6 items - might be the '19 items' bug"
[ "10:55:42.347" ][SystemMonitor] Stats Update: CPU App: 1.04167 % | Sys: 39.0625 % | RAM App: 147.184 MB | Sys Avail: 29104.7 MB / 65466.5 MB
[Diagnostics] WARNING: "Buffered range only 6 items - might be the '19 items' bug"
[ "10:55:43.343" ][SystemMonitor] Stats Update: CPU App: 1.04167 % | Sys: 45.5729 % | RAM App: 147.184 MB | Sys Avail: 29069.4 MB / 65466.5 MB
[Diagnostics] WARNING: "Buffered range only 6 items - might be the '19 items' bug"
TelemetryMonitor: Processed 300 frames. Current FPS: 62
[ "10:55:44.348" ][SystemMonitor] Stats Update: CPU App: 1.04167 % | Sys: 42.4479 % | RAM App: 147.184 MB | Sys Avail: 29071.4 MB / 65466.5 MB
[Diagnostics] WARNING: "Buffered range only 6 items - might be the '19 items' bug"
[ "10:55:45.346" ][SystemMonitor] Stats Update: CPU App: 0.78125 % | Sys: 41.6667 % | RAM App: 147.184 MB | Sys Avail: 29085.1 MB / 65466.5 MB
[Diagnostics] WARNING: "Buffered range only 6 items - might be the '19 items' bug"
[ "10:55:46.348" ][SystemMonitor] Stats Update: CPU App: 1.30208 % | Sys: 36.7188 % | RAM App: 147.184 MB | Sys Avail: 29090.3 MB / 65466.5 MB
[Diagnostics] WARNING: "Buffered range only 6 items - might be the '19 items' bug"
[ "10:55:47.343" ][SystemMonitor] Stats Update: CPU App: 1.30208 % | Sys: 36.7188 % | RAM App: 147.184 MB | Sys Avail: 29100 MB / 65466.5 MB
[Diagnostics] WARNING: "Buffered range only 6 items - might be the '19 items' bug"
[ "10:55:48.348" ][SystemMonitor] Stats Update: CPU App: 0.78125 % | Sys: 50.2604 % | RAM App: 147.184 MB | Sys Avail: 29051.9 MB / 65466.5 MB
[Diagnostics] WARNING: "Buffered range only 6 items - might be the '19 items' bug"
TelemetryMonitor: Processed 300 frames. Current FPS: 62
[ "10:55:49.343" ][SystemMonitor] Stats Update: CPU App: 1.04167 % | Sys: 46.3542 % | RAM App: 147.184 MB | Sys Avail: 29096.7 MB / 65466.5 MB
[Diagnostics] WARNING: "Buffered range only 6 items - might be the '19 items' bug"
[ "10:55:50.345" ][SystemMonitor] Stats Update: CPU App: 0.78125 % | Sys: 45.3125 % | RAM App: 147.184 MB | Sys Avail: 29063.7 MB / 65466.5 MB
[Diagnostics] WARNING: "Buffered range only 6 items - might be the '19 items' bug"
[ "10:55:51.344" ][SystemMonitor] Stats Update: CPU App: 1.04167 % | Sys: 54.9479 % | RAM App: 147.184 MB | Sys Avail: 28915.3 MB / 65466.5 MB
[Diagnostics] WARNING: "Buffered range only 6 items - might be the '19 items' bug"
[ "10:55:52.348" ][SystemMonitor] Stats Update: CPU App: 1.82292 % | Sys: 53.125 % | RAM App: 147.184 MB | Sys Avail: 28904.4 MB / 65466.5 MB
[Diagnostics] WARNING: "Buffered range only 6 items - might be the '19 items' bug"
[ "10:55:53.346" ][SystemMonitor] Stats Update: CPU App: 1.30208 % | Sys: 56.5104 % | RAM App: 147.184 MB | Sys Avail: 28835.5 MB / 65466.5 MB
[Diagnostics] WARNING: "Buffered range only 6 items - might be the '19 items' bug"
TelemetryMonitor: Processed 300 frames. Current FPS: 62
[ "10:55:54.350" ][SystemMonitor] Stats Update: CPU App: 1.5625 % | Sys: 66.6667 % | RAM App: 147.184 MB | Sys Avail: 28811.4 MB / 65466.5 MB
[Diagnostics] WARNING: "Buffered range only 6 items - might be the '19 items' bug"
[ "10:55:55.343" ][SystemMonitor] Stats Update: CPU App: 1.5625 % | Sys: 66.4063 % | RAM App: 147.184 MB | Sys Avail: 28806.5 MB / 65466.5 MB
[Diagnostics] WARNING: "Buffered range only 6 items - might be the '19 items' bug"
[ "10:55:56.348" ][SystemMonitor] Stats Update: CPU App: 1.82292 % | Sys: 57.2917 % | RAM App: 147.184 MB | Sys Avail: 28704.5 MB / 65466.5 MB
[Diagnostics] WARNING: "Buffered range only 6 items - might be the '19 items' bug"
[ "10:55:57.343" ][SystemMonitor] Stats Update: CPU App: 0.78125 % | Sys: 59.1146 % | RAM App: 147.184 MB | Sys Avail: 28874.4 MB / 65466.5 MB
[Diagnostics] WARNING: "Buffered range only 6 items - might be the '19 items' bug"
[ "10:55:58.348" ][SystemMonitor] Stats Update: CPU App: 0.78125 % | Sys: 65.3646 % | RAM App: 147.184 MB | Sys Avail: 28961.8 MB / 65466.5 MB
[Diagnostics] WARNING: "Buffered range only 6 items - might be the '19 items' bug"
TelemetryMonitor: Processed 300 frames. Current FPS: 62
