
                          text: {
                              if (!semanticView) return ""
                              if (semanticView.groupingAuto) return "Grouping: Auto"
>                             if (semanticView.groupingMode === 1) return "Grouping: Day"
>                             if (semanticView.groupingMode === 2) return "Grouping: Week"
>                             if (semanticView.groupingMode === 3) return "Grouping: Month"
>                             if (semanticView.groupingMode === 4) return "Grouping: Year"
                              return "Grouping"
                          }
                          visible: root.useSemanticView
                              if (!semanticView) return
                              if (semanticView.groupingAuto) {
                                  semanticView.groupingAuto = false
>                                 semanticView.groupingMode = 1 // Start at Day
>                             } else if (semanticView.groupingMode === 1) {
>                                 semanticView.groupingMode = 2 // Week
>                             } else if (semanticView.groupingMode === 2) {
>                                 semanticView.groupingMode = 3 // Month
>                             } else if (semanticView.groupingMode === 3) {
>                                 semanticView.groupingMode = 4 // Year
                              } else {
                                  semanticView.groupingAuto = true // Return to Auto
                              }


