
        if (reader.canRead())
          image = reader.read();
      }
    }
  
> deliver:
    // Handle failed loads gracefully with placeholders instead of harsh red boxes
    if (image.isNull() && !shouldAbort()) {
      QString realPath = getRealLocalPath(id);
      bool exists = QFile::exists(realPath);
      QString readerError;
      if (exists) {
        QImageReader reader(realPath);
        reader.canRead();
        readerError = reader.errorString();
      }
  
      if (s_logLevel > 0) {
        qWarning() << "[AsyncImageProvider] FAILED load. ID:" << id
                   << "Path:" << realPath << "Exists:" << exists
                   << "ReaderError:" << readerError;
      }
  
      QSize imgSize = requestedSize.isValid() ? requestedSize : QSize(200, 200);
      QString ext = QFileInfo(realPath).suffix().toLower();
  


