

    Directory: D:\Dev\antigravity\build\CMakeFiles\appSamsungGallery.dir\src


Mode                 LastWriteTime         Length Name                                                                 
----                 -------------         ------ ----                                                                 
-a----         3/24/2026   1:03 AM          47326 GroupedProxyModel.cpp.obj                                            


    Directory: D:\Dev\antigravity\build\test_scrollbench\CMakeFiles\appScrollBench.dir\__\src


Mode                 LastWriteTime         Length Name                                                                 
----                 -------------         ------ ----                                                                 
-a----         3/24/2026   1:04 AM          47326 GroupedProxyModel.cpp.obj                                            


    Directory: D:\Dev\antigravity\build\test_scrollbench\CMakeFiles\QGalleryX-Bench.dir\__\src_QGalleryX_Core


Mode                 LastWriteTime         Length Name                                                                 
----                 -------------         ------ ----                                                                 
-a----         3/24/2026  12:01 AM          47326 GroupedProxyModel.cpp.obj                                            


    Directory: D:\Dev\antigravity\build\test_scrollbench\CMakeFiles\tst_automation.dir\__\src


Mode                 LastWriteTime         Length Name                                                                 
----                 -------------         ------ ----                                                                 
-a----         3/24/2026   1:04 AM          47326 GroupedProxyModel.cpp.obj                                            


    Directory: D:\Dev\antigravity\build\test_scrollbench\CMakeFiles\tst_linkage.dir\__\src


Mode                 LastWriteTime         Length Name                                                                 
----                 -------------         ------ ----                                                                 
-a----         3/24/2026   1:04 AM          47326 GroupedProxyModel.cpp.obj                                            


    Directory: D:\Dev\antigravity\src


Mode                 LastWriteTime         Length Name                                                                 
----                 -------------         ------ ----                                                                 
-a----         3/24/2026   1:01 AM           7666 GroupedProxyModel.cpp                                                
-a----         3/24/2026   1:01 AM           2303 GroupedProxyModel.h                                                  


    Directory: D:\Dev\antigravity\test_scrollbench\build\CMakeFiles\appScrollBench.dir\D_\Dev\antigravity\src


Mode                 LastWriteTime         Length Name                                                                 
----                 -------------         ------ ----                                                                 
-a----         6/21/2026  10:59 AM          47326 GroupedProxyModel.cpp.obj                                            


    Directory: D:\Dev\antigravity\test_scrollbench\build\CMakeFiles\tst_automation.dir\D_\Dev\antigravity\src


Mode                 LastWriteTime         Length Name                                                                 
----                 -------------         ------ ----                                                                 
-a----         6/21/2026  10:58 AM          47326 GroupedProxyModel.cpp.obj                                            


    Directory: D:\Dev\antigravity\test_scrollbench\build\CMakeFiles\tst_linkage.dir\D_\Dev\antigravity\src


Mode                 LastWriteTime         Length Name                                                                 
----                 -------------         ------ ----                                                                 
-a----         6/21/2026  10:58 AM          47326 GroupedProxyModel.cpp.obj                                            


