
                              anchors.fill: parent
                              visible: settings.useFastImage
                              source: {
                                  if (!settings.useFastImage) return "";
                                  var path = semanticRoot.model.data(semanticRoot.model.index(sourceIdx, 0), 257)
>                                 return path ? "image://async/" + path : ""
                              }
                              sourceSize: Qt.size(semanticRoot.loadingResolution, semanticRoot.loadingResolution)
                              fillMode: 1 // PreserveAspectCrop
                          }
                          
                              anchors.fill: parent
                              visible: !settings.useFastImage
                              source: {
                                  if (settings.useFastImage) return "";
                                  var path = semanticRoot.model.data(semanticRoot.model.index(sourceIdx, 0), 257)
>                                 return path ? "image://async/" + path : ""
                              }
                              sourceSize: Qt.size(settings.thumbnailSize, settings.thumbnailSize)
                              fillMode: Image.PreserveAspectCrop
                              asynchronous: true
                              cache: true


