
                // VerifyFileType might be too slow for MFT loop if we want
                // blazing start? But user demanded verification. Let's use
                // verifyFileType but with fallback.
>               bool isImg = false, isVid = false, isRaw = false;
                FileTypeRouter::verifyFileType(item.path, isImg, isVid, isRaw);
  
                if (!isImg && !isVid && !isRaw) {
                  isVid = FileTypeRouter::isVideo(ext);
>                 isRaw = FileTypeRouter::isRaw(ext);
                }
>               item.isRaw = isRaw;
                item.isVideo = isVid;
  
                QRegularExpressionMatch match = dateRegex.match(item.fileName);
          item.color = "#444444";
          item.isLoaded = false;
  
>         bool isImg = false, isVid = false, isRaw = false;
          FileTypeRouter::verifyFileType(item.path, isImg, isVid, isRaw);
  
          // Fallback: If verification failed/indeterminate, trust extension
          if (!isImg && !isVid && !isRaw) {
            QString ext = fileInfo.suffix().toLower();
            isVid = FileTypeRouter::isVideo(ext);
>           isRaw = FileTypeRouter::isRaw(ext);
          }
  
>         item.isRaw = isRaw;
          item.isVideo = isVid;
  
          item.date = fileInfo.birthTime();
    meta["Type"] = QFileInfo(item.path).suffix().toUpper();
  
    QString ext = QFileInfo(item.path).suffix().toLower();
>   bool isRaw = (ext == "arw" || ext == "cr2" || ext == "dng" || ext == "nef" ||
                  ext == "sr2" || ext == "srf" || ext == "orf" || ext == "rw2" ||
                  ext == "pef" || ext == "raf");
  


