
      path = url.toLocalFile();
      // Preserve query parameters for cache-busting/coalescing
      int qIdx = input.indexOf('?');
      if (qIdx != -1)
        query = input.mid(qIdx);
>   } else {
      // Fallback for raw paths or missing local file metadata
      path = input;
      int qIdx = path.indexOf('?');
      if (qIdx != -1) {
        query = path.mid(qIdx);
        path = path.left(qIdx);
      }
  
      if (path.startsWith("file:///"))
        path = path.mid(8);
      else if (path.startsWith("file://"))
        path = path.mid(7);
  
      path = QUrl::fromPercentEncoding(path.toUtf8());
    }
  
    path = QDir::cleanPath(path);
  
  #ifdef Q_OS_WIN
    if (path.length() >= 2 && path[1] == ':') {
          }
        }
  
        i = s_activeTasksMap.erase(i);
        rescueCount++;
>     } else {
        ++i;
      }
    }
  
    if (rescueCount > 0) {
      // TaskScheduler::instance().expandIOPool(rescueCount);
      qInfo()
          << "[AsyncImageProvider] Skipped pool expansion (stability check) for"
          << rescueCount << "stalled tasks.";
    }
  }
  
  void AsyncImageProvider::DriveStats::update(const QString &drive,
                                              int loadTimeMs) {
    if (sampleCount == 0) {
      avgLoadTimeMs = loadTimeMs;
>   } else {
      // Proportional alpha: heavier weighting for slow tasks (spikes)
      double alpha = (loadTimeMs > 500) ? 0.4 : 0.1;
      avgLoadTimeMs = (avgLoadTimeMs * (1.0 - alpha)) + (loadTimeMs * alpha);
    }
    sampleCount++;
  
    // Tapered Logging: High resolution for first 100 samples, then 1-in-50
    // overhead.
    if (sampleCount <= 100 || sampleCount % 50 == 0) {
      qWarning() << "[AdaptiveIO] Stats: " << drive << " Avg: " << avgLoadTimeMs
                 << " Limit: " << concurrencyLimit
                 << " ActiveWeight: " << activeWeight;
    }
  
    if (lastAdjustment.isValid() && lastAdjustment.elapsed() < 1000)
      return;
  
    // Initialize network detection once per drive root
    if (!initialized) {
  #ifdef Q_OS_WIN
  #endif
      if (isNetwork) {
        concurrencyLimit = 8; // Higher starting point for network
        qWarning() << "[AdaptiveIO] Network Drive detected: " << drive
                   << " using burst mode.";
>     } else {
        concurrencyLimit = 4; // Start local drives at 4 (minLimit)
      }
      initialized = true;
    }
  
    int oldLimit = concurrencyLimit;
  
    // Refined Sliding Scale Bands (Optimized for High-Throughput SSD/Network)
    int minLimit = isNetwork ? 6 : 4; // Local drives start bit higher now
    int maxLimit =
        isNetwork ? 20 : 16; // Boost local ceiling to closer to network
  
    if (avgLoadTimeMs > 2000) {
      concurrencyLimit = minLimit;
    } else if (avgLoadTimeMs > 800) {
      if (concurrencyLimit > minLimit)
        concurrencyLimit--;
    } else if (avgLoadTimeMs < 100) {
      if (concurrencyLimit < maxLimit)
        concurrencyLimit += isNetwork ? 4 : 2; // Faster ramp up for network
      auto scheduler = AsyncImageProvider::s_frameScheduler;
      QMetaObject::invokeMethod(
          scheduler,
          [scheduler, finishTask]() { scheduler->onTaskCompleted(finishTask); },
          Qt::QueuedConnection);
>   } else {
      QMetaObject::invokeMethod(this, finishTask, Qt::QueuedConnection);
    }
  }
  
  bool AsyncImageProvider::isRequestStillNeeded(const QString &coalesceKey) {
    QMutexLocker locker(&m_pendingMutex);
    if (!m_pendingResponses.contains(coalesceKey))
      return false;
    for (const auto &tracker : m_pendingResponses[coalesceKey]) {
      if (tracker && tracker->response.load()) {
        auto *resp = tracker->response.load();
        if (resp && !resp->m_cancelled->load())
          return true;
      }
    }
    return false;
  }
  
  void AsyncImageProvider::deliverToPending(const QString &coalesceKey,
                                            const QImage &image, int duration) {
            burst += (stats.isNetwork ? 40 : 20);
        }
  
        if (currentWeight + weight <= limit + burst)
          canAdmit = true;
>     } else {
        // Offscreen items strictly respect the base limit
        if (currentWeight + weight <= limit)
          canAdmit = true;
      }
  
      // ADMISSION DEBUGGING (Max log level only)
      if (isVisible && !canAdmit && s_logLevel > 0) {
        qDebug() << "[Admission] Deferred visible item due to load:" << req.id
                 << "Weight:" << weight << "CurrentWeight:" << currentWeight
                 << "Limit:" << stats.concurrencyLimit << " (+ burst)";
      }
  
      if (canAdmit) {
        if (isVisible)
          visibleHighPriority.append(req);
        else if (!lowMemory)
          offscreen.append(req);
        // Only deliver empty for offscreen items when OOM
        else
          deliverToPending(cKey, QImage(), 0);
  
        driveAllocations[drive] += weight;
>     } else {
        // Re-queue everything else
        QMutexLocker lock(&m_stagingMutex);
        m_stagedRequests.append(req); // Will be retried next cycle
      }
    }
  
    // Commit allocations to Real Active Tasks as we dispatch
    auto incrementActive = [&](const QString &id) {
      QString d = getDriveRoot(id);
      int weight = getTaskWeight(id);
      {
        QMutexLocker lock(&m_driveStatsMutex);
        m_driveStats[d].activeWeight += weight;
      }
      return std::make_shared<QueueGuardState>(id);
    };
  
    // Sort ASC (Oldest First).
    // Because TaskScheduler::addTask uses Prepend(), adding Oldest->Newest
    // results in [Newest, ..., Oldest] in the queue (LIFO).
      image.fill(QColor::fromHsv((index * 137) % 360, 150, 200));
      QPainter p(&image);
      p.setPen(Qt::white);
      p.setFont(QFont("Arial", 20, QFont::Bold));
      p.drawText(image.rect(), Qt::AlignCenter, QString::number(index));
>   } else {
      // Strip query parameters for file access (but 'id' remains the cache key)
      int queryIdx = path.lastIndexOf('?');
      if (queryIdx != -1) {
        path = path.left(queryIdx);
      }
  
      // IO Serializer REMOVED - Replaced by Adaptive throttling in
      // processStagedRequests
  
      QElapsedTimer ioTimer;
      ioTimer.start();
  
      // 1. Worker-side Disk Cache check (Optimized hit)
      if (s_useDiskCache && !id.startsWith("synthetic:")) {
        QString dp = getDiskCachePath(id, requestedSize);
        if (QFile::exists(dp)) {
          if (image.load(dp)) {
            // Update RAM cache with consistent key
            insertCachedImage(id, image, requestedSize);
            // Disk Cache is also I/O!
          SettingsHelper::HWAccel accel =
              static_cast<SettingsHelper::HWAccel>(s_videoAcceleration.load());
          image = v.extractFrame(path, 0, requestedSize, accel,
                                 c ? c.get() : nullptr);
        }
>     } else {
        QImageReader reader(path);
        if (requestedSize.isValid())
          reader.setScaledSize(requestedSize);
        if (reader.canRead())
          image = reader.read();
      }
    }
  
  deliver:
    // Handle failed loads gracefully with placeholders instead of harsh red boxes
    if (image.isNull() && !shouldAbort()) {
      QString realPath = getRealLocalPath(id);
      bool exists = QFile::exists(realPath);
      QString readerError;
      if (exists) {
        QImageReader reader(realPath);
        reader.canRead();
        readerError = reader.errorString();
      }
  
          painter.setPen(QPen(Qt::white, 2));
          painter.setBrush(Qt::NoBrush);
          painter.drawRoundedRect(frame, 3, 3);
          painter.drawEllipse(QPointF(cx - iconSize / 4, cy - iconSize / 4), 2, 2);
        }
>     } else {
        // Draw premium dark grey placeholder with orange warning icon for corrupt/failed files
        image = QImage(imgSize, QImage::Format_ARGB32_Premultiplied);
        image.fill(QColor(44, 44, 44));
  
        QPainter painter(&image);
        painter.setRenderHint(QPainter::Antialiasing);
  
        painter.setPen(QPen(QColor(60, 60, 60), 1));
        painter.drawRect(image.rect().adjusted(0, 0, -1, -1));
  
        int size = qMin(imgSize.width(), imgSize.height()) * 0.4;
        if (size > 8) {
          int cx = imgSize.width() / 2;
          int cy = imgSize.height() / 2;
  
          QPolygonF triangle;
          triangle << QPointF(cx, cy - size / 2)
                   << QPointF(cx - size / 2, cy + size / 2)
                   << QPointF(cx + size / 2, cy + size / 2);
  


