  warning: skill is from graphify 0.8.33, package is 0.8.42. Run 'graphify install' to update.
Traversal: BFS depth=2 | Start: ['build_with_main_project.ps1', 'mathematics.h', 'Build-Architecture()'] | 61 nodes found

NODE common.h [src=3rdparty/ffmpeg/include/libavutil/common.h loc=L1 community=22]
NODE attributes.h [src=3rdparty/ffmpeg/include/libavutil/attributes.h loc=L1 community=41]
NODE frame.h [src=3rdparty/ffmpeg/include/libavutil/frame.h loc=L1 community=26]
NODE rational.h [src=3rdparty/ffmpeg/include/libavutil/rational.h loc=L1 community=26]
NODE pixfmt.h [src=3rdparty/ffmpeg/include/libavutil/pixfmt.h loc=L1 community=77]
NODE avutil.h [src=3rdparty/ffmpeg/include/libavutil/avutil.h loc=L1 community=43]
NODE avstring.h [src=3rdparty/ffmpeg/include/libavutil/avstring.h loc=L1 community=63]
NODE version.h [src=3rdparty/ffmpeg/include/libavutil/version.h loc=L1 community=43]
NODE opt.h [src=3rdparty/ffmpeg/include/libavutil/opt.h loc=L1 community=43]
NODE intfloat.h [src=3rdparty/ffmpeg/include/libavutil/intfloat.h loc=L1 community=91]
NODE Build-Architecture() [src=single_exe/build_single_exe.ps1 loc=L82 community=89]
NODE dovi_meta.h [src=3rdparty/ffmpeg/include/libavutil/dovi_meta.h loc=L1 community=82]
NODE iamf.h [src=3rdparty/ffmpeg/include/libavutil/iamf.h loc=L1 community=43]
NODE log.h [src=3rdparty/ffmpeg/include/libavutil/log.h loc=L1 community=43]
NODE build_single_exe.ps1 [src=single_exe/build_single_exe.ps1 loc=L1 community=89]
NODE bswap.h [src=3rdparty/ffmpeg/include/libavutil/bswap.h loc=L1 community=41]
NODE avassert.h [src=3rdparty/ffmpeg/include/libavutil/avassert.h loc=L1 community=43]
NODE channel_layout.h [src=3rdparty/ffmpeg/include/libavutil/channel_layout.h loc=L1 community=43]
NODE macros.h [src=3rdparty/ffmpeg/include/libavutil/macros.h loc=L1 community=43]
NODE Test-QtStatic() [src=single_exe/build_single_exe.ps1 loc=L60 community=89]
NODE detection_bbox.h [src=3rdparty/ffmpeg/include/libavutil/detection_bbox.h loc=L1 community=26]
NODE imgutils.h [src=3rdparty/ffmpeg/include/libavutil/imgutils.h loc=L1 community=77]
NODE mathematics.h [src=3rdparty/ffmpeg/include/libavutil/mathematics.h loc=L1 community=43]
NODE av_inv_q() [src=3rdparty/ffmpeg/include/libavutil/rational.h loc=L159 community=26]
NODE Write-Error-Custom() [src=single_exe/build_single_exe.ps1 loc=L55 community=89]
NODE csp.h [src=3rdparty/ffmpeg/include/libavutil/csp.h loc=L1 community=82]
NODE bprint.h [src=3rdparty/ffmpeg/include/libavutil/bprint.h loc=L1 community=63]
NODE timestamp.h [src=3rdparty/ffmpeg/include/libavutil/timestamp.h loc=L1 community=106]
NODE Write-Success() [src=single_exe/build_single_exe.ps1 loc=L50 community=89]
NODE pixdesc.h [src=3rdparty/ffmpeg/include/libavutil/pixdesc.h loc=L1 community=77]
NODE av_int2float() [src=3rdparty/ffmpeg/include/libavutil/intfloat.h loc=L40 community=91]
NODE av_float2int() [src=3rdparty/ffmpeg/include/libavutil/intfloat.h loc=L50 community=91]
NODE av_double2int() [src=3rdparty/ffmpeg/include/libavutil/intfloat.h loc=L70 community=91]
NODE hdr_dynamic_metadata.h [src=3rdparty/ffmpeg/include/libavutil/hdr_dynamic_metadata.h loc=L1 community=26]
NODE av_q2d() [src=3rdparty/ffmpeg/include/libavutil/rational.h loc=L104 community=26]
NODE intreadwrite.h [src=3rdparty/ffmpeg/include/libavutil/intreadwrite.h loc=L1 community=41]
NODE hdr_dynamic_vivid_metadata.h [src=3rdparty/ffmpeg/include/libavutil/hdr_dynamic_vivid_metadata.h loc=L1 community=26]
NODE mem.h [src=3rdparty/ffmpeg/include/libavutil/mem.h loc=L1 community=41]
NODE Write-Header() [src=single_exe/build_single_exe.ps1 loc=L38 community=89]
NODE audio_fifo.h [src=3rdparty/ffmpeg/include/libavutil/audio_fifo.h loc=L1 community=41]
NODE mastering_display_metadata.h [src=3rdparty/ffmpeg/include/libavutil/mastering_display_metadata.h loc=L1 community=26]
NODE av_make_q() [src=3rdparty/ffmpeg/include/libavutil/rational.h loc=L71 community=26]
NODE av_cmp_q() [src=3rdparty/ffmpeg/include/libavutil/rational.h loc=L89 community=26]
NODE av_int2double() [src=3rdparty/ffmpeg/include/libavutil/intfloat.h loc=L60 community=91]
NODE ambient_viewing_environment.h [src=3rdparty/ffmpeg/include/libavutil/ambient_viewing_environment.h loc=L1 community=26]
NODE Write-Step() [src=single_exe/build_single_exe.ps1 loc=L45 community=89]
NODE tree.h [src=3rdparty/ffmpeg/include/libavutil/tree.h loc=L1 community=41]
NODE aes_ctr.h [src=3rdparty/ffmpeg/include/libavutil/aes_ctr.h loc=L1 community=41]
NODE adler32.h [src=3rdparty/ffmpeg/include/libavutil/adler32.h loc=L1 community=41]
NODE crc.h [src=3rdparty/ffmpeg/include/libavutil/crc.h loc=L1 community=41]
NODE av_x_if_null() [src=3rdparty/ffmpeg/include/libavutil/avutil.h loc=L311 community=43]
NODE build_with_main_project.ps1 [src=LMstudiotest/build_with_main_project.ps1 loc=L1 community=136]
NODE timecode.h [src=3rdparty/ffmpeg/include/libavutil/timecode.h loc=L1 community=26]
NODE sha.h [src=3rdparty/ffmpeg/include/libavutil/sha.h loc=L1 community=41]
NODE Write-Log() [src=LMstudiotest/build_with_main_project.ps1 loc=L6 community=136]
NODE ripemd.h [src=3rdparty/ffmpeg/include/libavutil/ripemd.h loc=L1 community=41]
NODE sha512.h [src=3rdparty/ffmpeg/include/libavutil/sha512.h loc=L1 community=41]
NODE file.h [src=3rdparty/ffmpeg/include/libavutil/file.h loc=L1 community=41]
NODE parseutils.h [src=3rdparty/ffmpeg/include/libavutil/parseutils.h loc=L1 community=26]
NODE md5.h [src=3rdparty/ffmpeg/include/libavutil/md5.h loc=L1 community=41]
NODE aes.h [src=3rdparty/ffmpeg/include/libavutil/aes.h loc=L1 community=41]
EDGE mathematics.h --imports [EXTRACTED context=import]--> attributes.h
EDGE mathematics.h --imports [EXTRACTED context=import]--> avutil.h
EDGE mathematics.h --imports [EXTRACTED context=import]--> intfloat.h
EDGE mathematics.h --imports [EXTRACTED context=import]--> rational.h
EDGE build_with_main_project.ps1 --contains [EXTRACTED]--> Write-Log()
EDGE Build-Architecture() --contains [EXTRACTED]--> build_single_exe.ps1
EDGE Build-Architecture() --calls [EXTRACTED]--> Write-Header()
EDGE Build-Architecture() --calls [EXTRACTED]--> Write-Step()
EDGE Build-Architecture() --calls [EXTRACTED]--> Write-Success()
... (truncated — 0 more nodes cut by ~2000-token budget. Narrow with context_filter=['call'] or use get_node for a specific symbol)
