

    Directory: D:\Dev\antigravity\build\CMakeFiles\appSamsungGallery.dir\src


Mode                 LastWriteTime         Length Name                                                                 
----                 -------------         ------ ----                                                                 
-a----         3/24/2026   1:03 AM         105988 AlbumModel.cpp.obj                                                   


    Directory: D:\Dev\antigravity\build\test_scrollbench\CMakeFiles\appScrollBench.dir\__\src


Mode                 LastWriteTime         Length Name                                                                 
----                 -------------         ------ ----                                                                 
-a----         3/24/2026   1:04 AM         105988 AlbumModel.cpp.obj                                                   


    Directory: D:\Dev\antigravity\build\test_scrollbench\CMakeFiles\QGalleryX-Bench.dir\__\src_QGalleryX_Core


Mode                 LastWriteTime         Length Name                                                                 
----                 -------------         ------ ----                                                                 
-a----         3/24/2026  12:01 AM         105988 AlbumModel.cpp.obj                                                   


    Directory: D:\Dev\antigravity\src


Mode                 LastWriteTime         Length Name                                                                 
----                 -------------         ------ ----                                                                 
-a----         6/21/2026   3:12 PM          10357 AlbumModel.cpp                                                       
-a----         6/21/2026   3:12 PM           1467 AlbumModel.h                                                         


    Directory: D:\Dev\antigravity\test_scrollbench\build\CMakeFiles\appScrollBench.dir\D_\Dev\antigravity\src


Mode                 LastWriteTime         Length Name                                                                 
----                 -------------         ------ ----                                                                 
-a----         6/21/2026   4:12 PM         119566 AlbumModel.cpp.obj                                                   


