
  #endif
  
    return path + query;
  }
  
> static QString getRealLocalPath(const QString &normalizedId) {
    QString p = normalizedId;
    int qIdx = p.indexOf('?');
    if (qIdx != -1)
      p = p.left(qIdx);
  
    // If it still has a protocol, it's not a local file
    if (p.contains("://"))
      return QString();
    return p;
  }
      QDir().mkpath(cacheDir);
      dirCreated = true;
    }
  
    QString nId = normalizeId(id);
>   QString localP = getRealLocalPath(nId);
    QFileInfo fi(localP);
  
    // Hash includes LastModified to invalidate cache when file changes!
    QString key =
        nId + "_" + QString::number(fi.lastModified().toMSecsSinceEpoch()) + "_" +
        QString::number(size.width()) + "x" + QString::number(size.height());
  
    QString hash =
        QCryptographicHash::hash(key.toUtf8(), QCryptographicHash::Md5).toHex();
    return cacheDir + "/" + hash + "_" + QString::number(size.width()) +
    // Submit Visible - Now filtered by Admission Control
    for (const auto &req : visibleHighPriority) {
      auto guard = incrementActive(req.id);
      TaskScheduler::TaskType targetPool = (getTaskWeight(req.id) >= 4) ? TaskScheduler::CPU_BOUND : 
TaskScheduler::IO_BOUND;
      
>     QString ext = QFileInfo(getRealLocalPath(req.id)).suffix().toLower();
      bool isVideo = (ext == "mp4" || ext == "mov" || ext == "mkv" || ext == "avi" || ext == "wmv");
      TaskScheduler::TaskCategory cat = isVideo ? TaskScheduler::VideoTask : TaskScheduler::ImageTask;
  
      TaskScheduler::instance().addTask(
          [req, guard]() {
            guard->executed.store(true);
            AsyncImageProvider::processImageTask(req.id, req.requestedSize,
                                                 req.cancelled, req.tracker);
          },
          targetPool, TaskScheduler::Immediate, cat);
    // Submit Offscreen
    for (const auto &req : offscreen) {
      auto guard = incrementActive(req.id);
      TaskScheduler::TaskType targetPool = (getTaskWeight(req.id) >= 4) ? TaskScheduler::CPU_BOUND : 
TaskScheduler::IO_BOUND;
  
>     QString ext = QFileInfo(getRealLocalPath(req.id)).suffix().toLower();
      bool isVideo = (ext == "mp4" || ext == "mov" || ext == "mkv" || ext == "avi" || ext == "wmv");
      TaskScheduler::TaskCategory cat = isVideo ? TaskScheduler::VideoTask : TaskScheduler::ImageTask;
  
      TaskScheduler::instance().addTask(
          [req, guard]() {
            guard->executed.store(true);
            AsyncImageProvider::processImageTask(req.id, req.requestedSize,
                                                 req.cancelled, req.tracker);
          },
          targetPool, TaskScheduler::Normal, cat);
  #ifdef Q_OS_WIN
    CoInitialize(NULL);
  #endif
  
    QString path;
>   path = getRealLocalPath(id);
    if (path.isEmpty())
      path = id; // Fallback for synthetic/remote
  
    QImage image;
  
    if (id.startsWith("synthetic:")) {
      int index = 0;
      QRegularExpression re("test_image_([0-9]+)");
      auto match = re.match(id);
      if (match.hasMatch())
    }
  
  deliver:
    // Handle failed loads gracefully with placeholders instead of harsh red boxes
    if (image.isNull() && !shouldAbort()) {
>     QString realPath = getRealLocalPath(id);
      bool exists = QFile::exists(realPath);
      QString readerError;
      if (exists) {
        QImageReader reader(realPath);
        reader.canRead();
        readerError = reader.errorString();
      }
  
      if (s_logLevel > 0) {
        qWarning() << "[AsyncImageProvider] FAILED load. ID:" << id


