    return item.isLoaded;
  case ColorRole:
    return item.color;
  case IsSelectedRole:
    return item.isSelected;
  case IsBurstRole:
    return item.isBurst;
  case SectionDayRole: {
    return item.sectionDay;
  }
  case SectionMonthRole: {
    return item.date.date().toString("MMMM yyyy");
  }
  case SectionYearRole: {
    return item.date.date().toString("yyyy");
  }
  case SectionWeekRole: {
    int year = item.date.date().year();
    int week = item.date.date().weekNumber();
    return QString("%1 - Week %2").arg(year).arg(week);
  }
  case IsRawRole: {
    return item.isRaw;
  }
  case IsVideoRole: {
    return item.isVideo;
  }
  default:
    return QVariant();
  }
}
