
    }
  }
  
> QHash<int, QByteArray> ScrollBenchImageModel::roleNames() const {
    QHash<int, QByteArray> roles;
    roles[FilePathRole] = "filePath";
    roles[FileNameRole] = "fileName";
    roles[ImageIndexRole] = "imageIndex";
    roles[IsLoadedRole] = "isLoaded";
    roles[ColorRole] = "testColor";
    roles[IsSelectedRole] = "isSelected";
    roles[IsBurstRole] = "isBurst";
    roles[VersionRole] = "version";
    roles[SectionDayRole] = "sectionDay";
    roles[SectionMonthRole] = "sectionMonth";
    roles[SectionYearRole] = "sectionYear";
    roles[SectionWeekRole] = "sectionWeek";
    roles[IsRawRole] = "isRaw";
    roles[IsVideoRole] = "isVideo";
    return roles;
  }
  
  void ScrollBenchImageModel::setVisibleStartIndex(int index) {
    if (m_visibleStartIndex != index) {


