
    }
  }
  
> void ScrollBenchImageModel::generateTestData(int count) {
    beginResetModel();
    m_items.clear();
    m_items.reserve(count);
  
    QStringList colors = {"#FF6B6B", "#4ECDC4", "#45B7D1", "#FFA07A", "#98D8C8",
                          "#F7DC6F", "#BB8FCE", "#85C1E2", "#F8B739", "#52B788"};
  
    QDateTime now = QDateTime::currentDateTime();
    for (int i = 0; i < count; ++i) {
      ImageItem item;
      item.fileName = QString("test_image_%1.jpg").arg(i, 5, 10, QChar('0'));
      item.path = QString("synthetic://test/%1").arg(item.fileName);
      item.color = colors[i % colors.size()];
      item.isLoaded = false;
  
      // Simulate bursts: only the first 5 items
      if (i < 5) {
        item.date = now.addMSecs(i * 100);
        item.isBurst = true;
      } else {
        item.date = now.addDays(-i / 5);
        item.isBurst = false;
      }
      m_items.append(item);
    }


