
    m_items.clear();
    m_items.reserve(count);
  
    QStringList colors = {"#FF6B6B", "#4ECDC4", "#45B7D1", "#FFA07A", "#98D8C8",
                          "#F7DC6F", "#BB8FCE", "#85C1E2", "#F8B739", "#52B788"};
  
    QDateTime now = QDateTime::currentDateTime();
    for (int i = 0; i < count; ++i) {
      ImageItem item;
      item.fileName = QString("test_image_%1.jpg").arg(i, 5, 10, QChar('0'));
>     item.path = QString("synthetic://test/%1").arg(item.fileName);
      item.color = colors[i % colors.size()];
      item.isLoaded = false;
  
      // Simulate bursts: only the first 5 items
      if (i < 5) {
        item.date = now.addMSecs(i * 100);
        item.isBurst = true;
      } else {
        item.date = now.addDays(-i / 5);
        item.isBurst = false;
  
          for (const QString &f : allFiles) {
            if (myGen != m_scanGeneration.load())
              return;
  
            QString normalizedF = QDir::fromNativeSeparators(f);
            if (normalizedF.startsWith(searchPrefix, Qt::CaseInsensitive)) {
              QString ext = QFileInfo(f).suffix().toLower();
              if (extensions.contains(ext)) {
                ImageItem item;
>               item.path = QUrl::fromLocalFile(f).toString();
                item.fileName = QFileInfo(f).fileName();
                item.color = "#444444";
                item.isLoaded = false;
  
                // Basic type detection for Fast Scan (extension only for speed?)
                // VerifyFileType might be too slow for MFT loop if we want
                // blazing start? But user demanded verification. Let's use
                // verifyFileType but with fallback.
                bool isImg = false, isVid = false, isRaw = false;
                FileTypeRouter::verifyFileType(item.path, isImg, isVid, isRaw);
  
        while (it.hasNext()) {
          if (myGen != m_scanGeneration.load())
            return;
  
          it.next();                          // Advance iterator
          QFileInfo fileInfo = it.fileInfo(); // Use cached info
  
          ImageItem item;
          item.fileName = fileInfo.fileName();
>         item.path = QUrl::fromLocalFile(fileInfo.absoluteFilePath()).toString();
          item.color = "#444444";
          item.isLoaded = false;
  
          bool isImg = false, isVid = false, isRaw = false;
          FileTypeRouter::verifyFileType(item.path, isImg, isVid, isRaw);
  
          // Fallback: If verification failed/indeterminate, trust extension
          if (!isImg && !isVid && !isRaw) {
            QString ext = fileInfo.suffix().toLower();
            isVid = FileTypeRouter::isVideo(ext);


