[1/46] Copying appScrollBench qml sources into build dir
[2/46] Running qmlimportscanner for appScrollBench
[3/46] Automatic MOC and UIC for target appScrollBench
[4/46] Running AUTOMOC file extraction for target appScrollBench
[5/46] Running rcc for resource appScrollBench_raw_qml_0
[6/46] Running moc --collect-json for target appScrollBench
[7/46] Automatic QML type registration for target appScrollBench
[8/46] Generating .rcc/qmlcache/appScrollBench_qml/UsageGraph_qml.cpp, .rcc/qmlcache/appScrollBench_qml/UsageGraph_qml.cpp.aotstats
[9/46] Generating .rcc/qmlcache/appScrollBench_qml/GalleryViewScrollBench_qml.cpp, .rcc/qmlcache/appScrollBench_qml/GalleryViewScrollBench_qml.cpp.aotstats
[10/46] Generating .rcc/qmlcache/appScrollBench_qml/AlbumsViewScrollBench_qml.cpp, .rcc/qmlcache/appScrollBench_qml/AlbumsViewScrollBench_qml.cpp.aotstats
[11/46] Generating .rcc/qmlcache/appScrollBench_qml/DateScrubber_qml.cpp, .rcc/qmlcache/appScrollBench_qml/DateScrubber_qml.cpp.aotstats
[12/46] Generating .rcc/qmlcache/appScrollBench_qml/PhotoViewerScrollBench_qml.cpp, .rcc/qmlcache/appScrollBench_qml/PhotoViewerScrollBench_qml.cpp.aotstats
[13/46] Generating .rcc/qmlcache/appScrollBench_qml/PerformanceOverlay_qml.cpp, .rcc/qmlcache/appScrollBench_qml/PerformanceOverlay_qml.cpp.aotstats
[14/46] Generating .rcc/qmlcache/appScrollBench_qml/GalleryViewSemanticScrollBench_qml.cpp, .rcc/qmlcache/appScrollBench_qml/GalleryViewSemanticScrollBench_qml.cpp.aotstats
[15/46] Generating .rcc/qmlcache/appScrollBench_qml/MainScrollBench_qml.cpp, .rcc/qmlcache/appScrollBench_qml/MainScrollBench_qml.cpp.aotstats
[16/46] Generating .rcc/qmlcache/appScrollBench_qml/BenchmarkRunner_qml.cpp, .rcc/qmlcache/appScrollBench_qml/BenchmarkRunner_qml.cpp.aotstats
[17/46] Generating .rcc/qmlcache/appScrollBench_qml/SelectionActionBar_qml.cpp, .rcc/qmlcache/appScrollBench_qml/SelectionActionBar_qml.cpp.aotstats
[18/46] Generating .rcc/qmlcache/appScrollBench_qml/ShareDialog_qml.cpp, .rcc/qmlcache/appScrollBench_qml/ShareDialog_qml.cpp.aotstats
[19/46] Generating .rcc/qmlcache/appScrollBench_qml/ResizeEditor_qml.cpp, .rcc/qmlcache/appScrollBench_qml/ResizeEditor_qml.cpp.aotstats
[20/46] Generating .rcc/qmlcache/appScrollBench_qml/VideoFeedbackOverlay_qml.cpp, .rcc/qmlcache/appScrollBench_qml/VideoFeedbackOverlay_qml.cpp.aotstats
[21/46] Generating .rcc/qmlcache/appScrollBench_qml/DiagnosticsOverlay_qml.cpp, .rcc/qmlcache/appScrollBench_qml/DiagnosticsOverlay_qml.cpp.aotstats
[22/46] Generating .rcc/qmlcache/appScrollBench_qml/DiagnosticRow_qml.cpp, .rcc/qmlcache/appScrollBench_qml/DiagnosticRow_qml.cpp.aotstats
[23/46] Generating .rcc/qmlcache/appScrollBench_qml/DebugTuner_qml.cpp, .rcc/qmlcache/appScrollBench_qml/DebugTuner_qml.cpp.aotstats
[24/46] Building CXX object CMakeFiles/appScrollBench.dir/appscrollbench_qmltyperegistrations.cpp.obj
[25/46] Building CXX object CMakeFiles/appScrollBench.dir/src/DiagnosticsMonitor.cpp.obj
FAILED: CMakeFiles/appScrollBench.dir/src/DiagnosticsMonitor.cpp.obj 
D:\Qt\Tools\mingw1310_64\bin\c++.exe -DLIBRAW_NODLL -DMINGW_HAS_SECURE_API=1 -DQT_CONCURRENT_LIB -DQT_CORE_LIB -DQT_GUI_LIB -DQT_MULTIMEDIA_LIB -DQT_NETWORK_LIB -DQT_NO_DEBUG -DQT_OPENGL_LIB -DQT_QMLINTEGRATION_LIB -DQT_QMLMETA_LIB -DQT_QMLMODELS_LIB -DQT_QMLWORKERSCRIPT_LIB -DQT_QML_LIB -DQT_QUICKCONTROLS2_LIB -DQT_QUICK_LIB -DQT_WIDGETS_LIB -DUNICODE -DWIN32 -DWIN64 -D_ENABLE_EXTENDED_ALIGNED_STORAGE -D_UNICODE -D_WIN64 -ID:/Dev/antigravity/test_scrollbench/build/appScrollBench_autogen/include -ID:/Dev/antigravity/test_scrollbench -ID:/Dev/antigravity/test_scrollbench/../src -ID:/Dev/antigravity/test_scrollbench/../3rdparty/LibRaw -ID:/Dev/antigravity/test_scrollbench/../3rdparty/ffmpeg/include -ID:/Dev/antigravity/3rdparty/LibRaw -ID:/Dev/antigravity/3rdparty/LibRaw/libraw -isystem D:/Qt/6.9.3/mingw_64/include/QtQml/6.9.3 -isystem D:/Qt/6.9.3/mingw_64/include/QtQml/6.9.3/QtQml -isystem D:/Qt/6.9.3/mingw_64/include/QtCore/6.9.3 -isystem D:/Qt/6.9.3/mingw_64/include/QtCore/6.9.3/QtCore -isystem D:/Qt/6.9.3/mingw_64/include/QtCore -isystem D:/Qt/6.9.3/mingw_64/include -isystem D:/Qt/6.9.3/mingw_64/mkspecs/win32-g++ -isystem D:/Qt/6.9.3/mingw_64/include/QtQml -isystem D:/Qt/6.9.3/mingw_64/include/QtQmlIntegration -isystem D:/Qt/6.9.3/mingw_64/include/QtNetwork -isystem D:/Qt/6.9.3/mingw_64/include/QtQuick -isystem D:/Qt/6.9.3/mingw_64/include/QtGui -isystem C:/VulkanSDK/1.3.268.0/Include -isystem D:/Qt/6.9.3/mingw_64/include/QtQmlMeta -isystem D:/Qt/6.9.3/mingw_64/include/QtQmlModels -isystem D:/Qt/6.9.3/mingw_64/include/QtQmlWorkerScript -isystem D:/Qt/6.9.3/mingw_64/include/QtOpenGL -isystem D:/Qt/6.9.3/mingw_64/include/QtConcurrent -isystem D:/Qt/6.9.3/mingw_64/include/QtMultimedia -isystem D:/Qt/6.9.3/mingw_64/include/QtQuickControls2 -isystem D:/Qt/6.9.3/mingw_64/include/QtWidgets -O3 -DNDEBUG -MD -MT CMakeFiles/appScrollBench.dir/src/DiagnosticsMonitor.cpp.obj -MF CMakeFiles\appScrollBench.dir\src\DiagnosticsMonitor.cpp.obj.d -o CMakeFiles/appScrollBench.dir/src/DiagnosticsMonitor.cpp.obj -c D:/Dev/antigravity/test_scrollbench/src/DiagnosticsMonitor.cpp
In file included from D:/Dev/antigravity/test_scrollbench/src/DiagnosticsMonitor.cpp:5:
D:/Dev/antigravity/test_scrollbench/src/ScrollBenchImageModel.h:115:20: error: 'void ScrollBenchImageModel::rotateSelected(int)' cannot be overloaded with 'void ScrollBenchImageModel::rotateSelected(int)'
  115 |   Q_INVOKABLE void rotateSelected(int degrees);
      |                    ^~~~~~~~~~~~~~
D:/Dev/antigravity/test_scrollbench/src/ScrollBenchImageModel.h:96:20: note: previous declaration 'void ScrollBenchImageModel::rotateSelected(int)'
   96 |   Q_INVOKABLE void rotateSelected(int degrees);
      |                    ^~~~~~~~~~~~~~
[26/46] Building CXX object CMakeFiles/appScrollBench.dir/build/.rcc/qmlcache/appScrollBench_qml/GalleryViewSemanticScrollBench_qml.cpp.obj
[27/46] Building CXX object CMakeFiles/appScrollBench.dir/build/.rcc/qmlcache/appScrollBench_qml/GalleryViewScrollBench_qml.cpp.obj
[28/46] Building CXX object CMakeFiles/appScrollBench.dir/src/ScrollBenchImageModel.cpp.obj
FAILED: CMakeFiles/appScrollBench.dir/src/ScrollBenchImageModel.cpp.obj 
D:\Qt\Tools\mingw1310_64\bin\c++.exe -DLIBRAW_NODLL -DMINGW_HAS_SECURE_API=1 -DQT_CONCURRENT_LIB -DQT_CORE_LIB -DQT_GUI_LIB -DQT_MULTIMEDIA_LIB -DQT_NETWORK_LIB -DQT_NO_DEBUG -DQT_OPENGL_LIB -DQT_QMLINTEGRATION_LIB -DQT_QMLMETA_LIB -DQT_QMLMODELS_LIB -DQT_QMLWORKERSCRIPT_LIB -DQT_QML_LIB -DQT_QUICKCONTROLS2_LIB -DQT_QUICK_LIB -DQT_WIDGETS_LIB -DUNICODE -DWIN32 -DWIN64 -D_ENABLE_EXTENDED_ALIGNED_STORAGE -D_UNICODE -D_WIN64 -ID:/Dev/antigravity/test_scrollbench/build/appScrollBench_autogen/include -ID:/Dev/antigravity/test_scrollbench -ID:/Dev/antigravity/test_scrollbench/../src -ID:/Dev/antigravity/test_scrollbench/../3rdparty/LibRaw -ID:/Dev/antigravity/test_scrollbench/../3rdparty/ffmpeg/include -ID:/Dev/antigravity/3rdparty/LibRaw -ID:/Dev/antigravity/3rdparty/LibRaw/libraw -isystem D:/Qt/6.9.3/mingw_64/include/QtQml/6.9.3 -isystem D:/Qt/6.9.3/mingw_64/include/QtQml/6.9.3/QtQml -isystem D:/Qt/6.9.3/mingw_64/include/QtCore/6.9.3 -isystem D:/Qt/6.9.3/mingw_64/include/QtCore/6.9.3/QtCore -isystem D:/Qt/6.9.3/mingw_64/include/QtCore -isystem D:/Qt/6.9.3/mingw_64/include -isystem D:/Qt/6.9.3/mingw_64/mkspecs/win32-g++ -isystem D:/Qt/6.9.3/mingw_64/include/QtQml -isystem D:/Qt/6.9.3/mingw_64/include/QtQmlIntegration -isystem D:/Qt/6.9.3/mingw_64/include/QtNetwork -isystem D:/Qt/6.9.3/mingw_64/include/QtQuick -isystem D:/Qt/6.9.3/mingw_64/include/QtGui -isystem C:/VulkanSDK/1.3.268.0/Include -isystem D:/Qt/6.9.3/mingw_64/include/QtQmlMeta -isystem D:/Qt/6.9.3/mingw_64/include/QtQmlModels -isystem D:/Qt/6.9.3/mingw_64/include/QtQmlWorkerScript -isystem D:/Qt/6.9.3/mingw_64/include/QtOpenGL -isystem D:/Qt/6.9.3/mingw_64/include/QtConcurrent -isystem D:/Qt/6.9.3/mingw_64/include/QtMultimedia -isystem D:/Qt/6.9.3/mingw_64/include/QtQuickControls2 -isystem D:/Qt/6.9.3/mingw_64/include/QtWidgets -O3 -DNDEBUG -MD -MT CMakeFiles/appScrollBench.dir/src/ScrollBenchImageModel.cpp.obj -MF CMakeFiles\appScrollBench.dir\src\ScrollBenchImageModel.cpp.obj.d -o CMakeFiles/appScrollBench.dir/src/ScrollBenchImageModel.cpp.obj -c D:/Dev/antigravity/test_scrollbench/src/ScrollBenchImageModel.cpp
In file included from D:/Dev/antigravity/3rdparty/LibRaw/libraw/libraw_datastream.h:38,
                 from D:/Dev/antigravity/3rdparty/LibRaw/libraw/libraw.h:77,
                 from D:/Dev/antigravity/test_scrollbench/src/ScrollBenchImageModel.cpp:19:
D:/Qt/Tools/mingw1310_64/x86_64-w64-mingw32/include/winsock2.h:15:2: warning: #warning Please include winsock2.h before windows.h [-Wcpp]
   15 | #warning Please include winsock2.h before windows.h
      |  ^~~~~~~
In file included from D:/Dev/antigravity/test_scrollbench/src/ScrollBenchImageModel.cpp:1:
D:/Dev/antigravity/test_scrollbench/src/ScrollBenchImageModel.h:115:20: error: 'void ScrollBenchImageModel::rotateSelected(int)' cannot be overloaded with 'void ScrollBenchImageModel::rotateSelected(int)'
  115 |   Q_INVOKABLE void rotateSelected(int degrees);
      |                    ^~~~~~~~~~~~~~
D:/Dev/antigravity/test_scrollbench/src/ScrollBenchImageModel.h:96:20: note: previous declaration 'void ScrollBenchImageModel::rotateSelected(int)'
   96 |   Q_INVOKABLE void rotateSelected(int degrees);
      |                    ^~~~~~~~~~~~~~
[29/46] Building CXX object CMakeFiles/appScrollBench.dir/src/main_scrollbench.cpp.obj
FAILED: CMakeFiles/appScrollBench.dir/src/main_scrollbench.cpp.obj 
D:\Qt\Tools\mingw1310_64\bin\c++.exe -DLIBRAW_NODLL -DMINGW_HAS_SECURE_API=1 -DQT_CONCURRENT_LIB -DQT_CORE_LIB -DQT_GUI_LIB -DQT_MULTIMEDIA_LIB -DQT_NETWORK_LIB -DQT_NO_DEBUG -DQT_OPENGL_LIB -DQT_QMLINTEGRATION_LIB -DQT_QMLMETA_LIB -DQT_QMLMODELS_LIB -DQT_QMLWORKERSCRIPT_LIB -DQT_QML_LIB -DQT_QUICKCONTROLS2_LIB -DQT_QUICK_LIB -DQT_WIDGETS_LIB -DUNICODE -DWIN32 -DWIN64 -D_ENABLE_EXTENDED_ALIGNED_STORAGE -D_UNICODE -D_WIN64 -ID:/Dev/antigravity/test_scrollbench/build/appScrollBench_autogen/include -ID:/Dev/antigravity/test_scrollbench -ID:/Dev/antigravity/test_scrollbench/../src -ID:/Dev/antigravity/test_scrollbench/../3rdparty/LibRaw -ID:/Dev/antigravity/test_scrollbench/../3rdparty/ffmpeg/include -ID:/Dev/antigravity/3rdparty/LibRaw -ID:/Dev/antigravity/3rdparty/LibRaw/libraw -isystem D:/Qt/6.9.3/mingw_64/include/QtQml/6.9.3 -isystem D:/Qt/6.9.3/mingw_64/include/QtQml/6.9.3/QtQml -isystem D:/Qt/6.9.3/mingw_64/include/QtCore/6.9.3 -isystem D:/Qt/6.9.3/mingw_64/include/QtCore/6.9.3/QtCore -isystem D:/Qt/6.9.3/mingw_64/include/QtCore -isystem D:/Qt/6.9.3/mingw_64/include -isystem D:/Qt/6.9.3/mingw_64/mkspecs/win32-g++ -isystem D:/Qt/6.9.3/mingw_64/include/QtQml -isystem D:/Qt/6.9.3/mingw_64/include/QtQmlIntegration -isystem D:/Qt/6.9.3/mingw_64/include/QtNetwork -isystem D:/Qt/6.9.3/mingw_64/include/QtQuick -isystem D:/Qt/6.9.3/mingw_64/include/QtGui -isystem C:/VulkanSDK/1.3.268.0/Include -isystem D:/Qt/6.9.3/mingw_64/include/QtQmlMeta -isystem D:/Qt/6.9.3/mingw_64/include/QtQmlModels -isystem D:/Qt/6.9.3/mingw_64/include/QtQmlWorkerScript -isystem D:/Qt/6.9.3/mingw_64/include/QtOpenGL -isystem D:/Qt/6.9.3/mingw_64/include/QtConcurrent -isystem D:/Qt/6.9.3/mingw_64/include/QtMultimedia -isystem D:/Qt/6.9.3/mingw_64/include/QtQuickControls2 -isystem D:/Qt/6.9.3/mingw_64/include/QtWidgets -O3 -DNDEBUG -MD -MT CMakeFiles/appScrollBench.dir/src/main_scrollbench.cpp.obj -MF CMakeFiles\appScrollBench.dir\src\main_scrollbench.cpp.obj.d -o CMakeFiles/appScrollBench.dir/src/main_scrollbench.cpp.obj -c D:/Dev/antigravity/test_scrollbench/src/main_scrollbench.cpp
In file included from D:/Dev/antigravity/test_scrollbench/src/main_scrollbench.cpp:9:
D:/Dev/antigravity/test_scrollbench/src/ScrollBenchImageModel.h:115:20: error: 'void ScrollBenchImageModel::rotateSelected(int)' cannot be overloaded with 'void ScrollBenchImageModel::rotateSelected(int)'
  115 |   Q_INVOKABLE void rotateSelected(int degrees);
      |                    ^~~~~~~~~~~~~~
D:/Dev/antigravity/test_scrollbench/src/ScrollBenchImageModel.h:96:20: note: previous declaration 'void ScrollBenchImageModel::rotateSelected(int)'
   96 |   Q_INVOKABLE void rotateSelected(int degrees);
      |                    ^~~~~~~~~~~~~~
[30/46] Building CXX object CMakeFiles/appScrollBench.dir/build/.rcc/qmlcache/appScrollBench_qml/MainScrollBench_qml.cpp.obj
[31/46] Building CXX object CMakeFiles/appScrollBench.dir/appScrollBench_autogen/mocs_compilation.cpp.obj
FAILED: CMakeFiles/appScrollBench.dir/appScrollBench_autogen/mocs_compilation.cpp.obj 
D:\Qt\Tools\mingw1310_64\bin\c++.exe -DLIBRAW_NODLL -DMINGW_HAS_SECURE_API=1 -DQT_CONCURRENT_LIB -DQT_CORE_LIB -DQT_GUI_LIB -DQT_MULTIMEDIA_LIB -DQT_NETWORK_LIB -DQT_NO_DEBUG -DQT_OPENGL_LIB -DQT_QMLINTEGRATION_LIB -DQT_QMLMETA_LIB -DQT_QMLMODELS_LIB -DQT_QMLWORKERSCRIPT_LIB -DQT_QML_LIB -DQT_QUICKCONTROLS2_LIB -DQT_QUICK_LIB -DQT_WIDGETS_LIB -DUNICODE -DWIN32 -DWIN64 -D_ENABLE_EXTENDED_ALIGNED_STORAGE -D_UNICODE -D_WIN64 -ID:/Dev/antigravity/test_scrollbench/build/appScrollBench_autogen/include -ID:/Dev/antigravity/test_scrollbench -ID:/Dev/antigravity/test_scrollbench/../src -ID:/Dev/antigravity/test_scrollbench/../3rdparty/LibRaw -ID:/Dev/antigravity/test_scrollbench/../3rdparty/ffmpeg/include -ID:/Dev/antigravity/3rdparty/LibRaw -ID:/Dev/antigravity/3rdparty/LibRaw/libraw -isystem D:/Qt/6.9.3/mingw_64/include/QtQml/6.9.3 -isystem D:/Qt/6.9.3/mingw_64/include/QtQml/6.9.3/QtQml -isystem D:/Qt/6.9.3/mingw_64/include/QtCore/6.9.3 -isystem D:/Qt/6.9.3/mingw_64/include/QtCore/6.9.3/QtCore -isystem D:/Qt/6.9.3/mingw_64/include/QtCore -isystem D:/Qt/6.9.3/mingw_64/include -isystem D:/Qt/6.9.3/mingw_64/mkspecs/win32-g++ -isystem D:/Qt/6.9.3/mingw_64/include/QtQml -isystem D:/Qt/6.9.3/mingw_64/include/QtQmlIntegration -isystem D:/Qt/6.9.3/mingw_64/include/QtNetwork -isystem D:/Qt/6.9.3/mingw_64/include/QtQuick -isystem D:/Qt/6.9.3/mingw_64/include/QtGui -isystem C:/VulkanSDK/1.3.268.0/Include -isystem D:/Qt/6.9.3/mingw_64/include/QtQmlMeta -isystem D:/Qt/6.9.3/mingw_64/include/QtQmlModels -isystem D:/Qt/6.9.3/mingw_64/include/QtQmlWorkerScript -isystem D:/Qt/6.9.3/mingw_64/include/QtOpenGL -isystem D:/Qt/6.9.3/mingw_64/include/QtConcurrent -isystem D:/Qt/6.9.3/mingw_64/include/QtMultimedia -isystem D:/Qt/6.9.3/mingw_64/include/QtQuickControls2 -isystem D:/Qt/6.9.3/mingw_64/include/QtWidgets -O3 -DNDEBUG -MD -MT CMakeFiles/appScrollBench.dir/appScrollBench_autogen/mocs_compilation.cpp.obj -MF CMakeFiles\appScrollBench.dir\appScrollBench_autogen\mocs_compilation.cpp.obj.d -o CMakeFiles/appScrollBench.dir/appScrollBench_autogen/mocs_compilation.cpp.obj -c D:/Dev/antigravity/test_scrollbench/build/appScrollBench_autogen/mocs_compilation.cpp
In file included from D:/Dev/antigravity/test_scrollbench/build/appScrollBench_autogen/UVLADIE3JM/moc_ScrollBenchImageModel.cpp:9,
                 from D:/Dev/antigravity/test_scrollbench/build/appScrollBench_autogen/mocs_compilation.cpp:16:
D:/Dev/antigravity/test_scrollbench/src/ScrollBenchImageModel.h:115:20: error: 'void ScrollBenchImageModel::rotateSelected(int)' cannot be overloaded with 'void ScrollBenchImageModel::rotateSelected(int)'
  115 |   Q_INVOKABLE void rotateSelected(int degrees);
      |                    ^~~~~~~~~~~~~~
D:/Dev/antigravity/test_scrollbench/src/ScrollBenchImageModel.h:96:20: note: previous declaration 'void ScrollBenchImageModel::rotateSelected(int)'
   96 |   Q_INVOKABLE void rotateSelected(int degrees);
      |                    ^~~~~~~~~~~~~~
[32/46] Building CXX object CMakeFiles/appScrollBench.dir/build/.rcc/qmlcache/appScrollBench_qml/PhotoViewerScrollBench_qml.cpp.obj
ninja: build stopped: subcommand failed.
