
      int w = requestedSize.width() > 0 ? requestedSize.width() : 400;
      int h = requestedSize.height() > 0 ? requestedSize.height() : 400;
      image = QImage(w, h, QImage::Format_RGB32);
>     image.fill(QColor::fromHsv((index * 137) % 360, 150, 200));
      QPainter p(&image);
      p.setPen(Qt::white);
      p.setFont(QFont("Arial", 20, QFont::Bold));
        image = QImage(imgSize, QImage::Format_ARGB32_Premultiplied);
        
        QLinearGradient gradient(0, 0, 0, imgSize.height());
>       gradient.setColorAt(0, QColor(108, 92, 231)); // Purple
>       gradient.setColorAt(1, QColor(72, 52, 212));  // Dark Purple
        
        QPainter painter(&image);
        painter.setRenderHint(QPainter::Antialiasing);
        painter.fillRect(image.rect(), gradient);
  
>       painter.setPen(QPen(QColor(255, 255, 255, 40), 1));
        painter.drawRect(image.rect().adjusted(0, 0, -1, -1));
  
        // Draw "HEIC" text in the center
      } else {
        // Draw premium dark grey placeholder with orange warning icon for corrupt/failed files
        image = QImage(imgSize, QImage::Format_ARGB32_Premultiplied);
>       image.fill(QColor(44, 44, 44));
  
        QPainter painter(&image);
        painter.setRenderHint(QPainter::Antialiasing);
  
>       painter.setPen(QPen(QColor(60, 60, 60), 1));
        painter.drawRect(image.rect().adjusted(0, 0, -1, -1));
  
        int size = qMin(imgSize.width(), imgSize.height()) * 0.4;
                   << QPointF(cx - size / 2, cy + size / 2)
                   << QPointF(cx + size / 2, cy + size / 2);
  
>         painter.setBrush(QColor(230, 126, 34, 40)); // Soft orange fill
>         painter.setPen(QPen(QColor(230, 126, 34), qMax(2, size / 10), Qt::SolidLine, Qt::RoundCap, Qt::RoundJoin));
          painter.drawPolygon(triangle);
  
          // Draw exclamation mark
          painter.setPen(Qt::NoPen);
>         painter.setBrush(QColor(230, 126, 34));
          
          qreal execWidth = qMax(2.0, size * 0.08);
          qreal execHeight = size * 0.35;


