[ "10:39:18.569" ][HWAccel] Requested mode: SettingsHelper::None
[ "10:39:18.569" ][HWAccel] CPU decoding selected (no acceleration).
[ "10:39:18.569" ][HWAccel] CPU Features: "SSE, SSE2, SSE3"
[Diagnostics] Monitor started - running checks every 1000ms
SystemMonitor: Starting monitoring with interval 1000 ms
[ "10:39:18.993" ][SystemMonitor] Stats Update: CPU App: 0 % | Sys: 0 % | RAM App: 28.0156 MB | Sys Avail: 30453 MB / 65466.5 MB
[Diagnostics] Attached to ScrollBenchImageModel
[Diagnostics] Attached to SettingsHelper
[TaskScheduler] Started 2 CPU threads and 4 IO threads.
qrc:/ScrollBench/qml/SelectionActionBar.qml:17:5: Unable to assign [undefined] to int
[ "10:39:19.989" ][SystemMonitor] Stats Update: CPU App: 10.6771 % | Sys: 52.3438 % | RAM App: 101.633 MB | Sys Avail: 30398.6 MB / 65466.5 MB
[SystemMonitor] Resource Update: RAM: 101.633 MB (Delta: 101.633 ) | VRAM: 27.4102 MB (Delta: 27.4102 )
[Diagnostics] WARNING: "Buffered range only 0 items - might be the '19 items' bug"
[ "10:39:20.984" ][SystemMonitor] Stats Update: CPU App: 0.78125 % | Sys: 57.8125 % | RAM App: 102.16 MB | Sys Avail: 30412.9 MB / 65466.5 MB
[Diagnostics] WARNING: "Buffered range only 0 items - might be the '19 items' bug"
[ "10:39:21.986" ][SystemMonitor] Stats Update: CPU App: 1.30208 % | Sys: 43.2292 % | RAM App: 102.371 MB | Sys Avail: 30404.7 MB / 65466.5 MB
[Diagnostics] WARNING: "Buffered range only 0 items - might be the '19 items' bug"
[ "10:39:22.985" ][SystemMonitor] Stats Update: CPU App: 4.16667 % | Sys: 44.7917 % | RAM App: 107.77 MB | Sys Avail: 30410.1 MB / 65466.5 MB
[Diagnostics] WARNING: "Buffered range only 0 items - might be the '19 items' bug"
[ "10:39:23.993" ][SystemMonitor] Stats Update: CPU App: 21.875 % | Sys: 80.7292 % | RAM App: 132.914 MB | Sys Avail: 30431.3 MB / 65466.5 MB
[Diagnostics] WARNING: "Buffered range only 0 items - might be the '19 items' bug"
TelemetryMonitor: Processed 300 frames. Current FPS: 62
[ "10:39:24.985" ][SystemMonitor] Stats Update: CPU App: 1.30208 % | Sys: 49.4792 % | RAM App: 133.094 MB | Sys Avail: 30415.8 MB / 65466.5 MB
[Diagnostics] WARNING: "Buffered range only 0 items - might be the '19 items' bug"
[ "10:39:25.994" ][SystemMonitor] Stats Update: CPU App: 10.4167 % | Sys: 63.5417 % | RAM App: 136.918 MB | Sys Avail: 30255.5 MB / 65466.5 MB
[Diagnostics] WARNING: "Buffered range only 0 items - might be the '19 items' bug"
[ "10:39:26.985" ][SystemMonitor] Stats Update: CPU App: 1.5625 % | Sys: 57.8125 % | RAM App: 138.473 MB | Sys Avail: 30251.2 MB / 65466.5 MB
[Diagnostics] WARNING: "Buffered range only 0 items - might be the '19 items' bug"
[ "10:39:27.986" ][SystemMonitor] Stats Update: CPU App: 1.5625 % | Sys: 55.7292 % | RAM App: 138.215 MB | Sys Avail: 30263.9 MB / 65466.5 MB
[Diagnostics] WARNING: "Buffered range only 0 items - might be the '19 items' bug"
[ "10:39:28.985" ][SystemMonitor] Stats Update: CPU App: 5.46875 % | Sys: 65.625 % | RAM App: 138.891 MB | Sys Avail: 30235.3 MB / 65466.5 MB
[Diagnostics] WARNING: "Buffered range only 0 items - might be the '19 items' bug"
TelemetryMonitor: Processed 300 frames. Current FPS: 62
[ "10:39:29.993" ][SystemMonitor] Stats Update: CPU App: 3.64583 % | Sys: 61.9792 % | RAM App: 138.922 MB | Sys Avail: 30238 MB / 65466.5 MB
[Diagnostics] WARNING: "Buffered range only 0 items - might be the '19 items' bug"
[ "10:39:30.985" ][SystemMonitor] Stats Update: CPU App: 1.82292 % | Sys: 58.5938 % | RAM App: 138.813 MB | Sys Avail: 30137 MB / 65466.5 MB
[Diagnostics] WARNING: "Buffered range only 0 items - might be the '19 items' bug"
[NetworkScan] Detected mapped network drive: "I:\\MY SDCArds\\2021 Video" Device: "\\\\?\\Volume{53c9d0f1-9d99-4d19-8241-f18cb8d6e107}\\"
[NetworkScan] Using non-incremental scan strategy for network path
Using Qt multimedia with FFmpeg version 7.1.1 LGPL version 2.1 or later
Starting video (isCurrent): file:///I:/MY SDCArds/2021 Video/MOV_0060.MP4
[ "10:39:31.456" ][VideoThumbnailer] Entering extractFrame for "I:/MY SDCArds/2021 Video/MOV_0057.MP4"
[ "10:39:31.456" ][VideoThumbnailer] Entering extractFrame for "I:/MY SDCArds/2021 Video/MOV_0055.MP4"
[ "10:39:31.458" ][FFmpeg Warn] "Could not find codec parameters for stream 0 (Video: none, none): unknown codec\nConsider increasing the value for the 'analyzeduration' (0) and 'probesize' (5000000) options"
[ "10:39:31.458" ][FFmpeg Warn] "Could not find codec parameters for stream 1 (Audio: none, 0 channels): unknown codec\nConsider increasing the value for the 'analyzeduration' (0) and 'probesize' (5000000) options"
[AdaptiveIO] Stats:  "I:/"  Avg:  3  Limit:  2  ActiveWeight:  2
[ "10:39:31.460" ][VideoThumbnailer] Entering extractFrame for "I:/MY SDCArds/2021 Video/MOV_0056.MP4"
[AdaptiveIO] Stats:  "I:/"  Avg:  13.8  Limit:  2  ActiveWeight:  2
[ "10:39:31.572" ][VideoThumbnailer] Entering extractFrame for "I:/MY SDCArds/2021 Video/MOV_0059.MP4"
[ "10:39:31.573" ][FFmpeg Warn] "Could not find codec parameters for stream 0 (Video: none, none): unknown codec\nConsider increasing the value for the 'analyzeduration' (0) and 'probesize' (5000000) options"
[ "10:39:31.573" ][FFmpeg Warn] "Could not find codec parameters for stream 1 (Audio: none, 0 channels): unknown codec\nConsider increasing the value for the 'analyzeduration' (0) and 'probesize' (5000000) options"
[AdaptiveIO] Stats:  "I:/"  Avg:  12.42  Limit:  2  ActiveWeight:  2
[ "10:39:31.574" ][VideoThumbnailer] Entering extractFrame for "I:/MY SDCArds/2021 Video/MOV_0058.MP4"
[AdaptiveIO] Stats:  "I:/"  Avg:  17.278  Limit:  2  ActiveWeight:  2
[ "10:39:31.637" ][VideoThumbnailer] Entering extractFrame for "I:/MY SDCArds/2021 Video/MOV_0060.MP4"
setVisibleEndIndex called with: 5
[Diagnostics] WARNING: "Buffered range only 6 items - might be the '19 items' bug"
[ViewportCulling] Current settings: m_viewportCullingEnabled= true , BUFFER_SIZE= 50
[ViewportCulling] RANGE UPDATE: 
  Viewport indices: 0 to 5 ( 6 items) 
  Buffered range: 0 to 5 ( 6 items with BUFFER_SIZE= 50 ) 
  Total items in model: 6
[ViewportCulling] Setting 6 visible paths in VRM
[VRM] Total visible paths: 6 Sample: "I:/MY SDCArds/2021 Video/MOV_0055.MP4"
[ViewportCulling] Requested: 6 | Already loaded: 0 | Total in range: 6
Viewport settled at: 0 - 5
[ "10:39:31.695" ][VideoThumbnailer] Entering extractFrame for "I:/MY SDCArds/2021 Video/MOV_0055.MP4"
[ "10:39:31.696" ][FFmpeg Warn] "Could not find codec parameters for stream 0 (Video: none, none): unknown codec\nConsider increasing the value for the 'analyzeduration' (0) and 'probesize' (5000000) options"
[ "10:39:31.696" ][FFmpeg Warn] "Could not find codec parameters for stream 1 (Audio: none, 0 channels): unknown codec\nConsider increasing the value for the 'analyzeduration' (0) and 'probesize' (5000000) options"
[AdaptiveIO] Stats:  "I:/"  Avg:  21.3502  Limit:  2  ActiveWeight:  6
[AdaptiveIO] Stats:  "I:/"  Avg:  21.8152  Limit:  2  ActiveWeight:  6
[ "10:39:31.698" ][VideoThumbnailer] Entering extractFrame for "I:/MY SDCArds/2021 Video/MOV_0057.MP4"
processPendingUpdates: Emitted dataChanged for range: 0 to 5
[AdaptiveIO] Stats:  "I:/"  Avg:  58.5337  Limit:  2  ActiveWeight:  5
[ "10:39:31.846" ][VideoThumbnailer] Entering extractFrame for "I:/MY SDCArds/2021 Video/MOV_0056.MP4"
[AdaptiveIO] Stats:  "I:/"  Avg:  64.3803  Limit:  2  ActiveWeight:  8
[ "10:39:31.965" ][VideoThumbnailer] Entering extractFrame for "I:/MY SDCArds/2021 Video/MOV_0058.MP4"
[ "10:39:32.001" ][SystemMonitor] Stats Update: CPU App: 20 % | Sys: 78.9744 % | RAM App: 198.059 MB | Sys Avail: 30044 MB / 65466.5 MB
[SystemMonitor] Resource Update: RAM: 198.059 MB (Delta: 96.4258 ) | VRAM: 36.3711 MB (Delta: 8.96094 )
[Diagnostics] WARNING: "Buffered range only 6 items - might be the '19 items' bug"
[AdaptiveIO] Stats:  "I:/"  Avg:  64.3423  Limit:  2  ActiveWeight:  8
[ "10:39:32.029" ][VideoThumbnailer] Entering extractFrame for "I:/MY SDCArds/2021 Video/MOV_0059.MP4"
[ "10:39:32.029" ][FFmpeg Warn] "Could not find codec parameters for stream 0 (Video: none, none): unknown codec\nConsider increasing the value for the 'analyzeduration' (0) and 'probesize' (5000000) options"
[ "10:39:32.029" ][FFmpeg Warn] "Could not find codec parameters for stream 1 (Audio: none, 0 channels): unknown codec\nConsider increasing the value for the 'analyzeduration' (0) and 'probesize' (5000000) options"
[AdaptiveIO] Stats:  "I:/"  Avg:  58.008  Limit:  2  ActiveWeight:  8
[ "10:39:32.030" ][VideoThumbnailer] Entering extractFrame for "I:/MY SDCArds/2021 Video/MOV_0060.MP4"
[AdaptiveIO] Stats:  "I:/"  Avg:  58.2072  Limit:  2  ActiveWeight:  8
[AdaptiveIO] Stats:  "I:/"  Avg:  92.1865  Limit:  2  ActiveWeight:  4
[ "10:39:32.986" ][SystemMonitor] Stats Update: CPU App: 3.96825 % | Sys: 66.9312 % | RAM App: 152.434 MB | Sys Avail: 30101.7 MB / 65466.5 MB
[Diagnostics] WARNING: "Buffered range only 6 items - might be the '19 items' bug"
[ "10:39:33.993" ][SystemMonitor] Stats Update: CPU App: 1.5625 % | Sys: 67.4479 % | RAM App: 152.465 MB | Sys Avail: 29994.8 MB / 65466.5 MB
[Diagnostics] WARNING: "Buffered range only 6 items - might be the '19 items' bug"
[ "10:39:34.984" ][SystemMonitor] Stats Update: CPU App: 0.78125 % | Sys: 63.8021 % | RAM App: 152.473 MB | Sys Avail: 30048.5 MB / 65466.5 MB
[Diagnostics] WARNING: "Buffered range only 6 items - might be the '19 items' bug"
TelemetryMonitor: Processed 300 frames. Current FPS: 62
[ "10:39:35.984" ][SystemMonitor] Stats Update: CPU App: 0.78125 % | Sys: 59.8958 % | RAM App: 152.672 MB | Sys Avail: 30095.6 MB / 65466.5 MB
[Diagnostics] WARNING: "Buffered range only 6 items - might be the '19 items' bug"
[ "10:39:36.985" ][SystemMonitor] Stats Update: CPU App: 1.04167 % | Sys: 38.5417 % | RAM App: 152.727 MB | Sys Avail: 30120.7 MB / 65466.5 MB
[Diagnostics] WARNING: "Buffered range only 6 items - might be the '19 items' bug"
[ "10:39:37.984" ][SystemMonitor] Stats Update: CPU App: 1.04167 % | Sys: 51.0417 % | RAM App: 152.789 MB | Sys Avail: 30061.2 MB / 65466.5 MB
[Diagnostics] WARNING: "Buffered range only 6 items - might be the '19 items' bug"
[ "10:39:38.986" ][SystemMonitor] Stats Update: CPU App: 1.04167 % | Sys: 47.6563 % | RAM App: 152.457 MB | Sys Avail: 30077.9 MB / 65466.5 MB
[Diagnostics] WARNING: "Buffered range only 6 items - might be the '19 items' bug"
[ "10:39:39.985" ][SystemMonitor] Stats Update: CPU App: 1.30208 % | Sys: 42.7083 % | RAM App: 152.277 MB | Sys Avail: 30068.9 MB / 65466.5 MB
[Diagnostics] WARNING: "Buffered range only 6 items - might be the '19 items' bug"
TelemetryMonitor: Processed 300 frames. Current FPS: 62
[ "10:39:40.983" ][SystemMonitor] Stats Update: CPU App: 0.260417 % | Sys: 40.625 % | RAM App: 152.828 MB | Sys Avail: 30090.5 MB / 65466.5 MB
[Diagnostics] WARNING: "Buffered range only 6 items - might be the '19 items' bug"
[ "10:39:41.989" ][SystemMonitor] Stats Update: CPU App: 1.04167 % | Sys: 41.1458 % | RAM App: 152.84 MB | Sys Avail: 30096.7 MB / 65466.5 MB
[Diagnostics] WARNING: "Buffered range only 6 items - might be the '19 items' bug"
[ "10:39:42.985" ][SystemMonitor] Stats Update: CPU App: 1.82292 % | Sys: 46.875 % | RAM App: 152.879 MB | Sys Avail: 30086.5 MB / 65466.5 MB
[Diagnostics] WARNING: "Buffered range only 6 items - might be the '19 items' bug"
[ "10:39:43.984" ][SystemMonitor] Stats Update: CPU App: 0.520833 % | Sys: 51.3021 % | RAM App: 152.895 MB | Sys Avail: 30100.3 MB / 65466.5 MB
[Diagnostics] WARNING: "Buffered range only 6 items - might be the '19 items' bug"
[ "10:39:44.985" ][SystemMonitor] Stats Update: CPU App: 1.5625 % | Sys: 45.5729 % | RAM App: 152.902 MB | Sys Avail: 30120.6 MB / 65466.5 MB
[Diagnostics] WARNING: "Buffered range only 6 items - might be the '19 items' bug"
TelemetryMonitor: Processed 300 frames. Current FPS: 62
[ "10:39:45.984" ][SystemMonitor] Stats Update: CPU App: 0.78125 % | Sys: 40.1042 % | RAM App: 152.914 MB | Sys Avail: 30115.6 MB / 65466.5 MB
[Diagnostics] WARNING: "Buffered range only 6 items - might be the '19 items' bug"
[ "10:39:46.985" ][SystemMonitor] Stats Update: CPU App: 0.520833 % | Sys: 45.5729 % | RAM App: 153.578 MB | Sys Avail: 30130 MB / 65466.5 MB
[Diagnostics] WARNING: "Buffered range only 6 items - might be the '19 items' bug"
[ "10:39:47.993" ][SystemMonitor] Stats Update: CPU App: 0.78125 % | Sys: 45.3125 % | RAM App: 153.633 MB | Sys Avail: 30137.4 MB / 65466.5 MB
[Diagnostics] WARNING: "Buffered range only 6 items - might be the '19 items' bug"
[ "10:39:48.986" ][SystemMonitor] Stats Update: CPU App: 1.82292 % | Sys: 69.2708 % | RAM App: 153.719 MB | Sys Avail: 30107 MB / 65466.5 MB
[Diagnostics] WARNING: "Buffered range only 6 items - might be the '19 items' bug"
[ "10:39:49.986" ][SystemMonitor] Stats Update: CPU App: 1.5625 % | Sys: 73.6979 % | RAM App: 153.313 MB | Sys Avail: 30093.3 MB / 65466.5 MB
[Diagnostics] WARNING: "Buffered range only 6 items - might be the '19 items' bug"
TelemetryMonitor: Processed 300 frames. Current FPS: 62
[ "10:39:50.986" ][SystemMonitor] Stats Update: CPU App: 1.82292 % | Sys: 82.5521 % | RAM App: 153.324 MB | Sys Avail: 30098.2 MB / 65466.5 MB
[Diagnostics] WARNING: "Buffered range only 6 items - might be the '19 items' bug"
[ "10:39:51.990" ][SystemMonitor] Stats Update: CPU App: 0.520833 % | Sys: 49.4792 % | RAM App: 153.332 MB | Sys Avail: 29998.1 MB / 65466.5 MB
[Diagnostics] WARNING: "Buffered range only 6 items - might be the '19 items' bug"
[ "10:39:52.985" ][SystemMonitor] Stats Update: CPU App: 0.520833 % | Sys: 39.3229 % | RAM App: 152.824 MB | Sys Avail: 29978.9 MB / 65466.5 MB
[Diagnostics] WARNING: "Buffered range only 6 items - might be the '19 items' bug"
[ "10:39:53.984" ][SystemMonitor] Stats Update: CPU App: 1.5625 % | Sys: 39.0625 % | RAM App: 152.871 MB | Sys Avail: 29988.1 MB / 65466.5 MB
[Diagnostics] WARNING: "Buffered range only 6 items - might be the '19 items' bug"
[ "10:39:54.985" ][SystemMonitor] Stats Update: CPU App: 0.78125 % | Sys: 36.9792 % | RAM App: 152.883 MB | Sys Avail: 30029.6 MB / 65466.5 MB
[Diagnostics] WARNING: "Buffered range only 6 items - might be the '19 items' bug"
TelemetryMonitor: Processed 300 frames. Current FPS: 62
[ "10:39:55.985" ][SystemMonitor] Stats Update: CPU App: 1.30208 % | Sys: 50.5208 % | RAM App: 152.871 MB | Sys Avail: 30029.4 MB / 65466.5 MB
[Diagnostics] WARNING: "Buffered range only 6 items - might be the '19 items' bug"
[ "10:39:56.985" ][SystemMonitor] Stats Update: CPU App: 0.520833 % | Sys: 48.4375 % | RAM App: 152.883 MB | Sys Avail: 30021 MB / 65466.5 MB
[Diagnostics] WARNING: "Buffered range only 6 items - might be the '19 items' bug"
[ "10:39:57.984" ][SystemMonitor] Stats Update: CPU App: 0.520833 % | Sys: 38.8021 % | RAM App: 152.891 MB | Sys Avail: 30022.9 MB / 65466.5 MB
[Diagnostics] WARNING: "Buffered range only 6 items - might be the '19 items' bug"
[ "10:39:58.984" ][SystemMonitor] Stats Update: CPU App: 1.04167 % | Sys: 41.1458 % | RAM App: 152.902 MB | Sys Avail: 30011.4 MB / 65466.5 MB
[Diagnostics] WARNING: "Buffered range only 6 items - might be the '19 items' bug"
[ "10:39:59.984" ][SystemMonitor] Stats Update: CPU App: 0.78125 % | Sys: 40.8854 % | RAM App: 151.848 MB | Sys Avail: 30046.1 MB / 65466.5 MB
[Diagnostics] WARNING: "Buffered range only 6 items - might be the '19 items' bug"
TelemetryMonitor: Processed 300 frames. Current FPS: 62
[ "10:40:00.985" ][SystemMonitor] Stats Update: CPU App: 0.520833 % | Sys: 39.8438 % | RAM App: 151.914 MB | Sys Avail: 30024.1 MB / 65466.5 MB
[Diagnostics] WARNING: "Buffered range only 6 items - might be the '19 items' bug"
[ "10:40:01.985" ][SystemMonitor] Stats Update: CPU App: 1.30208 % | Sys: 40.1042 % | RAM App: 151.875 MB | Sys Avail: 30040.8 MB / 65466.5 MB
[Diagnostics] WARNING: "Buffered range only 6 items - might be the '19 items' bug"
[ "10:40:02.984" ][SystemMonitor] Stats Update: CPU App: 0.78125 % | Sys: 34.1146 % | RAM App: 151.887 MB | Sys Avail: 30041.4 MB / 65466.5 MB
[Diagnostics] WARNING: "Buffered range only 6 items - might be the '19 items' bug"
[ "10:40:03.984" ][SystemMonitor] Stats Update: CPU App: 0.78125 % | Sys: 36.7188 % | RAM App: 151.902 MB | Sys Avail: 30035.9 MB / 65466.5 MB
[Diagnostics] WARNING: "Buffered range only 6 items - might be the '19 items' bug"
[ "10:40:04.985" ][SystemMonitor] Stats Update: CPU App: 1.30208 % | Sys: 36.9792 % | RAM App: 151.914 MB | Sys Avail: 30014.5 MB / 65466.5 MB
[Diagnostics] WARNING: "Buffered range only 6 items - might be the '19 items' bug"
TelemetryMonitor: Processed 300 frames. Current FPS: 62
[ "10:40:05.984" ][SystemMonitor] Stats Update: CPU App: 1.82292 % | Sys: 38.5417 % | RAM App: 151.926 MB | Sys Avail: 30028.7 MB / 65466.5 MB
[Diagnostics] WARNING: "Buffered range only 6 items - might be the '19 items' bug"
[ "10:40:06.985" ][SystemMonitor] Stats Update: CPU App: 0.520833 % | Sys: 41.1458 % | RAM App: 151.934 MB | Sys Avail: 30011.4 MB / 65466.5 MB
[Diagnostics] WARNING: "Buffered range only 6 items - might be the '19 items' bug"
[ "10:40:07.985" ][SystemMonitor] Stats Update: CPU App: 1.04167 % | Sys: 43.4896 % | RAM App: 151.945 MB | Sys Avail: 30004 MB / 65466.5 MB
[Diagnostics] WARNING: "Buffered range only 6 items - might be the '19 items' bug"
[ "10:40:08.985" ][SystemMonitor] Stats Update: CPU App: 0.520833 % | Sys: 56.5104 % | RAM App: 151.996 MB | Sys Avail: 29961.4 MB / 65466.5 MB
[Diagnostics] WARNING: "Buffered range only 6 items - might be the '19 items' bug"
[ "10:40:09.985" ][SystemMonitor] Stats Update: CPU App: 0.520833 % | Sys: 47.6563 % | RAM App: 152.008 MB | Sys Avail: 30011.2 MB / 65466.5 MB
[Diagnostics] WARNING: "Buffered range only 6 items - might be the '19 items' bug"
TelemetryMonitor: Processed 300 frames. Current FPS: 62
[ "10:40:10.985" ][SystemMonitor] Stats Update: CPU App: 1.30208 % | Sys: 52.0833 % | RAM App: 152.027 MB | Sys Avail: 29993.3 MB / 65466.5 MB
[Diagnostics] WARNING: "Buffered range only 6 items - might be the '19 items' bug"
[ "10:40:11.984" ][SystemMonitor] Stats Update: CPU App: 0.520833 % | Sys: 44.7917 % | RAM App: 152.07 MB | Sys Avail: 30001.1 MB / 65466.5 MB
[Diagnostics] WARNING: "Buffered range only 6 items - might be the '19 items' bug"
[ "10:40:12.986" ][SystemMonitor] Stats Update: CPU App: 1.30208 % | Sys: 55.9896 % | RAM App: 152.109 MB | Sys Avail: 29990.4 MB / 65466.5 MB
[Diagnostics] WARNING: "Buffered range only 6 items - might be the '19 items' bug"
[ "10:40:13.985" ][SystemMonitor] Stats Update: CPU App: 1.04167 % | Sys: 49.2188 % | RAM App: 152.121 MB | Sys Avail: 30005 MB / 65466.5 MB
[Diagnostics] WARNING: "Buffered range only 6 items - might be the '19 items' bug"
[ "10:40:14.985" ][SystemMonitor] Stats Update: CPU App: 1.04167 % | Sys: 45.8333 % | RAM App: 152.16 MB | Sys Avail: 30016.6 MB / 65466.5 MB
[Diagnostics] WARNING: "Buffered range only 6 items - might be the '19 items' bug"
TelemetryMonitor: Processed 300 frames. Current FPS: 62
[ "10:40:15.985" ][SystemMonitor] Stats Update: CPU App: 0.520833 % | Sys: 45.5729 % | RAM App: 152.203 MB | Sys Avail: 30011.6 MB / 65466.5 MB
[Diagnostics] WARNING: "Buffered range only 6 items - might be the '19 items' bug"
[ "10:40:16.986" ][SystemMonitor] Stats Update: CPU App: 1.30208 % | Sys: 41.9271 % | RAM App: 152.215 MB | Sys Avail: 29988.7 MB / 65466.5 MB
[Diagnostics] WARNING: "Buffered range only 6 items - might be the '19 items' bug"
[ "10:40:17.985" ][SystemMonitor] Stats Update: CPU App: 1.04167 % | Sys: 40.8854 % | RAM App: 152.227 MB | Sys Avail: 29995.5 MB / 65466.5 MB
[Diagnostics] WARNING: "Buffered range only 6 items - might be the '19 items' bug"
[ "10:40:18.985" ][SystemMonitor] Stats Update: CPU App: 0.520833 % | Sys: 36.4583 % | RAM App: 152.184 MB | Sys Avail: 29986.7 MB / 65466.5 MB
[Diagnostics] WARNING: "Buffered range only 6 items - might be the '19 items' bug"
[ "10:40:19.985" ][SystemMonitor] Stats Update: CPU App: 1.30208 % | Sys: 42.1875 % | RAM App: 152.195 MB | Sys Avail: 29965.1 MB / 65466.5 MB
[Diagnostics] WARNING: "Buffered range only 6 items - might be the '19 items' bug"
TelemetryMonitor: Processed 300 frames. Current FPS: 62
[ "10:40:20.986" ][SystemMonitor] Stats Update: CPU App: 0.78125 % | Sys: 37.2396 % | RAM App: 152.211 MB | Sys Avail: 29987.3 MB / 65466.5 MB
[Diagnostics] WARNING: "Buffered range only 6 items - might be the '19 items' bug"
[ "10:40:21.985" ][SystemMonitor] Stats Update: CPU App: 0.520833 % | Sys: 61.7188 % | RAM App: 152.277 MB | Sys Avail: 29977.3 MB / 65466.5 MB
[Diagnostics] WARNING: "Buffered range only 6 items - might be the '19 items' bug"
[ "10:40:22.985" ][SystemMonitor] Stats Update: CPU App: 1.5625 % | Sys: 43.75 % | RAM App: 152.289 MB | Sys Avail: 29993.4 MB / 65466.5 MB
[Diagnostics] WARNING: "Buffered range only 6 items - might be the '19 items' bug"
[ "10:40:23.986" ][SystemMonitor] Stats Update: CPU App: 1.04167 % | Sys: 59.6354 % | RAM App: 152.309 MB | Sys Avail: 29974.9 MB / 65466.5 MB
[Diagnostics] WARNING: "Buffered range only 6 items - might be the '19 items' bug"
[ "10:40:24.985" ][SystemMonitor] Stats Update: CPU App: 1.5625 % | Sys: 44.0104 % | RAM App: 152.383 MB | Sys Avail: 29960.6 MB / 65466.5 MB
[Diagnostics] WARNING: "Buffered range only 6 items - might be the '19 items' bug"
TelemetryMonitor: Processed 300 frames. Current FPS: 62
[ "10:40:25.985" ][SystemMonitor] Stats Update: CPU App: 0.520833 % | Sys: 39.0625 % | RAM App: 152.422 MB | Sys Avail: 29974.5 MB / 65466.5 MB
[Diagnostics] WARNING: "Buffered range only 6 items - might be the '19 items' bug"
[ "10:40:26.986" ][SystemMonitor] Stats Update: CPU App: 0.78125 % | Sys: 33.3333 % | RAM App: 152.434 MB | Sys Avail: 29975.4 MB / 65466.5 MB
[Diagnostics] WARNING: "Buffered range only 6 items - might be the '19 items' bug"
[ "10:40:27.985" ][SystemMonitor] Stats Update: CPU App: 1.30208 % | Sys: 41.4063 % | RAM App: 152.441 MB | Sys Avail: 29973.9 MB / 65466.5 MB
[Diagnostics] WARNING: "Buffered range only 6 items - might be the '19 items' bug"
[ "10:40:28.986" ][SystemMonitor] Stats Update: CPU App: 1.04167 % | Sys: 36.4583 % | RAM App: 152.453 MB | Sys Avail: 29971.7 MB / 65466.5 MB
[Diagnostics] WARNING: "Buffered range only 6 items - might be the '19 items' bug"
[ "10:40:29.986" ][SystemMonitor] Stats Update: CPU App: 0.520833 % | Sys: 42.1875 % | RAM App: 152.656 MB | Sys Avail: 29988.4 MB / 65466.5 MB
[Diagnostics] WARNING: "Buffered range only 6 items - might be the '19 items' bug"
TelemetryMonitor: Processed 300 frames. Current FPS: 62
[ "10:40:30.985" ][SystemMonitor] Stats Update: CPU App: 0.78125 % | Sys: 46.875 % | RAM App: 152.125 MB | Sys Avail: 29992.5 MB / 65466.5 MB
[Diagnostics] WARNING: "Buffered range only 6 items - might be the '19 items' bug"
[ "10:40:31.986" ][SystemMonitor] Stats Update: CPU App: 0.260417 % | Sys: 41.1458 % | RAM App: 152.227 MB | Sys Avail: 29981.5 MB / 65466.5 MB
[Diagnostics] WARNING: "Buffered range only 6 items - might be the '19 items' bug"
[ "10:40:32.987" ][SystemMonitor] Stats Update: CPU App: 1.04167 % | Sys: 60.6771 % | RAM App: 152.242 MB | Sys Avail: 29989 MB / 65466.5 MB
[Diagnostics] WARNING: "Buffered range only 6 items - might be the '19 items' bug"
[ "10:40:33.987" ][SystemMonitor] Stats Update: CPU App: 1.82292 % | Sys: 48.6979 % | RAM App: 151.793 MB | Sys Avail: 30002.4 MB / 65466.5 MB
[Diagnostics] WARNING: "Buffered range only 6 items - might be the '19 items' bug"
[ "10:40:34.985" ][SystemMonitor] Stats Update: CPU App: 0.78125 % | Sys: 39.8438 % | RAM App: 151.793 MB | Sys Avail: 30013.2 MB / 65466.5 MB
[Diagnostics] WARNING: "Buffered range only 6 items - might be the '19 items' bug"
TelemetryMonitor: Processed 300 frames. Current FPS: 62
[ "10:40:35.986" ][SystemMonitor] Stats Update: CPU App: 0.520833 % | Sys: 41.9271 % | RAM App: 151.793 MB | Sys Avail: 30008.6 MB / 65466.5 MB
[Diagnostics] WARNING: "Buffered range only 6 items - might be the '19 items' bug"
[ "10:40:36.988" ][SystemMonitor] Stats Update: CPU App: 1.04167 % | Sys: 40.8854 % | RAM App: 151.793 MB | Sys Avail: 30012.6 MB / 65466.5 MB
[Diagnostics] WARNING: "Buffered range only 6 items - might be the '19 items' bug"
[ "10:40:37.986" ][SystemMonitor] Stats Update: CPU App: 1.30208 % | Sys: 41.1458 % | RAM App: 151.801 MB | Sys Avail: 30020.7 MB / 65466.5 MB
[Diagnostics] WARNING: "Buffered range only 6 items - might be the '19 items' bug"
[ "10:40:38.985" ][SystemMonitor] Stats Update: CPU App: 0.78125 % | Sys: 48.4375 % | RAM App: 151.801 MB | Sys Avail: 30010.7 MB / 65466.5 MB
[Diagnostics] WARNING: "Buffered range only 6 items - might be the '19 items' bug"
[ "10:40:39.985" ][SystemMonitor] Stats Update: CPU App: 0.78125 % | Sys: 35.1563 % | RAM App: 151.801 MB | Sys Avail: 29999.3 MB / 65466.5 MB
[Diagnostics] WARNING: "Buffered range only 6 items - might be the '19 items' bug"
TelemetryMonitor: Processed 300 frames. Current FPS: 62
[ "10:40:40.985" ][SystemMonitor] Stats Update: CPU App: 0.520833 % | Sys: 36.4583 % | RAM App: 151.801 MB | Sys Avail: 30020.6 MB / 65466.5 MB
[Diagnostics] WARNING: "Buffered range only 6 items - might be the '19 items' bug"
[ "10:40:41.985" ][SystemMonitor] Stats Update: CPU App: 0.520833 % | Sys: 38.5417 % | RAM App: 151.809 MB | Sys Avail: 30010.9 MB / 65466.5 MB
[Diagnostics] WARNING: "Buffered range only 6 items - might be the '19 items' bug"
[ "10:40:42.986" ][SystemMonitor] Stats Update: CPU App: 0.78125 % | Sys: 39.5833 % | RAM App: 151.816 MB | Sys Avail: 30246.1 MB / 65466.5 MB
[Diagnostics] WARNING: "Buffered range only 6 items - might be the '19 items' bug"
[ "10:40:43.985" ][SystemMonitor] Stats Update: CPU App: 0.520833 % | Sys: 48.9583 % | RAM App: 151.824 MB | Sys Avail: 30201.9 MB / 65466.5 MB
[Diagnostics] WARNING: "Buffered range only 6 items - might be the '19 items' bug"
[ "10:40:44.984" ][SystemMonitor] Stats Update: CPU App: 0.520833 % | Sys: 53.6458 % | RAM App: 151.836 MB | Sys Avail: 30064.9 MB / 65466.5 MB
[Diagnostics] WARNING: "Buffered range only 6 items - might be the '19 items' bug"
TelemetryMonitor: Processed 300 frames. Current FPS: 62
[ "10:40:45.987" ][SystemMonitor] Stats Update: CPU App: 1.04167 % | Sys: 67.7083 % | RAM App: 151.875 MB | Sys Avail: 30027.5 MB / 65466.5 MB
[Diagnostics] WARNING: "Buffered range only 6 items - might be the '19 items' bug"
[ "10:40:46.986" ][SystemMonitor] Stats Update: CPU App: 0.520833 % | Sys: 54.1667 % | RAM App: 151.914 MB | Sys Avail: 30125.4 MB / 65466.5 MB
[Diagnostics] WARNING: "Buffered range only 6 items - might be the '19 items' bug"
[ "10:40:47.986" ][SystemMonitor] Stats Update: CPU App: 1.5625 % | Sys: 60.4167 % | RAM App: 151.953 MB | Sys Avail: 30089.6 MB / 65466.5 MB
[Diagnostics] WARNING: "Buffered range only 6 items - might be the '19 items' bug"
[ "10:40:48.985" ][SystemMonitor] Stats Update: CPU App: 0.520833 % | Sys: 72.1354 % | RAM App: 152.016 MB | Sys Avail: 30000.4 MB / 65466.5 MB
[Diagnostics] WARNING: "Buffered range only 6 items - might be the '19 items' bug"
[ "10:40:49.986" ][SystemMonitor] Stats Update: CPU App: 0.520833 % | Sys: 87.7604 % | RAM App: 152.047 MB | Sys Avail: 29947 MB / 65466.5 MB
[Diagnostics] WARNING: "Buffered range only 6 items - might be the '19 items' bug"
TelemetryMonitor: Processed 300 frames. Current FPS: 62
[ "10:40:50.988" ][SystemMonitor] Stats Update: CPU App: 1.04167 % | Sys: 96.0938 % | RAM App: 152.078 MB | Sys Avail: 29973.9 MB / 65466.5 MB
[Diagnostics] WARNING: "Buffered range only 6 items - might be the '19 items' bug"
[ "10:40:51.986" ][SystemMonitor] Stats Update: CPU App: 0.260417 % | Sys: 87.5 % | RAM App: 152.109 MB | Sys Avail: 29859.3 MB / 65466.5 MB
[Diagnostics] WARNING: "Buffered range only 6 items - might be the '19 items' bug"
[ "10:40:52.985" ][SystemMonitor] Stats Update: CPU App: 1.04167 % | Sys: 77.8646 % | RAM App: 152.141 MB | Sys Avail: 29776.9 MB / 65466.5 MB
[Diagnostics] WARNING: "Buffered range only 6 items - might be the '19 items' bug"
[ "10:40:53.986" ][SystemMonitor] Stats Update: CPU App: 1.04167 % | Sys: 66.1458 % | RAM App: 152.152 MB | Sys Avail: 29696.8 MB / 65466.5 MB
[Diagnostics] WARNING: "Buffered range only 6 items - might be the '19 items' bug"
[ "10:40:54.985" ][SystemMonitor] Stats Update: CPU App: 1.5625 % | Sys: 64.5833 % | RAM App: 152.176 MB | Sys Avail: 29750.2 MB / 65466.5 MB
[Diagnostics] WARNING: "Buffered range only 6 items - might be the '19 items' bug"
TelemetryMonitor: Processed 300 frames. Current FPS: 62
[ "10:40:55.986" ][SystemMonitor] Stats Update: CPU App: 0.260417 % | Sys: 63.2813 % | RAM App: 152.215 MB | Sys Avail: 29751 MB / 65466.5 MB
[Diagnostics] WARNING: "Buffered range only 6 items - might be the '19 items' bug"
[ "10:40:56.986" ][SystemMonitor] Stats Update: CPU App: 1.04167 % | Sys: 51.5625 % | RAM App: 152.215 MB | Sys Avail: 29644.7 MB / 65466.5 MB
[Diagnostics] WARNING: "Buffered range only 6 items - might be the '19 items' bug"
[ "10:40:57.986" ][SystemMonitor] Stats Update: CPU App: 0.520833 % | Sys: 50 % | RAM App: 152.215 MB | Sys Avail: 29779.8 MB / 65466.5 MB
[Diagnostics] WARNING: "Buffered range only 6 items - might be the '19 items' bug"
[ "10:40:58.986" ][SystemMonitor] Stats Update: CPU App: 0.78125 % | Sys: 70.8333 % | RAM App: 152.227 MB | Sys Avail: 29754.9 MB / 65466.5 MB
[Diagnostics] WARNING: "Buffered range only 6 items - might be the '19 items' bug"
