Collecting insightface
  Downloading insightface-1.0.1-py3-none-any.whl.metadata (11 kB)
Requirement already satisfied: numpy in .\env\Lib\site-packages (from insightface) (1.26.4)
Collecting onnx (from insightface)
  Using cached onnx-1.21.0-cp312-abi3-win_amd64.whl.metadata (8.7 kB)
Collecting onnxruntime (from insightface)
  Downloading onnxruntime-1.26.0-cp312-cp312-win_amd64.whl.metadata (5.5 kB)
Requirement already satisfied: opencv-python in .\env\Lib\site-packages (from insightface) (4.9.0.80)
Requirement already satisfied: tqdm in .\env\Lib\site-packages (from insightface) (4.67.3)
Requirement already satisfied: requests in .\env\Lib\site-packages (from insightface) (2.31.0)
Requirement already satisfied: scipy in .\env\Lib\site-packages (from insightface) (1.17.1)
Requirement already satisfied: scikit-image in .\env\Lib\site-packages (from insightface) (0.26.0)
Requirement already satisfied: protobuf>=4.25.1 in .\env\Lib\site-packages (from onnx->insightface) (7.34.1)
Requirement already satisfied: typing_extensions>=4.7.1 in .\env\Lib\site-packages (from onnx->insightface) (4.15.0)
Collecting ml_dtypes>=0.5.0 (from onnx->insightface)
  Using cached ml_dtypes-0.5.4-cp312-cp312-win_amd64.whl.metadata (9.2 kB)
Requirement already satisfied: flatbuffers in .\env\Lib\site-packages (from onnxruntime->insightface) (25.12.19)
Requirement already satisfied: packaging in .\env\Lib\site-packages (from onnxruntime->insightface) (24.2)
Requirement already satisfied: charset-normalizer<4,>=2 in .\env\Lib\site-packages (from requests->insightface) (3.4.7)
Requirement already satisfied: idna<4,>=2.5 in .\env\Lib\site-packages (from requests->insightface) (3.11)
Requirement already satisfied: urllib3<3,>=1.21.1 in .\env\Lib\site-packages (from requests->insightface) (2.6.3)
Requirement already satisfied: certifi>=2017.4.17 in .\env\Lib\site-packages (from requests->insightface) (2026.2.25)
Requirement already satisfied: networkx>=3.0 in .\env\Lib\site-packages (from scikit-image->insightface) (3.6.1)
Requirement already satisfied: pillow>=10.1 in .\env\Lib\site-packages (from scikit-image->insightface) (10.4.0)
Requirement already satisfied: imageio!=2.35.0,>=2.33 in .\env\Lib\site-packages (from scikit-image->insightface) (2.37.3)
Requirement already satisfied: tifffile>=2022.8.12 in .\env\Lib\site-packages (from scikit-image->insightface) (2026.3.3)
Requirement already satisfied: lazy-loader>=0.4 in .\env\Lib\site-packages (from scikit-image->insightface) (0.5)
Requirement already satisfied: colorama in .\env\Lib\site-packages (from tqdm->insightface) (0.4.6)
Downloading insightface-1.0.1-py3-none-any.whl (762 kB)
   ---------------------------------------- 762.2/762.2 kB 2.1 MB/s  0:00:00
Using cached onnx-1.21.0-cp312-abi3-win_amd64.whl (16.4 MB)
Using cached ml_dtypes-0.5.4-cp312-cp312-win_amd64.whl (212 kB)
Downloading onnxruntime-1.26.0-cp312-cp312-win_amd64.whl (13.0 MB)
   ---------------------------------------- 13.0/13.0 MB 1.7 MB/s  0:00:07
Installing collected packages: onnxruntime, ml_dtypes, onnx, insightface

Successfully installed insightface-1.0.1 ml_dtypes-0.5.4 onnx-1.21.0 onnxruntime-1.26.0

[notice] A new release of pip is available: 26.0.1 -> 26.1.2
[notice] To update, run: C:\just-dub-it2\env\Scripts\python.exe -m pip install --upgrade pip
