WARNING: Ignoring invalid distribution ~cipy (C:\just-dub-it2\env\Lib\site-packages)
Looking in indexes: https://download.pytorch.org/whl/cu121
Collecting torch==2.3.1+cu121
  Downloading https://download-r2.pytorch.org/whl/cu121/torch-2.3.1%2Bcu121-cp312-cp312-win_amd64.whl (2423.5 MB)
     ---------------------------------------- 2.4/2.4 GB 1.1 MB/s  0:28:23
Collecting torchaudio==2.3.1+cu121
  Using cached https://download-r2.pytorch.org/whl/cu121/torchaudio-2.3.1%2Bcu121-cp312-cp312-win_amd64.whl (4.1 MB)
Collecting torchvision==0.18.1+cu121
  Using cached https://download-r2.pytorch.org/whl/cu121/torchvision-0.18.1%2Bcu121-cp312-cp312-win_amd64.whl (5.7 MB)
Requirement already satisfied: filelock in .\env\Lib\site-packages (from torch==2.3.1+cu121) (3.29.0)
Requirement already satisfied: typing-extensions>=4.8.0 in .\env\Lib\site-packages (from torch==2.3.1+cu121) (4.15.0)
Requirement already satisfied: sympy in .\env\Lib\site-packages (from torch==2.3.1+cu121) (1.14.0)
Requirement already satisfied: networkx in .\env\Lib\site-packages (from torch==2.3.1+cu121) (3.6.1)
Requirement already satisfied: jinja2 in .\env\Lib\site-packages (from torch==2.3.1+cu121) (3.1.6)
Requirement already satisfied: fsspec in .\env\Lib\site-packages (from torch==2.3.1+cu121) (2026.2.0)
Requirement already satisfied: mkl<=2021.4.0,>=2021.1.1 in .\env\Lib\site-packages (from torch==2.3.1+cu121) (2021.4.0)
Requirement already satisfied: numpy in .\env\Lib\site-packages (from torchvision==0.18.1+cu121) (1.26.4)
Requirement already satisfied: pillow!=8.3.*,>=5.3.0 in .\env\Lib\site-packages (from torchvision==0.18.1+cu121) (10.4.0)
Requirement already satisfied: intel-openmp==2021.* in .\env\Lib\site-packages (from mkl<=2021.4.0,>=2021.1.1->torch==2.3.1+cu121) (2021.4.0)
Requirement already satisfied: tbb==2021.* in .\env\Lib\site-packages (from mkl<=2021.4.0,>=2021.1.1->torch==2.3.1+cu121) (2021.13.1)
Requirement already satisfied: MarkupSafe>=2.0 in .\env\Lib\site-packages (from jinja2->torch==2.3.1+cu121) (3.0.3)
Requirement already satisfied: mpmath<1.4,>=1.1.0 in .\env\Lib\site-packages (from sympy->torch==2.3.1+cu121) (1.3.0)
Installing collected packages: torch, torchvision, torchaudio
  Attempting uninstall: torch
    Found existing installation: torch 2.4.1+cu121
    Uninstalling torch-2.4.1+cu121:
      Successfully uninstalled torch-2.4.1+cu121
  Attempting uninstall: torchvision
    Found existing installation: torchvision 0.19.1+cu121
    Uninstalling torchvision-0.19.1+cu121:
      Successfully uninstalled torchvision-0.19.1+cu121
  Attempting uninstall: torchaudio
    Found existing installation: torchaudio 2.4.1+cu121
    Uninstalling torchaudio-2.4.1+cu121:
      Successfully uninstalled torchaudio-2.4.1+cu121

Successfully installed torch-2.3.1+cu121 torchaudio-2.3.1+cu121 torchvision-0.18.1+cu121

[notice] A new release of pip is available: 26.0.1 -> 26.1.2
[notice] To update, run: C:\just-dub-it2\env\Scripts\python.exe -m pip install --upgrade pip
