
[1/4] Killing lingering FFmpeg workers...
[2/4] Waiting for process handles to release...
[3/4] Freeing port 7860...
[3/3] Starting just-dub-it2 Dashboard...

➔ Local URL: http://127.0.0.1:7860
➔ Network URL: Exposed on LAN (0.0.0.0)

[4/4] Starting FaceSwap Dedicated Worker...
2026-06-09 00:30:48,968 | INFO | FS_WORKER | FaceSwap Worker initialized. Polling for jobs...
2026-06-09 00:30:59,870 | INFO | BOOT | >>> BOOTSTRAP: PROVISIONAL ENVIRONMENT LOCK ACTIVE <<
2026-06-09 00:31:03,659 | INFO | httpx | HTTP Request: GET https://api.gradio.app/gradio-messaging/en "HTTP/1.1 200 OK"
2026-06-09 00:31:05,459 | INFO | PIPE | [PIPEWORKER] Background Thread Online.
2026-06-09 00:31:05,459 | INFO | PIPE | PipelineManager initialized. Worker thread active.
Traceback (most recent call last):
  File "C:\just-dub-it2\app\main_ui.py", line 871, in <module>
    demo.queue().launch(
TypeError: Blocks.launch() got an unexpected keyword argument 'head'
2026-06-09 00:31:08,042 | INFO | httpx | HTTP Request: GET https://api.gradio.app/pkg-version "HTTP/1.1 200 OK"
C:\just-dub-it2\env\Lib\site-packages\gradio\analytics.py:106: UserWarning: IMPORTANT: You are using gradio version 4.44.0, however version 4.44.1 is available, please upgrade. 
--------
  warnings.warn(
2026-06-09 00:31:08,440 | INFO | httpx | HTTP Request: GET https://checkip.amazonaws.com/ "HTTP/1.1 200 "

[CRASH] The application exited with an error.
Press any key to continue . . . 