Collecting pydantic==2.8.2
  Downloading pydantic-2.8.2-py3-none-any.whl.metadata (125 kB)
Collecting pydantic-core==2.20.1
  Downloading pydantic_core-2.20.1-cp312-none-win_amd64.whl.metadata (6.7 kB)
Requirement already satisfied: annotated-types>=0.4.0 in .\env\Lib\site-packages (from pydantic==2.8.2) (0.7.0)
Requirement already satisfied: typing-extensions>=4.6.1 in .\env\Lib\site-packages (from pydantic==2.8.2) (4.15.0)
Downloading pydantic-2.8.2-py3-none-any.whl (423 kB)
Downloading pydantic_core-2.20.1-cp312-none-win_amd64.whl (1.9 MB)
   ---------------------------------------- 1.9/1.9 MB 1.9 MB/s  0:00:01
Installing collected packages: pydantic-core, pydantic
  Attempting uninstall: pydantic-core
    Found existing installation: pydantic_core 2.46.4
    Uninstalling pydantic_core-2.46.4:
      Successfully uninstalled pydantic_core-2.46.4
  Attempting uninstall: pydantic
    Found existing installation: pydantic 2.13.4
    Uninstalling pydantic-2.13.4:
      Successfully uninstalled pydantic-2.13.4

ERROR: pip's dependency resolver does not currently take into account all the packages that are installed. This behaviour is the source of the following dependency conflicts.
fastapi 0.136.3 requires pydantic>=2.9.0, but you have pydantic 2.8.2 which is incompatible.
Successfully installed pydantic-2.8.2 pydantic-core-2.20.1

[notice] A new release of pip is available: 26.0.1 -> 26.1.2
[notice] To update, run: C:\just-dub-it2\env\Scripts\python.exe -m pip install --upgrade pip
