
[1/4] Killing lingering FFmpeg workers...
[2/4] Waiting for process handles to release...
[3/4] Freeing port 7860...
Found process 0 on port 7860. Killing tree...
Found process 0 on port 7860. Killing tree...
Found process 0 on port 7860. Killing tree...
Found process 0 on port 7860. Killing tree...
Found process 0 on port 7860. Killing tree...
Found process 0 on port 7860. Killing tree...
[3/3] Starting just-dub-it2 Dashboard...

➔ Local URL: http://127.0.0.1:7860
➔ Network URL: Exposed on LAN (0.0.0.0)

[4/4] Starting FaceSwap Dedicated Worker...
2026-06-09 01:07:19,289 | INFO | FS_WORKER | FaceSwap Worker initialized. Polling for jobs...
2026-06-09 01:07:32,863 | INFO | BOOT | >>> BOOTSTRAP: PROVISIONAL ENVIRONMENT LOCK ACTIVE <<
2026-06-09 01:07:39,179 | INFO | httpx | HTTP Request: GET https://api.gradio.app/gradio-messaging/en "HTTP/1.1 200 OK"
2026-06-09 01:07:41,347 | INFO | PIPE | [PIPEWORKER] Background Thread Online.
2026-06-09 01:07:41,348 | INFO | PIPE | PipelineManager initialized. Worker thread active.
Running on local URL:  http://0.0.0.0:7860
2026-06-09 01:07:43,910 | INFO | httpx | HTTP Request: GET https://api.gradio.app/pkg-version "HTTP/1.1 200 OK"
C:\just-dub-it2\env\Lib\site-packages\gradio\analytics.py:106: UserWarning: IMPORTANT: You are using gradio version 4.44.0, however version 4.44.1 is available, please upgrade. 
--------
  warnings.warn(
2026-06-09 01:07:44,177 | INFO | httpx | HTTP Request: GET http://localhost:7860/startup-events "HTTP/1.1 200 OK"
2026-06-09 01:07:44,205 | INFO | httpx | HTTP Request: HEAD http://localhost:7860/ "HTTP/1.1 200 OK"

To create a public link, set `share=True` in `launch()`.
2026-06-09 01:07:44,884 | INFO | httpx | HTTP Request: GET https://checkip.amazonaws.com/ "HTTP/1.1 200 "
2026-06-09 01:07:45,865 | INFO | httpx | HTTP Request: GET https://checkip.amazonaws.com/ "HTTP/1.1 200 "
