Collecting fastapi==0.111.0
  Downloading fastapi-0.111.0-py3-none-any.whl.metadata (25 kB)
Collecting starlette<0.38.0,>=0.37.2 (from fastapi==0.111.0)
  Downloading starlette-0.37.2-py3-none-any.whl.metadata (5.9 kB)
Requirement already satisfied: pydantic!=1.8,!=1.8.1,!=2.0.0,!=2.0.1,!=2.1.0,<3.0.0,>=1.7.4 in .\env\Lib\site-packages (from fastapi==0.111.0) (2.8.2)
Requirement already satisfied: typing-extensions>=4.8.0 in .\env\Lib\site-packages (from fastapi==0.111.0) (4.15.0)
Collecting fastapi-cli>=0.0.2 (from fastapi==0.111.0)
  Downloading fastapi_cli-0.0.24-py3-none-any.whl.metadata (6.4 kB)
Requirement already satisfied: httpx>=0.23.0 in .\env\Lib\site-packages (from fastapi==0.111.0) (0.28.1)
Requirement already satisfied: jinja2>=2.11.2 in .\env\Lib\site-packages (from fastapi==0.111.0) (3.1.6)
Requirement already satisfied: python-multipart>=0.0.7 in .\env\Lib\site-packages (from fastapi==0.111.0) (0.0.32)
Collecting ujson!=4.0.2,!=4.1.0,!=4.2.0,!=4.3.0,!=5.0.0,!=5.1.0,>=4.0.1 (from fastapi==0.111.0)
  Downloading ujson-5.12.1-cp312-cp312-win_amd64.whl.metadata (9.8 kB)
Requirement already satisfied: orjson>=3.2.1 in .\env\Lib\site-packages (from fastapi==0.111.0) (3.11.9)
Collecting email_validator>=2.0.0 (from fastapi==0.111.0)
  Downloading email_validator-2.3.0-py3-none-any.whl.metadata (26 kB)
Requirement already satisfied: uvicorn>=0.12.0 in .\env\Lib\site-packages (from uvicorn[standard]>=0.12.0->fastapi==0.111.0) (0.49.0)
Requirement already satisfied: annotated-types>=0.4.0 in .\env\Lib\site-packages (from pydantic!=1.8,!=1.8.1,!=2.0.0,!=2.0.1,!=2.1.0,<3.0.0,>=1.7.4->fastapi==0.111.0) (0.7.0)
Requirement already satisfied: pydantic-core==2.20.1 in .\env\Lib\site-packages (from pydantic!=1.8,!=1.8.1,!=2.0.0,!=2.0.1,!=2.1.0,<3.0.0,>=1.7.4->fastapi==0.111.0) (2.20.1)
Requirement already satisfied: anyio<5,>=3.4.0 in .\env\Lib\site-packages (from starlette<0.38.0,>=0.37.2->fastapi==0.111.0) (4.13.0)
Requirement already satisfied: idna>=2.8 in .\env\Lib\site-packages (from anyio<5,>=3.4.0->starlette<0.38.0,>=0.37.2->fastapi==0.111.0) (3.18)
Collecting dnspython>=2.0.0 (from email_validator>=2.0.0->fastapi==0.111.0)
  Downloading dnspython-2.8.0-py3-none-any.whl.metadata (5.7 kB)
Requirement already satisfied: typer>=0.16.0 in .\env\Lib\site-packages (from fastapi-cli>=0.0.2->fastapi==0.111.0) (0.25.1)
Collecting rich-toolkit>=0.14.8 (from fastapi-cli>=0.0.2->fastapi==0.111.0)
  Downloading rich_toolkit-0.20.1-py3-none-any.whl.metadata (1.0 kB)
Requirement already satisfied: certifi in .\env\Lib\site-packages (from httpx>=0.23.0->fastapi==0.111.0) (2026.5.20)
Requirement already satisfied: httpcore==1.* in .\env\Lib\site-packages (from httpx>=0.23.0->fastapi==0.111.0) (1.0.9)
Requirement already satisfied: h11>=0.16 in .\env\Lib\site-packages (from httpcore==1.*->httpx>=0.23.0->fastapi==0.111.0) (0.16.0)
Requirement already satisfied: MarkupSafe>=2.0 in .\env\Lib\site-packages (from jinja2>=2.11.2->fastapi==0.111.0) (2.1.5)
Requirement already satisfied: click>=8.1.7 in .\env\Lib\site-packages (from rich-toolkit>=0.14.8->fastapi-cli>=0.0.2->fastapi==0.111.0) (8.4.1)
Requirement already satisfied: rich>=13.7.1 in .\env\Lib\site-packages (from rich-toolkit>=0.14.8->fastapi-cli>=0.0.2->fastapi==0.111.0) (15.0.0)
Requirement already satisfied: colorama in .\env\Lib\site-packages (from click>=8.1.7->rich-toolkit>=0.14.8->fastapi-cli>=0.0.2->fastapi==0.111.0) (0.4.6)
Requirement already satisfied: markdown-it-py>=2.2.0 in .\env\Lib\site-packages (from rich>=13.7.1->rich-toolkit>=0.14.8->fastapi-cli>=0.0.2->fastapi==0.111.0) (4.2.0)
Requirement already satisfied: pygments<3.0.0,>=2.13.0 in .\env\Lib\site-packages (from rich>=13.7.1->rich-toolkit>=0.14.8->fastapi-cli>=0.0.2->fastapi==0.111.0) (2.20.0)
Requirement already satisfied: mdurl~=0.1 in .\env\Lib\site-packages (from markdown-it-py>=2.2.0->rich>=13.7.1->rich-toolkit>=0.14.8->fastapi-cli>=0.0.2->fastapi==0.111.0) (0.1.2)
Requirement already satisfied: shellingham>=1.3.0 in .\env\Lib\site-packages (from typer>=0.16.0->fastapi-cli>=0.0.2->fastapi==0.111.0) (1.5.4)
Requirement already satisfied: annotated-doc>=0.0.2 in .\env\Lib\site-packages (from typer>=0.16.0->fastapi-cli>=0.0.2->fastapi==0.111.0) (0.0.4)
Collecting httptools>=0.8.0 (from uvicorn[standard]>=0.12.0->fastapi==0.111.0)
  Downloading httptools-0.8.0-cp312-cp312-win_amd64.whl.metadata (3.7 kB)
Collecting python-dotenv>=0.13 (from uvicorn[standard]>=0.12.0->fastapi==0.111.0)
  Using cached python_dotenv-1.2.2-py3-none-any.whl.metadata (27 kB)
Requirement already satisfied: pyyaml>=5.1 in .\env\Lib\site-packages (from uvicorn[standard]>=0.12.0->fastapi==0.111.0) (6.0.3)
Collecting watchfiles>=0.20 (from uvicorn[standard]>=0.12.0->fastapi==0.111.0)
  Downloading watchfiles-1.2.0-cp312-cp312-win_amd64.whl.metadata (5.0 kB)
Requirement already satisfied: websockets>=10.4 in .\env\Lib\site-packages (from uvicorn[standard]>=0.12.0->fastapi==0.111.0) (12.0)
Downloading fastapi-0.111.0-py3-none-any.whl (91 kB)
Downloading starlette-0.37.2-py3-none-any.whl (71 kB)
Downloading email_validator-2.3.0-py3-none-any.whl (35 kB)
Downloading dnspython-2.8.0-py3-none-any.whl (331 kB)
Downloading fastapi_cli-0.0.24-py3-none-any.whl (12 kB)
Downloading rich_toolkit-0.20.1-py3-none-any.whl (35 kB)
Downloading ujson-5.12.1-cp312-cp312-win_amd64.whl (45 kB)
Downloading httptools-0.8.0-cp312-cp312-win_amd64.whl (90 kB)
Using cached python_dotenv-1.2.2-py3-none-any.whl (22 kB)
Downloading watchfiles-1.2.0-cp312-cp312-win_amd64.whl (288 kB)
Installing collected packages: ujson, python-dotenv, httptools, dnspython, watchfiles, starlette, email_validator, rich-toolkit, fastapi-cli, fastapi
  Attempting uninstall: starlette
    Found existing installation: starlette 1.2.1
    Uninstalling starlette-1.2.1:
      Successfully uninstalled starlette-1.2.1
  Attempting uninstall: fastapi
    Found existing installation: fastapi 0.136.3
    Uninstalling fastapi-0.136.3:
      Successfully uninstalled fastapi-0.136.3

Successfully installed dnspython-2.8.0 email_validator-2.3.0 fastapi-0.111.0 fastapi-cli-0.0.24 httptools-0.8.0 python-dotenv-1.2.2 rich-toolkit-0.20.1 starlette-0.37.2 ujson-5.12.1 watchfiles-1.2.0

[notice] A new release of pip is available: 26.0.1 -> 26.1.2
[notice] To update, run: C:\just-dub-it2\env\Scripts\python.exe -m pip install --upgrade pip
