
[1/4] Killing lingering FFmpeg workers...
[2/4] Waiting for process handles to release...
[3/4] Freeing port 7860...
[3/3] Starting just-dub-it2 Dashboard...

➔ Local URL: http://127.0.0.1:7860
➔ Network URL: Exposed on LAN (0.0.0.0)

[4/4] Starting FaceSwap Dedicated Worker...
2026-06-09 00:23:38,432 | INFO | FS_WORKER | FaceSwap Worker initialized. Polling for jobs...
Disabling PyTorch because PyTorch >= 2.4 is required but found 2.3.1+cu121
PyTorch was not found. Models won't be available and only tokenizers, configuration and file/data utilities can be used.
2026-06-09 00:23:46,749 | INFO | BOOT | >>> BOOTSTRAP: PROVISIONAL ENVIRONMENT LOCK ACTIVE <<
2026-06-09 00:23:49,957 | INFO | httpx | HTTP Request: GET https://api.gradio.app/gradio-messaging/en "HTTP/1.1 200 OK"
Traceback (most recent call last):
  File "C:\just-dub-it2\app\main_ui.py", line 16, in <module>
    import gradio as gr
  File "C:\just-dub-it2\env\Lib\site-packages\gradio\__init__.py", line 115, in <module>
    from gradio.cli import deploy
  File "C:\just-dub-it2\env\Lib\site-packages\gradio\cli\__init__.py", line 1, in <module>
    from .cli import cli, deploy
  File "C:\just-dub-it2\env\Lib\site-packages\gradio\cli\cli.py", line 4, in <module>
    from gradio_client.cli import deploy_discord  # type: ignore
    ^^^^^^^^^^^^^^^^^^^^^^^^^^^^^^^^^^^^^^^^^^^^
ModuleNotFoundError: No module named 'gradio_client.cli'

[CRASH] The application exited with an error.
Press any key to continue . . . 