Collecting gradio_client==1.3.0
  Using cached gradio_client-1.3.0-py3-none-any.whl.metadata (7.1 kB)
Collecting gradio==4.44.0
  Using cached gradio-4.44.0-py3-none-any.whl.metadata (15 kB)
Collecting fsspec (from gradio_client==1.3.0)
  Downloading fsspec-2026.4.0-py3-none-any.whl.metadata (10 kB)
Collecting httpx>=0.24.1 (from gradio_client==1.3.0)
  Using cached httpx-0.28.1-py3-none-any.whl.metadata (7.1 kB)
Collecting huggingface-hub>=0.19.3 (from gradio_client==1.3.0)
  Downloading huggingface_hub-1.18.0-py3-none-any.whl.metadata (14 kB)
Collecting packaging (from gradio_client==1.3.0)
  Downloading packaging-26.2-py3-none-any.whl.metadata (3.5 kB)
Collecting typing-extensions~=4.0 (from gradio_client==1.3.0)
  Using cached typing_extensions-4.15.0-py3-none-any.whl.metadata (3.3 kB)
Collecting websockets<13.0,>=10.0 (from gradio_client==1.3.0)
  Using cached websockets-12.0-cp312-cp312-win_amd64.whl.metadata (6.8 kB)
Collecting aiofiles<24.0,>=22.0 (from gradio==4.44.0)
  Using cached aiofiles-23.2.1-py3-none-any.whl.metadata (9.7 kB)
Collecting anyio<5.0,>=3.0 (from gradio==4.44.0)
  Using cached anyio-4.13.0-py3-none-any.whl.metadata (4.5 kB)
Collecting fastapi<1.0 (from gradio==4.44.0)
  Downloading fastapi-0.136.3-py3-none-any.whl.metadata (27 kB)
Collecting ffmpy (from gradio==4.44.0)
  Using cached ffmpy-1.0.0-py3-none-any.whl.metadata (3.0 kB)
Collecting importlib-resources<7.0,>=1.3 (from gradio==4.44.0)
  Using cached importlib_resources-6.5.2-py3-none-any.whl.metadata (3.9 kB)
Collecting jinja2<4.0 (from gradio==4.44.0)
  Using cached jinja2-3.1.6-py3-none-any.whl.metadata (2.9 kB)
Collecting markupsafe~=2.0 (from gradio==4.44.0)
  Using cached MarkupSafe-2.1.5-cp312-cp312-win_amd64.whl.metadata (3.1 kB)
Collecting matplotlib~=3.0 (from gradio==4.44.0)
  Downloading matplotlib-3.10.9-cp312-cp312-win_amd64.whl.metadata (52 kB)
Collecting numpy<3.0,>=1.0 (from gradio==4.44.0)
  Downloading numpy-2.4.6-cp312-cp312-win_amd64.whl.metadata (6.6 kB)
Collecting orjson~=3.0 (from gradio==4.44.0)
  Downloading orjson-3.11.9-cp312-cp312-win_amd64.whl.metadata (43 kB)
Collecting pandas<3.0,>=1.0 (from gradio==4.44.0)
  Using cached pandas-2.3.3-cp312-cp312-win_amd64.whl.metadata (19 kB)
Collecting pillow<11.0,>=8.0 (from gradio==4.44.0)
  Using cached pillow-10.4.0-cp312-cp312-win_amd64.whl.metadata (9.3 kB)
Collecting pydantic>=2.0 (from gradio==4.44.0)
  Using cached pydantic-2.13.4-py3-none-any.whl.metadata (109 kB)
Collecting pydub (from gradio==4.44.0)
  Using cached pydub-0.25.1-py2.py3-none-any.whl.metadata (1.4 kB)
Collecting python-multipart>=0.0.9 (from gradio==4.44.0)
  Downloading python_multipart-0.0.32-py3-none-any.whl.metadata (2.1 kB)
Collecting pyyaml<7.0,>=5.0 (from gradio==4.44.0)
  Using cached pyyaml-6.0.3-cp312-cp312-win_amd64.whl.metadata (2.4 kB)
Collecting ruff>=0.2.2 (from gradio==4.44.0)
  Downloading ruff-0.15.16-py3-none-win_amd64.whl.metadata (27 kB)
Collecting semantic-version~=2.0 (from gradio==4.44.0)
  Using cached semantic_version-2.10.0-py2.py3-none-any.whl.metadata (9.7 kB)
Collecting tomlkit==0.12.0 (from gradio==4.44.0)
  Using cached tomlkit-0.12.0-py3-none-any.whl.metadata (2.7 kB)
Collecting typer<1.0,>=0.12 (from gradio==4.44.0)
  Downloading typer-0.26.7-py3-none-any.whl.metadata (16 kB)
Collecting urllib3~=2.0 (from gradio==4.44.0)
  Downloading urllib3-2.7.0-py3-none-any.whl.metadata (6.9 kB)
Collecting uvicorn>=0.14.0 (from gradio==4.44.0)
  Downloading uvicorn-0.49.0-py3-none-any.whl.metadata (6.7 kB)
Collecting idna>=2.8 (from anyio<5.0,>=3.0->gradio==4.44.0)
  Downloading idna-3.18-py3-none-any.whl.metadata (6.1 kB)
Collecting starlette>=0.46.0 (from fastapi<1.0->gradio==4.44.0)
  Downloading starlette-1.2.1-py3-none-any.whl.metadata (6.3 kB)
Collecting typing-inspection>=0.4.2 (from fastapi<1.0->gradio==4.44.0)
  Using cached typing_inspection-0.4.2-py3-none-any.whl.metadata (2.6 kB)
Collecting annotated-doc>=0.0.2 (from fastapi<1.0->gradio==4.44.0)
  Using cached annotated_doc-0.0.4-py3-none-any.whl.metadata (6.6 kB)
Collecting contourpy>=1.0.1 (from matplotlib~=3.0->gradio==4.44.0)
  Using cached contourpy-1.3.3-cp312-cp312-win_amd64.whl.metadata (5.5 kB)
Collecting cycler>=0.10 (from matplotlib~=3.0->gradio==4.44.0)
  Using cached cycler-0.12.1-py3-none-any.whl.metadata (3.8 kB)
Collecting fonttools>=4.22.0 (from matplotlib~=3.0->gradio==4.44.0)
  Downloading fonttools-4.63.0-cp312-cp312-win_amd64.whl.metadata (121 kB)
Collecting kiwisolver>=1.3.1 (from matplotlib~=3.0->gradio==4.44.0)
  Using cached kiwisolver-1.5.0-cp312-cp312-win_amd64.whl.metadata (5.2 kB)
Collecting pyparsing>=3 (from matplotlib~=3.0->gradio==4.44.0)
  Using cached pyparsing-3.3.2-py3-none-any.whl.metadata (5.8 kB)
Collecting python-dateutil>=2.7 (from matplotlib~=3.0->gradio==4.44.0)
  Using cached python_dateutil-2.9.0.post0-py2.py3-none-any.whl.metadata (8.4 kB)
Collecting pytz>=2020.1 (from pandas<3.0,>=1.0->gradio==4.44.0)
  Downloading pytz-2026.2-py2.py3-none-any.whl.metadata (22 kB)
Collecting tzdata>=2022.7 (from pandas<3.0,>=1.0->gradio==4.44.0)
  Downloading tzdata-2026.2-py2.py3-none-any.whl.metadata (1.4 kB)
Collecting shellingham>=1.3.0 (from typer<1.0,>=0.12->gradio==4.44.0)
  Using cached shellingham-1.5.4-py2.py3-none-any.whl.metadata (3.5 kB)
Collecting rich>=13.8.0 (from typer<1.0,>=0.12->gradio==4.44.0)
  Downloading rich-15.0.0-py3-none-any.whl.metadata (18 kB)
Collecting colorama (from typer<1.0,>=0.12->gradio==4.44.0)
  Using cached colorama-0.4.6-py2.py3-none-any.whl.metadata (17 kB)
Collecting certifi (from httpx>=0.24.1->gradio_client==1.3.0)
  Downloading certifi-2026.5.20-py3-none-any.whl.metadata (2.5 kB)
Collecting httpcore==1.* (from httpx>=0.24.1->gradio_client==1.3.0)
  Using cached httpcore-1.0.9-py3-none-any.whl.metadata (21 kB)
Collecting h11>=0.16 (from httpcore==1.*->httpx>=0.24.1->gradio_client==1.3.0)
  Using cached h11-0.16.0-py3-none-any.whl.metadata (8.3 kB)
Collecting click>=8.4.0 (from huggingface-hub>=0.19.3->gradio_client==1.3.0)
  Downloading click-8.4.1-py3-none-any.whl.metadata (2.6 kB)
Collecting filelock>=3.10.0 (from huggingface-hub>=0.19.3->gradio_client==1.3.0)
  Downloading filelock-3.29.1-py3-none-any.whl.metadata (2.0 kB)
Collecting hf-xet<2.0.0,>=1.4.3 (from huggingface-hub>=0.19.3->gradio_client==1.3.0)
  Downloading hf_xet-1.5.0-cp37-abi3-win_amd64.whl.metadata (4.9 kB)
Collecting tqdm>=4.42.1 (from huggingface-hub>=0.19.3->gradio_client==1.3.0)
  Downloading tqdm-4.68.1-py3-none-any.whl.metadata (57 kB)
Collecting typer<1.0,>=0.12 (from gradio==4.44.0)
  Downloading typer-0.25.1-py3-none-any.whl.metadata (15 kB)
Collecting annotated-types>=0.6.0 (from pydantic>=2.0->gradio==4.44.0)
  Using cached annotated_types-0.7.0-py3-none-any.whl.metadata (15 kB)
Collecting pydantic-core==2.46.4 (from pydantic>=2.0->gradio==4.44.0)
  Using cached pydantic_core-2.46.4-cp312-cp312-win_amd64.whl.metadata (6.7 kB)
Collecting six>=1.5 (from python-dateutil>=2.7->matplotlib~=3.0->gradio==4.44.0)
  Using cached six-1.17.0-py2.py3-none-any.whl.metadata (1.7 kB)
Collecting markdown-it-py>=2.2.0 (from rich>=13.8.0->typer<1.0,>=0.12->gradio==4.44.0)
  Downloading markdown_it_py-4.2.0-py3-none-any.whl.metadata (7.4 kB)
Collecting pygments<3.0.0,>=2.13.0 (from rich>=13.8.0->typer<1.0,>=0.12->gradio==4.44.0)
  Using cached pygments-2.20.0-py3-none-any.whl.metadata (2.5 kB)
Collecting mdurl~=0.1 (from markdown-it-py>=2.2.0->rich>=13.8.0->typer<1.0,>=0.12->gradio==4.44.0)
  Using cached mdurl-0.1.2-py3-none-any.whl.metadata (1.6 kB)
Using cached gradio_client-1.3.0-py3-none-any.whl (318 kB)
Using cached gradio-4.44.0-py3-none-any.whl (18.1 MB)
Using cached tomlkit-0.12.0-py3-none-any.whl (37 kB)
Using cached aiofiles-23.2.1-py3-none-any.whl (15 kB)
Using cached anyio-4.13.0-py3-none-any.whl (114 kB)
Downloading fastapi-0.136.3-py3-none-any.whl (117 kB)
Using cached importlib_resources-6.5.2-py3-none-any.whl (37 kB)
Using cached jinja2-3.1.6-py3-none-any.whl (134 kB)
Using cached MarkupSafe-2.1.5-cp312-cp312-win_amd64.whl (17 kB)
Downloading matplotlib-3.10.9-cp312-cp312-win_amd64.whl (8.2 MB)
   ---------------------------------------- 8.2/8.2 MB 1.7 MB/s  0:00:04
Downloading numpy-2.4.6-cp312-cp312-win_amd64.whl (12.3 MB)
   ---------------------------------------- 12.3/12.3 MB 1.5 MB/s  0:00:08
Downloading orjson-3.11.9-cp312-cp312-win_amd64.whl (127 kB)
Using cached pandas-2.3.3-cp312-cp312-win_amd64.whl (11.0 MB)
Using cached pillow-10.4.0-cp312-cp312-win_amd64.whl (2.6 MB)
Using cached pyyaml-6.0.3-cp312-cp312-win_amd64.whl (154 kB)
Using cached semantic_version-2.10.0-py2.py3-none-any.whl (15 kB)
Using cached typing_extensions-4.15.0-py3-none-any.whl (44 kB)
Downloading urllib3-2.7.0-py3-none-any.whl (131 kB)
Using cached websockets-12.0-cp312-cp312-win_amd64.whl (124 kB)
Using cached annotated_doc-0.0.4-py3-none-any.whl (5.3 kB)
Using cached contourpy-1.3.3-cp312-cp312-win_amd64.whl (226 kB)
Using cached cycler-0.12.1-py3-none-any.whl (8.3 kB)
Downloading fonttools-4.63.0-cp312-cp312-win_amd64.whl (2.3 MB)
   ---------------------------------------- 2.3/2.3 MB 1.9 MB/s  0:00:01
Using cached httpx-0.28.1-py3-none-any.whl (73 kB)
Using cached httpcore-1.0.9-py3-none-any.whl (78 kB)
Using cached h11-0.16.0-py3-none-any.whl (37 kB)
Downloading huggingface_hub-1.18.0-py3-none-any.whl (684 kB)
   ---------------------------------------- 684.4/684.4 kB 1.8 MB/s  0:00:00
Downloading hf_xet-1.5.0-cp37-abi3-win_amd64.whl (4.0 MB)
   ---------------------------------------- 4.0/4.0 MB 1.7 MB/s  0:00:02
Downloading typer-0.25.1-py3-none-any.whl (58 kB)
Downloading click-8.4.1-py3-none-any.whl (116 kB)
Downloading filelock-3.29.1-py3-none-any.whl (40 kB)
Downloading fsspec-2026.4.0-py3-none-any.whl (203 kB)
Downloading idna-3.18-py3-none-any.whl (65 kB)
Using cached kiwisolver-1.5.0-cp312-cp312-win_amd64.whl (73 kB)
Downloading packaging-26.2-py3-none-any.whl (100 kB)
Using cached pydantic-2.13.4-py3-none-any.whl (472 kB)
Using cached pydantic_core-2.46.4-cp312-cp312-win_amd64.whl (2.1 MB)
Using cached annotated_types-0.7.0-py3-none-any.whl (13 kB)
Using cached pyparsing-3.3.2-py3-none-any.whl (122 kB)
Using cached python_dateutil-2.9.0.post0-py2.py3-none-any.whl (229 kB)
Downloading python_multipart-0.0.32-py3-none-any.whl (30 kB)
Downloading pytz-2026.2-py2.py3-none-any.whl (510 kB)
Downloading rich-15.0.0-py3-none-any.whl (310 kB)
Using cached pygments-2.20.0-py3-none-any.whl (1.2 MB)
Downloading markdown_it_py-4.2.0-py3-none-any.whl (91 kB)
Using cached mdurl-0.1.2-py3-none-any.whl (10.0 kB)
Downloading ruff-0.15.16-py3-none-win_amd64.whl (11.8 MB)
   ---------------------------------------- 11.8/11.8 MB 1.7 MB/s  0:00:07
Using cached shellingham-1.5.4-py2.py3-none-any.whl (9.8 kB)
Using cached six-1.17.0-py2.py3-none-any.whl (11 kB)
Downloading starlette-1.2.1-py3-none-any.whl (73 kB)
Downloading tqdm-4.68.1-py3-none-any.whl (78 kB)
Using cached typing_inspection-0.4.2-py3-none-any.whl (14 kB)
Downloading tzdata-2026.2-py2.py3-none-any.whl (349 kB)
Downloading uvicorn-0.49.0-py3-none-any.whl (71 kB)
Downloading certifi-2026.5.20-py3-none-any.whl (134 kB)
Using cached colorama-0.4.6-py2.py3-none-any.whl (25 kB)
Using cached ffmpy-1.0.0-py3-none-any.whl (5.6 kB)
Using cached pydub-0.25.1-py2.py3-none-any.whl (32 kB)
Installing collected packages: pytz, pydub, websockets, urllib3, tzdata, typing-extensions, tomlkit, six, shellingham, semantic-version, ruff, pyyaml, python-multipart, pyparsing, pygments, pillow, packaging, orjson, numpy, mdurl, markupsafe, kiwisolver, importlib-resources, idna, hf-xet, h11, fsspec, fonttools, filelock, ffmpy, cycler, colorama, certifi, annotated-types, annotated-doc, aiofiles, typing-inspection, tqdm, python-dateutil, pydantic-core, markdown-it-py, jinja2, httpcore, contourpy, click, anyio, uvicorn, starlette, rich, pydantic, pandas, matplotlib, httpx, typer, fastapi, huggingface-hub, gradio_client, gradio
  Attempting uninstall: pytz
    Found existing installation: pytz 2023.4
    Uninstalling pytz-2023.4:
      Successfully uninstalled pytz-2023.4
  Attempting uninstall: pydub
    Found existing installation: pydub 0.25.1
    Uninstalling pydub-0.25.1:
      Successfully uninstalled pydub-0.25.1
  Attempting uninstall: websockets
    Found existing installation: websockets 12.0
    Uninstalling websockets-12.0:
      Successfully uninstalled websockets-12.0
  Attempting uninstall: urllib3
    Found existing installation: urllib3 2.6.3
    Uninstalling urllib3-2.6.3:
      Successfully uninstalled urllib3-2.6.3
  Attempting uninstall: tzdata
    Found existing installation: tzdata 2026.1
    Uninstalling tzdata-2026.1:
      Successfully uninstalled tzdata-2026.1
  Attempting uninstall: typing-extensions
    Found existing installation: typing_extensions 4.15.0
    Uninstalling typing_extensions-4.15.0:
      Successfully uninstalled typing_extensions-4.15.0
  Attempting uninstall: tomlkit
    Found existing installation: tomlkit 0.12.0
    Uninstalling tomlkit-0.12.0:
      Successfully uninstalled tomlkit-0.12.0
  Attempting uninstall: six
    Found existing installation: six 1.17.0
    Uninstalling six-1.17.0:
      Successfully uninstalled six-1.17.0
  Attempting uninstall: shellingham
    Found existing installation: shellingham 1.5.4
    Uninstalling shellingham-1.5.4:
      Successfully uninstalled shellingham-1.5.4
  Attempting uninstall: semantic-version
    Found existing installation: semantic-version 2.10.0
    Uninstalling semantic-version-2.10.0:
      Successfully uninstalled semantic-version-2.10.0
  Attempting uninstall: ruff
    Found existing installation: ruff 0.15.9
    Uninstalling ruff-0.15.9:
      Successfully uninstalled ruff-0.15.9
  Attempting uninstall: pyyaml
    Found existing installation: PyYAML 6.0.3
    Uninstalling PyYAML-6.0.3:
      Successfully uninstalled PyYAML-6.0.3
  Attempting uninstall: python-multipart
    Found existing installation: python-multipart 0.0.24
    Uninstalling python-multipart-0.0.24:
      Successfully uninstalled python-multipart-0.0.24
  Attempting uninstall: pyparsing
    Found existing installation: pyparsing 3.3.2
    Uninstalling pyparsing-3.3.2:
      Successfully uninstalled pyparsing-3.3.2
  Attempting uninstall: pygments
    Found existing installation: Pygments 2.20.0
    Uninstalling Pygments-2.20.0:
      Successfully uninstalled Pygments-2.20.0
  Attempting uninstall: pillow
    Found existing installation: pillow 10.4.0
    Uninstalling pillow-10.4.0:
      Successfully uninstalled pillow-10.4.0
  Attempting uninstall: packaging
    Found existing installation: packaging 24.2
    Uninstalling packaging-24.2:
      Successfully uninstalled packaging-24.2
  Attempting uninstall: orjson
    Found existing installation: orjson 3.11.8
    Uninstalling orjson-3.11.8:
      Successfully uninstalled orjson-3.11.8
  Attempting uninstall: numpy
    Found existing installation: numpy 1.26.4
    Uninstalling numpy-1.26.4:
      Successfully uninstalled numpy-1.26.4
  WARNING: Failed to remove contents in a temporary directory 'C:\just-dub-it2\env\Lib\site-packages\~umpy.libs'.
  You can safely remove it manually.
  WARNING: Failed to remove contents in a temporary directory 'C:\just-dub-it2\env\Lib\site-packages\~umpy'.
  You can safely remove it manually.
  Attempting uninstall: mdurl
    Found existing installation: mdurl 0.1.2
    Uninstalling mdurl-0.1.2:
      Successfully uninstalled mdurl-0.1.2
  Attempting uninstall: markupsafe
    Found existing installation: MarkupSafe 3.0.3
    Uninstalling MarkupSafe-3.0.3:
      Successfully uninstalled MarkupSafe-3.0.3
  Attempting uninstall: kiwisolver
    Found existing installation: kiwisolver 1.5.0
    Uninstalling kiwisolver-1.5.0:
      Successfully uninstalled kiwisolver-1.5.0
  Attempting uninstall: importlib-resources
    Found existing installation: importlib_resources 6.5.2
    Uninstalling importlib_resources-6.5.2:
      Successfully uninstalled importlib_resources-6.5.2
  Attempting uninstall: idna
    Found existing installation: idna 3.11
    Uninstalling idna-3.11:
      Successfully uninstalled idna-3.11
  Attempting uninstall: hf-xet
    Found existing installation: hf-xet 1.4.3
    Uninstalling hf-xet-1.4.3:
      Successfully uninstalled hf-xet-1.4.3
  Attempting uninstall: h11
    Found existing installation: h11 0.16.0
    Uninstalling h11-0.16.0:
      Successfully uninstalled h11-0.16.0
  Attempting uninstall: fsspec
    Found existing installation: fsspec 2026.2.0
    Uninstalling fsspec-2026.2.0:
      Successfully uninstalled fsspec-2026.2.0
  Attempting uninstall: fonttools
    Found existing installation: fonttools 4.62.1
    Uninstalling fonttools-4.62.1:
      Successfully uninstalled fonttools-4.62.1
  Attempting uninstall: filelock
    Found existing installation: filelock 3.29.0
    Uninstalling filelock-3.29.0:
      Successfully uninstalled filelock-3.29.0
  Attempting uninstall: ffmpy
    Found existing installation: ffmpy 1.0.0
    Uninstalling ffmpy-1.0.0:
      Successfully uninstalled ffmpy-1.0.0
  Attempting uninstall: cycler
    Found existing installation: cycler 0.12.1
    Uninstalling cycler-0.12.1:
      Successfully uninstalled cycler-0.12.1
  Attempting uninstall: colorama
    Found existing installation: colorama 0.4.6
    Uninstalling colorama-0.4.6:
      Successfully uninstalled colorama-0.4.6
  Attempting uninstall: certifi
    Found existing installation: certifi 2026.2.25
    Uninstalling certifi-2026.2.25:
      Successfully uninstalled certifi-2026.2.25
  Attempting uninstall: annotated-types
    Found existing installation: annotated-types 0.7.0
    Uninstalling annotated-types-0.7.0:
      Successfully uninstalled annotated-types-0.7.0
  Attempting uninstall: annotated-doc
    Found existing installation: annotated-doc 0.0.4
    Uninstalling annotated-doc-0.0.4:
      Successfully uninstalled annotated-doc-0.0.4
  Attempting uninstall: aiofiles
    Found existing installation: aiofiles 23.2.1
    Uninstalling aiofiles-23.2.1:
      Successfully uninstalled aiofiles-23.2.1
  Attempting uninstall: typing-inspection
    Found existing installation: typing-inspection 0.4.2
    Uninstalling typing-inspection-0.4.2:
      Successfully uninstalled typing-inspection-0.4.2
  Attempting uninstall: tqdm
    Found existing installation: tqdm 4.67.3
    Uninstalling tqdm-4.67.3:
      Successfully uninstalled tqdm-4.67.3
  Attempting uninstall: python-dateutil
    Found existing installation: python-dateutil 2.9.0.post0
    Uninstalling python-dateutil-2.9.0.post0:
      Successfully uninstalled python-dateutil-2.9.0.post0
  Attempting uninstall: pydantic-core
    Found existing installation: pydantic_core 2.41.5
    Uninstalling pydantic_core-2.41.5:
      Successfully uninstalled pydantic_core-2.41.5
  Attempting uninstall: markdown-it-py
    Found existing installation: markdown-it-py 4.0.0
    Uninstalling markdown-it-py-4.0.0:
      Successfully uninstalled markdown-it-py-4.0.0
  Attempting uninstall: jinja2
    Found existing installation: Jinja2 3.1.6
    Uninstalling Jinja2-3.1.6:
      Successfully uninstalled Jinja2-3.1.6
  Attempting uninstall: httpcore
    Found existing installation: httpcore 1.0.9
    Uninstalling httpcore-1.0.9:
      Successfully uninstalled httpcore-1.0.9
  Attempting uninstall: contourpy
    Found existing installation: contourpy 1.3.3
    Uninstalling contourpy-1.3.3:
      Successfully uninstalled contourpy-1.3.3
  Attempting uninstall: click
    Found existing installation: click 8.3.2
    Uninstalling click-8.3.2:
      Successfully uninstalled click-8.3.2
  Attempting uninstall: anyio
    Found existing installation: anyio 4.13.0
    Uninstalling anyio-4.13.0:
      Successfully uninstalled anyio-4.13.0
  Attempting uninstall: uvicorn
    Found existing installation: uvicorn 0.44.0
    Uninstalling uvicorn-0.44.0:
      Successfully uninstalled uvicorn-0.44.0
  Attempting uninstall: starlette
    Found existing installation: starlette 1.0.0
    Uninstalling starlette-1.0.0:
      Successfully uninstalled starlette-1.0.0
  Attempting uninstall: rich
    Found existing installation: rich 13.4.2
    Uninstalling rich-13.4.2:
      Successfully uninstalled rich-13.4.2
  Attempting uninstall: pydantic
    Found existing installation: pydantic 2.12.5
    Uninstalling pydantic-2.12.5:
      Successfully uninstalled pydantic-2.12.5
  Attempting uninstall: pandas
    Found existing installation: pandas 2.3.3
    Uninstalling pandas-2.3.3:
      Successfully uninstalled pandas-2.3.3
  Attempting uninstall: matplotlib
    Found existing installation: matplotlib 3.10.8
    Uninstalling matplotlib-3.10.8:
      Successfully uninstalled matplotlib-3.10.8
  Attempting uninstall: httpx
    Found existing installation: httpx 0.28.1
    Uninstalling httpx-0.28.1:
      Successfully uninstalled httpx-0.28.1
  Attempting uninstall: typer
    Found existing installation: typer 0.24.1
    Uninstalling typer-0.24.1:
      Successfully uninstalled typer-0.24.1
  Attempting uninstall: fastapi
    Found existing installation: fastapi 0.135.3
    Uninstalling fastapi-0.135.3:
      Successfully uninstalled fastapi-0.135.3
  Attempting uninstall: huggingface-hub
    Found existing installation: huggingface_hub 1.11.0
    Uninstalling huggingface_hub-1.11.0:
      Successfully uninstalled huggingface_hub-1.11.0
  Attempting uninstall: gradio_client
    Found existing installation: gradio_client 2.4.0
    Uninstalling gradio_client-2.4.0:
      Successfully uninstalled gradio_client-2.4.0
  Attempting uninstall: gradio
    Found existing installation: gradio 4.44.0
    Uninstalling gradio-4.44.0:
      Successfully uninstalled gradio-4.44.0

ERROR: pip's dependency resolver does not currently take into account all the packages that are installed. This behaviour is the source of the following dependency conflicts.
faster-whisper 1.0.3 requires onnxruntime<2,>=1.14, which is not installed.
insightface 1.0.1 requires onnxruntime, which is not installed.
hf-gradio 0.3.0 requires gradio-client<3.0,>=2.0, but you have gradio-client 1.3.0 which is incompatible.
openxlab 0.1.3 requires filelock~=3.14.0, but you have filelock 3.29.1 which is incompatible.
openxlab 0.1.3 requires packaging~=24.0, but you have packaging 26.2 which is incompatible.
openxlab 0.1.3 requires pytz~=2023.3, but you have pytz 2026.2 which is incompatible.
openxlab 0.1.3 requires requests~=2.28.2, but you have requests 2.31.0 which is incompatible.
openxlab 0.1.3 requires rich~=13.4.2, but you have rich 15.0.0 which is incompatible.
openxlab 0.1.3 requires setuptools~=60.2.0, but you have setuptools 69.5.1 which is incompatible.
openxlab 0.1.3 requires tqdm~=4.65.0, but you have tqdm 4.68.1 which is incompatible.
pyannote-metrics 4.0.0 requires scipy>=1.15.1, but you have scipy 1.13.0 which is incompatible.
scipy 1.13.0 requires numpy<2.3,>=1.22.4, but you have numpy 2.4.6 which is incompatible.
Successfully installed aiofiles-23.2.1 annotated-doc-0.0.4 annotated-types-0.7.0 anyio-4.13.0 certifi-2026.5.20 click-8.4.1 colorama-0.4.6 contourpy-1.3.3 cycler-0.12.1 fastapi-0.136.3 ffmpy-1.0.0 filelock-3.29.1 fonttools-4.63.0 fsspec-2026.4.0 gradio-4.44.0 gradio_client-1.3.0 h11-0.16.0 hf-xet-1.5.0 httpcore-1.0.9 httpx-0.28.1 huggingface-hub-1.18.0 idna-3.18 importlib-resources-6.5.2 jinja2-3.1.6 kiwisolver-1.5.0 markdown-it-py-4.2.0 markupsafe-2.1.5 matplotlib-3.10.9 mdurl-0.1.2 numpy-2.4.6 orjson-3.11.9 packaging-26.2 pandas-2.3.3 pillow-10.4.0 pydantic-2.13.4 pydantic-core-2.46.4 pydub-0.25.1 pygments-2.20.0 pyparsing-3.3.2 python-dateutil-2.9.0.post0 python-multipart-0.0.32 pytz-2026.2 pyyaml-6.0.3 rich-15.0.0 ruff-0.15.16 semantic-version-2.10.0 shellingham-1.5.4 six-1.17.0 starlette-1.2.1 tomlkit-0.12.0 tqdm-4.68.1 typer-0.25.1 typing-extensions-4.15.0 typing-inspection-0.4.2 tzdata-2026.2 urllib3-2.7.0 uvicorn-0.49.0 websockets-12.0

[notice] A new release of pip is available: 26.0.1 -> 26.1.2
[notice] To update, run: C:\just-dub-it2\env\Scripts\python.exe -m pip install --upgrade pip
