
[1/4] Killing lingering FFmpeg workers...
[2/4] Waiting for process handles to release...
[3/4] Freeing port 7860...
[3/3] Starting just-dub-it2 Dashboard...

➔ Local URL: http://127.0.0.1:7860
➔ Network URL: Exposed on LAN (0.0.0.0)

[4/4] Starting FaceSwap Dedicated Worker...
2026-06-09 01:05:27,809 | INFO | FS_WORKER | FaceSwap Worker initialized. Polling for jobs...
2026-06-09 01:05:34,059 | INFO | BOOT | >>> BOOTSTRAP: PROVISIONAL ENVIRONMENT LOCK ACTIVE <<
2026-06-09 01:05:37,107 | INFO | httpx | HTTP Request: GET https://api.gradio.app/gradio-messaging/en "HTTP/1.1 200 OK"
2026-06-09 01:05:38,119 | INFO | PIPE | [PIPEWORKER] Background Thread Online.
2026-06-09 01:05:38,120 | INFO | PIPE | PipelineManager initialized. Worker thread active.
Running on local URL:  http://0.0.0.0:7860
2026-06-09 01:05:39,907 | INFO | httpx | HTTP Request: GET http://localhost:7860/startup-events "HTTP/1.1 200 OK"
ERROR:    Exception in ASGI application
Traceback (most recent call last):
  File "C:\just-dub-it2\env\Lib\site-packages\uvicorn\protocols\http\h11_impl.py", line 415, in run_asgi
    result = await app(  # type: ignore[func-returns-value]
             ^^^^^^^^^^^^^^^^^^^^^^^^^^^^^^^^^^^^^^^^^^^^^^
  File "C:\just-dub-it2\env\Lib\site-packages\uvicorn\middleware\proxy_headers.py", line 62, in __call__
    return await self.app(scope, receive, send)
           ^^^^^^^^^^^^^^^^^^^^^^^^^^^^^^^^^^^^
  File "C:\just-dub-it2\env\Lib\site-packages\fastapi\applications.py", line 1159, in __call__
    await super().__call__(scope, receive, send)
  File "C:\just-dub-it2\env\Lib\site-packages\starlette\applications.py", line 90, in __call__
    await self.middleware_stack(scope, receive, send)
  File "C:\just-dub-it2\env\Lib\site-packages\starlette\middleware\errors.py", line 186, in __call__
    raise exc
  File "C:\just-dub-it2\env\Lib\site-packages\starlette\middleware\errors.py", line 164, in __call__
    await self.app(scope, receive, _send)
  File "C:\just-dub-it2\env\Lib\site-packages\gradio\route_utils.py", line 761, in __call__
    await self.app(scope, receive, send)
  File "C:\just-dub-it2\env\Lib\site-packages\starlette\middleware\exceptions.py", line 63, in __call__
    await wrap_app_handling_exceptions(self.app, conn)(scope, receive, send)
  File "C:\just-dub-it2\env\Lib\site-packages\starlette\_exception_handler.py", line 53, in wrapped_app
    raise exc
  File "C:\just-dub-it2\env\Lib\site-packages\starlette\_exception_handler.py", line 42, in wrapped_app
    await app(scope, receive, sender)
  File "C:\just-dub-it2\env\Lib\site-packages\fastapi\middleware\asyncexitstack.py", line 18, in __call__
    await self.app(scope, receive, send)
  File "C:\just-dub-it2\env\Lib\site-packages\starlette\routing.py", line 660, in __call__
    await self.middleware_stack(scope, receive, send)
  File "C:\just-dub-it2\env\Lib\site-packages\starlette\routing.py", line 680, in app
    await route.handle(scope, receive, send)
  File "C:\just-dub-it2\env\Lib\site-packages\starlette\routing.py", line 276, in handle
    await self.app(scope, receive, send)
  File "C:\just-dub-it2\env\Lib\site-packages\fastapi\routing.py", line 134, in app
    await wrap_app_handling_exceptions(app, request)(scope, receive, send)
  File "C:\just-dub-it2\env\Lib\site-packages\starlette\_exception_handler.py", line 53, in wrapped_app
    raise exc
  File "C:\just-dub-it2\env\Lib\site-packages\starlette\_exception_handler.py", line 42, in wrapped_app
    await app(scope, receive, sender)
  File "C:\just-dub-it2\env\Lib\site-packages\fastapi\routing.py", line 120, in app
    response = await f(request)
               ^^^^^^^^^^^^^^^^
  File "C:\just-dub-it2\env\Lib\site-packages\fastapi\routing.py", line 674, in app
    raw_response = await run_endpoint_function(
                   ^^^^^^^^^^^^^^^^^^^^^^^^^^^^
  File "C:\just-dub-it2\env\Lib\site-packages\fastapi\routing.py", line 330, in run_endpoint_function
    return await run_in_threadpool(dependant.call, **values)
           ^^^^^^^^^^^^^^^^^^^^^^^^^^^^^^^^^^^^^^^^^^^^^^^^^
  File "C:\just-dub-it2\env\Lib\site-packages\starlette\concurrency.py", line 32, in run_in_threadpool
    return await anyio.to_thread.run_sync(func)
           ^^^^^^^^^^^^^^^^^^^^^^^^^^^^^^^^^^^^
  File "C:\just-dub-it2\env\Lib\site-packages\anyio\to_thread.py", line 63, in run_sync
    return await get_async_backend().run_sync_in_worker_thread(
           ^^^^^^^^^^^^^^^^^^^^^^^^^^^^^^^^^^^^^^^^^^^^^^^^^^^^
  File "C:\just-dub-it2\env\Lib\site-packages\anyio\_backends\_asyncio.py", line 2518, in run_sync_in_worker_thread
    return await future
           ^^^^^^^^^^^^
  File "C:\just-dub-it2\env\Lib\site-packages\anyio\_backends\_asyncio.py", line 1002, in run
    result = context.run(func, *args)
             ^^^^^^^^^^^^^^^^^^^^^^^^
  File "C:\just-dub-it2\env\Lib\site-packages\gradio\routes.py", line 431, in main
    gradio_api_info = api_info(False)
                      ^^^^^^^^^^^^^^^
  File "C:\just-dub-it2\env\Lib\site-packages\gradio\routes.py", line 460, in api_info
    app.api_info = app.get_blocks().get_api_info()
                   ^^^^^^^^^^^^^^^^^^^^^^^^^^^^^^^
  File "C:\just-dub-it2\env\Lib\site-packages\gradio\blocks.py", line 2786, in get_api_info
    python_type = client_utils.json_schema_to_python_type(info)
                  ^^^^^^^^^^^^^^^^^^^^^^^^^^^^^^^^^^^^^^^^^^^^^
  File "C:\just-dub-it2\env\Lib\site-packages\gradio_client\utils.py", line 893, in json_schema_to_python_type
    type_ = _json_schema_to_python_type(schema, schema.get("$defs"))
            ^^^^^^^^^^^^^^^^^^^^^^^^^^^^^^^^^^^^^^^^^^^^^^^^^^^^^^^^
  File "C:\just-dub-it2\env\Lib\site-packages\gradio_client\utils.py", line 948, in _json_schema_to_python_type
    f"{n}: {_json_schema_to_python_type(v, defs)}{get_desc(v)}"
            ^^^^^^^^^^^^^^^^^^^^^^^^^^^^^^^^^^^^
  File "C:\just-dub-it2\env\Lib\site-packages\gradio_client\utils.py", line 908, in _json_schema_to_python_type
    return _json_schema_to_python_type(defs[schema["$ref"].split("/")[-1]], defs)
           ^^^^^^^^^^^^^^^^^^^^^^^^^^^^^^^^^^^^^^^^^^^^^^^^^^^^^^^^^^^^^^^^^^^^^^
  File "C:\just-dub-it2\env\Lib\site-packages\gradio_client\utils.py", line 948, in _json_schema_to_python_type
    f"{n}: {_json_schema_to_python_type(v, defs)}{get_desc(v)}"
            ^^^^^^^^^^^^^^^^^^^^^^^^^^^^^^^^^^^^
  File "C:\just-dub-it2\env\Lib\site-packages\gradio_client\utils.py", line 955, in _json_schema_to_python_type
    f"str, {_json_schema_to_python_type(schema['additionalProperties'], defs)}"
            ^^^^^^^^^^^^^^^^^^^^^^^^^^^^^^^^^^^^^^^^^^^^^^^^^^^^^^^^^^^^^^^^^
  File "C:\just-dub-it2\env\Lib\site-packages\gradio_client\utils.py", line 901, in _json_schema_to_python_type
    type_ = get_type(schema)
            ^^^^^^^^^^^^^^^^
  File "C:\just-dub-it2\env\Lib\site-packages\gradio_client\utils.py", line 863, in get_type
    if "const" in schema:
       ^^^^^^^^^^^^^^^^^
TypeError: argument of type 'bool' is not iterable
2026-06-09 01:05:39,936 | INFO | httpx | HTTP Request: HEAD http://localhost:7860/ "HTTP/1.1 500 Internal Server Error"
ERROR:    Exception in ASGI application
Traceback (most recent call last):
  File "C:\just-dub-it2\env\Lib\site-packages\uvicorn\protocols\http\h11_impl.py", line 415, in run_asgi
    result = await app(  # type: ignore[func-returns-value]
             ^^^^^^^^^^^^^^^^^^^^^^^^^^^^^^^^^^^^^^^^^^^^^^
  File "C:\just-dub-it2\env\Lib\site-packages\uvicorn\middleware\proxy_headers.py", line 62, in __call__
    return await self.app(scope, receive, send)
           ^^^^^^^^^^^^^^^^^^^^^^^^^^^^^^^^^^^^
  File "C:\just-dub-it2\env\Lib\site-packages\fastapi\applications.py", line 1159, in __call__
    await super().__call__(scope, receive, send)
  File "C:\just-dub-it2\env\Lib\site-packages\starlette\applications.py", line 90, in __call__
    await self.middleware_stack(scope, receive, send)
  File "C:\just-dub-it2\env\Lib\site-packages\starlette\middleware\errors.py", line 186, in __call__
    raise exc
  File "C:\just-dub-it2\env\Lib\site-packages\starlette\middleware\errors.py", line 164, in __call__
    await self.app(scope, receive, _send)
  File "C:\just-dub-it2\env\Lib\site-packages\gradio\route_utils.py", line 761, in __call__
    await self.app(scope, receive, send)
  File "C:\just-dub-it2\env\Lib\site-packages\starlette\middleware\exceptions.py", line 63, in __call__
    await wrap_app_handling_exceptions(self.app, conn)(scope, receive, send)
  File "C:\just-dub-it2\env\Lib\site-packages\starlette\_exception_handler.py", line 53, in wrapped_app
    raise exc
  File "C:\just-dub-it2\env\Lib\site-packages\starlette\_exception_handler.py", line 42, in wrapped_app
    await app(scope, receive, sender)
  File "C:\just-dub-it2\env\Lib\site-packages\fastapi\middleware\asyncexitstack.py", line 18, in __call__
    await self.app(scope, receive, send)
  File "C:\just-dub-it2\env\Lib\site-packages\starlette\routing.py", line 660, in __call__
    await self.middleware_stack(scope, receive, send)
  File "C:\just-dub-it2\env\Lib\site-packages\starlette\routing.py", line 680, in app
    await route.handle(scope, receive, send)
  File "C:\just-dub-it2\env\Lib\site-packages\starlette\routing.py", line 276, in handle
    await self.app(scope, receive, send)
  File "C:\just-dub-it2\env\Lib\site-packages\fastapi\routing.py", line 134, in app
    await wrap_app_handling_exceptions(app, request)(scope, receive, send)
  File "C:\just-dub-it2\env\Lib\site-packages\starlette\_exception_handler.py", line 53, in wrapped_app
    raise exc
  File "C:\just-dub-it2\env\Lib\site-packages\starlette\_exception_handler.py", line 42, in wrapped_app
    await app(scope, receive, sender)
  File "C:\just-dub-it2\env\Lib\site-packages\fastapi\routing.py", line 120, in app
    response = await f(request)
               ^^^^^^^^^^^^^^^^
  File "C:\just-dub-it2\env\Lib\site-packages\fastapi\routing.py", line 674, in app
    raw_response = await run_endpoint_function(
                   ^^^^^^^^^^^^^^^^^^^^^^^^^^^^
  File "C:\just-dub-it2\env\Lib\site-packages\fastapi\routing.py", line 330, in run_endpoint_function
    return await run_in_threadpool(dependant.call, **values)
           ^^^^^^^^^^^^^^^^^^^^^^^^^^^^^^^^^^^^^^^^^^^^^^^^^
  File "C:\just-dub-it2\env\Lib\site-packages\starlette\concurrency.py", line 32, in run_in_threadpool
    return await anyio.to_thread.run_sync(func)
           ^^^^^^^^^^^^^^^^^^^^^^^^^^^^^^^^^^^^
  File "C:\just-dub-it2\env\Lib\site-packages\anyio\to_thread.py", line 63, in run_sync
    return await get_async_backend().run_sync_in_worker_thread(
           ^^^^^^^^^^^^^^^^^^^^^^^^^^^^^^^^^^^^^^^^^^^^^^^^^^^^
  File "C:\just-dub-it2\env\Lib\site-packages\anyio\_backends\_asyncio.py", line 2518, in run_sync_in_worker_thread
    return await future
           ^^^^^^^^^^^^
  File "C:\just-dub-it2\env\Lib\site-packages\anyio\_backends\_asyncio.py", line 1002, in run
    result = context.run(func, *args)
             ^^^^^^^^^^^^^^^^^^^^^^^^
  File "C:\just-dub-it2\env\Lib\site-packages\gradio\routes.py", line 431, in main
    gradio_api_info = api_info(False)
                      ^^^^^^^^^^^^^^^
  File "C:\just-dub-it2\env\Lib\site-packages\gradio\routes.py", line 460, in api_info
    app.api_info = app.get_blocks().get_api_info()
                   ^^^^^^^^^^^^^^^^^^^^^^^^^^^^^^^
  File "C:\just-dub-it2\env\Lib\site-packages\gradio\blocks.py", line 2786, in get_api_info
    python_type = client_utils.json_schema_to_python_type(info)
                  ^^^^^^^^^^^^^^^^^^^^^^^^^^^^^^^^^^^^^^^^^^^^^
  File "C:\just-dub-it2\env\Lib\site-packages\gradio_client\utils.py", line 893, in json_schema_to_python_type
    type_ = _json_schema_to_python_type(schema, schema.get("$defs"))
            ^^^^^^^^^^^^^^^^^^^^^^^^^^^^^^^^^^^^^^^^^^^^^^^^^^^^^^^^
  File "C:\just-dub-it2\env\Lib\site-packages\gradio_client\utils.py", line 948, in _json_schema_to_python_type
    f"{n}: {_json_schema_to_python_type(v, defs)}{get_desc(v)}"
            ^^^^^^^^^^^^^^^^^^^^^^^^^^^^^^^^^^^^
  File "C:\just-dub-it2\env\Lib\site-packages\gradio_client\utils.py", line 908, in _json_schema_to_python_type
    return _json_schema_to_python_type(defs[schema["$ref"].split("/")[-1]], defs)
           ^^^^^^^^^^^^^^^^^^^^^^^^^^^^^^^^^^^^^^^^^^^^^^^^^^^^^^^^^^^^^^^^^^^^^^
  File "C:\just-dub-it2\env\Lib\site-packages\gradio_client\utils.py", line 948, in _json_schema_to_python_type
    f"{n}: {_json_schema_to_python_type(v, defs)}{get_desc(v)}"
            ^^^^^^^^^^^^^^^^^^^^^^^^^^^^^^^^^^^^
  File "C:\just-dub-it2\env\Lib\site-packages\gradio_client\utils.py", line 955, in _json_schema_to_python_type
    f"str, {_json_schema_to_python_type(schema['additionalProperties'], defs)}"
            ^^^^^^^^^^^^^^^^^^^^^^^^^^^^^^^^^^^^^^^^^^^^^^^^^^^^^^^^^^^^^^^^^
  File "C:\just-dub-it2\env\Lib\site-packages\gradio_client\utils.py", line 901, in _json_schema_to_python_type
    type_ = get_type(schema)
            ^^^^^^^^^^^^^^^^
  File "C:\just-dub-it2\env\Lib\site-packages\gradio_client\utils.py", line 863, in get_type
    if "const" in schema:
       ^^^^^^^^^^^^^^^^^
TypeError: argument of type 'bool' is not iterable
2026-06-09 01:05:40,444 | INFO | httpx | HTTP Request: HEAD http://localhost:7860/ "HTTP/1.1 500 Internal Server Error"
2026-06-09 01:05:40,460 | INFO | httpx | HTTP Request: GET https://api.gradio.app/pkg-version "HTTP/1.1 200 OK"
C:\just-dub-it2\env\Lib\site-packages\gradio\analytics.py:106: UserWarning: IMPORTANT: You are using gradio version 4.44.0, however version 4.44.1 is available, please upgrade. 
--------
  warnings.warn(
2026-06-09 01:05:40,861 | INFO | httpx | HTTP Request: GET https://checkip.amazonaws.com/ "HTTP/1.1 200 "
ERROR:    Exception in ASGI application
Traceback (most recent call last):
  File "C:\just-dub-it2\env\Lib\site-packages\uvicorn\protocols\http\h11_impl.py", line 415, in run_asgi
    result = await app(  # type: ignore[func-returns-value]
             ^^^^^^^^^^^^^^^^^^^^^^^^^^^^^^^^^^^^^^^^^^^^^^
  File "C:\just-dub-it2\env\Lib\site-packages\uvicorn\middleware\proxy_headers.py", line 62, in __call__
    return await self.app(scope, receive, send)
           ^^^^^^^^^^^^^^^^^^^^^^^^^^^^^^^^^^^^
  File "C:\just-dub-it2\env\Lib\site-packages\fastapi\applications.py", line 1159, in __call__
    await super().__call__(scope, receive, send)
  File "C:\just-dub-it2\env\Lib\site-packages\starlette\applications.py", line 90, in __call__
    await self.middleware_stack(scope, receive, send)
  File "C:\just-dub-it2\env\Lib\site-packages\starlette\middleware\errors.py", line 186, in __call__
    raise exc
  File "C:\just-dub-it2\env\Lib\site-packages\starlette\middleware\errors.py", line 164, in __call__
    await self.app(scope, receive, _send)
  File "C:\just-dub-it2\env\Lib\site-packages\gradio\route_utils.py", line 761, in __call__
    await self.app(scope, receive, send)
  File "C:\just-dub-it2\env\Lib\site-packages\starlette\middleware\exceptions.py", line 63, in __call__
    await wrap_app_handling_exceptions(self.app, conn)(scope, receive, send)
  File "C:\just-dub-it2\env\Lib\site-packages\starlette\_exception_handler.py", line 53, in wrapped_app
    raise exc
  File "C:\just-dub-it2\env\Lib\site-packages\starlette\_exception_handler.py", line 42, in wrapped_app
    await app(scope, receive, sender)
  File "C:\just-dub-it2\env\Lib\site-packages\fastapi\middleware\asyncexitstack.py", line 18, in __call__
    await self.app(scope, receive, send)
  File "C:\just-dub-it2\env\Lib\site-packages\starlette\routing.py", line 660, in __call__
    await self.middleware_stack(scope, receive, send)
  File "C:\just-dub-it2\env\Lib\site-packages\starlette\routing.py", line 680, in app
    await route.handle(scope, receive, send)
  File "C:\just-dub-it2\env\Lib\site-packages\starlette\routing.py", line 276, in handle
    await self.app(scope, receive, send)
  File "C:\just-dub-it2\env\Lib\site-packages\fastapi\routing.py", line 134, in app
    await wrap_app_handling_exceptions(app, request)(scope, receive, send)
  File "C:\just-dub-it2\env\Lib\site-packages\starlette\_exception_handler.py", line 53, in wrapped_app
    raise exc
  File "C:\just-dub-it2\env\Lib\site-packages\starlette\_exception_handler.py", line 42, in wrapped_app
    await app(scope, receive, sender)
  File "C:\just-dub-it2\env\Lib\site-packages\fastapi\routing.py", line 120, in app
    response = await f(request)
               ^^^^^^^^^^^^^^^^
  File "C:\just-dub-it2\env\Lib\site-packages\fastapi\routing.py", line 674, in app
    raw_response = await run_endpoint_function(
                   ^^^^^^^^^^^^^^^^^^^^^^^^^^^^
  File "C:\just-dub-it2\env\Lib\site-packages\fastapi\routing.py", line 330, in run_endpoint_function
    return await run_in_threadpool(dependant.call, **values)
           ^^^^^^^^^^^^^^^^^^^^^^^^^^^^^^^^^^^^^^^^^^^^^^^^^
  File "C:\just-dub-it2\env\Lib\site-packages\starlette\concurrency.py", line 32, in run_in_threadpool
    return await anyio.to_thread.run_sync(func)
           ^^^^^^^^^^^^^^^^^^^^^^^^^^^^^^^^^^^^
  File "C:\just-dub-it2\env\Lib\site-packages\anyio\to_thread.py", line 63, in run_sync
    return await get_async_backend().run_sync_in_worker_thread(
           ^^^^^^^^^^^^^^^^^^^^^^^^^^^^^^^^^^^^^^^^^^^^^^^^^^^^
  File "C:\just-dub-it2\env\Lib\site-packages\anyio\_backends\_asyncio.py", line 2518, in run_sync_in_worker_thread
    return await future
           ^^^^^^^^^^^^
  File "C:\just-dub-it2\env\Lib\site-packages\anyio\_backends\_asyncio.py", line 1002, in run
    result = context.run(func, *args)
             ^^^^^^^^^^^^^^^^^^^^^^^^
  File "C:\just-dub-it2\env\Lib\site-packages\gradio\routes.py", line 431, in main
    gradio_api_info = api_info(False)
                      ^^^^^^^^^^^^^^^
  File "C:\just-dub-it2\env\Lib\site-packages\gradio\routes.py", line 460, in api_info
    app.api_info = app.get_blocks().get_api_info()
                   ^^^^^^^^^^^^^^^^^^^^^^^^^^^^^^^
  File "C:\just-dub-it2\env\Lib\site-packages\gradio\blocks.py", line 2786, in get_api_info
    python_type = client_utils.json_schema_to_python_type(info)
                  ^^^^^^^^^^^^^^^^^^^^^^^^^^^^^^^^^^^^^^^^^^^^^
  File "C:\just-dub-it2\env\Lib\site-packages\gradio_client\utils.py", line 893, in json_schema_to_python_type
    type_ = _json_schema_to_python_type(schema, schema.get("$defs"))
            ^^^^^^^^^^^^^^^^^^^^^^^^^^^^^^^^^^^^^^^^^^^^^^^^^^^^^^^^
  File "C:\just-dub-it2\env\Lib\site-packages\gradio_client\utils.py", line 948, in _json_schema_to_python_type
    f"{n}: {_json_schema_to_python_type(v, defs)}{get_desc(v)}"
            ^^^^^^^^^^^^^^^^^^^^^^^^^^^^^^^^^^^^
  File "C:\just-dub-it2\env\Lib\site-packages\gradio_client\utils.py", line 908, in _json_schema_to_python_type
    return _json_schema_to_python_type(defs[schema["$ref"].split("/")[-1]], defs)
           ^^^^^^^^^^^^^^^^^^^^^^^^^^^^^^^^^^^^^^^^^^^^^^^^^^^^^^^^^^^^^^^^^^^^^^
  File "C:\just-dub-it2\env\Lib\site-packages\gradio_client\utils.py", line 948, in _json_schema_to_python_type
    f"{n}: {_json_schema_to_python_type(v, defs)}{get_desc(v)}"
            ^^^^^^^^^^^^^^^^^^^^^^^^^^^^^^^^^^^^
  File "C:\just-dub-it2\env\Lib\site-packages\gradio_client\utils.py", line 955, in _json_schema_to_python_type
    f"str, {_json_schema_to_python_type(schema['additionalProperties'], defs)}"
            ^^^^^^^^^^^^^^^^^^^^^^^^^^^^^^^^^^^^^^^^^^^^^^^^^^^^^^^^^^^^^^^^^
  File "C:\just-dub-it2\env\Lib\site-packages\gradio_client\utils.py", line 901, in _json_schema_to_python_type
    type_ = get_type(schema)
            ^^^^^^^^^^^^^^^^
  File "C:\just-dub-it2\env\Lib\site-packages\gradio_client\utils.py", line 863, in get_type
    if "const" in schema:
       ^^^^^^^^^^^^^^^^^
TypeError: argument of type 'bool' is not iterable
2026-06-09 01:05:40,970 | INFO | httpx | HTTP Request: HEAD http://localhost:7860/ "HTTP/1.1 500 Internal Server Error"
ERROR:    Exception in ASGI application
Traceback (most recent call last):
  File "C:\just-dub-it2\env\Lib\site-packages\uvicorn\protocols\http\h11_impl.py", line 415, in run_asgi
    result = await app(  # type: ignore[func-returns-value]
             ^^^^^^^^^^^^^^^^^^^^^^^^^^^^^^^^^^^^^^^^^^^^^^
  File "C:\just-dub-it2\env\Lib\site-packages\uvicorn\middleware\proxy_headers.py", line 62, in __call__
    return await self.app(scope, receive, send)
           ^^^^^^^^^^^^^^^^^^^^^^^^^^^^^^^^^^^^
  File "C:\just-dub-it2\env\Lib\site-packages\fastapi\applications.py", line 1159, in __call__
    await super().__call__(scope, receive, send)
  File "C:\just-dub-it2\env\Lib\site-packages\starlette\applications.py", line 90, in __call__
    await self.middleware_stack(scope, receive, send)
  File "C:\just-dub-it2\env\Lib\site-packages\starlette\middleware\errors.py", line 186, in __call__
    raise exc
  File "C:\just-dub-it2\env\Lib\site-packages\starlette\middleware\errors.py", line 164, in __call__
    await self.app(scope, receive, _send)
  File "C:\just-dub-it2\env\Lib\site-packages\gradio\route_utils.py", line 761, in __call__
    await self.app(scope, receive, send)
  File "C:\just-dub-it2\env\Lib\site-packages\starlette\middleware\exceptions.py", line 63, in __call__
    await wrap_app_handling_exceptions(self.app, conn)(scope, receive, send)
  File "C:\just-dub-it2\env\Lib\site-packages\starlette\_exception_handler.py", line 53, in wrapped_app
    raise exc
  File "C:\just-dub-it2\env\Lib\site-packages\starlette\_exception_handler.py", line 42, in wrapped_app
    await app(scope, receive, sender)
  File "C:\just-dub-it2\env\Lib\site-packages\fastapi\middleware\asyncexitstack.py", line 18, in __call__
    await self.app(scope, receive, send)
  File "C:\just-dub-it2\env\Lib\site-packages\starlette\routing.py", line 660, in __call__
    await self.middleware_stack(scope, receive, send)
  File "C:\just-dub-it2\env\Lib\site-packages\starlette\routing.py", line 680, in app
    await route.handle(scope, receive, send)
  File "C:\just-dub-it2\env\Lib\site-packages\starlette\routing.py", line 276, in handle
    await self.app(scope, receive, send)
  File "C:\just-dub-it2\env\Lib\site-packages\fastapi\routing.py", line 134, in app
    await wrap_app_handling_exceptions(app, request)(scope, receive, send)
  File "C:\just-dub-it2\env\Lib\site-packages\starlette\_exception_handler.py", line 53, in wrapped_app
    raise exc
  File "C:\just-dub-it2\env\Lib\site-packages\starlette\_exception_handler.py", line 42, in wrapped_app
    await app(scope, receive, sender)
  File "C:\just-dub-it2\env\Lib\site-packages\fastapi\routing.py", line 120, in app
    response = await f(request)
               ^^^^^^^^^^^^^^^^
  File "C:\just-dub-it2\env\Lib\site-packages\fastapi\routing.py", line 674, in app
    raw_response = await run_endpoint_function(
                   ^^^^^^^^^^^^^^^^^^^^^^^^^^^^
  File "C:\just-dub-it2\env\Lib\site-packages\fastapi\routing.py", line 330, in run_endpoint_function
    return await run_in_threadpool(dependant.call, **values)
           ^^^^^^^^^^^^^^^^^^^^^^^^^^^^^^^^^^^^^^^^^^^^^^^^^
  File "C:\just-dub-it2\env\Lib\site-packages\starlette\concurrency.py", line 32, in run_in_threadpool
    return await anyio.to_thread.run_sync(func)
           ^^^^^^^^^^^^^^^^^^^^^^^^^^^^^^^^^^^^
  File "C:\just-dub-it2\env\Lib\site-packages\anyio\to_thread.py", line 63, in run_sync
    return await get_async_backend().run_sync_in_worker_thread(
           ^^^^^^^^^^^^^^^^^^^^^^^^^^^^^^^^^^^^^^^^^^^^^^^^^^^^
  File "C:\just-dub-it2\env\Lib\site-packages\anyio\_backends\_asyncio.py", line 2518, in run_sync_in_worker_thread
    return await future
           ^^^^^^^^^^^^
  File "C:\just-dub-it2\env\Lib\site-packages\anyio\_backends\_asyncio.py", line 1002, in run
    result = context.run(func, *args)
             ^^^^^^^^^^^^^^^^^^^^^^^^
  File "C:\just-dub-it2\env\Lib\site-packages\gradio\routes.py", line 431, in main
    gradio_api_info = api_info(False)
                      ^^^^^^^^^^^^^^^
  File "C:\just-dub-it2\env\Lib\site-packages\gradio\routes.py", line 460, in api_info
    app.api_info = app.get_blocks().get_api_info()
                   ^^^^^^^^^^^^^^^^^^^^^^^^^^^^^^^
  File "C:\just-dub-it2\env\Lib\site-packages\gradio\blocks.py", line 2786, in get_api_info
    python_type = client_utils.json_schema_to_python_type(info)
                  ^^^^^^^^^^^^^^^^^^^^^^^^^^^^^^^^^^^^^^^^^^^^^
  File "C:\just-dub-it2\env\Lib\site-packages\gradio_client\utils.py", line 893, in json_schema_to_python_type
    type_ = _json_schema_to_python_type(schema, schema.get("$defs"))
            ^^^^^^^^^^^^^^^^^^^^^^^^^^^^^^^^^^^^^^^^^^^^^^^^^^^^^^^^
  File "C:\just-dub-it2\env\Lib\site-packages\gradio_client\utils.py", line 948, in _json_schema_to_python_type
    f"{n}: {_json_schema_to_python_type(v, defs)}{get_desc(v)}"
            ^^^^^^^^^^^^^^^^^^^^^^^^^^^^^^^^^^^^
  File "C:\just-dub-it2\env\Lib\site-packages\gradio_client\utils.py", line 908, in _json_schema_to_python_type
    return _json_schema_to_python_type(defs[schema["$ref"].split("/")[-1]], defs)
           ^^^^^^^^^^^^^^^^^^^^^^^^^^^^^^^^^^^^^^^^^^^^^^^^^^^^^^^^^^^^^^^^^^^^^^
  File "C:\just-dub-it2\env\Lib\site-packages\gradio_client\utils.py", line 948, in _json_schema_to_python_type
    f"{n}: {_json_schema_to_python_type(v, defs)}{get_desc(v)}"
            ^^^^^^^^^^^^^^^^^^^^^^^^^^^^^^^^^^^^
  File "C:\just-dub-it2\env\Lib\site-packages\gradio_client\utils.py", line 955, in _json_schema_to_python_type
    f"str, {_json_schema_to_python_type(schema['additionalProperties'], defs)}"
            ^^^^^^^^^^^^^^^^^^^^^^^^^^^^^^^^^^^^^^^^^^^^^^^^^^^^^^^^^^^^^^^^^
  File "C:\just-dub-it2\env\Lib\site-packages\gradio_client\utils.py", line 901, in _json_schema_to_python_type
    type_ = get_type(schema)
            ^^^^^^^^^^^^^^^^
  File "C:\just-dub-it2\env\Lib\site-packages\gradio_client\utils.py", line 863, in get_type
    if "const" in schema:
       ^^^^^^^^^^^^^^^^^
TypeError: argument of type 'bool' is not iterable
2026-06-09 01:05:41,481 | INFO | httpx | HTTP Request: HEAD http://localhost:7860/ "HTTP/1.1 500 Internal Server Error"
ERROR:    Exception in ASGI application
Traceback (most recent call last):
  File "C:\just-dub-it2\env\Lib\site-packages\uvicorn\protocols\http\h11_impl.py", line 415, in run_asgi
    result = await app(  # type: ignore[func-returns-value]
             ^^^^^^^^^^^^^^^^^^^^^^^^^^^^^^^^^^^^^^^^^^^^^^
  File "C:\just-dub-it2\env\Lib\site-packages\uvicorn\middleware\proxy_headers.py", line 62, in __call__
    return await self.app(scope, receive, send)
           ^^^^^^^^^^^^^^^^^^^^^^^^^^^^^^^^^^^^
  File "C:\just-dub-it2\env\Lib\site-packages\fastapi\applications.py", line 1159, in __call__
    await super().__call__(scope, receive, send)
  File "C:\just-dub-it2\env\Lib\site-packages\starlette\applications.py", line 90, in __call__
    await self.middleware_stack(scope, receive, send)
  File "C:\just-dub-it2\env\Lib\site-packages\starlette\middleware\errors.py", line 186, in __call__
    raise exc
  File "C:\just-dub-it2\env\Lib\site-packages\starlette\middleware\errors.py", line 164, in __call__
    await self.app(scope, receive, _send)
  File "C:\just-dub-it2\env\Lib\site-packages\gradio\route_utils.py", line 761, in __call__
    await self.app(scope, receive, send)
  File "C:\just-dub-it2\env\Lib\site-packages\starlette\middleware\exceptions.py", line 63, in __call__
    await wrap_app_handling_exceptions(self.app, conn)(scope, receive, send)
  File "C:\just-dub-it2\env\Lib\site-packages\starlette\_exception_handler.py", line 53, in wrapped_app
    raise exc
  File "C:\just-dub-it2\env\Lib\site-packages\starlette\_exception_handler.py", line 42, in wrapped_app
    await app(scope, receive, sender)
  File "C:\just-dub-it2\env\Lib\site-packages\fastapi\middleware\asyncexitstack.py", line 18, in __call__
    await self.app(scope, receive, send)
  File "C:\just-dub-it2\env\Lib\site-packages\starlette\routing.py", line 660, in __call__
    await self.middleware_stack(scope, receive, send)
  File "C:\just-dub-it2\env\Lib\site-packages\starlette\routing.py", line 680, in app
    await route.handle(scope, receive, send)
  File "C:\just-dub-it2\env\Lib\site-packages\starlette\routing.py", line 276, in handle
    await self.app(scope, receive, send)
  File "C:\just-dub-it2\env\Lib\site-packages\fastapi\routing.py", line 134, in app
    await wrap_app_handling_exceptions(app, request)(scope, receive, send)
  File "C:\just-dub-it2\env\Lib\site-packages\starlette\_exception_handler.py", line 53, in wrapped_app
    raise exc
  File "C:\just-dub-it2\env\Lib\site-packages\starlette\_exception_handler.py", line 42, in wrapped_app
    await app(scope, receive, sender)
  File "C:\just-dub-it2\env\Lib\site-packages\fastapi\routing.py", line 120, in app
    response = await f(request)
               ^^^^^^^^^^^^^^^^
  File "C:\just-dub-it2\env\Lib\site-packages\fastapi\routing.py", line 674, in app
    raw_response = await run_endpoint_function(
                   ^^^^^^^^^^^^^^^^^^^^^^^^^^^^
  File "C:\just-dub-it2\env\Lib\site-packages\fastapi\routing.py", line 330, in run_endpoint_function
    return await run_in_threadpool(dependant.call, **values)
           ^^^^^^^^^^^^^^^^^^^^^^^^^^^^^^^^^^^^^^^^^^^^^^^^^
  File "C:\just-dub-it2\env\Lib\site-packages\starlette\concurrency.py", line 32, in run_in_threadpool
    return await anyio.to_thread.run_sync(func)
           ^^^^^^^^^^^^^^^^^^^^^^^^^^^^^^^^^^^^
  File "C:\just-dub-it2\env\Lib\site-packages\anyio\to_thread.py", line 63, in run_sync
    return await get_async_backend().run_sync_in_worker_thread(
           ^^^^^^^^^^^^^^^^^^^^^^^^^^^^^^^^^^^^^^^^^^^^^^^^^^^^
  File "C:\just-dub-it2\env\Lib\site-packages\anyio\_backends\_asyncio.py", line 2518, in run_sync_in_worker_thread
    return await future
           ^^^^^^^^^^^^
  File "C:\just-dub-it2\env\Lib\site-packages\anyio\_backends\_asyncio.py", line 1002, in run
    result = context.run(func, *args)
             ^^^^^^^^^^^^^^^^^^^^^^^^
  File "C:\just-dub-it2\env\Lib\site-packages\gradio\routes.py", line 431, in main
    gradio_api_info = api_info(False)
                      ^^^^^^^^^^^^^^^
  File "C:\just-dub-it2\env\Lib\site-packages\gradio\routes.py", line 460, in api_info
    app.api_info = app.get_blocks().get_api_info()
                   ^^^^^^^^^^^^^^^^^^^^^^^^^^^^^^^
  File "C:\just-dub-it2\env\Lib\site-packages\gradio\blocks.py", line 2786, in get_api_info
    python_type = client_utils.json_schema_to_python_type(info)
                  ^^^^^^^^^^^^^^^^^^^^^^^^^^^^^^^^^^^^^^^^^^^^^
  File "C:\just-dub-it2\env\Lib\site-packages\gradio_client\utils.py", line 893, in json_schema_to_python_type
    type_ = _json_schema_to_python_type(schema, schema.get("$defs"))
            ^^^^^^^^^^^^^^^^^^^^^^^^^^^^^^^^^^^^^^^^^^^^^^^^^^^^^^^^
  File "C:\just-dub-it2\env\Lib\site-packages\gradio_client\utils.py", line 948, in _json_schema_to_python_type
    f"{n}: {_json_schema_to_python_type(v, defs)}{get_desc(v)}"
            ^^^^^^^^^^^^^^^^^^^^^^^^^^^^^^^^^^^^
  File "C:\just-dub-it2\env\Lib\site-packages\gradio_client\utils.py", line 908, in _json_schema_to_python_type
    return _json_schema_to_python_type(defs[schema["$ref"].split("/")[-1]], defs)
           ^^^^^^^^^^^^^^^^^^^^^^^^^^^^^^^^^^^^^^^^^^^^^^^^^^^^^^^^^^^^^^^^^^^^^^
  File "C:\just-dub-it2\env\Lib\site-packages\gradio_client\utils.py", line 948, in _json_schema_to_python_type
    f"{n}: {_json_schema_to_python_type(v, defs)}{get_desc(v)}"
            ^^^^^^^^^^^^^^^^^^^^^^^^^^^^^^^^^^^^
  File "C:\just-dub-it2\env\Lib\site-packages\gradio_client\utils.py", line 955, in _json_schema_to_python_type
    f"str, {_json_schema_to_python_type(schema['additionalProperties'], defs)}"
            ^^^^^^^^^^^^^^^^^^^^^^^^^^^^^^^^^^^^^^^^^^^^^^^^^^^^^^^^^^^^^^^^^
  File "C:\just-dub-it2\env\Lib\site-packages\gradio_client\utils.py", line 901, in _json_schema_to_python_type
    type_ = get_type(schema)
            ^^^^^^^^^^^^^^^^
  File "C:\just-dub-it2\env\Lib\site-packages\gradio_client\utils.py", line 863, in get_type
    if "const" in schema:
       ^^^^^^^^^^^^^^^^^
TypeError: argument of type 'bool' is not iterable
2026-06-09 01:05:41,988 | INFO | httpx | HTTP Request: HEAD http://localhost:7860/ "HTTP/1.1 500 Internal Server Error"
Traceback (most recent call last):
  File "C:\just-dub-it2\app\main_ui.py", line 862, in <module>
    demo.queue().launch(
  File "C:\just-dub-it2\env\Lib\site-packages\gradio\blocks.py", line 2466, in launch
    raise ValueError(
ValueError: When localhost is not accessible, a shareable link must be created. Please set share=True or check your proxy settings to allow access to localhost.

[CRASH] The application exited with an error.
Press any key to continue . . . 