2026-06-02 19:47:27,603 | INFO | BOOT | >>> BOOTSTRAP: PROVISIONAL ENVIRONMENT LOCK ACTIVE <<
2026-06-02 19:47:27,607 | INFO | PIPE | [PIPEWORKER] Background Thread Online.
2026-06-02 19:47:27,607 | INFO | PIPE | PipelineManager initialized. Worker thread active.
Submitting Test Video: C:\just-dub-it2\tests\..\test_dummy_spoken.mp4
2026-06-02 19:47:27,609 | INFO | PIPE | New job 1780415247 created with video C:\just-dub-it2\tests\..\test_dummy_spoken.mp4
2026-06-02 19:47:27,609 | INFO | PIPE | Enqueued job 1780415247. Queue size: 1

--- Polling Job 1780415247 ---
2026-06-02 19:47:27,610 | INFO | PIPE | [PIPEWORKER] Dequeued Job: 1780415247
Stage 'queued' completed in 2.01 seconds.
Now running: pre_flight...
2026-06-02 19:47:32,646 | INFO | PIPE | [PIPEWORKER] Booting AI Core for 1780415247...
C:\just-dub-it2\env\Lib\site-packages\pyannote\audio\core\io.py:43: UserWarning: torchaudio._backend.set_audio_backend has been deprecated. With dispatcher enabled, this function is no-op. You can remove the function call.
  torchaudio.set_audio_backend("soundfile")
2026-06-02 19:47:52,496 | INFO | stages.stem_split | Splitting stems for workspace\1780415247\original_video.mp4 on GPU...
2026-06-02 19:47:52,496 | INFO | gpu_manager | Preparing for GPU stage...
2026-06-02 19:47:52,728 | INFO | gpu_manager | VRAM before load: 2090/4096 MB used, 2006 MB free.
2026-06-02 19:47:52,728 | INFO | gpu_manager | VRAM after load: 2090/4096 MB used, 2006 MB free.
2026-06-02 19:47:52,729 | INFO | gpu_manager | Low VRAM mode active or critical VRAM detected. Forcing VRAM purge after stage.
2026-06-02 19:47:53,026 | INFO | stages.stem_split | Running Demucs on GPU (CUDA)...
Stage 'pre_flight' completed in 24.51 seconds.
Now running: gpu_splitting...
2026-06-02 19:48:01,320 | INFO | gpu_manager | VRAM after stage: 2978/4096 MB used, 1118 MB free.
2026-06-02 19:48:01,321 | INFO | gpu_manager | Preparing for GPU stage...
2026-06-02 19:48:01,460 | INFO | gpu_manager | VRAM before load: 2978/4096 MB used, 1118 MB free.
2026-06-02 19:48:01,461 | INFO | stages.transcribe | Loading Whisper model from: models\whisper\models--Systran--faster-whisper-small\snapshots\536b0662742c02347bc0e980a01041f333bce120
Stage 'gpu_splitting' completed in 8.00 seconds.
Now running: gpu_transcribing...
2026-06-02 19:48:03,605 | INFO | gpu_manager | VRAM after load: 2978/4096 MB used, 1118 MB free.
2026-06-02 19:48:03,606 | INFO | gpu_manager | Low VRAM mode active or critical VRAM detected. Forcing VRAM purge after stage.
2026-06-02 19:48:03,719 | INFO | stages.transcribe | Transcribing workspace\1780415247\vocals.wav with Faster-Whisper (task=transcribe)...
2026-06-02 19:48:03,890 | INFO | faster_whisper | Processing audio with duration 00:04.969
Could not locate cudnn_ops_infer64_8.dll. Please make sure it is in your library path!
