[1/43] Copying appSamsungGallery qml sources into build dir
[2/43] Running qmlimportscanner for appSamsungGallery
[3/43] Automatic MOC and UIC for target appSamsungGallery
[4/43] Running rcc for resource appSamsungGallery_raw_qml_0
[5/43] Running AUTOMOC file extraction for target appSamsungGallery
[6/43] Running moc --collect-json for target appSamsungGallery
[7/43] Automatic QML type registration for target appSamsungGallery
[8/43] Generating .rcc/qmlcache/appSamsungGallery_resources/qml_legacy/BottomBar_qml.cpp, .rcc/qmlcache/appSamsungGallery_resources/qml_legacy/BottomBar_qml.cpp.aotstats
[9/43] Generating .rcc/qmlcache/appSamsungGallery_resources/qml_legacy/AlbumsView_qml.cpp, .rcc/qmlcache/appSamsungGallery_resources/qml_legacy/AlbumsView_qml.cpp.aotstats
[10/43] Generating .rcc/qmlcache/appSamsungGallery_resources/qml_legacy/PhotoViewer_qml.cpp, .rcc/qmlcache/appSamsungGallery_resources/qml_legacy/PhotoViewer_qml.cpp.aotstats
[11/43] Generating .rcc/qmlcache/appSamsungGallery_resources/qml_legacy/DateScrubber_qml.cpp, .rcc/qmlcache/appSamsungGallery_resources/qml_legacy/DateScrubber_qml.cpp.aotstats
[12/43] Generating .rcc/qmlcache/appSamsungGallery_resources/qml_legacy/Main_qml.cpp, .rcc/qmlcache/appSamsungGallery_resources/qml_legacy/Main_qml.cpp.aotstats
[13/43] Generating .rcc/qmlcache/appSamsungGallery_resources/qml_legacy/GalleryViewTiles_qml.cpp, .rcc/qmlcache/appSamsungGallery_resources/qml_legacy/GalleryViewTiles_qml.cpp.aotstats
[14/43] Generating .rcc/qmlcache/appSamsungGallery_resources/qml_legacy/GalleryViewSemantic_qml.cpp, .rcc/qmlcache/appSamsungGallery_resources/qml_legacy/GalleryViewSemantic_qml.cpp.aotstats
[15/43] Generating .rcc/qmlcache/appSamsungGallery_resources/qml_legacy/GalleryView_qml.cpp, .rcc/qmlcache/appSamsungGallery_resources/qml_legacy/GalleryView_qml.cpp.aotstats
[16/43] Generating .rcc/qmlcache/appSamsungGallery_resources/qml_legacy/UsageGraph_qml.cpp, .rcc/qmlcache/appSamsungGallery_resources/qml_legacy/UsageGraph_qml.cpp.aotstats
[17/43] Generating .rcc/qmlcache/appSamsungGallery_resources/qml_legacy/StatsOverlay_qml.cpp, .rcc/qmlcache/appSamsungGallery_resources/qml_legacy/StatsOverlay_qml.cpp.aotstats
[18/43] Generating .rcc/qmlcache/appSamsungGallery_resources/qml_legacy/ShareDialog_qml.cpp, .rcc/qmlcache/appSamsungGallery_resources/qml_legacy/ShareDialog_qml.cpp.aotstats
[19/43] Generating .rcc/qmlcache/appSamsungGallery_resources/qml_legacy/SelectionActionBar_qml.cpp, .rcc/qmlcache/appSamsungGallery_resources/qml_legacy/SelectionActionBar_qml.cpp.aotstats
[20/43] Generating .rcc/qmlcache/appSamsungGallery_resources/qml_legacy/ResizeEditor_qml.cpp, .rcc/qmlcache/appSamsungGallery_resources/qml_legacy/ResizeEditor_qml.cpp.aotstats
[21/43] Building CXX object CMakeFiles/appSamsungGallery.dir/src_legacy/GroupedProxyModel.cpp.obj
[22/43] Building CXX object CMakeFiles/appSamsungGallery.dir/appsamsunggallery_qmltyperegistrations.cpp.obj
[23/43] Building CXX object CMakeFiles/appSamsungGallery.dir/src_legacy/DesktopHelper.cpp.obj
[24/43] Building CXX object CMakeFiles/appSamsungGallery.dir/src_legacy/main.cpp.obj
[25/43] Building CXX object CMakeFiles/appSamsungGallery.dir/src_legacy/AsyncImageProvider.cpp.obj
[26/43] Building CXX object CMakeFiles/appSamsungGallery.dir/appSamsungGallery_autogen/mocs_compilation.cpp.obj
[27/43] Building CXX object CMakeFiles/appSamsungGallery.dir/src_legacy/ImageModel.cpp.obj
[28/43] Building CXX object CMakeFiles/appSamsungGallery.dir/src_legacy/AlbumModel.cpp.obj
D:/Dev/antigravity/src_legacy/AlbumModel.cpp: In member function 'void AlbumModel::scanAlbums(const QString&)':
D:/Dev/antigravity/src_legacy/AlbumModel.cpp:166:5: warning: ignoring return value of 'auto QtConcurrent::run(Function&&, Args&& ...) [with Function = AlbumModel::scanAlbums(const QString&)::<lambda()>; Args = {}]', declared with attribute 'nodiscard': 'Use QThreadPool::start(Callable&&) if you don't need the returned QFuture' [-Wunused-result]
  166 |   });
      |     ^
In file included from D:/Qt/6.9.3/mingw_64/include/QtConcurrent/QtConcurrent:14,
                 from D:/Dev/antigravity/src_legacy/AlbumModel.cpp:6:
D:/Qt/6.9.3/mingw_64/include/QtConcurrent/qtconcurrentrun.h:63:6: note: declared here
   63 | auto run(Function &&f, Args &&...args)
      |      ^~~
[29/43] Building CXX object CMakeFiles/appSamsungGallery.dir/build/.rcc/qmlcache/appSamsungGallery_resources/qml_legacy/GalleryView_qml.cpp.obj
[30/43] Building CXX object CMakeFiles/appSamsungGallery.dir/build/.rcc/qmlcache/appSamsungGallery_resources/qml_legacy/Main_qml.cpp.obj
[31/43] Building CXX object CMakeFiles/appSamsungGallery.dir/build/.rcc/qmlcache/appSamsungGallery_resources/qml_legacy/GalleryViewTiles_qml.cpp.obj
[32/43] Building CXX object CMakeFiles/appSamsungGallery.dir/build/.rcc/qmlcache/appSamsungGallery_resources/qml_legacy/GalleryViewSemantic_qml.cpp.obj
[33/43] Building CXX object CMakeFiles/appSamsungGallery.dir/build/.rcc/qmlcache/appSamsungGallery_resources/qml_legacy/DateScrubber_qml.cpp.obj
[34/43] Building CXX object CMakeFiles/appSamsungGallery.dir/build/.rcc/qmlcache/appSamsungGallery_resources/qml_legacy/AlbumsView_qml.cpp.obj
[35/43] Building CXX object CMakeFiles/appSamsungGallery.dir/build/.rcc/qmlcache/appSamsungGallery_resources/qml_legacy/BottomBar_qml.cpp.obj
[36/43] Building CXX object CMakeFiles/appSamsungGallery.dir/build/.rcc/qmlcache/appSamsungGallery_resources/qml_legacy/PhotoViewer_qml.cpp.obj
[37/43] Building CXX object CMakeFiles/appSamsungGallery.dir/build/.rcc/qmlcache/appSamsungGallery_resources/qml_legacy/UsageGraph_qml.cpp.obj
[38/43] Building CXX object CMakeFiles/appSamsungGallery.dir/build/.qt/rcc/qrc_appSamsungGallery_raw_qml_0.cpp.obj
[39/43] Building CXX object CMakeFiles/appSamsungGallery.dir/build/.rcc/qmlcache/appSamsungGallery_resources/qml_legacy/ShareDialog_qml.cpp.obj
[40/43] Building CXX object CMakeFiles/appSamsungGallery.dir/build/.rcc/qmlcache/appSamsungGallery_resources/qml_legacy/StatsOverlay_qml.cpp.obj
[41/43] Building CXX object CMakeFiles/appSamsungGallery.dir/build/.rcc/qmlcache/appSamsungGallery_resources/qml_legacy/ResizeEditor_qml.cpp.obj
[42/43] Building CXX object CMakeFiles/appSamsungGallery.dir/build/.rcc/qmlcache/appSamsungGallery_resources/qml_legacy/SelectionActionBar_qml.cpp.obj
[43/43] Linking CXX executable appSamsungGallery.exe
ERROR: The process "appSamsungGallery.exe" not found.
