SUCCESS: The process "appSamsungGallery.exe" with PID 25704 has been terminated.
[1/39] Copying appSamsungGallery qml sources into build dir
[2/39] Running qmlimportscanner for appSamsungGallery
[3/39] Automatic MOC and UIC for target appSamsungGallery
[4/39] Running AUTOMOC file extraction for target appSamsungGallery
[5/39] Running rcc for resource appSamsungGallery_raw_qml_0
[6/39] Running moc --collect-json for target appSamsungGallery
[7/39] Automatic QML type registration for target appSamsungGallery
[8/39] Generating .rcc/qmlcache/appSamsungGallery_resources/qml_legacy/DateScrubber_qml.cpp, .rcc/qmlcache/appSamsungGallery_resources/qml_legacy/DateScrubber_qml.cpp.aotstats
[9/39] Generating .rcc/qmlcache/appSamsungGallery_resources/qml_legacy/GalleryViewSemantic_qml.cpp, .rcc/qmlcache/appSamsungGallery_resources/qml_legacy/GalleryViewSemantic_qml.cpp.aotstats
[10/39] Generating .rcc/qmlcache/appSamsungGallery_resources/qml_legacy/GalleryView_qml.cpp, .rcc/qmlcache/appSamsungGallery_resources/qml_legacy/GalleryView_qml.cpp.aotstats
[11/39] Generating .rcc/qmlcache/appSamsungGallery_resources/qml_legacy/AlbumsView_qml.cpp, .rcc/qmlcache/appSamsungGallery_resources/qml_legacy/AlbumsView_qml.cpp.aotstats
[12/39] Generating .rcc/qmlcache/appSamsungGallery_resources/qml_legacy/PhotoViewer_qml.cpp, .rcc/qmlcache/appSamsungGallery_resources/qml_legacy/PhotoViewer_qml.cpp.aotstats
[13/39] Generating .rcc/qmlcache/appSamsungGallery_resources/qml_legacy/BottomBar_qml.cpp, .rcc/qmlcache/appSamsungGallery_resources/qml_legacy/BottomBar_qml.cpp.aotstats
[14/39] Generating .rcc/qmlcache/appSamsungGallery_resources/qml_legacy/GalleryViewTiles_qml.cpp, .rcc/qmlcache/appSamsungGallery_resources/qml_legacy/GalleryViewTiles_qml.cpp.aotstats
[15/39] Generating .rcc/qmlcache/appSamsungGallery_resources/qml_legacy/Main_qml.cpp, .rcc/qmlcache/appSamsungGallery_resources/qml_legacy/Main_qml.cpp.aotstats
[16/39] Generating .rcc/qmlcache/appSamsungGallery_resources/qml_legacy/SelectionActionBar_qml.cpp, .rcc/qmlcache/appSamsungGallery_resources/qml_legacy/SelectionActionBar_qml.cpp.aotstats
[17/39] Generating .rcc/qmlcache/appSamsungGallery_resources/qml_legacy/ShareDialog_qml.cpp, .rcc/qmlcache/appSamsungGallery_resources/qml_legacy/ShareDialog_qml.cpp.aotstats
[18/39] Generating .rcc/qmlcache/appSamsungGallery_resources/qml_legacy/UsageGraph_qml.cpp, .rcc/qmlcache/appSamsungGallery_resources/qml_legacy/UsageGraph_qml.cpp.aotstats
[19/39] Generating .rcc/qmlcache/appSamsungGallery_resources/qml_legacy/StatsOverlay_qml.cpp, .rcc/qmlcache/appSamsungGallery_resources/qml_legacy/StatsOverlay_qml.cpp.aotstats
[20/39] Generating .rcc/qmlcache/appSamsungGallery_resources/qml_legacy/ResizeEditor_qml.cpp, .rcc/qmlcache/appSamsungGallery_resources/qml_legacy/ResizeEditor_qml.cpp.aotstats
[21/39] Building CXX object CMakeFiles/appSamsungGallery.dir/build/.rcc/qmlcache/appSamsungGallery_resources/qml_legacy/GalleryView_qml.cpp.obj
[22/39] Building CXX object CMakeFiles/appSamsungGallery.dir/build/.rcc/qmlcache/appSamsungGallery_resources/qml_legacy/GalleryViewSemantic_qml.cpp.obj
[23/39] Building CXX object CMakeFiles/appSamsungGallery.dir/appsamsunggallery_qmltyperegistrations.cpp.obj
[24/39] Building CXX object CMakeFiles/appSamsungGallery.dir/build/.rcc/qmlcache/appSamsungGallery_resources/qml_legacy/Main_qml.cpp.obj
[25/39] Building CXX object CMakeFiles/appSamsungGallery.dir/build/.rcc/qmlcache/appSamsungGallery_resources/qml_legacy/GalleryViewTiles_qml.cpp.obj
[26/39] Building CXX object CMakeFiles/appSamsungGallery.dir/src_legacy/main.cpp.obj
[27/39] Building CXX object CMakeFiles/appSamsungGallery.dir/appSamsungGallery_autogen/mocs_compilation.cpp.obj
[28/39] Building CXX object CMakeFiles/appSamsungGallery.dir/build/.rcc/qmlcache/appSamsungGallery_resources/qml_legacy/DateScrubber_qml.cpp.obj
[29/39] Building CXX object CMakeFiles/appSamsungGallery.dir/build/.rcc/qmlcache/appSamsungGallery_resources/qml_legacy/AlbumsView_qml.cpp.obj
[30/39] Building CXX object CMakeFiles/appSamsungGallery.dir/build/.rcc/qmlcache/appSamsungGallery_resources/qml_legacy/BottomBar_qml.cpp.obj
[31/39] Building CXX object CMakeFiles/appSamsungGallery.dir/src_legacy/AlbumModel.cpp.obj
D:/Dev/antigravity/src_legacy/AlbumModel.cpp: In member function 'void AlbumModel::scanAlbums(const QString&)':
D:/Dev/antigravity/src_legacy/AlbumModel.cpp:143:5: warning: ignoring return value of 'auto QtConcurrent::run(Function&&, Args&& ...) [with Function = AlbumModel::scanAlbums(const QString&)::<lambda()>; Args = {}]', declared with attribute 'nodiscard': 'Use QThreadPool::start(Callable&&) if you don't need the returned QFuture' [-Wunused-result]
  143 |   });
      |     ^
In file included from D:/Qt/6.9.3/mingw_64/include/QtConcurrent/QtConcurrent:14,
                 from D:/Dev/antigravity/src_legacy/AlbumModel.cpp:6:
D:/Qt/6.9.3/mingw_64/include/QtConcurrent/qtconcurrentrun.h:63:6: note: declared here
   63 | auto run(Function &&f, Args &&...args)
      |      ^~~
[32/39] Building CXX object CMakeFiles/appSamsungGallery.dir/build/.qt/rcc/qrc_appSamsungGallery_raw_qml_0.cpp.obj
[33/39] Building CXX object CMakeFiles/appSamsungGallery.dir/build/.rcc/qmlcache/appSamsungGallery_resources/qml_legacy/ShareDialog_qml.cpp.obj
[34/39] Building CXX object CMakeFiles/appSamsungGallery.dir/build/.rcc/qmlcache/appSamsungGallery_resources/qml_legacy/StatsOverlay_qml.cpp.obj
[35/39] Building CXX object CMakeFiles/appSamsungGallery.dir/build/.rcc/qmlcache/appSamsungGallery_resources/qml_legacy/UsageGraph_qml.cpp.obj
[36/39] Building CXX object CMakeFiles/appSamsungGallery.dir/build/.rcc/qmlcache/appSamsungGallery_resources/qml_legacy/SelectionActionBar_qml.cpp.obj
[37/39] Building CXX object CMakeFiles/appSamsungGallery.dir/build/.rcc/qmlcache/appSamsungGallery_resources/qml_legacy/PhotoViewer_qml.cpp.obj
[38/39] Building CXX object CMakeFiles/appSamsungGallery.dir/build/.rcc/qmlcache/appSamsungGallery_resources/qml_legacy/ResizeEditor_qml.cpp.obj
[39/39] Linking CXX executable appSamsungGallery.exe
