[1/38] Copying appSamsungGallery qml sources into build dir
[2/38] Running qmlimportscanner for appSamsungGallery
[3/38] Automatic MOC and UIC for target appSamsungGallery
[4/37] Running AUTOMOC file extraction for target appSamsungGallery
[5/37] Running rcc for resource appSamsungGallery_raw_qml_0
[6/37] Running moc --collect-json for target appSamsungGallery
[7/21] Generating .rcc/qmlcache/appSamsungGallery_resources/qml_legacy/BottomBar_qml.cpp, .rcc/qmlcache/appSamsungGallery_resources/qml_legacy/BottomBar_qml.cpp.aotstats
[8/21] Generating .rcc/qmlcache/appSamsungGallery_resources/qml_legacy/GalleryViewTiles_qml.cpp, .rcc/qmlcache/appSamsungGallery_resources/qml_legacy/GalleryViewTiles_qml.cpp.aotstats
[9/21] Generating .rcc/qmlcache/appSamsungGallery_resources/qml_legacy/GalleryViewSemantic_qml.cpp, .rcc/qmlcache/appSamsungGallery_resources/qml_legacy/GalleryViewSemantic_qml.cpp.aotstats
[10/21] Generating .rcc/qmlcache/appSamsungGallery_resources/qml_legacy/SelectionActionBar_qml.cpp, .rcc/qmlcache/appSamsungGallery_resources/qml_legacy/SelectionActionBar_qml.cpp.aotstats
[11/21] Generating .rcc/qmlcache/appSamsungGallery_resources/qml_legacy/StatsOverlay_qml.cpp, .rcc/qmlcache/appSamsungGallery_resources/qml_legacy/StatsOverlay_qml.cpp.aotstats
[12/21] Generating .rcc/qmlcache/appSamsungGallery_resources/qml_legacy/Main_qml.cpp, .rcc/qmlcache/appSamsungGallery_resources/qml_legacy/Main_qml.cpp.aotstats
[13/21] Building CXX object CMakeFiles/appSamsungGallery.dir/build/.qt/rcc/qrc_appSamsungGallery_raw_qml_0.cpp.obj
[14/21] Building CXX object CMakeFiles/appSamsungGallery.dir/build/.rcc/qmlcache/appSamsungGallery_resources/qml_legacy/BottomBar_qml.cpp.obj
[15/21] Building CXX object CMakeFiles/appSamsungGallery.dir/build/.rcc/qmlcache/appSamsungGallery_resources/qml_legacy/GalleryViewTiles_qml.cpp.obj
[16/21] Building CXX object CMakeFiles/appSamsungGallery.dir/build/.rcc/qmlcache/appSamsungGallery_resources/qml_legacy/SelectionActionBar_qml.cpp.obj
[17/21] Building CXX object CMakeFiles/appSamsungGallery.dir/build/.rcc/qmlcache/appSamsungGallery_resources/qml_legacy/GalleryViewSemantic_qml.cpp.obj
[18/21] Building CXX object CMakeFiles/appSamsungGallery.dir/build/.rcc/qmlcache/appSamsungGallery_resources/qml_legacy/StatsOverlay_qml.cpp.obj
[19/21] Building CXX object CMakeFiles/appSamsungGallery.dir/build/.rcc/qmlcache/appSamsungGallery_resources/qml_legacy/Main_qml.cpp.obj
[20/21] Building CXX object CMakeFiles/appSamsungGallery.dir/src_legacy/AsyncImageProvider.cpp.obj
[21/21] Linking CXX executable appSamsungGallery.exe
FAILED: appSamsungGallery.exe 
C:\WINDOWS\system32\cmd.exe /C "cd . && D:\Qt\Tools\mingw1310_64\bin\c++.exe -O3 -DNDEBUG  CMakeFiles/appSamsungGallery.dir/appSamsungGallery_autogen/mocs_compilation.cpp.obj CMakeFiles/appSamsungGallery.dir/src_legacy/main.cpp.obj CMakeFiles/appSamsungGallery.dir/src_legacy/ImageModel.cpp.obj CMakeFiles/appSamsungGallery.dir/src_legacy/AlbumModel.cpp.obj CMakeFiles/appSamsungGallery.dir/src_legacy/SettingsHelper.cpp.obj CMakeFiles/appSamsungGallery.dir/src_legacy/SystemMonitor.cpp.obj CMakeFiles/appSamsungGallery.dir/src_legacy/AsyncImageProvider.cpp.obj CMakeFiles/appSamsungGallery.dir/src_legacy/GroupedProxyModel.cpp.obj CMakeFiles/appSamsungGallery.dir/src_legacy/DesktopHelper.cpp.obj CMakeFiles/appSamsungGallery.dir/src_legacy/VideoThumbnailer.cpp.obj CMakeFiles/appSamsungGallery.dir/src_legacy/LogManager.cpp.obj CMakeFiles/appSamsungGallery.dir/src_legacy/TaskScheduler.cpp.obj CMakeFiles/appSamsungGallery.dir/src/ImageProcessor.cpp.obj CMakeFiles/appSamsungGallery.dir/appsamsunggallery_qmltyperegistrations.cpp.obj CMakeFiles/appSamsungGallery.dir/build/.qt/rcc/qrc_qmake_SamsungGallery.cpp.obj CMakeFiles/appSamsungGallery.dir/build/.rcc/qmlcache/appSamsungGallery_qmlcache_loader.cpp.obj CMakeFiles/appSamsungGallery.dir/build/.rcc/qmlcache/appSamsungGallery_resources/qml_legacy/Main_qml.cpp.obj CMakeFiles/appSamsungGallery.dir/build/.rcc/qmlcache/appSamsungGallery_resources/qml_legacy/GalleryView_qml.cpp.obj CMakeFiles/appSamsungGallery.dir/build/.rcc/qmlcache/appSamsungGallery_resources/qml_legacy/GalleryViewSemantic_qml.cpp.obj CMakeFiles/appSamsungGallery.dir/build/.rcc/qmlcache/appSamsungGallery_resources/qml_legacy/GalleryViewTiles_qml.cpp.obj CMakeFiles/appSamsungGallery.dir/build/.rcc/qmlcache/appSamsungGallery_resources/qml_legacy/DateScrubber_qml.cpp.obj CMakeFiles/appSamsungGallery.dir/build/.rcc/qmlcache/appSamsungGallery_resources/qml_legacy/PhotoViewer_qml.cpp.obj CMakeFiles/appSamsungGallery.dir/build/.rcc/qmlcache/appSamsungGallery_resources/qml_legacy/AlbumsView_qml.cpp.obj CMakeFiles/appSamsungGallery.dir/build/.rcc/qmlcache/appSamsungGallery_resources/qml_legacy/BottomBar_qml.cpp.obj CMakeFiles/appSamsungGallery.dir/build/.rcc/qmlcache/appSamsungGallery_resources/qml_legacy/StatsOverlay_qml.cpp.obj CMakeFiles/appSamsungGallery.dir/build/.rcc/qmlcache/appSamsungGallery_resources/qml_legacy/UsageGraph_qml.cpp.obj CMakeFiles/appSamsungGallery.dir/build/.rcc/qmlcache/appSamsungGallery_resources/qml_legacy/SelectionActionBar_qml.cpp.obj CMakeFiles/appSamsungGallery.dir/build/.rcc/qmlcache/appSamsungGallery_resources/qml_legacy/ShareDialog_qml.cpp.obj CMakeFiles/appSamsungGallery.dir/build/.rcc/qmlcache/appSamsungGallery_resources/qml_legacy/ResizeEditor_qml.cpp.obj CMakeFiles/appSamsungGallery.dir/build/.qt/rcc/qrc_appSamsungGallery_raw_qml_0.cpp.obj -o appSamsungGallery.exe -Wl,--out-implib,libappSamsungGallery.dll.a -Wl,--major-image-version,0,--minor-image-version,0  D:/Qt/6.9.3/mingw_64/lib/libQt6Concurrent.a  D:/Qt/6.9.3/mingw_64/lib/libQt6Multimedia.a  D:/Qt/6.9.3/mingw_64/lib/libQt6QuickControls2.a  D:/Qt/6.9.3/mingw_64/lib/libQt6Widgets.a  -lpsapi  -ldxgi  -ld3d11  -lpdh  3rdparty/LibRaw/liblibraw_static.a  D:/Dev/antigravity/3rdparty/ffmpeg/lib/avcodec.lib  D:/Dev/antigravity/3rdparty/ffmpeg/lib/avformat.lib  D:/Dev/antigravity/3rdparty/ffmpeg/lib/swscale.lib  D:/Dev/antigravity/3rdparty/ffmpeg/lib/avutil.lib  D:/Qt/6.9.3/mingw_64/lib/libQt6Quick.a  D:/Qt/6.9.3/mingw_64/lib/libQt6QmlMeta.a  D:/Qt/6.9.3/mingw_64/lib/libQt6QmlWorkerScript.a  D:/Qt/6.9.3/mingw_64/lib/libQt6OpenGL.a  -luser32  D:/Qt/6.9.3/mingw_64/lib/libQt6QmlModels.a  D:/Qt/6.9.3/mingw_64/lib/libQt6Qml.a  D:/Qt/6.9.3/mingw_64/lib/libQt6Network.a  -lshell32  D:/Qt/6.9.3/mingw_64/lib/libQt6Gui.a  D:/Qt/6.9.3/mingw_64/lib/libQt6Core.a  -lmpr  -luserenv  -ldxguid  -ld3d12  -ldxgi  -ld3d11  -lws2_32  -lkernel32 -luser32 -lgdi32 -lwinspool -lshell32 -lole32 -loleaut32 -luuid -lcomdlg32 -ladvapi32 && C:\WINDOWS\system32\cmd.exe /C "cd /D D:\Dev\antigravity\build && D:\Qt\Tools\CMake_64\bin\cmake.exe -E copy_if_different D:/Dev/antigravity/3rdparty/ffmpeg/bin/avcodec-62.dll D:/Dev/antigravity/3rdparty/ffmpeg/bin/avdevice-62.dll D:/Dev/antigravity/3rdparty/ffmpeg/bin/avfilter-11.dll D:/Dev/antigravity/3rdparty/ffmpeg/bin/avformat-62.dll D:/Dev/antigravity/3rdparty/ffmpeg/bin/avutil-60.dll D:/Dev/antigravity/3rdparty/ffmpeg/bin/swresample-6.dll D:/Dev/antigravity/3rdparty/ffmpeg/bin/swscale-9.dll D:/Dev/antigravity/build""
D:/Qt/Tools/mingw1310_64/bin/../lib/gcc/x86_64-w64-mingw32/13.1.0/../../../../x86_64-w64-mingw32/bin/ld.exe: cannot open output file appSamsungGallery.exe: Permission denied
collect2.exe: error: ld returned 1 exit status
ninja: build stopped: subcommand failed.
