[2026-07-11 18:24:04.848] [Thread 25992] Debug: [DIAG] Supported Image Formats: QList("bmp", "cur", "gif", "icns", "ico", "jfif", "jpeg", "jpg", "pbm", "pgm", "png", "ppm", "svg", "svgz", "tga", "tif", "tiff", "wbmp", "webp", "xbm", "xpm")
[2026-07-11 18:24:05.247] [Thread 25992] Debug: SystemMonitor: Starting monitoring with interval 1000 ms
[2026-07-11 18:24:05.381] [Thread 25992] Warning: qrc:/SamsungGallery/resources/qml_legacy/Main.qml:19:5: QML Settings: The Settings type from Qt.labs.settings is deprecated and will be removed in a future release. Please use the one from QtCore instead.
[2026-07-11 18:24:05.531] [Thread 25992] Debug: Loading last folder: I:/MY SDCArds
[2026-07-11 18:24:05.532] [Thread 25992] Debug: [TaskScheduler] Started 2 CPU threads and 2 IO threads.
[2026-07-11 18:24:05.532] [Thread 25992] Debug: [TaskScheduler] Cleared all pending tasks.
[2026-07-11 18:24:05.532] [Thread 19824] Debug: Scanning directory: "I:\\MY SDCArds"
[2026-07-11 18:24:05.968] [Thread 4988] Warning: Corrupt JPEG data: premature end of data segment
[2026-07-11 18:24:06.382] [Thread 25992] Debug: [SystemMonitor] Resource Update: RAM: 201.035 MB (Delta: 201.035 ) | VRAM: 13.5586 MB (Delta: 13.5586 )
[2026-07-11 18:24:08.467] [Thread 25992] Debug: Scanning finished in 2935 ms. Found 8948 items.
[2026-07-11 18:24:08.575] [Thread 10448] Warning: Corrupt JPEG data: premature end of data segment
[2026-07-11 18:24:08.708] [Thread 10448] Info: [FFmpeg] Initialized D3D11VA Hardware Acceleration.
[2026-07-11 18:24:08.749] [Thread 4988] Critical: [FFmpeg Error] "Failed setup for format d3d11: hwaccel initialisation returned error."
[2026-07-11 18:24:08.749] [Thread 4988] Warning: [FFmpeg] Failed to get HW surface format.
[2026-07-11 18:24:08.749] [Thread 4988] Critical: [FFmpeg Error] "no frame!"
[2026-07-11 18:24:08.749] [Thread 10448] Critical: [FFmpeg Error] "Failed setup for format d3d11: hwaccel initialisation returned error."
[2026-07-11 18:24:08.749] [Thread 10448] Warning: [FFmpeg] Failed to get HW surface format.
[2026-07-11 18:24:08.749] [Thread 10448] Critical: [FFmpeg Error] "no frame!"
[2026-07-11 18:24:08.749] [Thread 4988] Critical: [FFmpeg Error] "Missing reference picture, default is 0"
[2026-07-11 18:24:08.750] [Thread 10448] Critical: [FFmpeg Error] "Missing reference picture, default is 0"
[2026-07-11 18:24:08.779] [Thread 4988] Debug: [VideoThumbnailer] Failed to decode frame at 0
[2026-07-11 18:24:08.781] [Thread 10448] Debug: [VideoThumbnailer] Failed to decode frame at 0
[2026-07-11 18:24:10.242] [Thread 25992] Debug: [SystemMonitor] Resource Update: RAM: 420.922 MB (Delta: 219.887 ) | VRAM: 98.2422 MB (Delta: 84.6836 )
[2026-07-11 18:24:11.240] [Thread 25992] Debug: [SystemMonitor] Resource Update: RAM: 424.016 MB (Delta: 3.09375 ) | VRAM: 41.9531 MB (Delta: -56.2891 )
[2026-07-11 18:24:12.276] [Thread 4988] Critical: [FFmpeg Error] "Failed setup for format d3d11: hwaccel initialisation returned error."
[2026-07-11 18:24:12.276] [Thread 4988] Warning: [FFmpeg] Failed to get HW surface format.
[2026-07-11 18:24:12.276] [Thread 4988] Critical: [FFmpeg Error] "no frame!"
[2026-07-11 18:24:12.276] [Thread 4988] Critical: [FFmpeg Error] "Missing reference picture, default is 0"
[2026-07-11 18:24:12.301] [Thread 4988] Debug: [VideoThumbnailer] Failed to decode frame at 0
[2026-07-11 18:24:13.898] [Thread 4988] Critical: [FFmpeg Error] "Failed setup for format d3d11: hwaccel initialisation returned error."
[2026-07-11 18:24:13.898] [Thread 4988] Warning: [FFmpeg] Failed to get HW surface format.
[2026-07-11 18:24:13.898] [Thread 4988] Critical: [FFmpeg Error] "no frame!"
[2026-07-11 18:24:13.898] [Thread 4988] Critical: [FFmpeg Error] "Missing reference picture, default is 0"
[2026-07-11 18:24:13.998] [Thread 4988] Debug: [VideoThumbnailer] Failed to decode frame at 0
[2026-07-11 18:24:14.001] [Thread 10448] Warning: [AsyncImageProvider] QImageReader canRead() returned false: "I:\\MY SDCArds\\S22 ultra\\Camera\\20260618_133902.heic" Error: "Unsupported image format" Formats: QList("bmp", "cur", "gif", "icns", "ico", "jfif", "jpeg", "jpg", "pbm", "pgm", "png", "ppm", "svg", "svgz", "tga", "tif", "tiff", "wbmp", "webp", "xbm", "xpm")
[2026-07-11 18:24:14.013] [Thread 10448] Warning: [AsyncImageProvider] QImageReader canRead() returned false: "I:\\MY SDCArds\\S22 ultra\\Camera\\20260618_122310.heic" Error: "Unsupported image format" Formats: QList("bmp", "cur", "gif", "icns", "ico", "jfif", "jpeg", "jpg", "pbm", "pgm", "png", "ppm", "svg", "svgz", "tga", "tif", "tiff", "wbmp", "webp", "xbm", "xpm")
[2026-07-11 18:24:14.240] [Thread 25992] Debug: [SystemMonitor] Resource Update: RAM: 515.5 MB (Delta: 91.4844 ) | VRAM: 113.422 MB (Delta: 71.4688 )
[2026-07-11 18:24:14.754] [Thread 10448] Debug: [VideoThumbnailer] Found black frame at 0 ms. Retrying...
[2026-07-11 18:24:14.896] [Thread 4988] Debug: [VideoThumbnailer] Found black frame at 0 ms. Retrying...
[2026-07-11 18:24:14.924] [Thread 4988] Debug: [VideoThumbnailer] Found black frame at 0 ms. Retrying...
[2026-07-11 18:24:15.000] [Thread 10448] Debug: [VideoThumbnailer] Found black frame at 0 ms. Retrying...
[2026-07-11 18:24:15.058] [Thread 4988] Debug: [VideoThumbnailer] Found black frame at 0 ms. Retrying...
[2026-07-11 18:24:15.062] [Thread 4988] Debug: [VideoThumbnailer] Found black frame at 6678 ms. Retrying...
[2026-07-11 18:24:15.240] [Thread 25992] Debug: [SystemMonitor] Resource Update: RAM: 460.711 MB (Delta: -54.7891 ) | VRAM: 77.6602 MB (Delta: -35.7617 )
[2026-07-11 18:24:15.277] [Thread 4988] Debug: [VideoThumbnailer] Found black frame at 0 ms. Retrying...
[2026-07-11 18:24:15.282] [Thread 4988] Debug: [VideoThumbnailer] Found black frame at 3731 ms. Retrying...
[2026-07-11 18:24:15.287] [Thread 4988] Debug: [VideoThumbnailer] Found black frame at 9328 ms. Retrying...
[2026-07-11 18:24:15.380] [Thread 10448] Debug: [VideoThumbnailer] Found black frame at 0 ms. Retrying...
[2026-07-11 18:24:15.384] [Thread 10448] Debug: [VideoThumbnailer] Found black frame at 4878 ms. Retrying...
[2026-07-11 18:24:15.395] [Thread 4988] Debug: [VideoThumbnailer] Found black frame at 0 ms. Retrying...
[2026-07-11 18:24:15.396] [Thread 10448] Debug: [VideoThumbnailer] Found black frame at 12195 ms. Retrying...
[2026-07-11 18:24:15.400] [Thread 4988] Debug: [VideoThumbnailer] Found black frame at 6757 ms. Retrying...
[2026-07-11 18:24:15.411] [Thread 4988] Debug: [VideoThumbnailer] Found black frame at 16892 ms. Retrying...
[2026-07-11 18:24:15.593] [Thread 10448] Debug: [VideoThumbnailer] Found black frame at 0 ms. Retrying...
[2026-07-11 18:24:15.631] [Thread 10448] Debug: [VideoThumbnailer] Found black frame at 0 ms. Retrying...
[2026-07-11 18:24:15.634] [Thread 10448] Debug: [VideoThumbnailer] Found black frame at 4130 ms. Retrying...
[2026-07-11 18:24:15.679] [Thread 4988] Debug: [VideoThumbnailer] Found black frame at 0 ms. Retrying...
[2026-07-11 18:24:15.686] [Thread 4988] Debug: [VideoThumbnailer] Found black frame at 30675 ms. Retrying...
[2026-07-11 18:24:15.690] [Thread 4988] Debug: [VideoThumbnailer] Found black frame at 76689 ms. Retrying...
[2026-07-11 18:24:15.817] [Thread 10448] Debug: [VideoThumbnailer] Found black frame at 0 ms. Retrying...
[2026-07-11 18:24:15.821] [Thread 10448] Debug: [VideoThumbnailer] Found black frame at 7400 ms. Retrying...
[2026-07-11 18:24:15.827] [Thread 10448] Debug: [VideoThumbnailer] Found black frame at 18500 ms. Retrying...
[2026-07-11 18:24:15.836] [Thread 4988] Debug: [VideoThumbnailer] Found black frame at 0 ms. Retrying...
[2026-07-11 18:24:15.841] [Thread 4988] Debug: [VideoThumbnailer] Found black frame at 8707 ms. Retrying...
[2026-07-11 18:24:15.845] [Thread 4988] Debug: [VideoThumbnailer] Found black frame at 21768 ms. Retrying...
[2026-07-11 18:24:16.020] [Thread 10448] Debug: [VideoThumbnailer] Found black frame at 0 ms. Retrying...
[2026-07-11 18:24:16.187] [Thread 4988] Debug: [VideoThumbnailer] Found black frame at 0 ms. Retrying...
[2026-07-11 18:24:16.200] [Thread 10448] Debug: [VideoThumbnailer] Found black frame at 0 ms. Retrying...
[2026-07-11 18:24:16.204] [Thread 10448] Debug: [VideoThumbnailer] Found black frame at 8672 ms. Retrying...
[2026-07-11 18:24:16.210] [Thread 10448] Debug: [VideoThumbnailer] Found black frame at 21681 ms. Retrying...
[2026-07-11 18:24:16.504] [Thread 10448] Warning: Invalid SOS parameters for sequential JPEG
[2026-07-11 18:24:23.240] [Thread 25992] Debug: [SystemMonitor] Resource Update: RAM: 405.855 MB (Delta: -54.8555 ) | VRAM: 42.3398 MB (Delta: -35.3203 )
[2026-07-11 18:25:40.243] [Thread 25992] Debug: [SystemMonitor] Resource Update: RAM: 355.539 MB (Delta: -50.3164 ) | VRAM: 42.3398 MB (Delta: 0 )
[2026-07-11 18:33:28.241] [Thread 25992] Debug: [SystemMonitor] Resource Update: RAM: 446.93 MB (Delta: 91.3906 ) | VRAM: 41.6016 MB (Delta: -0.738281 )
