warning: in the working copy of 'docs/KNOWN_ISSUES.md', LF will be replaced by CRLF the next time Git touches it
warning: in the working copy of 'src_legacy/DesktopHelper.cpp', LF will be replaced by CRLF the next time Git touches it
warning: in the working copy of 'docs/artifacts/5f4366b1-0d27-4921-ae3c-6cd856c77dbb/.system_generated/tasks/task-111.log', LF will be replaced by CRLF the next time Git touches it
warning: in the working copy of 'docs/artifacts/5f4366b1-0d27-4921-ae3c-6cd856c77dbb/.system_generated/tasks/task-1306.log', LF will be replaced by CRLF the next time Git touches it
warning: in the working copy of 'docs/artifacts/5f4366b1-0d27-4921-ae3c-6cd856c77dbb/.system_generated/tasks/task-1495.log', LF will be replaced by CRLF the next time Git touches it
warning: in the working copy of 'docs/artifacts/5f4366b1-0d27-4921-ae3c-6cd856c77dbb/.system_generated/tasks/task-1598.log', LF will be replaced by CRLF the next time Git touches it
warning: in the working copy of 'docs/artifacts/5f4366b1-0d27-4921-ae3c-6cd856c77dbb/.system_generated/tasks/task-1601.log', LF will be replaced by CRLF the next time Git touches it
warning: in the working copy of 'docs/artifacts/5f4366b1-0d27-4921-ae3c-6cd856c77dbb/.system_generated/tasks/task-1620.log', LF will be replaced by CRLF the next time Git touches it
warning: in the working copy of 'docs/artifacts/5f4366b1-0d27-4921-ae3c-6cd856c77dbb/.system_generated/tasks/task-1660.log', LF will be replaced by CRLF the next time Git touches it
warning: in the working copy of 'docs/artifacts/5f4366b1-0d27-4921-ae3c-6cd856c77dbb/.system_generated/tasks/task-1663.log', LF will be replaced by CRLF the next time Git touches it
warning: in the working copy of 'docs/artifacts/5f4366b1-0d27-4921-ae3c-6cd856c77dbb/.system_generated/tasks/task-1708.log', LF will be replaced by CRLF the next time Git touches it
warning: in the working copy of 'docs/artifacts/5f4366b1-0d27-4921-ae3c-6cd856c77dbb/.system_generated/tasks/task-1723.log', LF will be replaced by CRLF the next time Git touches it
warning: in the working copy of 'docs/artifacts/5f4366b1-0d27-4921-ae3c-6cd856c77dbb/.system_generated/tasks/task-1726.log', LF will be replaced by CRLF the next time Git touches it
warning: in the working copy of 'docs/artifacts/5f4366b1-0d27-4921-ae3c-6cd856c77dbb/.system_generated/tasks/task-1729.log', LF will be replaced by CRLF the next time Git touches it
warning: in the working copy of 'docs/artifacts/5f4366b1-0d27-4921-ae3c-6cd856c77dbb/.system_generated/tasks/task-1740.log', LF will be replaced by CRLF the next time Git touches it
warning: in the working copy of 'docs/artifacts/5f4366b1-0d27-4921-ae3c-6cd856c77dbb/.system_generated/tasks/task-1743.log', LF will be replaced by CRLF the next time Git touches it
warning: in the working copy of 'docs/artifacts/5f4366b1-0d27-4921-ae3c-6cd856c77dbb/.system_generated/tasks/task-1746.log', LF will be replaced by CRLF the next time Git touches it
warning: in the working copy of 'docs/artifacts/5f4366b1-0d27-4921-ae3c-6cd856c77dbb/.system_generated/tasks/task-1752.log', LF will be replaced by CRLF the next time Git touches it
warning: in the working copy of 'docs/artifacts/5f4366b1-0d27-4921-ae3c-6cd856c77dbb/.system_generated/tasks/task-1755.log', LF will be replaced by CRLF the next time Git touches it
warning: in the working copy of 'docs/artifacts/5f4366b1-0d27-4921-ae3c-6cd856c77dbb/.system_generated/tasks/task-1758.log', LF will be replaced by CRLF the next time Git touches it
warning: in the working copy of 'docs/artifacts/5f4366b1-0d27-4921-ae3c-6cd856c77dbb/.system_generated/tasks/task-1770.log', LF will be replaced by CRLF the next time Git touches it
warning: in the working copy of 'docs/artifacts/5f4366b1-0d27-4921-ae3c-6cd856c77dbb/.system_generated/tasks/task-1773.log', LF will be replaced by CRLF the next time Git touches it
warning: in the working copy of 'docs/artifacts/5f4366b1-0d27-4921-ae3c-6cd856c77dbb/.system_generated/tasks/task-1776.log', LF will be replaced by CRLF the next time Git touches it
warning: in the working copy of 'docs/artifacts/5f4366b1-0d27-4921-ae3c-6cd856c77dbb/.system_generated/tasks/task-1782.log', LF will be replaced by CRLF the next time Git touches it
warning: in the working copy of 'docs/artifacts/5f4366b1-0d27-4921-ae3c-6cd856c77dbb/.system_generated/tasks/task-1795.log', LF will be replaced by CRLF the next time Git touches it
warning: in the working copy of 'docs/artifacts/5f4366b1-0d27-4921-ae3c-6cd856c77dbb/.system_generated/tasks/task-1798.log', LF will be replaced by CRLF the next time Git touches it
warning: in the working copy of 'docs/artifacts/5f4366b1-0d27-4921-ae3c-6cd856c77dbb/.system_generated/tasks/task-1801.log', LF will be replaced by CRLF the next time Git touches it
warning: in the working copy of 'docs/artifacts/5f4366b1-0d27-4921-ae3c-6cd856c77dbb/.system_generated/tasks/task-2317.log', LF will be replaced by CRLF the next time Git touches it
warning: in the working copy of 'docs/artifacts/5f4366b1-0d27-4921-ae3c-6cd856c77dbb/.system_generated/tasks/task-2320.log', LF will be replaced by CRLF the next time Git touches it
warning: in the working copy of 'docs/artifacts/5f4366b1-0d27-4921-ae3c-6cd856c77dbb/.system_generated/tasks/task-249.log', LF will be replaced by CRLF the next time Git touches it
warning: in the working copy of 'docs/artifacts/5f4366b1-0d27-4921-ae3c-6cd856c77dbb/.system_generated/tasks/task-302.log', LF will be replaced by CRLF the next time Git touches it
warning: in the working copy of 'docs/artifacts/5f4366b1-0d27-4921-ae3c-6cd856c77dbb/.system_generated/tasks/task-316.log', LF will be replaced by CRLF the next time Git touches it
warning: in the working copy of 'docs/artifacts/5f4366b1-0d27-4921-ae3c-6cd856c77dbb/.system_generated/tasks/task-462.log', LF will be replaced by CRLF the next time Git touches it
warning: in the working copy of 'docs/artifacts/5f4366b1-0d27-4921-ae3c-6cd856c77dbb/.system_generated/tasks/task-475.log', LF will be replaced by CRLF the next time Git touches it
warning: in the working copy of 'docs/artifacts/5f4366b1-0d27-4921-ae3c-6cd856c77dbb/.system_generated/tasks/task-487.log', LF will be replaced by CRLF the next time Git touches it
warning: in the working copy of 'docs/artifacts/5f4366b1-0d27-4921-ae3c-6cd856c77dbb/.system_generated/tasks/task-493.log', LF will be replaced by CRLF the next time Git touches it
warning: in the working copy of 'docs/artifacts/5f4366b1-0d27-4921-ae3c-6cd856c77dbb/.system_generated/tasks/task-499.log', LF will be replaced by CRLF the next time Git touches it
warning: in the working copy of 'docs/artifacts/5f4366b1-0d27-4921-ae3c-6cd856c77dbb/.system_generated/tasks/task-505.log', LF will be replaced by CRLF the next time Git touches it
warning: in the working copy of 'docs/artifacts/5f4366b1-0d27-4921-ae3c-6cd856c77dbb/.system_generated/tasks/task-511.log', LF will be replaced by CRLF the next time Git touches it
warning: in the working copy of 'docs/artifacts/5f4366b1-0d27-4921-ae3c-6cd856c77dbb/.system_generated/tasks/task-525.log', LF will be replaced by CRLF the next time Git touches it
warning: in the working copy of 'docs/artifacts/5f4366b1-0d27-4921-ae3c-6cd856c77dbb/.system_generated/tasks/task-531.log', LF will be replaced by CRLF the next time Git touches it
warning: in the working copy of 'docs/artifacts/5f4366b1-0d27-4921-ae3c-6cd856c77dbb/.system_generated/tasks/task-537.log', LF will be replaced by CRLF the next time Git touches it
warning: in the working copy of 'docs/artifacts/5f4366b1-0d27-4921-ae3c-6cd856c77dbb/.system_generated/tasks/task-543.log', LF will be replaced by CRLF the next time Git touches it
warning: in the working copy of 'docs/artifacts/5f4366b1-0d27-4921-ae3c-6cd856c77dbb/.system_generated/tasks/task-549.log', LF will be replaced by CRLF the next time Git touches it
warning: in the working copy of 'docs/artifacts/5f4366b1-0d27-4921-ae3c-6cd856c77dbb/.system_generated/tasks/task-560.log', LF will be replaced by CRLF the next time Git touches it
warning: in the working copy of 'docs/artifacts/5f4366b1-0d27-4921-ae3c-6cd856c77dbb/.system_generated/tasks/task-566.log', LF will be replaced by CRLF the next time Git touches it
warning: in the working copy of 'docs/artifacts/5f4366b1-0d27-4921-ae3c-6cd856c77dbb/.system_generated/tasks/task-572.log', LF will be replaced by CRLF the next time Git touches it
warning: in the working copy of 'docs/artifacts/5f4366b1-0d27-4921-ae3c-6cd856c77dbb/.system_generated/tasks/task-578.log', LF will be replaced by CRLF the next time Git touches it
warning: in the working copy of 'docs/artifacts/5f4366b1-0d27-4921-ae3c-6cd856c77dbb/.system_generated/tasks/task-584.log', LF will be replaced by CRLF the next time Git touches it
warning: in the working copy of 'docs/artifacts/5f4366b1-0d27-4921-ae3c-6cd856c77dbb/.system_generated/tasks/task-595.log', LF will be replaced by CRLF the next time Git touches it
warning: in the working copy of 'docs/artifacts/5f4366b1-0d27-4921-ae3c-6cd856c77dbb/.system_generated/tasks/task-601.log', LF will be replaced by CRLF the next time Git touches it
warning: in the working copy of 'docs/artifacts/5f4366b1-0d27-4921-ae3c-6cd856c77dbb/.system_generated/tasks/task-607.log', LF will be replaced by CRLF the next time Git touches it
warning: in the working copy of 'docs/artifacts/5f4366b1-0d27-4921-ae3c-6cd856c77dbb/.system_generated/tasks/task-613.log', LF will be replaced by CRLF the next time Git touches it
warning: in the working copy of 'docs/artifacts/5f4366b1-0d27-4921-ae3c-6cd856c77dbb/.system_generated/tasks/task-626.log', LF will be replaced by CRLF the next time Git touches it
warning: in the working copy of 'docs/artifacts/5f4366b1-0d27-4921-ae3c-6cd856c77dbb/.system_generated/tasks/task-632.log', LF will be replaced by CRLF the next time Git touches it
warning: in the working copy of 'docs/artifacts/5f4366b1-0d27-4921-ae3c-6cd856c77dbb/.system_generated/tasks/task-640.log', LF will be replaced by CRLF the next time Git touches it
warning: in the working copy of 'docs/artifacts/5f4366b1-0d27-4921-ae3c-6cd856c77dbb/.system_generated/tasks/task-646.log', LF will be replaced by CRLF the next time Git touches it
warning: in the working copy of 'docs/artifacts/5f4366b1-0d27-4921-ae3c-6cd856c77dbb/.system_generated/tasks/task-652.log', LF will be replaced by CRLF the next time Git touches it
warning: in the working copy of 'docs/artifacts/5f4366b1-0d27-4921-ae3c-6cd856c77dbb/.system_generated/tasks/task-658.log', LF will be replaced by CRLF the next time Git touches it
warning: in the working copy of 'docs/artifacts/5f4366b1-0d27-4921-ae3c-6cd856c77dbb/.system_generated/tasks/task-668.log', LF will be replaced by CRLF the next time Git touches it
warning: in the working copy of 'docs/artifacts/5f4366b1-0d27-4921-ae3c-6cd856c77dbb/.system_generated/tasks/task-718.log', LF will be replaced by CRLF the next time Git touches it
warning: in the working copy of 'docs/artifacts/5f4366b1-0d27-4921-ae3c-6cd856c77dbb/.system_generated/tasks/task-724.log', LF will be replaced by CRLF the next time Git touches it
warning: in the working copy of 'docs/artifacts/5f4366b1-0d27-4921-ae3c-6cd856c77dbb/.system_generated/tasks/task-777.log', LF will be replaced by CRLF the next time Git touches it
warning: in the working copy of 'docs/artifacts/5f4366b1-0d27-4921-ae3c-6cd856c77dbb/.system_generated/tasks/task-783.log', LF will be replaced by CRLF the next time Git touches it
warning: in the working copy of 'docs/artifacts/5f4366b1-0d27-4921-ae3c-6cd856c77dbb/.system_generated/tasks/task-789.log', LF will be replaced by CRLF the next time Git touches it
warning: in the working copy of 'docs/artifacts/5f4366b1-0d27-4921-ae3c-6cd856c77dbb/.system_generated/tasks/task-930.log', LF will be replaced by CRLF the next time Git touches it
warning: in the working copy of 'docs/artifacts/5f4366b1-0d27-4921-ae3c-6cd856c77dbb/.system_generated/tasks/task-937.log', LF will be replaced by CRLF the next time Git touches it
warning: in the working copy of 'docs/artifacts/5f4366b1-0d27-4921-ae3c-6cd856c77dbb/.system_generated/tasks/task-943.log', LF will be replaced by CRLF the next time Git touches it
warning: in the working copy of 'docs/artifacts/5f4366b1-0d27-4921-ae3c-6cd856c77dbb/architecture_comparison.md', LF will be replaced by CRLF the next time Git touches it
warning: in the working copy of 'docs/artifacts/5f4366b1-0d27-4921-ae3c-6cd856c77dbb/architecture_comparison.md.metadata.json', LF will be replaced by CRLF the next time Git touches it
warning: in the working copy of 'docs/artifacts/9abe0a4b-823c-4c8a-91b9-f2cd941bff0a/.system_generated/tasks/task-2245.log', LF will be replaced by CRLF the next time Git touches it
warning: in the working copy of 'docs/artifacts/9abe0a4b-823c-4c8a-91b9-f2cd941bff0a/.system_generated/tasks/task-2355.log', LF will be replaced by CRLF the next time Git touches it
warning: in the working copy of 'docs/artifacts/9abe0a4b-823c-4c8a-91b9-f2cd941bff0a/.system_generated/tasks/task-2415.log', LF will be replaced by CRLF the next time Git touches it
warning: in the working copy of 'docs/artifacts/fc6f7ab1-55b2-42f7-ba90-f559dacfa4ba/.system_generated/tasks/task-148.log', LF will be replaced by CRLF the next time Git touches it
warning: in the working copy of 'patch_imagemodel.py', LF will be replaced by CRLF the next time Git touches it
[main 3e40601] UI Bug fixes and features ported: Fixed ResizeEditor nested sizing, DateScrubber abyss, Semantic Selection overlay bindings, Albums inner view search sync, and corrupted QML strings
 371 files changed, 731629 insertions(+), 10208 deletions(-)
 create mode 100644 docs/artifacts/267342e7-3a40-4b07-a3aa-179fb09988ec/.system_generated/messages/6518dc14-effe-4e46-8f55-9441f22853d4.json
 create mode 100644 docs/artifacts/267342e7-3a40-4b07-a3aa-179fb09988ec/.system_generated/messages/bcc1d25c-c986-42ed-ab7a-5fa091c67a5c.json
 create mode 100644 docs/artifacts/267342e7-3a40-4b07-a3aa-179fb09988ec/.system_generated/messages/cursor.json
 create mode 100644 docs/artifacts/267342e7-3a40-4b07-a3aa-179fb09988ec/.system_generated/messages/read.json
 create mode 100644 docs/artifacts/267342e7-3a40-4b07-a3aa-179fb09988ec/.system_generated/tasks/task-36.log
 create mode 100644 docs/artifacts/267342e7-3a40-4b07-a3aa-179fb09988ec/.system_generated/tasks/task-5.log
 create mode 100644 docs/artifacts/5f4366b1-0d27-4921-ae3c-6cd856c77dbb/.system_generated/messages/027af636-75cf-483f-b5a9-3d969eb3a05d.json
 create mode 100644 docs/artifacts/5f4366b1-0d27-4921-ae3c-6cd856c77dbb/.system_generated/messages/0482a2f1-2c3b-41c8-bbd1-1fd7a18cdbba.json
 create mode 100644 docs/artifacts/5f4366b1-0d27-4921-ae3c-6cd856c77dbb/.system_generated/messages/058a0483-d13b-411b-8bd4-e3ef78870c94.json
 create mode 100644 docs/artifacts/5f4366b1-0d27-4921-ae3c-6cd856c77dbb/.system_generated/messages/061f0da7-2893-4aed-8534-c038ce5bf088.json
 create mode 100644 docs/artifacts/5f4366b1-0d27-4921-ae3c-6cd856c77dbb/.system_generated/messages/075c8f2e-8b28-425b-b425-4bba1cae6369.json
 create mode 100644 docs/artifacts/5f4366b1-0d27-4921-ae3c-6cd856c77dbb/.system_generated/messages/085ce167-e997-477f-ba53-34e8ecd9d8de.json
 create mode 100644 docs/artifacts/5f4366b1-0d27-4921-ae3c-6cd856c77dbb/.system_generated/messages/0ad00a0a-b802-4957-84b6-ac85a8d73b4c.json
 create mode 100644 docs/artifacts/5f4366b1-0d27-4921-ae3c-6cd856c77dbb/.system_generated/messages/0ffb9136-3f9d-42b8-b7a7-45675a780890.json
 create mode 100644 docs/artifacts/5f4366b1-0d27-4921-ae3c-6cd856c77dbb/.system_generated/messages/175a5ad1-6aca-42be-bea3-e5675c584edb.json
 create mode 100644 docs/artifacts/5f4366b1-0d27-4921-ae3c-6cd856c77dbb/.system_generated/messages/1b58683f-2998-4855-8792-82b8dfa36443.json
 create mode 100644 docs/artifacts/5f4366b1-0d27-4921-ae3c-6cd856c77dbb/.system_generated/messages/1bbee0c3-6c49-4a43-bb99-7305b53c003c.json
 create mode 100644 docs/artifacts/5f4366b1-0d27-4921-ae3c-6cd856c77dbb/.system_generated/messages/1ccd6b64-650d-460e-8d24-a33a041f99bd.json
 create mode 100644 docs/artifacts/5f4366b1-0d27-4921-ae3c-6cd856c77dbb/.system_generated/messages/1e0f3cc6-9825-4ece-9ab2-838e1ebe5225.json
 create mode 100644 docs/artifacts/5f4366b1-0d27-4921-ae3c-6cd856c77dbb/.system_generated/messages/20ce1f46-5663-4817-aa5a-a0ec6b25148b.json
 create mode 100644 docs/artifacts/5f4366b1-0d27-4921-ae3c-6cd856c77dbb/.system_generated/messages/221cbee2-f18a-4bac-8008-5b9350733a31.json
 create mode 100644 docs/artifacts/5f4366b1-0d27-4921-ae3c-6cd856c77dbb/.system_generated/messages/2445925b-005c-4d93-b204-9981c2663131.json
 create mode 100644 docs/artifacts/5f4366b1-0d27-4921-ae3c-6cd856c77dbb/.system_generated/messages/28f16ddd-8beb-4194-95e5-4c3dbe0ddbbd.json
 create mode 100644 docs/artifacts/5f4366b1-0d27-4921-ae3c-6cd856c77dbb/.system_generated/messages/2c6329da-110a-4f84-979f-60300f45566e.json
 create mode 100644 docs/artifacts/5f4366b1-0d27-4921-ae3c-6cd856c77dbb/.system_generated/messages/3475744e-e588-46d7-931e-2717a6206dac.json
 create mode 100644 docs/artifacts/5f4366b1-0d27-4921-ae3c-6cd856c77dbb/.system_generated/messages/39bd0163-6d9a-4284-a145-c840f36a6226.json
 create mode 100644 docs/artifacts/5f4366b1-0d27-4921-ae3c-6cd856c77dbb/.system_generated/messages/3c402b73-277b-4e92-b7ef-a9ad140044f2.json
 create mode 100644 docs/artifacts/5f4366b1-0d27-4921-ae3c-6cd856c77dbb/.system_generated/messages/413805d3-b3a4-4f72-b506-1fd3ff1493d2.json
 create mode 100644 docs/artifacts/5f4366b1-0d27-4921-ae3c-6cd856c77dbb/.system_generated/messages/42d1b505-be87-4409-b25f-468bb674fb6e.json
 create mode 100644 docs/artifacts/5f4366b1-0d27-4921-ae3c-6cd856c77dbb/.system_generated/messages/48ca0253-8608-46bd-aafa-65b83bff8f70.json
 create mode 100644 docs/artifacts/5f4366b1-0d27-4921-ae3c-6cd856c77dbb/.system_generated/messages/48e193d0-b75e-46b1-be07-9ec6173d0c25.json
 create mode 100644 docs/artifacts/5f4366b1-0d27-4921-ae3c-6cd856c77dbb/.system_generated/messages/49325c33-6d45-4df4-90ff-53582f6478dc.json
 create mode 100644 docs/artifacts/5f4366b1-0d27-4921-ae3c-6cd856c77dbb/.system_generated/messages/4e7aac7d-4bf9-405f-bf92-da78fb2908a3.json
 create mode 100644 docs/artifacts/5f4366b1-0d27-4921-ae3c-6cd856c77dbb/.system_generated/messages/518c8cbe-b8d0-4f0f-b08f-11bd0ea76cc0.json
 create mode 100644 docs/artifacts/5f4366b1-0d27-4921-ae3c-6cd856c77dbb/.system_generated/messages/5f605832-a698-4a1d-b243-ba79825d8b39.json
 create mode 100644 docs/artifacts/5f4366b1-0d27-4921-ae3c-6cd856c77dbb/.system_generated/messages/5f694ad1-feb1-43ba-8e29-1519f368f49d.json
 create mode 100644 docs/artifacts/5f4366b1-0d27-4921-ae3c-6cd856c77dbb/.system_generated/messages/5f90b790-111d-4e24-94f7-0d06b842ce43.json
 create mode 100644 docs/artifacts/5f4366b1-0d27-4921-ae3c-6cd856c77dbb/.system_generated/messages/60c57adf-bc60-4090-9be8-f3e0a010bb1f.json
 create mode 100644 docs/artifacts/5f4366b1-0d27-4921-ae3c-6cd856c77dbb/.system_generated/messages/60e872f5-e218-40c7-abe8-071c35ccaf2b.json
 create mode 100644 docs/artifacts/5f4366b1-0d27-4921-ae3c-6cd856c77dbb/.system_generated/messages/6285b683-2f93-4da8-b504-f5cb0b95c4ec.json
 create mode 100644 docs/artifacts/5f4366b1-0d27-4921-ae3c-6cd856c77dbb/.system_generated/messages/64008b29-1981-4357-9f6c-76b1f395f60e.json
 create mode 100644 docs/artifacts/5f4366b1-0d27-4921-ae3c-6cd856c77dbb/.system_generated/messages/651d0f82-41be-4e6a-820b-0215483bb46a.json
 create mode 100644 docs/artifacts/5f4366b1-0d27-4921-ae3c-6cd856c77dbb/.system_generated/messages/6a9b6673-4f0e-4ddb-a064-944e8fd049e8.json
 create mode 100644 docs/artifacts/5f4366b1-0d27-4921-ae3c-6cd856c77dbb/.system_generated/messages/6b333a64-2b8b-4bcb-bf61-29b1409a98aa.json
 create mode 100644 docs/artifacts/5f4366b1-0d27-4921-ae3c-6cd856c77dbb/.system_generated/messages/6bcb7932-c2a5-4e6b-bb96-9d154d18de32.json
 create mode 100644 docs/artifacts/5f4366b1-0d27-4921-ae3c-6cd856c77dbb/.system_generated/messages/6e04ccea-123d-4b7f-9152-9e1ee862c71a.json
 create mode 100644 docs/artifacts/5f4366b1-0d27-4921-ae3c-6cd856c77dbb/.system_generated/messages/74351a18-9b08-4076-988e-b0ba30bd433a.json
 create mode 100644 docs/artifacts/5f4366b1-0d27-4921-ae3c-6cd856c77dbb/.system_generated/messages/743f25f0-b36e-4213-b4d8-70addcd45e73.json
 create mode 100644 docs/artifacts/5f4366b1-0d27-4921-ae3c-6cd856c77dbb/.system_generated/messages/76cea377-785a-4084-ad43-c07fc1a7b33b.json
 create mode 100644 docs/artifacts/5f4366b1-0d27-4921-ae3c-6cd856c77dbb/.system_generated/messages/772f7491-528f-4779-84d1-69210c753d26.json
 create mode 100644 docs/artifacts/5f4366b1-0d27-4921-ae3c-6cd856c77dbb/.system_generated/messages/7731e0e1-759c-4f9a-a1e6-7063275475f9.json
 create mode 100644 docs/artifacts/5f4366b1-0d27-4921-ae3c-6cd856c77dbb/.system_generated/messages/77d47be9-9159-4ea1-bdd6-e70db627c11d.json
 create mode 100644 docs/artifacts/5f4366b1-0d27-4921-ae3c-6cd856c77dbb/.system_generated/messages/7983d875-aa53-45d9-9265-28955943707f.json
 create mode 100644 docs/artifacts/5f4366b1-0d27-4921-ae3c-6cd856c77dbb/.system_generated/messages/7b047433-61bc-4fa2-9c91-f2327a612603.json
 create mode 100644 docs/artifacts/5f4366b1-0d27-4921-ae3c-6cd856c77dbb/.system_generated/messages/8ae4c045-07a8-4a07-b893-451ed2039201.json
 create mode 100644 docs/artifacts/5f4366b1-0d27-4921-ae3c-6cd856c77dbb/.system_generated/messages/8b588210-a08b-4896-bd0c-d5a4bc468472.json
 create mode 100644 docs/artifacts/5f4366b1-0d27-4921-ae3c-6cd856c77dbb/.system_generated/messages/8de69ae6-f9c3-47c2-918e-36488a369b92.json
 create mode 100644 docs/artifacts/5f4366b1-0d27-4921-ae3c-6cd856c77dbb/.system_generated/messages/8e37329e-9226-404e-89ea-f5a2703c5c16.json
 create mode 100644 docs/artifacts/5f4366b1-0d27-4921-ae3c-6cd856c77dbb/.system_generated/messages/980282bd-2fb6-4933-a586-d4bb956cb12a.json
 create mode 100644 docs/artifacts/5f4366b1-0d27-4921-ae3c-6cd856c77dbb/.system_generated/messages/99a52c71-e0c6-4417-a900-85e4d20b1e79.json
 create mode 100644 docs/artifacts/5f4366b1-0d27-4921-ae3c-6cd856c77dbb/.system_generated/messages/9b8653e7-bf08-4574-b267-c686c9ef249b.json
 create mode 100644 docs/artifacts/5f4366b1-0d27-4921-ae3c-6cd856c77dbb/.system_generated/messages/a15a6847-df47-416f-a832-aff9b623144b.json
 create mode 100644 docs/artifacts/5f4366b1-0d27-4921-ae3c-6cd856c77dbb/.system_generated/messages/a7aa9a42-3b46-45de-8310-64610615c894.json
 create mode 100644 docs/artifacts/5f4366b1-0d27-4921-ae3c-6cd856c77dbb/.system_generated/messages/a92ced26-2c3f-4153-a16c-b87d55f16e61.json
 create mode 100644 docs/artifacts/5f4366b1-0d27-4921-ae3c-6cd856c77dbb/.system_generated/messages/a954563b-6050-4b48-885b-721dd2524547.json
 create mode 100644 docs/artifacts/5f4366b1-0d27-4921-ae3c-6cd856c77dbb/.system_generated/messages/abf90f21-f137-4a27-9552-9e51a9466258.json
 create mode 100644 docs/artifacts/5f4366b1-0d27-4921-ae3c-6cd856c77dbb/.system_generated/messages/ad002180-2b61-4458-bb69-ac9cb1a78904.json
 create mode 100644 docs/artifacts/5f4366b1-0d27-4921-ae3c-6cd856c77dbb/.system_generated/messages/b0bac0d1-6cc3-4002-83ff-f31249278ccd.json
 create mode 100644 docs/artifacts/5f4366b1-0d27-4921-ae3c-6cd856c77dbb/.system_generated/messages/b2e00ea9-1083-4c61-a741-4f3fea6061f9.json
 create mode 100644 docs/artifacts/5f4366b1-0d27-4921-ae3c-6cd856c77dbb/.system_generated/messages/b3eb92d9-21fa-4c6b-8fbc-3db565310964.json
 create mode 100644 docs/artifacts/5f4366b1-0d27-4921-ae3c-6cd856c77dbb/.system_generated/messages/b81b3969-25a3-46e1-9211-1ba8fa6a1196.json
 create mode 100644 docs/artifacts/5f4366b1-0d27-4921-ae3c-6cd856c77dbb/.system_generated/messages/b9c93966-4d88-4661-b44f-80367a8377c4.json
 create mode 100644 docs/artifacts/5f4366b1-0d27-4921-ae3c-6cd856c77dbb/.system_generated/messages/bb7fbb0f-cdf7-40ff-ad15-43a372238690.json
 create mode 100644 docs/artifacts/5f4366b1-0d27-4921-ae3c-6cd856c77dbb/.system_generated/messages/bc158da5-b314-40b8-8b3c-f3f8a6142a51.json
 create mode 100644 docs/artifacts/5f4366b1-0d27-4921-ae3c-6cd856c77dbb/.system_generated/messages/bc5e5cb8-ee23-4945-a1a9-31e5d800b39f.json
 create mode 100644 docs/artifacts/5f4366b1-0d27-4921-ae3c-6cd856c77dbb/.system_generated/messages/bd2ee606-c74a-4e91-b46a-797cbdb6251d.json
 create mode 100644 docs/artifacts/5f4366b1-0d27-4921-ae3c-6cd856c77dbb/.system_generated/messages/c3c03148-4e25-4e66-897a-f4fa1a5c7434.json
 create mode 100644 docs/artifacts/5f4366b1-0d27-4921-ae3c-6cd856c77dbb/.system_generated/messages/c659da2b-4c49-478d-8552-056a3f13c8b6.json
 create mode 100644 docs/artifacts/5f4366b1-0d27-4921-ae3c-6cd856c77dbb/.system_generated/messages/c9a5b86e-9de1-4a1e-a88b-c7c7bd1946ba.json
 create mode 100644 docs/artifacts/5f4366b1-0d27-4921-ae3c-6cd856c77dbb/.system_generated/messages/cbb64df0-8189-45a9-9efe-50f91f9f84d4.json
 create mode 100644 docs/artifacts/5f4366b1-0d27-4921-ae3c-6cd856c77dbb/.system_generated/messages/cc7e8f2e-fa31-44ab-853c-e6c231b42d08.json
 create mode 100644 docs/artifacts/5f4366b1-0d27-4921-ae3c-6cd856c77dbb/.system_generated/messages/cursor.json
 create mode 100644 docs/artifacts/5f4366b1-0d27-4921-ae3c-6cd856c77dbb/.system_generated/messages/d05dd26f-5af7-4f63-9991-ebeaa33a01c4.json
 create mode 100644 docs/artifacts/5f4366b1-0d27-4921-ae3c-6cd856c77dbb/.system_generated/messages/d2f6a90e-b918-4740-8ca3-21b716e21d80.json
 create mode 100644 docs/artifacts/5f4366b1-0d27-4921-ae3c-6cd856c77dbb/.system_generated/messages/d4d5e9ac-8044-44e0-b6ab-ff09538bc948.json
 create mode 100644 docs/artifacts/5f4366b1-0d27-4921-ae3c-6cd856c77dbb/.system_generated/messages/d8e08ba9-3e58-44de-89d2-48ec9a12a900.json
 create mode 100644 docs/artifacts/5f4366b1-0d27-4921-ae3c-6cd856c77dbb/.system_generated/messages/d9580abf-83d9-420c-a9ba-5350b2e97846.json
 create mode 100644 docs/artifacts/5f4366b1-0d27-4921-ae3c-6cd856c77dbb/.system_generated/messages/daf86de7-b7aa-46cf-be82-bc2f82eb3663.json
 create mode 100644 docs/artifacts/5f4366b1-0d27-4921-ae3c-6cd856c77dbb/.system_generated/messages/dbaa51fb-13a0-47d5-a244-f4218b66891c.json
 create mode 100644 docs/artifacts/5f4366b1-0d27-4921-ae3c-6cd856c77dbb/.system_generated/messages/dc9158da-03a4-43ce-8119-31b2bdb03f1d.json
 create mode 100644 docs/artifacts/5f4366b1-0d27-4921-ae3c-6cd856c77dbb/.system_generated/messages/dc9ccf7f-0e45-4de7-b81f-3f85aefd3090.json
 create mode 100644 docs/artifacts/5f4366b1-0d27-4921-ae3c-6cd856c77dbb/.system_generated/messages/de7e4dd7-dee7-4ba5-a45c-7692f59ed84c.json
 create mode 100644 docs/artifacts/5f4366b1-0d27-4921-ae3c-6cd856c77dbb/.system_generated/messages/e16f1746-eab6-4c91-96cd-20ae14e95f2e.json
 create mode 100644 docs/artifacts/5f4366b1-0d27-4921-ae3c-6cd856c77dbb/.system_generated/messages/e2c2cf21-7d21-48b9-8c22-f444bf5df8a6.json
 create mode 100644 docs/artifacts/5f4366b1-0d27-4921-ae3c-6cd856c77dbb/.system_generated/messages/e3196565-4078-4e2f-9a87-0b42b19ef046.json
 create mode 100644 docs/artifacts/5f4366b1-0d27-4921-ae3c-6cd856c77dbb/.system_generated/messages/e45de9a2-a469-488f-9e48-f989b55e90d5.json
 create mode 100644 docs/artifacts/5f4366b1-0d27-4921-ae3c-6cd856c77dbb/.system_generated/messages/e5be448a-b5ca-47fb-aec8-ed14c8aa2a06.json
 create mode 100644 docs/artifacts/5f4366b1-0d27-4921-ae3c-6cd856c77dbb/.system_generated/messages/e8d33531-8544-4714-aa4f-5563608d04de.json
 create mode 100644 docs/artifacts/5f4366b1-0d27-4921-ae3c-6cd856c77dbb/.system_generated/messages/e96add28-cfbd-42d0-b10f-d0f9d26daa2d.json
 create mode 100644 docs/artifacts/5f4366b1-0d27-4921-ae3c-6cd856c77dbb/.system_generated/messages/ebe62356-1b70-49d6-923b-8053d92281b5.json
 create mode 100644 docs/artifacts/5f4366b1-0d27-4921-ae3c-6cd856c77dbb/.system_generated/messages/ec02427a-1f32-49e9-b15d-260dfb0a7070.json
 create mode 100644 docs/artifacts/5f4366b1-0d27-4921-ae3c-6cd856c77dbb/.system_generated/messages/ec3ad25d-cc92-4c86-8ebb-6cd8a88a8fef.json
 create mode 100644 docs/artifacts/5f4366b1-0d27-4921-ae3c-6cd856c77dbb/.system_generated/messages/ec986085-de66-4939-bbc3-4a3846636e81.json
 create mode 100644 docs/artifacts/5f4366b1-0d27-4921-ae3c-6cd856c77dbb/.system_generated/messages/ee520cef-271c-44d9-886b-22a0ab11a789.json
 create mode 100644 docs/artifacts/5f4366b1-0d27-4921-ae3c-6cd856c77dbb/.system_generated/messages/f01d8c28-e861-4571-888d-f8bd3c176909.json
 create mode 100644 docs/artifacts/5f4366b1-0d27-4921-ae3c-6cd856c77dbb/.system_generated/messages/f7699e6f-11d2-42d5-a80a-9cfbbd07b2c9.json
 create mode 100644 docs/artifacts/5f4366b1-0d27-4921-ae3c-6cd856c77dbb/.system_generated/messages/fb603209-20a0-4e36-8965-54830b0f8664.json
 create mode 100644 docs/artifacts/5f4366b1-0d27-4921-ae3c-6cd856c77dbb/.system_generated/messages/fcdcf8fb-0651-49de-a641-7981eccff0f8.json
 create mode 100644 docs/artifacts/5f4366b1-0d27-4921-ae3c-6cd856c77dbb/.system_generated/messages/fe1773b2-0fb1-4733-8265-7c29acd9dc74.json
 create mode 100644 docs/artifacts/5f4366b1-0d27-4921-ae3c-6cd856c77dbb/.system_generated/messages/fe2cf447-e550-4b6d-9cdd-0b2bc4231879.json
 create mode 100644 docs/artifacts/5f4366b1-0d27-4921-ae3c-6cd856c77dbb/.system_generated/messages/febabaa6-1804-4812-9e1a-8aa918340d94.json
 create mode 100644 docs/artifacts/5f4366b1-0d27-4921-ae3c-6cd856c77dbb/.system_generated/messages/read.json
 create mode 100644 docs/artifacts/5f4366b1-0d27-4921-ae3c-6cd856c77dbb/.system_generated/tasks/task-1088.log
 create mode 100644 docs/artifacts/5f4366b1-0d27-4921-ae3c-6cd856c77dbb/.system_generated/tasks/task-1100.log
 create mode 100644 docs/artifacts/5f4366b1-0d27-4921-ae3c-6cd856c77dbb/.system_generated/tasks/task-111.log
 create mode 100644 docs/artifacts/5f4366b1-0d27-4921-ae3c-6cd856c77dbb/.system_generated/tasks/task-1221.log
 create mode 100644 docs/artifacts/5f4366b1-0d27-4921-ae3c-6cd856c77dbb/.system_generated/tasks/task-1266.log
 create mode 100644 docs/artifacts/5f4366b1-0d27-4921-ae3c-6cd856c77dbb/.system_generated/tasks/task-1306.log
 create mode 100644 docs/artifacts/5f4366b1-0d27-4921-ae3c-6cd856c77dbb/.system_generated/tasks/task-1363.log
 create mode 100644 docs/artifacts/5f4366b1-0d27-4921-ae3c-6cd856c77dbb/.system_generated/tasks/task-1399.log
 create mode 100644 docs/artifacts/5f4366b1-0d27-4921-ae3c-6cd856c77dbb/.system_generated/tasks/task-1495.log
 create mode 100644 docs/artifacts/5f4366b1-0d27-4921-ae3c-6cd856c77dbb/.system_generated/tasks/task-1516.log
 create mode 100644 docs/artifacts/5f4366b1-0d27-4921-ae3c-6cd856c77dbb/.system_generated/tasks/task-1528.log
 create mode 100644 docs/artifacts/5f4366b1-0d27-4921-ae3c-6cd856c77dbb/.system_generated/tasks/task-1598.log
 create mode 100644 docs/artifacts/5f4366b1-0d27-4921-ae3c-6cd856c77dbb/.system_generated/tasks/task-1601.log
 create mode 100644 docs/artifacts/5f4366b1-0d27-4921-ae3c-6cd856c77dbb/.system_generated/tasks/task-1620.log
 create mode 100644 docs/artifacts/5f4366b1-0d27-4921-ae3c-6cd856c77dbb/.system_generated/tasks/task-1660.log
 create mode 100644 docs/artifacts/5f4366b1-0d27-4921-ae3c-6cd856c77dbb/.system_generated/tasks/task-1663.log
 create mode 100644 docs/artifacts/5f4366b1-0d27-4921-ae3c-6cd856c77dbb/.system_generated/tasks/task-1677.log
 create mode 100644 docs/artifacts/5f4366b1-0d27-4921-ae3c-6cd856c77dbb/.system_generated/tasks/task-1687.log
 create mode 100644 docs/artifacts/5f4366b1-0d27-4921-ae3c-6cd856c77dbb/.system_generated/tasks/task-1704.log
 create mode 100644 docs/artifacts/5f4366b1-0d27-4921-ae3c-6cd856c77dbb/.system_generated/tasks/task-1708.log
 create mode 100644 docs/artifacts/5f4366b1-0d27-4921-ae3c-6cd856c77dbb/.system_generated/tasks/task-1723.log
 create mode 100644 docs/artifacts/5f4366b1-0d27-4921-ae3c-6cd856c77dbb/.system_generated/tasks/task-1726.log
 create mode 100644 docs/artifacts/5f4366b1-0d27-4921-ae3c-6cd856c77dbb/.system_generated/tasks/task-1729.log
 create mode 100644 docs/artifacts/5f4366b1-0d27-4921-ae3c-6cd856c77dbb/.system_generated/tasks/task-1740.log
 create mode 100644 docs/artifacts/5f4366b1-0d27-4921-ae3c-6cd856c77dbb/.system_generated/tasks/task-1743.log
 create mode 100644 docs/artifacts/5f4366b1-0d27-4921-ae3c-6cd856c77dbb/.system_generated/tasks/task-1746.log
 create mode 100644 docs/artifacts/5f4366b1-0d27-4921-ae3c-6cd856c77dbb/.system_generated/tasks/task-1752.log
 create mode 100644 docs/artifacts/5f4366b1-0d27-4921-ae3c-6cd856c77dbb/.system_generated/tasks/task-1755.log
 create mode 100644 docs/artifacts/5f4366b1-0d27-4921-ae3c-6cd856c77dbb/.system_generated/tasks/task-1758.log
 create mode 100644 docs/artifacts/5f4366b1-0d27-4921-ae3c-6cd856c77dbb/.system_generated/tasks/task-1770.log
 create mode 100644 docs/artifacts/5f4366b1-0d27-4921-ae3c-6cd856c77dbb/.system_generated/tasks/task-1773.log
 create mode 100644 docs/artifacts/5f4366b1-0d27-4921-ae3c-6cd856c77dbb/.system_generated/tasks/task-1776.log
 create mode 100644 docs/artifacts/5f4366b1-0d27-4921-ae3c-6cd856c77dbb/.system_generated/tasks/task-1782.log
 create mode 100644 docs/artifacts/5f4366b1-0d27-4921-ae3c-6cd856c77dbb/.system_generated/tasks/task-1795.log
 create mode 100644 docs/artifacts/5f4366b1-0d27-4921-ae3c-6cd856c77dbb/.system_generated/tasks/task-1798.log
 create mode 100644 docs/artifacts/5f4366b1-0d27-4921-ae3c-6cd856c77dbb/.system_generated/tasks/task-1801.log
 create mode 100644 docs/artifacts/5f4366b1-0d27-4921-ae3c-6cd856c77dbb/.system_generated/tasks/task-1934.log
 create mode 100644 docs/artifacts/5f4366b1-0d27-4921-ae3c-6cd856c77dbb/.system_generated/tasks/task-2065.log
 create mode 100644 docs/artifacts/5f4366b1-0d27-4921-ae3c-6cd856c77dbb/.system_generated/tasks/task-2181.log
 create mode 100644 docs/artifacts/5f4366b1-0d27-4921-ae3c-6cd856c77dbb/.system_generated/tasks/task-2317.log
 create mode 100644 docs/artifacts/5f4366b1-0d27-4921-ae3c-6cd856c77dbb/.system_generated/tasks/task-2320.log
 create mode 100644 docs/artifacts/5f4366b1-0d27-4921-ae3c-6cd856c77dbb/.system_generated/tasks/task-2349.log
 create mode 100644 docs/artifacts/5f4366b1-0d27-4921-ae3c-6cd856c77dbb/.system_generated/tasks/task-2395.log
 create mode 100644 docs/artifacts/5f4366b1-0d27-4921-ae3c-6cd856c77dbb/.system_generated/tasks/task-243.log
 create mode 100644 docs/artifacts/5f4366b1-0d27-4921-ae3c-6cd856c77dbb/.system_generated/tasks/task-2435.log
 create mode 100644 docs/artifacts/5f4366b1-0d27-4921-ae3c-6cd856c77dbb/.system_generated/tasks/task-2476.log
 create mode 100644 docs/artifacts/5f4366b1-0d27-4921-ae3c-6cd856c77dbb/.system_generated/tasks/task-249.log
 create mode 100644 docs/artifacts/5f4366b1-0d27-4921-ae3c-6cd856c77dbb/.system_generated/tasks/task-2547.log
 create mode 100644 docs/artifacts/5f4366b1-0d27-4921-ae3c-6cd856c77dbb/.system_generated/tasks/task-2568.log
 create mode 100644 docs/artifacts/5f4366b1-0d27-4921-ae3c-6cd856c77dbb/.system_generated/tasks/task-295.log
 create mode 100644 docs/artifacts/5f4366b1-0d27-4921-ae3c-6cd856c77dbb/.system_generated/tasks/task-302.log
 create mode 100644 docs/artifacts/5f4366b1-0d27-4921-ae3c-6cd856c77dbb/.system_generated/tasks/task-316.log
 create mode 100644 docs/artifacts/5f4366b1-0d27-4921-ae3c-6cd856c77dbb/.system_generated/tasks/task-443.log
 create mode 100644 docs/artifacts/5f4366b1-0d27-4921-ae3c-6cd856c77dbb/.system_generated/tasks/task-446.log
 create mode 100644 docs/artifacts/5f4366b1-0d27-4921-ae3c-6cd856c77dbb/.system_generated/tasks/task-462.log
 create mode 100644 docs/artifacts/5f4366b1-0d27-4921-ae3c-6cd856c77dbb/.system_generated/tasks/task-465.log
 create mode 100644 docs/artifacts/5f4366b1-0d27-4921-ae3c-6cd856c77dbb/.system_generated/tasks/task-475.log
 create mode 100644 docs/artifacts/5f4366b1-0d27-4921-ae3c-6cd856c77dbb/.system_generated/tasks/task-487.log
 create mode 100644 docs/artifacts/5f4366b1-0d27-4921-ae3c-6cd856c77dbb/.system_generated/tasks/task-493.log
 create mode 100644 docs/artifacts/5f4366b1-0d27-4921-ae3c-6cd856c77dbb/.system_generated/tasks/task-499.log
 create mode 100644 docs/artifacts/5f4366b1-0d27-4921-ae3c-6cd856c77dbb/.system_generated/tasks/task-505.log
 create mode 100644 docs/artifacts/5f4366b1-0d27-4921-ae3c-6cd856c77dbb/.system_generated/tasks/task-511.log
 create mode 100644 docs/artifacts/5f4366b1-0d27-4921-ae3c-6cd856c77dbb/.system_generated/tasks/task-525.log
 create mode 100644 docs/artifacts/5f4366b1-0d27-4921-ae3c-6cd856c77dbb/.system_generated/tasks/task-531.log
 create mode 100644 docs/artifacts/5f4366b1-0d27-4921-ae3c-6cd856c77dbb/.system_generated/tasks/task-537.log
 create mode 100644 docs/artifacts/5f4366b1-0d27-4921-ae3c-6cd856c77dbb/.system_generated/tasks/task-543.log
 create mode 100644 docs/artifacts/5f4366b1-0d27-4921-ae3c-6cd856c77dbb/.system_generated/tasks/task-549.log
 create mode 100644 docs/artifacts/5f4366b1-0d27-4921-ae3c-6cd856c77dbb/.system_generated/tasks/task-560.log
 create mode 100644 docs/artifacts/5f4366b1-0d27-4921-ae3c-6cd856c77dbb/.system_generated/tasks/task-566.log
 create mode 100644 docs/artifacts/5f4366b1-0d27-4921-ae3c-6cd856c77dbb/.system_generated/tasks/task-572.log
 create mode 100644 docs/artifacts/5f4366b1-0d27-4921-ae3c-6cd856c77dbb/.system_generated/tasks/task-578.log
 create mode 100644 docs/artifacts/5f4366b1-0d27-4921-ae3c-6cd856c77dbb/.system_generated/tasks/task-584.log
 create mode 100644 docs/artifacts/5f4366b1-0d27-4921-ae3c-6cd856c77dbb/.system_generated/tasks/task-595.log
 create mode 100644 docs/artifacts/5f4366b1-0d27-4921-ae3c-6cd856c77dbb/.system_generated/tasks/task-601.log
 create mode 100644 docs/artifacts/5f4366b1-0d27-4921-ae3c-6cd856c77dbb/.system_generated/tasks/task-607.log
 create mode 100644 docs/artifacts/5f4366b1-0d27-4921-ae3c-6cd856c77dbb/.system_generated/tasks/task-613.log
 create mode 100644 docs/artifacts/5f4366b1-0d27-4921-ae3c-6cd856c77dbb/.system_generated/tasks/task-626.log
 create mode 100644 docs/artifacts/5f4366b1-0d27-4921-ae3c-6cd856c77dbb/.system_generated/tasks/task-632.log
 create mode 100644 docs/artifacts/5f4366b1-0d27-4921-ae3c-6cd856c77dbb/.system_generated/tasks/task-640.log
 create mode 100644 docs/artifacts/5f4366b1-0d27-4921-ae3c-6cd856c77dbb/.system_generated/tasks/task-646.log
 create mode 100644 docs/artifacts/5f4366b1-0d27-4921-ae3c-6cd856c77dbb/.system_generated/tasks/task-652.log
 create mode 100644 docs/artifacts/5f4366b1-0d27-4921-ae3c-6cd856c77dbb/.system_generated/tasks/task-658.log
 create mode 100644 docs/artifacts/5f4366b1-0d27-4921-ae3c-6cd856c77dbb/.system_generated/tasks/task-668.log
 create mode 100644 docs/artifacts/5f4366b1-0d27-4921-ae3c-6cd856c77dbb/.system_generated/tasks/task-718.log
 create mode 100644 docs/artifacts/5f4366b1-0d27-4921-ae3c-6cd856c77dbb/.system_generated/tasks/task-724.log
 create mode 100644 docs/artifacts/5f4366b1-0d27-4921-ae3c-6cd856c77dbb/.system_generated/tasks/task-777.log
 create mode 100644 docs/artifacts/5f4366b1-0d27-4921-ae3c-6cd856c77dbb/.system_generated/tasks/task-783.log
 create mode 100644 docs/artifacts/5f4366b1-0d27-4921-ae3c-6cd856c77dbb/.system_generated/tasks/task-789.log
 create mode 100644 docs/artifacts/5f4366b1-0d27-4921-ae3c-6cd856c77dbb/.system_generated/tasks/task-798.log
 create mode 100644 docs/artifacts/5f4366b1-0d27-4921-ae3c-6cd856c77dbb/.system_generated/tasks/task-811.log
 create mode 100644 docs/artifacts/5f4366b1-0d27-4921-ae3c-6cd856c77dbb/.system_generated/tasks/task-930.log
 create mode 100644 docs/artifacts/5f4366b1-0d27-4921-ae3c-6cd856c77dbb/.system_generated/tasks/task-937.log
 create mode 100644 docs/artifacts/5f4366b1-0d27-4921-ae3c-6cd856c77dbb/.system_generated/tasks/task-943.log
 create mode 100644 docs/artifacts/5f4366b1-0d27-4921-ae3c-6cd856c77dbb/architecture_comparison.md
 create mode 100644 docs/artifacts/5f4366b1-0d27-4921-ae3c-6cd856c77dbb/architecture_comparison.md.metadata.json
 create mode 100644 docs/artifacts/5f4366b1-0d27-4921-ae3c-6cd856c77dbb/media__1783797628405.jpg
 create mode 100644 docs/artifacts/5f4366b1-0d27-4921-ae3c-6cd856c77dbb/media__1783797673748.png
 create mode 100644 docs/artifacts/5f4366b1-0d27-4921-ae3c-6cd856c77dbb/media__1783797763243.png
 create mode 100644 docs/artifacts/5f4366b1-0d27-4921-ae3c-6cd856c77dbb/media__1783799413781.png
 create mode 100644 docs/artifacts/5f4366b1-0d27-4921-ae3c-6cd856c77dbb/media__1783801666054.jpg
 create mode 100644 docs/artifacts/5f4366b1-0d27-4921-ae3c-6cd856c77dbb/media__1783801695868.png
 create mode 100644 docs/artifacts/5f4366b1-0d27-4921-ae3c-6cd856c77dbb/media__1783803560950.jpg
 create mode 100644 docs/artifacts/5f4366b1-0d27-4921-ae3c-6cd856c77dbb/media__1783805636702.jpg
 create mode 100644 docs/artifacts/5f4366b1-0d27-4921-ae3c-6cd856c77dbb/media__1783806240525.png
 create mode 100644 docs/artifacts/5f4366b1-0d27-4921-ae3c-6cd856c77dbb/media__1783828832242.png
 create mode 100644 docs/artifacts/5f4366b1-0d27-4921-ae3c-6cd856c77dbb/media__1783828884107.png
 create mode 100644 docs/artifacts/5f4366b1-0d27-4921-ae3c-6cd856c77dbb/media__1783829152816.jpg
 create mode 100644 docs/artifacts/5f4366b1-0d27-4921-ae3c-6cd856c77dbb/media__1783830049512.jpg
 create mode 100644 docs/artifacts/5f4366b1-0d27-4921-ae3c-6cd856c77dbb/media__1783830115662.png
 create mode 100644 docs/artifacts/5f4366b1-0d27-4921-ae3c-6cd856c77dbb/media__1783833045717.png
 create mode 100644 docs/artifacts/5f4366b1-0d27-4921-ae3c-6cd856c77dbb/media__1783833623183.jpg
 create mode 100644 docs/artifacts/5f4366b1-0d27-4921-ae3c-6cd856c77dbb/media__1783864382761.jpg
 create mode 100644 docs/artifacts/5f4366b1-0d27-4921-ae3c-6cd856c77dbb/media__1783864411389.jpg
 create mode 100644 docs/artifacts/5f4366b1-0d27-4921-ae3c-6cd856c77dbb/media__1783864448022.jpg
 create mode 100644 docs/artifacts/5f4366b1-0d27-4921-ae3c-6cd856c77dbb/media__1783864842964.jpg
 create mode 100644 docs/artifacts/5f4366b1-0d27-4921-ae3c-6cd856c77dbb/media__1783880513799.png
 create mode 100644 docs/artifacts/9abe0a4b-823c-4c8a-91b9-f2cd941bff0a/.system_generated/messages/3239ae4b-6e6a-4c17-8e31-a8ab8a56d22c.json
 create mode 100644 docs/artifacts/9abe0a4b-823c-4c8a-91b9-f2cd941bff0a/.system_generated/messages/3645f765-286e-424f-bf9d-37d6c9ad8662.json
 create mode 100644 docs/artifacts/9abe0a4b-823c-4c8a-91b9-f2cd941bff0a/.system_generated/messages/63ca271c-b4b9-4132-b254-9a986b79024a.json
 create mode 100644 docs/artifacts/9abe0a4b-823c-4c8a-91b9-f2cd941bff0a/.system_generated/messages/6709e4c4-f1c6-4e87-9a51-897fbbb5bf5c.json
 create mode 100644 docs/artifacts/9abe0a4b-823c-4c8a-91b9-f2cd941bff0a/.system_generated/messages/69d9a923-b911-42d1-bf28-00c17c0185d1.json
 create mode 100644 docs/artifacts/9abe0a4b-823c-4c8a-91b9-f2cd941bff0a/.system_generated/messages/787c0cbb-67f2-4ded-9ed6-be1a28372708.json
 create mode 100644 docs/artifacts/9abe0a4b-823c-4c8a-91b9-f2cd941bff0a/.system_generated/messages/92951993-71fc-4a45-924f-39db51277e44.json
 create mode 100644 docs/artifacts/9abe0a4b-823c-4c8a-91b9-f2cd941bff0a/.system_generated/messages/93f19e8c-fdb7-44bc-90c7-88f9940295df.json
 create mode 100644 docs/artifacts/9abe0a4b-823c-4c8a-91b9-f2cd941bff0a/.system_generated/messages/c93aca91-9945-41ab-9754-f7becf2ab6bc.json
 create mode 100644 docs/artifacts/9abe0a4b-823c-4c8a-91b9-f2cd941bff0a/.system_generated/messages/f90849bc-27d4-4ee0-b035-fb8f6b4083d9.json
 create mode 100644 docs/artifacts/9abe0a4b-823c-4c8a-91b9-f2cd941bff0a/.system_generated/messages/f9c80a88-88ec-411b-872e-5ca1723e163c.json
 create mode 100644 docs/artifacts/9abe0a4b-823c-4c8a-91b9-f2cd941bff0a/.system_generated/tasks/task-2149.log
 create mode 100644 docs/artifacts/9abe0a4b-823c-4c8a-91b9-f2cd941bff0a/.system_generated/tasks/task-2245.log
 create mode 100644 docs/artifacts/9abe0a4b-823c-4c8a-91b9-f2cd941bff0a/.system_generated/tasks/task-2258.log
 create mode 100644 docs/artifacts/9abe0a4b-823c-4c8a-91b9-f2cd941bff0a/.system_generated/tasks/task-2315.log
 create mode 100644 docs/artifacts/9abe0a4b-823c-4c8a-91b9-f2cd941bff0a/.system_generated/tasks/task-2355.log
 create mode 100644 docs/artifacts/9abe0a4b-823c-4c8a-91b9-f2cd941bff0a/.system_generated/tasks/task-2398.log
 create mode 100644 docs/artifacts/9abe0a4b-823c-4c8a-91b9-f2cd941bff0a/.system_generated/tasks/task-2406.log
 create mode 100644 docs/artifacts/9abe0a4b-823c-4c8a-91b9-f2cd941bff0a/.system_generated/tasks/task-2415.log
 create mode 100644 docs/artifacts/ec5aab09-1b37-4477-8767-7a1854223810/.system_generated/messages/f1ba56ae-21e4-41ed-b7d7-7cf6fd2976d4.json
 create mode 100644 docs/artifacts/ec5aab09-1b37-4477-8767-7a1854223810/media__1783711056055.png
 create mode 100644 docs/artifacts/fc6f7ab1-55b2-42f7-ba90-f559dacfa4ba/.system_generated/messages/0b0c1c24-2b5c-4903-b34e-2c404edffdfc.json
 create mode 100644 docs/artifacts/fc6f7ab1-55b2-42f7-ba90-f559dacfa4ba/.system_generated/messages/0d339919-edd9-4132-8a94-ec599ae117dd.json
 create mode 100644 docs/artifacts/fc6f7ab1-55b2-42f7-ba90-f559dacfa4ba/.system_generated/messages/13fc3445-7ad4-4795-aca6-c193b706f5cd.json
 create mode 100644 docs/artifacts/fc6f7ab1-55b2-42f7-ba90-f559dacfa4ba/.system_generated/messages/4305dd0c-ba3b-44ed-9612-0f75017f3add.json
 create mode 100644 docs/artifacts/fc6f7ab1-55b2-42f7-ba90-f559dacfa4ba/.system_generated/messages/5daaa0fd-236a-4878-82d1-115728781a24.json
 create mode 100644 docs/artifacts/fc6f7ab1-55b2-42f7-ba90-f559dacfa4ba/.system_generated/messages/a009b81e-11d3-442c-a2b8-aa064fe247ce.json
 create mode 100644 docs/artifacts/fc6f7ab1-55b2-42f7-ba90-f559dacfa4ba/.system_generated/messages/cursor.json
 create mode 100644 docs/artifacts/fc6f7ab1-55b2-42f7-ba90-f559dacfa4ba/.system_generated/messages/dc5f10a0-e133-4179-95c9-c382bfc8386a.json
 create mode 100644 docs/artifacts/fc6f7ab1-55b2-42f7-ba90-f559dacfa4ba/.system_generated/messages/ec1186e6-9306-4527-b0c0-be071e330e6f.json
 create mode 100644 docs/artifacts/fc6f7ab1-55b2-42f7-ba90-f559dacfa4ba/.system_generated/messages/read.json
 create mode 100644 docs/artifacts/fc6f7ab1-55b2-42f7-ba90-f559dacfa4ba/.system_generated/tasks/task-146.log
 create mode 100644 docs/artifacts/fc6f7ab1-55b2-42f7-ba90-f559dacfa4ba/.system_generated/tasks/task-148.log
 create mode 100644 docs/artifacts/fc6f7ab1-55b2-42f7-ba90-f559dacfa4ba/.system_generated/tasks/task-238.log
 create mode 100644 docs/artifacts/fc6f7ab1-55b2-42f7-ba90-f559dacfa4ba/.system_generated/tasks/task-254.log
 create mode 100644 docs/artifacts/fc6f7ab1-55b2-42f7-ba90-f559dacfa4ba/.system_generated/tasks/task-59.log
 create mode 100644 docs/artifacts/fc6f7ab1-55b2-42f7-ba90-f559dacfa4ba/media__1783716742436.png
 create mode 100644 docs/artifacts/fc6f7ab1-55b2-42f7-ba90-f559dacfa4ba/media__1783717230085.png
 create mode 100644 docs/artifacts/fc6f7ab1-55b2-42f7-ba90-f559dacfa4ba/media__1783717399866.png
 create mode 100644 docs/artifacts/fc6f7ab1-55b2-42f7-ba90-f559dacfa4ba/media__1783717615373.png
 create mode 100644 docs/artifacts/fc6f7ab1-55b2-42f7-ba90-f559dacfa4ba/media__1783717842389.png
 create mode 100644 docs/artifacts/fc6f7ab1-55b2-42f7-ba90-f559dacfa4ba/media__1783718211697.png
 create mode 100644 docs/artifacts/fc6f7ab1-55b2-42f7-ba90-f559dacfa4ba/media__1783718245259.png
 create mode 100644 docs/artifacts/fc6f7ab1-55b2-42f7-ba90-f559dacfa4ba/media__1783718263214.png
 create mode 100644 docs/artifacts/fc6f7ab1-55b2-42f7-ba90-f559dacfa4ba/media__1783718685634.png
 create mode 100644 docs/artifacts/fc6f7ab1-55b2-42f7-ba90-f559dacfa4ba/media__1783718775454.png
 create mode 100644 docs/artifacts/fc6f7ab1-55b2-42f7-ba90-f559dacfa4ba/media__1783719748128.png
 create mode 100644 docs/artifacts/fc6f7ab1-55b2-42f7-ba90-f559dacfa4ba/media__1783720020463.png
 create mode 100644 docs/artifacts/fc6f7ab1-55b2-42f7-ba90-f559dacfa4ba/media__1783720221049.png
 create mode 100644 docs/artifacts/fc6f7ab1-55b2-42f7-ba90-f559dacfa4ba/task-254/.system_generated/messages/17e9b421-a13e-48e8-9937-2b4c0c94a161.json
 create mode 100644 docs/artifacts/fc6f7ab1-55b2-42f7-ba90-f559dacfa4ba/task-254/.system_generated/messages/cursor.json
 create mode 100644 graphify-out/2026-07-13/.graphify_analysis.json
 create mode 100644 graphify-out/2026-07-13/.graphify_labels.json
 create mode 100644 graphify-out/2026-07-13/.graphify_semantic_marker
 create mode 100644 graphify-out/2026-07-13/GRAPH_REPORT.md
 create mode 100644 graphify-out/2026-07-13/cost.json
 create mode 100644 graphify-out/2026-07-13/graph.json
 create mode 100644 graphify-out/2026-07-13/manifest.json
 create mode 100644 graphify-out/cache/ast/v0.9.3/0a3b1964ed6e8a8482cd38cb085927972c508dae6ebabb9288e5395d0ed1c860.json
 create mode 100644 graphify-out/cache/ast/v0.9.3/19de060a38bd68e02405249f2780634b78d2dedf7e8f4fd2f061de0f25d34a7f.json
 create mode 100644 graphify-out/cache/ast/v0.9.3/2d1777d26ddc6fe24f1d8f914e7695bcf9a21f2c4f662aa403c3191e60dbccd9.json
 create mode 100644 graphify-out/cache/ast/v0.9.3/3c07ca074154c8130b40fc5305c16d944c2a919794f4141e6745707cbe471d00.json
 create mode 100644 graphify-out/cache/ast/v0.9.3/4ca1bda2e34244039f474d3d3e44a782b187b8e2566dea846317e0f381b3f6c5.json
 create mode 100644 graphify-out/cache/ast/v0.9.3/51ad65a112d634dc40375f5b10b8feb3133139ce6631488d57f9bf6a1c3d6ee2.json
 create mode 100644 graphify-out/cache/ast/v0.9.3/69e568f409de38675d1b3ac7c49f73a4953a78e599ce2ffe2668a3f353d35433.json
 create mode 100644 graphify-out/cache/ast/v0.9.3/6a9974e2fa0d4ed80655d4d92efbb7d66465419fca29511a4e192639c914a4d8.json
 create mode 100644 graphify-out/cache/ast/v0.9.3/6c7502cb8c4f2f63eab67de66c4cd268ec8ff648bfa0779f0283ceb7ef21ed95.json
 create mode 100644 graphify-out/cache/ast/v0.9.3/7670411c9f6ae7f9a056d66c01682de0bcb2bdbbcbcb952bf364d8f5984754c3.json
 create mode 100644 graphify-out/cache/ast/v0.9.3/81249040c2114704d3150aaac0044b2d005049d464d4675bcca73a5afe376fa6.json
 create mode 100644 graphify-out/cache/ast/v0.9.3/beb9d67529c67b1084a76cdaaa2ade9b15239be6b25be4f9321d0ad00c981cb9.json
 create mode 100644 graphify-out/cache/ast/v0.9.3/cb016d62600fb9c08a86d50d86d7eba6ece8fb8f3cb2fd70d310640b4b232ab6.json
 create mode 100644 graphify-out/cache/ast/v0.9.3/d9824e15bfe2b3e96714d46e04cafdf79c62ed007f80d8bca6fd2c8a0cf51d5a.json
 create mode 100644 graphify-out/cache/ast/v0.9.3/e474d94ae689b7201506abad6b4d9bdde6ef04beafa27527fbaaa9f3e4757d74.json
 create mode 100644 graphify-out/cache/ast/v0.9.3/e87e2787e9ae8fb1510cf175d9093b905827f5317daa3dc464fd6250df61d52e.json
 create mode 100644 graphify-out/cache/ast/v0.9.3/ef51ebb69d27caeb50823701a0241558ab6723ace1822f735ddb08927515e5b4.json
 create mode 100644 graphify-out/cache/ast/v0.9.3/fc536a072214f790d58525b65b516c0f2b240bc16cdd71bd1923556ebe1b1fa3.json
 create mode 100644 graphify-out/cache/ast/v0.9.3/fe610ab652a7ceb72c994e95b651db00501f01f5542b168cc07da0abb49e8075.json
 create mode 100644 hermes_test.txt
 create mode 100644 patch_imagemodel.py
 create mode 100644 resources/qml/AlbumCard.qml
 create mode 100644 resources/qml/AlbumsView.qml
 create mode 100644 resources/qml/BottomBar.qml
 create mode 100644 resources/qml/BuildInfo.qml
 create mode 100644 resources/qml/DateScrubber.qml
 create mode 100644 resources/qml/GalleryView.qml
 create mode 100644 resources/qml/GalleryViewSemantic.qml
 create mode 100644 resources/qml/GalleryViewTiles.qml
 create mode 100644 resources/qml/Main.qml
 create mode 100644 resources/qml/MainSemantic.qml
 create mode 100644 resources/qml/PhotoViewer.qml
 create mode 100644 resources/qml/ResizeEditor.qml
 create mode 100644 resources/qml/SelectionActionBar.qml
 create mode 100644 resources/qml/ShareDialog.qml
 create mode 100644 resources/qml/StatsOverlay.qml
 create mode 100644 resources/qml/UsageGraph.qml
 create mode 100644 resources/qml/WatermarkOverlay.qml
 create mode 100644 resources/qml_legacy/ResizeEditor.qml
 create mode 100644 resources/qml_legacy/SelectionActionBar.qml
 create mode 100644 resources/qml_legacy/ShareDialog.qml
To https://github.com/cdrivex4/antigravity.git
   3223727..3e40601  main -> main
