ERROR: The process "appSamsungGallery.exe" not found.
[0/1] Re-running CMake...
CMake Warning (dev) at D:/Qt/6.9.3/mingw_64/lib/cmake/Qt6Core/Qt6CoreMacros.cmake:3458 (message):
  Qt policy QTP0001 is not set: ':/qt/qml/' is the default resource prefix
  for QML modules.  Check https://doc.qt.io/qt-6/qt-cmake-policy-qtp0001.html
  for policy details.  Use the qt_policy command to set the policy and
  suppress this warning.

Call Stack (most recent call first):
  D:/Qt/6.9.3/mingw_64/lib/cmake/Qt6Qml/Qt6QmlMacros.cmake:740 (__qt_internal_setup_policy)
  D:/Qt/6.9.3/mingw_64/lib/cmake/Qt6Qml/Qt6QmlMacros.cmake:1296 (qt6_add_qml_module)
  CMakeLists.txt:26 (qt_add_qml_module)
This warning is for project developers.  Use -Wno-dev to suppress it.

CMake Warning (dev) at D:/Qt/6.9.3/mingw_64/lib/cmake/Qt6Core/Qt6CoreMacros.cmake:3458 (message):
  Qt policy QTP0004 is not set: You need qmldir files for each extra
  directory that contains .qml files for your module.  Check
  https://doc.qt.io/qt-6/qt-cmake-policy-qtp0004.html for policy details.
  Use the qt_policy command to set the policy and suppress this warning.

Call Stack (most recent call first):
  D:/Qt/6.9.3/mingw_64/lib/cmake/Qt6Qml/Qt6QmlMacros.cmake:3645 (__qt_internal_setup_policy)
  D:/Qt/6.9.3/mingw_64/lib/cmake/Qt6Qml/Qt6QmlMacros.cmake:951 (qt6_target_qml_sources)
  D:/Qt/6.9.3/mingw_64/lib/cmake/Qt6Qml/Qt6QmlMacros.cmake:1296 (qt6_add_qml_module)
  CMakeLists.txt:26 (qt_add_qml_module)
This warning is for project developers.  Use -Wno-dev to suppress it.

CMake Warning (dev) at D:/Qt/6.9.3/mingw_64/lib/cmake/Qt6Core/Qt6CoreMacros.cmake:3458 (message):
  Qt policy QTP0001 is not set: ':/qt/qml/' is the default resource prefix
  for QML modules.  Check https://doc.qt.io/qt-6/qt-cmake-policy-qtp0001.html
  for policy details.  Use the qt_policy command to set the policy and
  suppress this warning.

Call Stack (most recent call first):
  D:/Qt/6.9.3/mingw_64/lib/cmake/Qt6Qml/Qt6QmlMacros.cmake:740 (__qt_internal_setup_policy)
  D:/Qt/6.9.3/mingw_64/lib/cmake/Qt6Qml/Qt6QmlMacros.cmake:1296 (qt6_add_qml_module)
  test_scrollbench/CMakeLists.txt:44 (qt_add_qml_module)
This warning is for project developers.  Use -Wno-dev to suppress it.

CMake Warning (dev) at D:/Qt/6.9.3/mingw_64/lib/cmake/Qt6Core/Qt6CoreMacros.cmake:3458 (message):
  Qt policy QTP0004 is not set: You need qmldir files for each extra
  directory that contains .qml files for your module.  Check
  https://doc.qt.io/qt-6/qt-cmake-policy-qtp0004.html for policy details.
  Use the qt_policy command to set the policy and suppress this warning.

Call Stack (most recent call first):
  D:/Qt/6.9.3/mingw_64/lib/cmake/Qt6Qml/Qt6QmlMacros.cmake:3645 (__qt_internal_setup_policy)
  D:/Qt/6.9.3/mingw_64/lib/cmake/Qt6Qml/Qt6QmlMacros.cmake:951 (qt6_target_qml_sources)
  D:/Qt/6.9.3/mingw_64/lib/cmake/Qt6Qml/Qt6QmlMacros.cmake:1296 (qt6_add_qml_module)
  test_scrollbench/CMakeLists.txt:44 (qt_add_qml_module)
This warning is for project developers.  Use -Wno-dev to suppress it.

-- Configuring done (5.4s)
-- Generating done (0.4s)
-- Build files have been written to: D:/Dev/antigravity/build
[1/99] Copying appSamsungGallery qml sources into build dir
[2/99] Automatic MOC and UIC for target appScrollBenchNet
[3/97] Automatic MOC and UIC for target tst_linkage
[4/95] Automatic MOC and UIC for target appScrollBench
[5/94] Automatic MOC and UIC for target tst_mft
[6/92] Automatic MOC and UIC for target tst_scheduler
[7/90] Automatic MOC and UIC for target tst_imagemodel
[8/88] Running AUTOMOC file extraction for target appScrollBench
[9/88] Automatic MOC and UIC for target tst_automation
[10/86] Running moc --collect-json for target appScrollBench
[11/51] Running qmlimportscanner for appSamsungGallery
[12/51] Automatic MOC and UIC for target appSamsungGallery
[13/51] Running AUTOMOC file extraction for target appSamsungGallery
[14/51] Running rcc for resource appSamsungGallery_raw_qml_0
[15/51] Running moc --collect-json for target appSamsungGallery
[16/51] Automatic QML type registration for target appSamsungGallery
[17/51] Generating .rcc/qmlcache/appSamsungGallery_resources/qml_legacy/GalleryViewSemantic_qml.cpp, .rcc/qmlcache/appSamsungGallery_resources/qml_legacy/GalleryViewSemantic_qml.cpp.aotstats
[18/51] Generating .rcc/qmlcache/appSamsungGallery_resources/qml_legacy/GalleryViewTiles_qml.cpp, .rcc/qmlcache/appSamsungGallery_resources/qml_legacy/GalleryViewTiles_qml.cpp.aotstats
[19/51] Generating .rcc/qmlcache/appSamsungGallery_resources/qml_legacy/GalleryView_qml.cpp, .rcc/qmlcache/appSamsungGallery_resources/qml_legacy/GalleryView_qml.cpp.aotstats
[20/51] Generating .rcc/qmlcache/appSamsungGallery_resources/qml_legacy/PhotoViewer_qml.cpp, .rcc/qmlcache/appSamsungGallery_resources/qml_legacy/PhotoViewer_qml.cpp.aotstats
[21/51] Generating .rcc/qmlcache/appSamsungGallery_resources/qml_legacy/DateScrubber_qml.cpp, .rcc/qmlcache/appSamsungGallery_resources/qml_legacy/DateScrubber_qml.cpp.aotstats
[22/51] Generating .rcc/qmlcache/appSamsungGallery_resources/qml_legacy/BottomBar_qml.cpp, .rcc/qmlcache/appSamsungGallery_resources/qml_legacy/BottomBar_qml.cpp.aotstats
[23/51] Generating .rcc/qmlcache/appSamsungGallery_resources/qml_legacy/Main_qml.cpp, .rcc/qmlcache/appSamsungGallery_resources/qml_legacy/Main_qml.cpp.aotstats
[24/51] Generating .rcc/qmlcache/appSamsungGallery_resources/qml_legacy/StatsOverlay_qml.cpp, .rcc/qmlcache/appSamsungGallery_resources/qml_legacy/StatsOverlay_qml.cpp.aotstats
[25/51] Generating .rcc/qmlcache/appSamsungGallery_resources/qml_legacy/ShareDialog_qml.cpp, .rcc/qmlcache/appSamsungGallery_resources/qml_legacy/ShareDialog_qml.cpp.aotstats
[26/51] Generating .rcc/qmlcache/appSamsungGallery_resources/qml_legacy/ResizeEditor_qml.cpp, .rcc/qmlcache/appSamsungGallery_resources/qml_legacy/ResizeEditor_qml.cpp.aotstats
[27/51] Generating .rcc/qmlcache/appSamsungGallery_resources/qml_legacy/AlbumsView_qml.cpp, .rcc/qmlcache/appSamsungGallery_resources/qml_legacy/AlbumsView_qml.cpp.aotstats
[28/51] Generating .rcc/qmlcache/appSamsungGallery_resources/qml_legacy/UsageGraph_qml.cpp, .rcc/qmlcache/appSamsungGallery_resources/qml_legacy/UsageGraph_qml.cpp.aotstats
[29/51] Generating .rcc/qmlcache/appSamsungGallery_resources/qml_legacy/SelectionActionBar_qml.cpp, .rcc/qmlcache/appSamsungGallery_resources/qml_legacy/SelectionActionBar_qml.cpp.aotstats
[30/51] Building CXX object CMakeFiles/appSamsungGallery.dir/appsamsunggallery_qmltyperegistrations.cpp.obj
[31/51] Building CXX object CMakeFiles/appSamsungGallery.dir/src_legacy/SettingsHelper.cpp.obj
[32/51] Building CXX object CMakeFiles/appSamsungGallery.dir/build/.rcc/qmlcache/appSamsungGallery_resources/qml_legacy/GalleryView_qml.cpp.obj
[33/51] Building CXX object CMakeFiles/appSamsungGallery.dir/build/.rcc/qmlcache/appSamsungGallery_resources/qml_legacy/Main_qml.cpp.obj
[34/51] Building CXX object CMakeFiles/appSamsungGallery.dir/src_legacy/main.cpp.obj
[35/51] Building CXX object CMakeFiles/appSamsungGallery.dir/appSamsungGallery_autogen/mocs_compilation.cpp.obj
[36/51] Building CXX object CMakeFiles/appSamsungGallery.dir/src/FileCacheManager.cpp.obj
[37/51] Building CXX object CMakeFiles/appSamsungGallery.dir/src_legacy/AsyncImageProvider.cpp.obj
FAILED: CMakeFiles/appSamsungGallery.dir/src_legacy/AsyncImageProvider.cpp.obj 
D:\Qt\Tools\mingw1310_64\bin\c++.exe -DLIBRAW_NODLL -DMINGW_HAS_SECURE_API=1 -DQT_CONCURRENT_LIB -DQT_CORE_LIB -DQT_GUI_LIB -DQT_MULTIMEDIA_LIB -DQT_NETWORK_LIB -DQT_NO_DEBUG -DQT_OPENGL_LIB -DQT_QMLINTEGRATION_LIB -DQT_QMLMETA_LIB -DQT_QMLMODELS_LIB -DQT_QMLWORKERSCRIPT_LIB -DQT_QML_LIB -DQT_QUICKCONTROLS2_LIB -DQT_QUICK_LIB -DQT_WIDGETS_LIB -DUNICODE -DWIN32 -DWIN64 -D_ENABLE_EXTENDED_ALIGNED_STORAGE -D_UNICODE -D_WIN64 -ID:/Dev/antigravity/build/appSamsungGallery_autogen/include -ID:/Dev/antigravity -ID:/Dev/antigravity/src_legacy -ID:/Dev/antigravity/3rdparty/LibRaw -ID:/Dev/antigravity/3rdparty/ffmpeg/include -ID:/Dev/antigravity/3rdparty/LibRaw/libraw -isystem D:/Qt/6.9.3/mingw_64/include/QtQml/6.9.3 -isystem D:/Qt/6.9.3/mingw_64/include/QtQml/6.9.3/QtQml -isystem D:/Qt/6.9.3/mingw_64/include/QtCore/6.9.3 -isystem D:/Qt/6.9.3/mingw_64/include/QtCore/6.9.3/QtCore -isystem D:/Qt/6.9.3/mingw_64/include/QtCore -isystem D:/Qt/6.9.3/mingw_64/include -isystem D:/Qt/6.9.3/mingw_64/mkspecs/win32-g++ -isystem D:/Qt/6.9.3/mingw_64/include/QtQml -isystem D:/Qt/6.9.3/mingw_64/include/QtQmlIntegration -isystem D:/Qt/6.9.3/mingw_64/include/QtNetwork -isystem D:/Qt/6.9.3/mingw_64/include/QtQuick -isystem D:/Qt/6.9.3/mingw_64/include/QtGui -isystem C:/VulkanSDK/1.3.268.0/Include -isystem D:/Qt/6.9.3/mingw_64/include/QtQmlMeta -isystem D:/Qt/6.9.3/mingw_64/include/QtQmlModels -isystem D:/Qt/6.9.3/mingw_64/include/QtQmlWorkerScript -isystem D:/Qt/6.9.3/mingw_64/include/QtOpenGL -isystem D:/Qt/6.9.3/mingw_64/include/QtConcurrent -isystem D:/Qt/6.9.3/mingw_64/include/QtMultimedia -isystem D:/Qt/6.9.3/mingw_64/include/QtQuickControls2 -isystem D:/Qt/6.9.3/mingw_64/include/QtWidgets -O3 -DNDEBUG -MD -MT CMakeFiles/appSamsungGallery.dir/src_legacy/AsyncImageProvider.cpp.obj -MF CMakeFiles\appSamsungGallery.dir\src_legacy\AsyncImageProvider.cpp.obj.d -o CMakeFiles/appSamsungGallery.dir/src_legacy/AsyncImageProvider.cpp.obj -c D:/Dev/antigravity/src_legacy/AsyncImageProvider.cpp
D:/Dev/antigravity/src_legacy/AsyncImageProvider.cpp: In static member function 'static void AsyncImageProvider::processImageTask(QString, QSize, std::shared_ptr<std::atomic<bool> >, AsyncImageResponse*)':
D:/Dev/antigravity/src_legacy/AsyncImageProvider.cpp:187:17: error: 'class AsyncImageResponse' has no member named 'setResult'
  187 |       response->setResult(cachedImg, id);
      |                 ^~~~~~~~~
D:/Dev/antigravity/src_legacy/AsyncImageProvider.cpp:188:17: error: 'class AsyncImageResponse' has no member named 'finish'; did you mean 'finished'?
  188 |       response->finish();
      |                 ^~~~~~
      |                 finished
D:/Dev/antigravity/src_legacy/AsyncImageProvider.cpp:389:15: error: 'class AsyncImageResponse' has no member named 'setResult'
  389 |     response->setResult(image, id);
      |               ^~~~~~~~~
[38/51] Building CXX object CMakeFiles/appSamsungGallery.dir/build/.rcc/qmlcache/appSamsungGallery_resources/qml_legacy/GalleryViewSemantic_qml.cpp.obj
[39/51] Building CXX object CMakeFiles/appSamsungGallery.dir/build/.rcc/qmlcache/appSamsungGallery_resources/qml_legacy/DateScrubber_qml.cpp.obj
[40/51] Building CXX object CMakeFiles/appSamsungGallery.dir/build/.rcc/qmlcache/appSamsungGallery_resources/qml_legacy/GalleryViewTiles_qml.cpp.obj
[41/51] Building CXX object CMakeFiles/appSamsungGallery.dir/build/.rcc/qmlcache/appSamsungGallery_resources/qml_legacy/AlbumsView_qml.cpp.obj
[42/51] Building CXX object CMakeFiles/appSamsungGallery.dir/build/.rcc/qmlcache/appSamsungGallery_resources/qml_legacy/BottomBar_qml.cpp.obj
[43/51] Building CXX object CMakeFiles/appSamsungGallery.dir/build/.rcc/qmlcache/appSamsungGallery_resources/qml_legacy/StatsOverlay_qml.cpp.obj
[44/51] Building CXX object CMakeFiles/appSamsungGallery.dir/build/.rcc/qmlcache/appSamsungGallery_resources/qml_legacy/PhotoViewer_qml.cpp.obj
ninja: build stopped: subcommand failed.
