[1/36] Automatic MOC and UIC for target appSamsungGallery
[2/36] Running AUTOMOC file extraction for target appSamsungGallery
[3/36] Running moc --collect-json for target appSamsungGallery
[4/12] Building CXX object CMakeFiles/appSamsungGallery.dir/build/.rcc/qmlcache/appSamsungGallery_resources/qml_legacy/SelectionActionBar_qml.cpp.obj
[5/12] Building CXX object CMakeFiles/appSamsungGallery.dir/build/.rcc/qmlcache/appSamsungGallery_resources/qml_legacy/ShareDialog_qml.cpp.obj
[6/12] Building CXX object CMakeFiles/appSamsungGallery.dir/build/.rcc/qmlcache/appSamsungGallery_resources/qml_legacy/ResizeEditor_qml.cpp.obj
[7/12] Building CXX object CMakeFiles/appSamsungGallery.dir/build/.rcc/qmlcache/appSamsungGallery_resources/qml_legacy/UsageGraph_qml.cpp.obj
[8/12] Building CXX object CMakeFiles/appSamsungGallery.dir/appSamsungGallery_autogen/mocs_compilation.cpp.obj
FAILED: CMakeFiles/appSamsungGallery.dir/appSamsungGallery_autogen/mocs_compilation.cpp.obj 
D:\Qt\Tools\mingw1310_64\bin\c++.exe -DLIBRAW_NODLL -DMINGW_HAS_SECURE_API=1 -DQT_CONCURRENT_LIB -DQT_CORE_LIB -DQT_GUI_LIB -DQT_MULTIMEDIA_LIB -DQT_NETWORK_LIB -DQT_NO_DEBUG -DQT_OPENGL_LIB -DQT_QMLINTEGRATION_LIB -DQT_QMLMETA_LIB -DQT_QMLMODELS_LIB -DQT_QMLWORKERSCRIPT_LIB -DQT_QML_LIB -DQT_QUICKCONTROLS2_LIB -DQT_QUICK_LIB -DQT_WIDGETS_LIB -DUNICODE -DWIN32 -DWIN64 -D_ENABLE_EXTENDED_ALIGNED_STORAGE -D_UNICODE -D_WIN64 -ID:/Dev/antigravity/build/appSamsungGallery_autogen/include -ID:/Dev/antigravity -ID:/Dev/antigravity/src_legacy -ID:/Dev/antigravity/3rdparty/LibRaw -ID:/Dev/antigravity/3rdparty/ffmpeg/include -ID:/Dev/antigravity/3rdparty/LibRaw/libraw -isystem D:/Qt/6.9.3/mingw_64/include/QtQml/6.9.3 -isystem D:/Qt/6.9.3/mingw_64/include/QtQml/6.9.3/QtQml -isystem D:/Qt/6.9.3/mingw_64/include/QtCore/6.9.3 -isystem D:/Qt/6.9.3/mingw_64/include/QtCore/6.9.3/QtCore -isystem D:/Qt/6.9.3/mingw_64/include/QtCore -isystem D:/Qt/6.9.3/mingw_64/include -isystem D:/Qt/6.9.3/mingw_64/mkspecs/win32-g++ -isystem D:/Qt/6.9.3/mingw_64/include/QtQml -isystem D:/Qt/6.9.3/mingw_64/include/QtQmlIntegration -isystem D:/Qt/6.9.3/mingw_64/include/QtNetwork -isystem D:/Qt/6.9.3/mingw_64/include/QtQuick -isystem D:/Qt/6.9.3/mingw_64/include/QtGui -isystem C:/VulkanSDK/1.3.268.0/Include -isystem D:/Qt/6.9.3/mingw_64/include/QtQmlMeta -isystem D:/Qt/6.9.3/mingw_64/include/QtQmlModels -isystem D:/Qt/6.9.3/mingw_64/include/QtQmlWorkerScript -isystem D:/Qt/6.9.3/mingw_64/include/QtOpenGL -isystem D:/Qt/6.9.3/mingw_64/include/QtConcurrent -isystem D:/Qt/6.9.3/mingw_64/include/QtMultimedia -isystem D:/Qt/6.9.3/mingw_64/include/QtQuickControls2 -isystem D:/Qt/6.9.3/mingw_64/include/QtWidgets -O3 -DNDEBUG -MD -MT CMakeFiles/appSamsungGallery.dir/appSamsungGallery_autogen/mocs_compilation.cpp.obj -MF CMakeFiles\appSamsungGallery.dir\appSamsungGallery_autogen\mocs_compilation.cpp.obj.d -o CMakeFiles/appSamsungGallery.dir/appSamsungGallery_autogen/mocs_compilation.cpp.obj -c D:/Dev/antigravity/build/appSamsungGallery_autogen/mocs_compilation.cpp
In file included from D:/Dev/antigravity/build/appSamsungGallery_autogen/mocs_compilation.cpp:11:
D:/Dev/antigravity/build/appSamsungGallery_autogen/NEWWSPZCQQ/moc_SettingsHelper.cpp: In static member function 'static void SettingsHelper::qt_static_metacall(QObject*, QMetaObject::Call, int, void**)':
D:/Dev/antigravity/build/appSamsungGallery_autogen/NEWWSPZCQQ/moc_SettingsHelper.cpp:170:21: error: 'class SettingsHelper' has no member named 'diskCacheSizeMBChanged'; did you mean 'cacheSizeMBChanged'?
  170 |         case 7: _t->diskCacheSizeMBChanged(); break;
      |                     ^~~~~~~~~~~~~~~~~~~~~~
      |                     cacheSizeMBChanged
D:/Dev/antigravity/build/appSamsungGallery_autogen/NEWWSPZCQQ/moc_SettingsHelper.cpp:203:90: error: 'diskCacheSizeMBChanged' is not a member of 'SettingsHelper'
  203 |         if (QtMocHelpers::indexOfMethod<void (SettingsHelper::*)()>(_a, &SettingsHelper::diskCacheSizeMBChanged, 7))
      |                                                                                          ^~~~~~~~~~~~~~~~~~~~~~
D:/Dev/antigravity/build/appSamsungGallery_autogen/NEWWSPZCQQ/moc_SettingsHelper.cpp:222:51: error: 'class SettingsHelper' has no member named 'diskCacheSizeMB'; did you mean 'setCacheSizeMB'?
  222 |         case 7: *reinterpret_cast<int*>(_v) = _t->diskCacheSizeMB(); break;
      |                                                   ^~~~~~~~~~~~~~~
      |                                                   setCacheSizeMB
D:/Dev/antigravity/build/appSamsungGallery_autogen/NEWWSPZCQQ/moc_SettingsHelper.cpp:236:21: error: 'class SettingsHelper' has no member named 'setDiskCacheSizeMB'; did you mean 'setCacheSizeMB'?
  236 |         case 7: _t->setDiskCacheSizeMB(*reinterpret_cast<int*>(_v)); break;
      |                     ^~~~~~~~~~~~~~~~~~
      |                     setCacheSizeMB
D:/Dev/antigravity/build/appSamsungGallery_autogen/NEWWSPZCQQ/moc_SettingsHelper.cpp: At global scope:
D:/Dev/antigravity/build/appSamsungGallery_autogen/NEWWSPZCQQ/moc_SettingsHelper.cpp:325:6: error: no declaration matches 'void SettingsHelper::diskCacheSizeMBChanged()'
  325 | void SettingsHelper::diskCacheSizeMBChanged()
      |      ^~~~~~~~~~~~~~
D:/Dev/antigravity/build/appSamsungGallery_autogen/NEWWSPZCQQ/moc_SettingsHelper.cpp:325:6: note: no functions named 'void SettingsHelper::diskCacheSizeMBChanged()'
In file included from D:/Dev/antigravity/src/HardwareAccelerationManager.h:4,
                 from D:/Dev/antigravity/build/appSamsungGallery_autogen/UVLADIE3JM/moc_HardwareAccelerationManager.cpp:9,
                 from D:/Dev/antigravity/build/appSamsungGallery_autogen/mocs_compilation.cpp:3:
D:/Dev/antigravity/src/SettingsHelper.h:8:7: note: 'class SettingsHelper' defined here
    8 | class SettingsHelper : public QObject {
      |       ^~~~~~~~~~~~~~
[9/12] Building CXX object CMakeFiles/appSamsungGallery.dir/src_legacy/SettingsHelper.cpp.obj
[10/12] Building CXX object CMakeFiles/appSamsungGallery.dir/src_legacy/main.cpp.obj
[11/12] Building CXX object CMakeFiles/appSamsungGallery.dir/src_legacy/AsyncImageProvider.cpp.obj
ninja: build stopped: subcommand failed.
