[2026-07-11 23:02:47.419] [Thread 25212] Debug: [DIAG] Supported Image Formats: QList("bmp", "cur", "gif", "icns", "ico", "jfif", "jpeg", "jpg", "pbm", "pgm", "png", "ppm", "svg", "svgz", "tga", "tif", "tiff", "wbmp", "webp", "xbm", "xpm")
[2026-07-11 23:02:47.860] [Thread 25212] Debug: SystemMonitor: Starting monitoring with interval 1000 ms
[2026-07-11 23:02:48.460] [Thread 25212] Warning: qrc:/SamsungGallery/resources/qml_legacy/Main.qml:20:5: QML Settings: The Settings type from Qt.labs.settings is deprecated and will be removed in a future release. Please use the one from QtCore instead.
[2026-07-11 23:02:48.625] [Thread 25212] Debug: Loading last folder: I:/MY SDCArds
[2026-07-11 23:02:48.625] [Thread 25212] Debug: [TaskScheduler] Started 2 CPU threads and 2 IO threads.
[2026-07-11 23:02:48.626] [Thread 25212] Debug: [TaskScheduler] Cleared all pending tasks.
[2026-07-11 23:02:48.626] [Thread 25212] Warning: qrc:/SamsungGallery/resources/qml_legacy/ResizeEditor.qml:240: ReferenceError: imageProcessor is not defined
[2026-07-11 23:02:48.626] [Thread 25212] Warning: qrc:/SamsungGallery/resources/qml_legacy/ResizeEditor.qml:240: ReferenceError: imageProcessor is not defined
[2026-07-11 23:02:48.626] [Thread 25212] Warning: qrc:/SamsungGallery/resources/qml_legacy/ShareDialog.qml:13:5: Unable to assign [undefined] to bool
[2026-07-11 23:02:48.626] [Thread 25212] Warning: qrc:/SamsungGallery/resources/qml_legacy/ShareDialog.qml:9: ReferenceError: imageModel is not defined
[2026-07-11 23:02:48.626] [Thread 29924] Debug: Scanning directory: "I:\\MY SDCArds"
[2026-07-11 23:02:48.899] [Thread 3728] Warning: Corrupt JPEG data: premature end of data segment
[2026-07-11 23:02:49.429] [Thread 25212] Debug: [SystemMonitor] Resource Update: RAM: 217.68 MB (Delta: 217.68 ) | VRAM: 11.1211 MB (Delta: 11.1211 )
[2026-07-11 23:02:51.441] [Thread 25212] Debug: Scanning finished in 2815 ms. Found 8948 items.
[2026-07-11 23:02:51.662] [Thread 3728] Warning: Corrupt JPEG data: premature end of data segment
[2026-07-11 23:02:51.719] [Thread 3728] Info: [FFmpeg] Initialized D3D11VA Hardware Acceleration.
[2026-07-11 23:02:51.746] [Thread 23208] Critical: [FFmpeg Error] "Failed setup for format d3d11: hwaccel initialisation returned error."
[2026-07-11 23:02:51.746] [Thread 23208] Warning: [FFmpeg] Failed to get HW surface format.
[2026-07-11 23:02:51.746] [Thread 23208] Critical: [FFmpeg Error] "no frame!"
[2026-07-11 23:02:51.747] [Thread 23208] Critical: [FFmpeg Error] "Missing reference picture, default is 0"
[2026-07-11 23:02:51.758] [Thread 3728] Critical: [FFmpeg Error] "Failed setup for format d3d11: hwaccel initialisation returned error."
[2026-07-11 23:02:51.758] [Thread 3728] Warning: [FFmpeg] Failed to get HW surface format.
[2026-07-11 23:02:51.758] [Thread 3728] Critical: [FFmpeg Error] "no frame!"
[2026-07-11 23:02:51.758] [Thread 3728] Critical: [FFmpeg Error] "Missing reference picture, default is 0"
[2026-07-11 23:02:51.795] [Thread 23208] Debug: [VideoThumbnailer] Failed to decode frame at 0
[2026-07-11 23:02:51.806] [Thread 3728] Debug: [VideoThumbnailer] Failed to decode frame at 0
[2026-07-11 23:02:52.851] [Thread 25212] Debug: [SystemMonitor] Resource Update: RAM: 515.465 MB (Delta: 297.785 ) | VRAM: 92.9297 MB (Delta: 81.8086 )
[2026-07-11 23:02:52.865] [Thread 3728] Warning: Invalid SOS parameters for sequential JPEG
[2026-07-11 23:02:53.257] [Thread 3728] Critical: [FFmpeg Error] "Failed setup for format d3d11: hwaccel initialisation returned error."
[2026-07-11 23:02:53.257] [Thread 3728] Warning: [FFmpeg] Failed to get HW surface format.
[2026-07-11 23:02:53.257] [Thread 3728] Critical: [FFmpeg Error] "no frame!"
[2026-07-11 23:02:53.257] [Thread 3728] Critical: [FFmpeg Error] "Missing reference picture, default is 0"
[2026-07-11 23:02:53.282] [Thread 3728] Debug: [VideoThumbnailer] Failed to decode frame at 0
[2026-07-11 23:02:53.857] [Thread 25212] Debug: [SystemMonitor] Resource Update: RAM: 525.973 MB (Delta: 10.5078 ) | VRAM: 30.7227 MB (Delta: -62.207 )
[2026-07-11 23:02:55.851] [Thread 25212] Debug: [SystemMonitor] Resource Update: RAM: 400.914 MB (Delta: -125.059 ) | VRAM: 30.7227 MB (Delta: 0 )
