=== MODE: STANDARD DYNAMIC BUILD ===
  -> Qt Kit: D:\Qt\6.9.3\mingw_64
==========================================
   SamsungGallery Build System
==========================================
Build Version: 1.0.71
Timestamp: 2026-06-30 17:28:28
[0/4] Verifying Dependencies...
  FFmpeg binaries found.
[1/4] Checking for running instances...
[1.5/4] Verifying File Locks & Recording Hashes...
  Current Hash (appSamsungGallery.exe): 38131CF7D9238185141871215D098C938EA1C5C9B903430A7BE181AB87C9126C
  Current Hash (appScrollBench.exe): 832F60DB6E91842F16DC7106608B52755438A4FEA95759AFA64AC46A22C5050B
[2/4] Full Clean requested. Removing build directory...
[3/4] Building (Release)...
  -> Configuring...
-- The CXX compiler identification is GNU 13.1.0
-- Detecting CXX compiler ABI info
-- Detecting CXX compiler ABI info - done
-- Check for working CXX compiler: D:/Qt/Tools/mingw1310_64/bin/c++.exe - skipped
-- Detecting CXX compile features
-- Detecting CXX compile features - done
-- Performing Test CMAKE_HAVE_LIBC_PTHREAD
-- Performing Test CMAKE_HAVE_LIBC_PTHREAD - Success
-- Found Threads: TRUE
-- Performing Test HAVE_STDATOMIC
-- Performing Test HAVE_STDATOMIC - Success
-- Found WrapAtomic: TRUE
-- Found WrapVulkanHeaders: C:/VulkanSDK/1.3.268.0/Include
CMake Warning (dev) at D:/Qt/6.9.3/mingw_64/lib/cmake/Qt6Core/Qt6CoreMacros.cmake:3458 (message):
  Qt policy QTP0001 is not set: ':/qt/qml/' is the default resource prefix
  for QML modules.  Check https://doc.qt.io/qt-6/qt-cmake-policy-qtp0001.html
  for policy details.  Use the qt_policy command to set the policy and
  suppress this warning.

Call Stack (most recent call first):
  D:/Qt/6.9.3/mingw_64/lib/cmake/Qt6Qml/Qt6QmlMacros.cmake:740 (__qt_internal_setup_policy)
  D:/Qt/6.9.3/mingw_64/lib/cmake/Qt6Qml/Qt6QmlMacros.cmake:1296 (qt6_add_qml_module)
  CMakeLists.txt:24 (qt_add_qml_module)
This warning is for project developers.  Use -Wno-dev to suppress it.

CMake Warning (dev) at D:/Qt/6.9.3/mingw_64/lib/cmake/Qt6Core/Qt6CoreMacros.cmake:3458 (message):
  Qt policy QTP0004 is not set: You need qmldir files for each extra
  directory that contains .qml files for your module.  Check
  https://doc.qt.io/qt-6/qt-cmake-policy-qtp0004.html for policy details.
  Use the qt_policy command to set the policy and suppress this warning.

Call Stack (most recent call first):
  D:/Qt/6.9.3/mingw_64/lib/cmake/Qt6Qml/Qt6QmlMacros.cmake:3645 (__qt_internal_setup_policy)
  D:/Qt/6.9.3/mingw_64/lib/cmake/Qt6Qml/Qt6QmlMacros.cmake:951 (qt6_target_qml_sources)
  D:/Qt/6.9.3/mingw_64/lib/cmake/Qt6Qml/Qt6QmlMacros.cmake:1296 (qt6_add_qml_module)
  CMakeLists.txt:24 (qt_add_qml_module)
This warning is for project developers.  Use -Wno-dev to suppress it.

-- The C compiler identification is GNU 13.1.0
-- Detecting C compiler ABI info
-- Detecting C compiler ABI info - done
-- Check for working C compiler: D:/Qt/Tools/mingw1310_64/bin/gcc.exe - skipped
-- Detecting C compile features
-- Detecting C compile features - done
CMake Warning (dev) at D:/Qt/6.9.3/mingw_64/lib/cmake/Qt6Core/Qt6CoreMacros.cmake:3458 (message):
  Qt policy QTP0001 is not set: ':/qt/qml/' is the default resource prefix
  for QML modules.  Check https://doc.qt.io/qt-6/qt-cmake-policy-qtp0001.html
  for policy details.  Use the qt_policy command to set the policy and
  suppress this warning.

Call Stack (most recent call first):
  D:/Qt/6.9.3/mingw_64/lib/cmake/Qt6Qml/Qt6QmlMacros.cmake:740 (__qt_internal_setup_policy)
  D:/Qt/6.9.3/mingw_64/lib/cmake/Qt6Qml/Qt6QmlMacros.cmake:1296 (qt6_add_qml_module)
  test_scrollbench/CMakeLists.txt:43 (qt_add_qml_module)
This warning is for project developers.  Use -Wno-dev to suppress it.

CMake Warning (dev) at D:/Qt/6.9.3/mingw_64/lib/cmake/Qt6Core/Qt6CoreMacros.cmake:3458 (message):
  Qt policy QTP0004 is not set: You need qmldir files for each extra
  directory that contains .qml files for your module.  Check
  https://doc.qt.io/qt-6/qt-cmake-policy-qtp0004.html for policy details.
  Use the qt_policy command to set the policy and suppress this warning.

Call Stack (most recent call first):
  D:/Qt/6.9.3/mingw_64/lib/cmake/Qt6Qml/Qt6QmlMacros.cmake:3645 (__qt_internal_setup_policy)
  D:/Qt/6.9.3/mingw_64/lib/cmake/Qt6Qml/Qt6QmlMacros.cmake:951 (qt6_target_qml_sources)
  D:/Qt/6.9.3/mingw_64/lib/cmake/Qt6Qml/Qt6QmlMacros.cmake:1296 (qt6_add_qml_module)
  test_scrollbench/CMakeLists.txt:43 (qt_add_qml_module)
This warning is for project developers.  Use -Wno-dev to suppress it.

-- Configuring done (8.8s)
-- Generating done (0.5s)
-- Build files have been written to: D:/Dev/antigravity/build
  -> Compiling...
[1/266] Copying appSamsungGallery qml resources into build dir
[2/266] Copying appSamsungGallery qml sources into build dir
[3/266] Copying appScrollBench qml sources into build dir
[4/266] Copying appScrollBench qml resources into build dir
[5/266] Running qmlimportscanner for appScrollBench
[6/266] Running qmlimportscanner for tst_linkage
[7/266] Automatic MOC and UIC for target libraw_static
[8/266] Building CXX object 3rdparty/LibRaw/CMakeFiles/libraw_static.dir/libraw_static_autogen/mocs_compilation.cpp.obj
[9/266] Running qmlimportscanner for tst_automation
[10/266] Automatic MOC and UIC for target appScrollBenchNet
[11/266] Running qmlimportscanner for appSamsungGallery
[12/266] Building CXX object 3rdparty/LibRaw/CMakeFiles/libraw_static.dir/src/decoders/canon_600.cpp.obj
[13/266] Automatic MOC and UIC for target tst_scheduler
[14/266] Building CXX object 3rdparty/LibRaw/CMakeFiles/libraw_static.dir/src/decoders/decoders_libraw.cpp.obj
[15/266] Automatic MOC and UIC for target tst_mft
[16/266] Building CXX object 3rdparty/LibRaw/CMakeFiles/libraw_static.dir/src/decoders/decoders_dcraw.cpp.obj
[17/266] Building CXX object 3rdparty/LibRaw/CMakeFiles/libraw_static.dir/src/decoders/crx.cpp.obj
[18/266] Building CXX object 3rdparty/LibRaw/CMakeFiles/libraw_static.dir/src/decoders/decoders_libraw_dcrdefs.cpp.obj
[19/266] Building CXX object 3rdparty/LibRaw/CMakeFiles/libraw_static.dir/src/decoders/dng.cpp.obj
[20/266] Building CXX object 3rdparty/LibRaw/CMakeFiles/libraw_static.dir/src/decoders/fp_dng.cpp.obj
[21/266] Building CXX object 3rdparty/LibRaw/CMakeFiles/libraw_static.dir/src/decoders/fuji_compressed.cpp.obj
[22/266] Building CXX object 3rdparty/LibRaw/CMakeFiles/libraw_static.dir/src/decoders/generic.cpp.obj
[23/266] Building CXX object 3rdparty/LibRaw/CMakeFiles/libraw_static.dir/src/decoders/kodak_decoders.cpp.obj
[24/266] Building CXX object 3rdparty/LibRaw/CMakeFiles/libraw_static.dir/src/decoders/olympus14.cpp.obj
[25/266] Building CXX object 3rdparty/LibRaw/CMakeFiles/libraw_static.dir/src/decoders/load_mfbacks.cpp.obj
[26/266] Building CXX object 3rdparty/LibRaw/CMakeFiles/libraw_static.dir/src/decoders/pana8.cpp.obj
[27/266] Building CXX object 3rdparty/LibRaw/CMakeFiles/libraw_static.dir/src/decompressors/losslessjpeg.cpp.obj
[28/266] Building CXX object 3rdparty/LibRaw/CMakeFiles/libraw_static.dir/src/decoders/sonycc.cpp.obj
[29/266] Building CXX object 3rdparty/LibRaw/CMakeFiles/libraw_static.dir/src/decoders/smal.cpp.obj
[30/266] Building CXX object 3rdparty/LibRaw/CMakeFiles/libraw_static.dir/src/decoders/unpack_thumb.cpp.obj
[31/266] Building CXX object 3rdparty/LibRaw/CMakeFiles/libraw_static.dir/src/decoders/unpack.cpp.obj
[32/266] Building CXX object 3rdparty/LibRaw/CMakeFiles/libraw_static.dir/src/demosaic/aahd_demosaic.cpp.obj
[33/266] Building CXX object 3rdparty/LibRaw/CMakeFiles/libraw_static.dir/src/demosaic/dht_demosaic.cpp.obj
[34/266] Building CXX object 3rdparty/LibRaw/CMakeFiles/libraw_static.dir/src/demosaic/ahd_demosaic.cpp.obj
[35/266] Building CXX object 3rdparty/LibRaw/CMakeFiles/libraw_static.dir/src/demosaic/misc_demosaic.cpp.obj
[36/266] Building CXX object 3rdparty/LibRaw/CMakeFiles/libraw_static.dir/src/demosaic/xtrans_demosaic.cpp.obj
[37/266] Building CXX object 3rdparty/LibRaw/CMakeFiles/libraw_static.dir/src/demosaic/dcb_demosaic.cpp.obj
[38/266] Building CXX object 3rdparty/LibRaw/CMakeFiles/libraw_static.dir/src/integration/dngsdk_glue.cpp.obj
[39/266] Building CXX object 3rdparty/LibRaw/CMakeFiles/libraw_static.dir/src/libraw_c_api.cpp.obj
[40/266] Building CXX object 3rdparty/LibRaw/CMakeFiles/libraw_static.dir/src/integration/rawspeed_glue.cpp.obj
[41/266] Building CXX object 3rdparty/LibRaw/CMakeFiles/libraw_static.dir/src/libraw_datastream.cpp.obj
[42/266] Building CXX object 3rdparty/LibRaw/CMakeFiles/libraw_static.dir/src/metadata/adobepano.cpp.obj
[43/266] Building CXX object 3rdparty/LibRaw/CMakeFiles/libraw_static.dir/src/metadata/canon.cpp.obj
[44/266] Building CXX object 3rdparty/LibRaw/CMakeFiles/libraw_static.dir/src/metadata/ciff.cpp.obj
[45/266] Building CXX object 3rdparty/LibRaw/CMakeFiles/libraw_static.dir/src/metadata/epson.cpp.obj
[46/266] Building CXX object 3rdparty/LibRaw/CMakeFiles/libraw_static.dir/src/metadata/cr3_parser.cpp.obj
[47/266] Building CXX object 3rdparty/LibRaw/CMakeFiles/libraw_static.dir/src/metadata/fuji.cpp.obj
[48/266] Building CXX object 3rdparty/LibRaw/CMakeFiles/libraw_static.dir/src/metadata/exif_gps.cpp.obj
[49/266] Building CXX object 3rdparty/LibRaw/CMakeFiles/libraw_static.dir/src/metadata/hasselblad_model.cpp.obj
[50/266] Building CXX object 3rdparty/LibRaw/CMakeFiles/libraw_static.dir/src/metadata/identify.cpp.obj
[51/266] Building CXX object 3rdparty/LibRaw/CMakeFiles/libraw_static.dir/src/metadata/leica.cpp.obj
[52/266] Building CXX object 3rdparty/LibRaw/CMakeFiles/libraw_static.dir/src/metadata/identify_tools.cpp.obj
[53/266] Building CXX object 3rdparty/LibRaw/CMakeFiles/libraw_static.dir/src/metadata/kodak.cpp.obj
[54/266] Building CXX object 3rdparty/LibRaw/CMakeFiles/libraw_static.dir/src/metadata/makernotes.cpp.obj
[55/266] Building CXX object 3rdparty/LibRaw/CMakeFiles/libraw_static.dir/src/metadata/mediumformat.cpp.obj
[56/266] Building CXX object 3rdparty/LibRaw/CMakeFiles/libraw_static.dir/src/metadata/misc_parsers.cpp.obj
[57/266] Building CXX object 3rdparty/LibRaw/CMakeFiles/libraw_static.dir/src/metadata/minolta.cpp.obj
[58/266] Building CXX object 3rdparty/LibRaw/CMakeFiles/libraw_static.dir/src/metadata/normalize_model.cpp.obj
[59/266] Building CXX object 3rdparty/LibRaw/CMakeFiles/libraw_static.dir/src/metadata/nikon.cpp.obj
[60/266] Building CXX object 3rdparty/LibRaw/CMakeFiles/libraw_static.dir/src/metadata/pentax.cpp.obj
[61/266] Building CXX object 3rdparty/LibRaw/CMakeFiles/libraw_static.dir/src/metadata/p1.cpp.obj
[62/266] Building CXX object 3rdparty/LibRaw/CMakeFiles/libraw_static.dir/src/metadata/olympus.cpp.obj
[63/266] Building CXX object 3rdparty/LibRaw/CMakeFiles/libraw_static.dir/src/metadata/samsung.cpp.obj
[64/266] Building CXX object 3rdparty/LibRaw/CMakeFiles/libraw_static.dir/src/metadata/sony.cpp.obj
[65/266] Building CXX object 3rdparty/LibRaw/CMakeFiles/libraw_static.dir/src/postprocessing/aspect_ratio.cpp.obj
[66/266] Building CXX object 3rdparty/LibRaw/CMakeFiles/libraw_static.dir/src/postprocessing/dcraw_process.cpp.obj
[67/266] Building CXX object 3rdparty/LibRaw/CMakeFiles/libraw_static.dir/src/metadata/tiff.cpp.obj
[68/266] Building CXX object 3rdparty/LibRaw/CMakeFiles/libraw_static.dir/src/postprocessing/postprocessing_utils.cpp.obj
[69/266] Building CXX object 3rdparty/LibRaw/CMakeFiles/libraw_static.dir/src/postprocessing/mem_image.cpp.obj
[70/266] Building CXX object 3rdparty/LibRaw/CMakeFiles/libraw_static.dir/src/postprocessing/postprocessing_aux.cpp.obj
[71/266] Building CXX object 3rdparty/LibRaw/CMakeFiles/libraw_static.dir/src/postprocessing/postprocessing_utils_dcrdefs.cpp.obj
[72/266] Building CXX object 3rdparty/LibRaw/CMakeFiles/libraw_static.dir/src/preprocessing/ext_preprocess.cpp.obj
[73/266] Building CXX object 3rdparty/LibRaw/CMakeFiles/libraw_static.dir/src/preprocessing/preprocessing_ph.cpp.obj
[74/266] Building CXX object 3rdparty/LibRaw/CMakeFiles/libraw_static.dir/src/preprocessing/subtract_black.cpp.obj
[75/266] Building CXX object 3rdparty/LibRaw/CMakeFiles/libraw_static.dir/src/preprocessing/raw2image.cpp.obj
[76/266] Building CXX object 3rdparty/LibRaw/CMakeFiles/libraw_static.dir/src/tables/cameralist.cpp.obj
[77/266] Building CXX object 3rdparty/LibRaw/CMakeFiles/libraw_static.dir/src/tables/colorconst.cpp.obj
[78/266] Building CXX object 3rdparty/LibRaw/CMakeFiles/libraw_static.dir/src/tables/colordata.cpp.obj
[79/266] Building CXX object 3rdparty/LibRaw/CMakeFiles/libraw_static.dir/src/tables/wblists.cpp.obj
[80/266] Building CXX object 3rdparty/LibRaw/CMakeFiles/libraw_static.dir/src/utils/decoder_info.cpp.obj
[81/266] Building CXX object 3rdparty/LibRaw/CMakeFiles/libraw_static.dir/src/utils/curves.cpp.obj
[82/266] Building CXX object 3rdparty/LibRaw/CMakeFiles/libraw_static.dir/src/utils/init_close_utils.cpp.obj
[83/266] Building CXX object 3rdparty/LibRaw/CMakeFiles/libraw_static.dir/src/utils/open.cpp.obj
[84/266] Building CXX object 3rdparty/LibRaw/CMakeFiles/libraw_static.dir/src/utils/phaseone_processing.cpp.obj
[85/266] Building CXX object 3rdparty/LibRaw/CMakeFiles/libraw_static.dir/src/utils/read_utils.cpp.obj
[86/266] Building CXX object 3rdparty/LibRaw/CMakeFiles/libraw_static.dir/src/utils/thumb_utils.cpp.obj
[87/266] Building CXX object 3rdparty/LibRaw/CMakeFiles/libraw_static.dir/src/x3f/x3f_parse_process.cpp.obj
[88/266] Building CXX object 3rdparty/LibRaw/CMakeFiles/libraw_static.dir/src/utils/utils_dcraw.cpp.obj
[89/266] Building CXX object 3rdparty/LibRaw/CMakeFiles/libraw_static.dir/src/write/apply_profile.cpp.obj
[90/266] Building CXX object 3rdparty/LibRaw/CMakeFiles/libraw_static.dir/src/x3f/x3f_utils_patched.cpp.obj
[91/266] Building CXX object 3rdparty/LibRaw/CMakeFiles/libraw_static.dir/src/utils/utils_libraw.cpp.obj
[92/266] Building CXX object 3rdparty/LibRaw/CMakeFiles/libraw_static.dir/src/write/tiff_writer.cpp.obj
[93/266] Building CXX object 3rdparty/LibRaw/CMakeFiles/libraw_static.dir/src/write/file_write.cpp.obj
[94/266] Building CXX object 3rdparty/LibRaw/CMakeFiles/libraw_static.dir/src/write/write_ph.cpp.obj
[95/266] Building CXX object CMakeFiles/tst_scheduler.dir/tst_scheduler_autogen/mocs_compilation.cpp.obj
[96/266] Building CXX object CMakeFiles/tst_scheduler.dir/src/LogManager.cpp.obj
[97/266] Building CXX object test_scrollbench/CMakeFiles/appScrollBenchNet.dir/appScrollBenchNet_autogen/mocs_compilation.cpp.obj
[98/266] Building CXX object CMakeFiles/tst_mft.dir/tst_mft_autogen/mocs_compilation.cpp.obj
[99/266] Building CXX object CMakeFiles/tst_scheduler.dir/tests/tst_scheduler.cpp.obj
FAILED: CMakeFiles/tst_scheduler.dir/tests/tst_scheduler.cpp.obj 
D:\Qt\Tools\mingw1310_64\bin\c++.exe -DMINGW_HAS_SECURE_API=1 -DQT_CONCURRENT_LIB -DQT_CORE_LIB -DQT_NO_DEBUG -DQT_TESTCASE_BUILDDIR=\"D:/Dev/antigravity/build\" -DQT_TESTCASE_SOURCEDIR=\"D:/Dev/antigravity\" -DQT_TESTLIB_LIB -DUNICODE -DWIN32 -DWIN64 -D_ENABLE_EXTENDED_ALIGNED_STORAGE -D_UNICODE -D_WIN64 -ID:/Dev/antigravity/build/tst_scheduler_autogen/include -isystem D:/Qt/6.9.3/mingw_64/include/QtCore -isystem D:/Qt/6.9.3/mingw_64/include -isystem D:/Qt/6.9.3/mingw_64/mkspecs/win32-g++ -isystem D:/Qt/6.9.3/mingw_64/include/QtTest -isystem D:/Qt/6.9.3/mingw_64/include/QtConcurrent -O3 -DNDEBUG -MD -MT CMakeFiles/tst_scheduler.dir/tests/tst_scheduler.cpp.obj -MF CMakeFiles\tst_scheduler.dir\tests\tst_scheduler.cpp.obj.d -o CMakeFiles/tst_scheduler.dir/tests/tst_scheduler.cpp.obj -c D:/Dev/antigravity/tests/tst_scheduler.cpp
D:/Dev/antigravity/tests/tst_scheduler.cpp: In member function 'void TestTaskScheduler::testExecution()':
D:/Dev/antigravity/tests/tst_scheduler.cpp:18:39: error: cannot convert 'TestTaskScheduler::testExecution()::<lambda()>' to 'TaskScheduler::Task'
   18 |     TaskScheduler::instance().addTask([&]() { done = true; },
      |                                       ^~~~~~~~~~~~~~~~~~~~~~
      |                                       |
      |                                       TestTaskScheduler::testExecution()::<lambda()>
In file included from D:/Dev/antigravity/tests/tst_scheduler.cpp:1:
D:/Dev/antigravity/src/TaskScheduler.h:49:21: note:   initializing argument 1 of 'void TaskScheduler::addTask(Task, TaskType, Priority, TaskCategory)'
   49 |   void addTask(Task task, TaskType type = CPU_BOUND,
      |                ~~~~~^~~~
D:/Dev/antigravity/tests/tst_scheduler.cpp: In member function 'void TestTaskScheduler::testPriority()':
D:/Dev/antigravity/tests/tst_scheduler.cpp:46:11: error: cannot convert 'TestTaskScheduler::testPriority()::<lambda()>' to 'TaskScheduler::Task'
   46 |           [&]() {
      |           ^~~~~~~
      |           |
      |           TestTaskScheduler::testPriority()::<lambda()>
   47 |             QThread::msleep(10); // Simulate work to clog threads
      |             ~~~~~~~~~~~~~~~~~~~~~~~~~~~~~~~~~~~~~~~~~~~~~~~~~~~~~
   48 |             counter++;
      |             ~~~~~~~~~~
   49 |           },
      |           ~
D:/Dev/antigravity/src/TaskScheduler.h:49:21: note:   initializing argument 1 of 'void TaskScheduler::addTask(Task, TaskType, Priority, TaskCategory)'
   49 |   void addTask(Task task, TaskType type = CPU_BOUND,
      |                ~~~~~^~~~
D:/Dev/antigravity/tests/tst_scheduler.cpp:55:9: error: cannot convert 'TestTaskScheduler::testPriority()::<lambda()>' to 'TaskScheduler::Task'
   55 |         [&]() {
      |         ^~~~~~~
      |         |
      |         TestTaskScheduler::testPriority()::<lambda()>
   56 |           highValue =
      |           ~~~~~~~~~~~
   57 |               counter.load(); // Capture how many low tasks finished before me
      |               ~~~~~~~~~~~~~~~~~~~~~~~~~~~~~~~~~~~~~~~~~~~~~~~~~~~~~~~~~~~~~~~~
   58 |         },
      |         ~
D:/Dev/antigravity/src/TaskScheduler.h:49:21: note:   initializing argument 1 of 'void TaskScheduler::addTask(Task, TaskType, Priority, TaskCategory)'
   49 |   void addTask(Task task, TaskType type = CPU_BOUND,
      |                ~~~~~^~~~
[100/266] Building CXX object CMakeFiles/tst_mft.dir/tests/tst_mft.cpp.obj
[101/266] Linking CXX static library 3rdparty\LibRaw\liblibraw_static.a
[102/266] Building CXX object CMakeFiles/tst_scheduler.dir/src/TaskScheduler.cpp.obj
[103/266] Building CXX object CMakeFiles/tst_mft.dir/src/FastVolumeScanner.cpp.obj
[104/266] Building CXX object test_scrollbench/CMakeFiles/appScrollBenchNet.dir/src/main_net_watchdog.cpp.obj
ninja: build stopped: subcommand failed.
BUILD FAILED!
Build Failed
