=== MODE: STANDARD DYNAMIC BUILD ===
  -> Qt Kit: D:\Qt\6.9.3\mingw_64
==========================================
   SamsungGallery Build System
==========================================
Build Version: 1.0.65
Timestamp: 2026-06-30 13:56:20
[0/4] Verifying Dependencies...
  FFmpeg binaries found.
[1/4] Checking for running instances...
[1.5/4] Verifying File Locks & Recording Hashes...
  Current Hash (appSamsungGallery.exe): 6F853D6657C1D275BCDFAFB3826BF3468CF1217A81A2CE795C47259166EDD874
  Current Hash (appScrollBench.exe): 8239BE29B3FCFB550D125F3B1396286653C4FFB6FB0489FE08D64C7176FEACF8
[2/4] Full Clean requested. Removing build directory...
[3/4] Building (Release)...
  -> Configuring...
-- The CXX compiler identification is GNU 13.1.0
-- Detecting CXX compiler ABI info
-- Detecting CXX compiler ABI info - done
-- Check for working CXX compiler: D:/Qt/Tools/mingw1310_64/bin/c++.exe - skipped
-- Detecting CXX compile features
-- Detecting CXX compile features - done
-- Performing Test CMAKE_HAVE_LIBC_PTHREAD
-- Performing Test CMAKE_HAVE_LIBC_PTHREAD - Success
-- Found Threads: TRUE
-- Performing Test HAVE_STDATOMIC
-- Performing Test HAVE_STDATOMIC - Success
-- Found WrapAtomic: TRUE
-- Found WrapVulkanHeaders: C:/VulkanSDK/1.3.268.0/Include
CMake Warning (dev) at D:/Qt/6.9.3/mingw_64/lib/cmake/Qt6Core/Qt6CoreMacros.cmake:3458 (message):
  Qt policy QTP0001 is not set: ':/qt/qml/' is the default resource prefix
  for QML modules.  Check https://doc.qt.io/qt-6/qt-cmake-policy-qtp0001.html
  for policy details.  Use the qt_policy command to set the policy and
  suppress this warning.

Call Stack (most recent call first):
  D:/Qt/6.9.3/mingw_64/lib/cmake/Qt6Qml/Qt6QmlMacros.cmake:740 (__qt_internal_setup_policy)
  D:/Qt/6.9.3/mingw_64/lib/cmake/Qt6Qml/Qt6QmlMacros.cmake:1296 (qt6_add_qml_module)
  CMakeLists.txt:24 (qt_add_qml_module)
This warning is for project developers.  Use -Wno-dev to suppress it.

CMake Warning (dev) at D:/Qt/6.9.3/mingw_64/lib/cmake/Qt6Core/Qt6CoreMacros.cmake:3458 (message):
  Qt policy QTP0004 is not set: You need qmldir files for each extra
  directory that contains .qml files for your module.  Check
  https://doc.qt.io/qt-6/qt-cmake-policy-qtp0004.html for policy details.
  Use the qt_policy command to set the policy and suppress this warning.

Call Stack (most recent call first):
  D:/Qt/6.9.3/mingw_64/lib/cmake/Qt6Qml/Qt6QmlMacros.cmake:3645 (__qt_internal_setup_policy)
  D:/Qt/6.9.3/mingw_64/lib/cmake/Qt6Qml/Qt6QmlMacros.cmake:951 (qt6_target_qml_sources)
  D:/Qt/6.9.3/mingw_64/lib/cmake/Qt6Qml/Qt6QmlMacros.cmake:1296 (qt6_add_qml_module)
  CMakeLists.txt:24 (qt_add_qml_module)
This warning is for project developers.  Use -Wno-dev to suppress it.

-- The C compiler identification is GNU 13.1.0
-- Detecting C compiler ABI info
-- Detecting C compiler ABI info - done
-- Check for working C compiler: D:/Qt/Tools/mingw1310_64/bin/gcc.exe - skipped
-- Detecting C compile features
-- Detecting C compile features - done
CMake Warning (dev) at D:/Qt/6.9.3/mingw_64/lib/cmake/Qt6Core/Qt6CoreMacros.cmake:3458 (message):
  Qt policy QTP0001 is not set: ':/qt/qml/' is the default resource prefix
  for QML modules.  Check https://doc.qt.io/qt-6/qt-cmake-policy-qtp0001.html
  for policy details.  Use the qt_policy command to set the policy and
  suppress this warning.

Call Stack (most recent call first):
  D:/Qt/6.9.3/mingw_64/lib/cmake/Qt6Qml/Qt6QmlMacros.cmake:740 (__qt_internal_setup_policy)
  D:/Qt/6.9.3/mingw_64/lib/cmake/Qt6Qml/Qt6QmlMacros.cmake:1296 (qt6_add_qml_module)
  test_scrollbench/CMakeLists.txt:43 (qt_add_qml_module)
This warning is for project developers.  Use -Wno-dev to suppress it.

CMake Warning (dev) at D:/Qt/6.9.3/mingw_64/lib/cmake/Qt6Core/Qt6CoreMacros.cmake:3458 (message):
  Qt policy QTP0004 is not set: You need qmldir files for each extra
  directory that contains .qml files for your module.  Check
  https://doc.qt.io/qt-6/qt-cmake-policy-qtp0004.html for policy details.
  Use the qt_policy command to set the policy and suppress this warning.

Call Stack (most recent call first):
  D:/Qt/6.9.3/mingw_64/lib/cmake/Qt6Qml/Qt6QmlMacros.cmake:3645 (__qt_internal_setup_policy)
  D:/Qt/6.9.3/mingw_64/lib/cmake/Qt6Qml/Qt6QmlMacros.cmake:951 (qt6_target_qml_sources)
  D:/Qt/6.9.3/mingw_64/lib/cmake/Qt6Qml/Qt6QmlMacros.cmake:1296 (qt6_add_qml_module)
  test_scrollbench/CMakeLists.txt:43 (qt_add_qml_module)
This warning is for project developers.  Use -Wno-dev to suppress it.

-- Configuring done (16.0s)
-- Generating done (0.8s)
-- Build files have been written to: D:/Dev/antigravity/build
  -> Compiling...
[1/258] Copying appScrollBench qml resources into build dir
[2/258] Copying appSamsungGallery qml sources into build dir
[3/258] Copying appScrollBench qml sources into build dir
[4/258] Running qmlimportscanner for appScrollBench
[5/258] Copying appSamsungGallery qml resources into build dir
[6/258] Running qmlimportscanner for tst_linkage
[7/258] Automatic MOC and UIC for target libraw_static
[8/258] Running qmlimportscanner for tst_automation
[9/258] Building CXX object 3rdparty/LibRaw/CMakeFiles/libraw_static.dir/libraw_static_autogen/mocs_compilation.cpp.obj
[10/258] Automatic MOC and UIC for target appScrollBenchNet
[11/258] Running qmlimportscanner for appSamsungGallery
[12/258] Building CXX object 3rdparty/LibRaw/CMakeFiles/libraw_static.dir/src/decoders/canon_600.cpp.obj
[13/258] Automatic MOC and UIC for target tst_scheduler
[14/258] Building CXX object 3rdparty/LibRaw/CMakeFiles/libraw_static.dir/src/decoders/decoders_libraw.cpp.obj
[15/258] Automatic MOC and UIC for target tst_mft
[16/258] Building CXX object 3rdparty/LibRaw/CMakeFiles/libraw_static.dir/src/decoders/decoders_dcraw.cpp.obj
[17/258] Building CXX object 3rdparty/LibRaw/CMakeFiles/libraw_static.dir/src/decoders/decoders_libraw_dcrdefs.cpp.obj
[18/258] Building CXX object 3rdparty/LibRaw/CMakeFiles/libraw_static.dir/src/decoders/dng.cpp.obj
[19/258] Building CXX object 3rdparty/LibRaw/CMakeFiles/libraw_static.dir/src/decoders/crx.cpp.obj
[20/258] Building CXX object 3rdparty/LibRaw/CMakeFiles/libraw_static.dir/src/decoders/fp_dng.cpp.obj
[21/258] Building CXX object 3rdparty/LibRaw/CMakeFiles/libraw_static.dir/src/decoders/generic.cpp.obj
[22/258] Building CXX object 3rdparty/LibRaw/CMakeFiles/libraw_static.dir/src/decoders/fuji_compressed.cpp.obj
[23/258] Building CXX object 3rdparty/LibRaw/CMakeFiles/libraw_static.dir/src/decoders/kodak_decoders.cpp.obj
[24/258] Building CXX object 3rdparty/LibRaw/CMakeFiles/libraw_static.dir/src/decoders/olympus14.cpp.obj
[25/258] Building CXX object 3rdparty/LibRaw/CMakeFiles/libraw_static.dir/src/decoders/pana8.cpp.obj
[26/258] Building CXX object 3rdparty/LibRaw/CMakeFiles/libraw_static.dir/src/decoders/load_mfbacks.cpp.obj
[27/258] Building CXX object 3rdparty/LibRaw/CMakeFiles/libraw_static.dir/src/decompressors/losslessjpeg.cpp.obj
[28/258] Building CXX object 3rdparty/LibRaw/CMakeFiles/libraw_static.dir/src/decoders/smal.cpp.obj
[29/258] Building CXX object 3rdparty/LibRaw/CMakeFiles/libraw_static.dir/src/decoders/sonycc.cpp.obj
[30/258] Building CXX object 3rdparty/LibRaw/CMakeFiles/libraw_static.dir/src/decoders/unpack.cpp.obj
[31/258] Building CXX object 3rdparty/LibRaw/CMakeFiles/libraw_static.dir/src/decoders/unpack_thumb.cpp.obj
[32/258] Building CXX object 3rdparty/LibRaw/CMakeFiles/libraw_static.dir/src/demosaic/aahd_demosaic.cpp.obj
[33/258] Building CXX object 3rdparty/LibRaw/CMakeFiles/libraw_static.dir/src/demosaic/ahd_demosaic.cpp.obj
[34/258] Building CXX object 3rdparty/LibRaw/CMakeFiles/libraw_static.dir/src/demosaic/dht_demosaic.cpp.obj
[35/258] Building CXX object 3rdparty/LibRaw/CMakeFiles/libraw_static.dir/src/demosaic/dcb_demosaic.cpp.obj
[36/258] Building CXX object 3rdparty/LibRaw/CMakeFiles/libraw_static.dir/src/demosaic/misc_demosaic.cpp.obj
[37/258] Building CXX object 3rdparty/LibRaw/CMakeFiles/libraw_static.dir/src/integration/dngsdk_glue.cpp.obj
[38/258] Building CXX object 3rdparty/LibRaw/CMakeFiles/libraw_static.dir/src/demosaic/xtrans_demosaic.cpp.obj
[39/258] Building CXX object 3rdparty/LibRaw/CMakeFiles/libraw_static.dir/src/libraw_c_api.cpp.obj
[40/258] Building CXX object 3rdparty/LibRaw/CMakeFiles/libraw_static.dir/src/integration/rawspeed_glue.cpp.obj
[41/258] Building CXX object 3rdparty/LibRaw/CMakeFiles/libraw_static.dir/src/libraw_datastream.cpp.obj
[42/258] Building CXX object 3rdparty/LibRaw/CMakeFiles/libraw_static.dir/src/metadata/adobepano.cpp.obj
[43/258] Building CXX object 3rdparty/LibRaw/CMakeFiles/libraw_static.dir/src/metadata/ciff.cpp.obj
[44/258] Building CXX object 3rdparty/LibRaw/CMakeFiles/libraw_static.dir/src/metadata/canon.cpp.obj
[45/258] Building CXX object 3rdparty/LibRaw/CMakeFiles/libraw_static.dir/src/metadata/cr3_parser.cpp.obj
[46/258] Building CXX object 3rdparty/LibRaw/CMakeFiles/libraw_static.dir/src/metadata/epson.cpp.obj
[47/258] Building CXX object 3rdparty/LibRaw/CMakeFiles/libraw_static.dir/src/metadata/exif_gps.cpp.obj
[48/258] Building CXX object 3rdparty/LibRaw/CMakeFiles/libraw_static.dir/src/metadata/fuji.cpp.obj
[49/258] Building CXX object 3rdparty/LibRaw/CMakeFiles/libraw_static.dir/src/metadata/identify_tools.cpp.obj
[50/258] Building CXX object 3rdparty/LibRaw/CMakeFiles/libraw_static.dir/src/metadata/hasselblad_model.cpp.obj
[51/258] Building CXX object 3rdparty/LibRaw/CMakeFiles/libraw_static.dir/src/metadata/kodak.cpp.obj
[52/258] Building CXX object 3rdparty/LibRaw/CMakeFiles/libraw_static.dir/src/metadata/identify.cpp.obj
[53/258] Building CXX object 3rdparty/LibRaw/CMakeFiles/libraw_static.dir/src/metadata/leica.cpp.obj
[54/258] Building CXX object 3rdparty/LibRaw/CMakeFiles/libraw_static.dir/src/metadata/makernotes.cpp.obj
[55/258] Building CXX object 3rdparty/LibRaw/CMakeFiles/libraw_static.dir/src/metadata/mediumformat.cpp.obj
[56/258] Building CXX object 3rdparty/LibRaw/CMakeFiles/libraw_static.dir/src/metadata/minolta.cpp.obj
[57/258] Building CXX object 3rdparty/LibRaw/CMakeFiles/libraw_static.dir/src/metadata/misc_parsers.cpp.obj
[58/258] Building CXX object 3rdparty/LibRaw/CMakeFiles/libraw_static.dir/src/metadata/nikon.cpp.obj
[59/258] Building CXX object 3rdparty/LibRaw/CMakeFiles/libraw_static.dir/src/metadata/olympus.cpp.obj
[60/258] Building CXX object 3rdparty/LibRaw/CMakeFiles/libraw_static.dir/src/metadata/normalize_model.cpp.obj
[61/258] Building CXX object 3rdparty/LibRaw/CMakeFiles/libraw_static.dir/src/metadata/p1.cpp.obj
[62/258] Building CXX object 3rdparty/LibRaw/CMakeFiles/libraw_static.dir/src/metadata/pentax.cpp.obj
[63/258] Building CXX object 3rdparty/LibRaw/CMakeFiles/libraw_static.dir/src/metadata/sony.cpp.obj
[64/258] Building CXX object 3rdparty/LibRaw/CMakeFiles/libraw_static.dir/src/postprocessing/aspect_ratio.cpp.obj
[65/258] Building CXX object 3rdparty/LibRaw/CMakeFiles/libraw_static.dir/src/metadata/tiff.cpp.obj
[66/258] Building CXX object 3rdparty/LibRaw/CMakeFiles/libraw_static.dir/src/metadata/samsung.cpp.obj
[67/258] Building CXX object 3rdparty/LibRaw/CMakeFiles/libraw_static.dir/src/postprocessing/dcraw_process.cpp.obj
[68/258] Building CXX object 3rdparty/LibRaw/CMakeFiles/libraw_static.dir/src/postprocessing/mem_image.cpp.obj
[69/258] Building CXX object 3rdparty/LibRaw/CMakeFiles/libraw_static.dir/src/postprocessing/postprocessing_utils.cpp.obj
[70/258] Building CXX object 3rdparty/LibRaw/CMakeFiles/libraw_static.dir/src/postprocessing/postprocessing_aux.cpp.obj
[71/258] Building CXX object 3rdparty/LibRaw/CMakeFiles/libraw_static.dir/src/preprocessing/preprocessing_ph.cpp.obj
[72/258] Building CXX object 3rdparty/LibRaw/CMakeFiles/libraw_static.dir/src/postprocessing/postprocessing_utils_dcrdefs.cpp.obj
[73/258] Building CXX object 3rdparty/LibRaw/CMakeFiles/libraw_static.dir/src/preprocessing/subtract_black.cpp.obj
[74/258] Building CXX object 3rdparty/LibRaw/CMakeFiles/libraw_static.dir/src/preprocessing/ext_preprocess.cpp.obj
[75/258] Building CXX object 3rdparty/LibRaw/CMakeFiles/libraw_static.dir/src/preprocessing/raw2image.cpp.obj
[76/258] Building CXX object 3rdparty/LibRaw/CMakeFiles/libraw_static.dir/src/tables/cameralist.cpp.obj
[77/258] Building CXX object 3rdparty/LibRaw/CMakeFiles/libraw_static.dir/src/utils/curves.cpp.obj
[78/258] Building CXX object 3rdparty/LibRaw/CMakeFiles/libraw_static.dir/src/tables/colorconst.cpp.obj
[79/258] Building CXX object 3rdparty/LibRaw/CMakeFiles/libraw_static.dir/src/tables/wblists.cpp.obj
[80/258] Building CXX object 3rdparty/LibRaw/CMakeFiles/libraw_static.dir/src/utils/init_close_utils.cpp.obj
[81/258] Building CXX object 3rdparty/LibRaw/CMakeFiles/libraw_static.dir/src/utils/decoder_info.cpp.obj
[82/258] Building CXX object 3rdparty/LibRaw/CMakeFiles/libraw_static.dir/src/utils/open.cpp.obj
[83/258] Building CXX object 3rdparty/LibRaw/CMakeFiles/libraw_static.dir/src/tables/colordata.cpp.obj
[84/258] Building CXX object 3rdparty/LibRaw/CMakeFiles/libraw_static.dir/src/utils/read_utils.cpp.obj
[85/258] Building CXX object 3rdparty/LibRaw/CMakeFiles/libraw_static.dir/src/write/tiff_writer.cpp.obj
[86/258] Building CXX object 3rdparty/LibRaw/CMakeFiles/libraw_static.dir/src/utils/thumb_utils.cpp.obj
[87/258] Building CXX object 3rdparty/LibRaw/CMakeFiles/libraw_static.dir/src/utils/phaseone_processing.cpp.obj
[88/258] Building CXX object 3rdparty/LibRaw/CMakeFiles/libraw_static.dir/src/x3f/x3f_utils_patched.cpp.obj
[89/258] Building CXX object 3rdparty/LibRaw/CMakeFiles/libraw_static.dir/src/write/apply_profile.cpp.obj
[90/258] Building CXX object 3rdparty/LibRaw/CMakeFiles/libraw_static.dir/src/x3f/x3f_parse_process.cpp.obj
[91/258] Building CXX object 3rdparty/LibRaw/CMakeFiles/libraw_static.dir/src/utils/utils_libraw.cpp.obj
[92/258] Building CXX object 3rdparty/LibRaw/CMakeFiles/libraw_static.dir/src/write/file_write.cpp.obj
[93/258] Building CXX object 3rdparty/LibRaw/CMakeFiles/libraw_static.dir/src/utils/utils_dcraw.cpp.obj
[94/258] Building CXX object CMakeFiles/tst_scheduler.dir/tst_scheduler_autogen/mocs_compilation.cpp.obj
[95/258] Building CXX object 3rdparty/LibRaw/CMakeFiles/libraw_static.dir/src/write/write_ph.cpp.obj
[96/258] Building CXX object test_scrollbench/CMakeFiles/appScrollBenchNet.dir/appScrollBenchNet_autogen/mocs_compilation.cpp.obj
[97/258] Building CXX object CMakeFiles/tst_scheduler.dir/src_legacy/LogManager.cpp.obj
[98/258] Building CXX object CMakeFiles/tst_mft.dir/tst_mft_autogen/mocs_compilation.cpp.obj
[99/258] Building CXX object CMakeFiles/tst_mft.dir/tests/tst_mft.cpp.obj
[100/258] Building CXX object CMakeFiles/tst_scheduler.dir/src_legacy/TaskScheduler.cpp.obj
[101/258] Building CXX object CMakeFiles/tst_scheduler.dir/tests/tst_scheduler.cpp.obj
[102/258] Linking CXX static library 3rdparty\LibRaw\liblibraw_static.a
[103/258] Linking CXX executable tst_scheduler.exe
FAILED: tst_scheduler.exe 
C:\WINDOWS\system32\cmd.exe /C "cd . && D:\Qt\Tools\mingw1310_64\bin\c++.exe -O3 -DNDEBUG  CMakeFiles/tst_scheduler.dir/tst_scheduler_autogen/mocs_compilation.cpp.obj CMakeFiles/tst_scheduler.dir/tests/tst_scheduler.cpp.obj CMakeFiles/tst_scheduler.dir/src_legacy/TaskScheduler.cpp.obj CMakeFiles/tst_scheduler.dir/src_legacy/LogManager.cpp.obj -o tst_scheduler.exe -Wl,--out-implib,libtst_scheduler.dll.a -Wl,--major-image-version,0,--minor-image-version,0  D:/Qt/6.9.3/mingw_64/lib/libQt6Test.a  D:/Qt/6.9.3/mingw_64/lib/libQt6Concurrent.a  D:/Qt/6.9.3/mingw_64/lib/libQt6Core.a  -lmpr  -luserenv  -lkernel32 -luser32 -lgdi32 -lwinspool -lshell32 -lole32 -loleaut32 -luuid -lcomdlg32 -ladvapi32 && cd ."
D:/Qt/Tools/mingw1310_64/bin/../lib/gcc/x86_64-w64-mingw32/13.1.0/../../../../x86_64-w64-mingw32/bin/ld.exe: CMakeFiles/tst_scheduler.dir/tests/tst_scheduler.cpp.obj:tst_scheduler.:(.text+0xc0): undefined reference to `TaskScheduler::addTask(std::function<void ()>, TaskScheduler::TaskType, TaskScheduler::Priority, TaskScheduler::TaskCategory)'
D:/Qt/Tools/mingw1310_64/bin/../lib/gcc/x86_64-w64-mingw32/13.1.0/../../../../x86_64-w64-mingw32/bin/ld.exe: CMakeFiles/tst_scheduler.dir/tests/tst_scheduler.cpp.obj:tst_scheduler.:(.text+0x138): undefined reference to `TaskScheduler::addTask(std::function<void ()>, TaskScheduler::TaskType, TaskScheduler::Priority, TaskScheduler::TaskCategory)'
D:/Qt/Tools/mingw1310_64/bin/../lib/gcc/x86_64-w64-mingw32/13.1.0/../../../../x86_64-w64-mingw32/bin/ld.exe: CMakeFiles/tst_scheduler.dir/tests/tst_scheduler.cpp.obj:tst_scheduler.:(.text+0x20d): undefined reference to `TaskScheduler::addTask(std::function<void ()>, TaskScheduler::TaskType, TaskScheduler::Priority, TaskScheduler::TaskCategory)'
collect2.exe: error: ld returned 1 exit status
[104/258] Building CXX object CMakeFiles/tst_mft.dir/src/FastVolumeScanner.cpp.obj
[105/258] Building CXX object test_scrollbench/CMakeFiles/appScrollBenchNet.dir/src/main_net_watchdog.cpp.obj
[106/258] Automatic MOC and UIC for target tst_imagemodel
[107/258] Automatic MOC and UIC for target tst_automation
[108/258] Automatic MOC and UIC for target tst_linkage
[109/258] Automatic MOC and UIC for target appSamsungGallery
[110/258] Automatic MOC and UIC for target appScrollBench
ninja: build stopped: subcommand failed.
BUILD FAILED!
Build Failed
