SUCCESS: The process "node.exe" with PID 38016 has been terminated.
Graphify Batch Queue server running on http://localhost:3456
Picker result: D:\Dev\faceswap STDERR: The property 'UseDescriptionForTitle' cannot be found on this object. Verify that the property exists and can be set.
At D:\Dev\tools\graphify-queue\scripts\folder-picker.ps1:7 char:1
+ $dialog.UseDescriptionForTitle = $true
+ ~~~~~~~~~~~~~~~~~~~~~~~~~~~~~~~~~~~~~~
    + CategoryInfo          : InvalidOperation: (:) [], RuntimeException
    + FullyQualifiedErrorId : PropertyAssignmentException
 
The property 'AutoUpgradeEnabled' cannot be found on this object. Verify that the property exists and can be set.
At D:\Dev\tools\graphify-queue\scripts\folder-picker.ps1:8 char:1
+ $dialog.AutoUpgradeEnabled = $true
+ ~~~~~~~~~~~~~~~~~~~~~~~~~~~~~~~~~~
    + CategoryInfo          : InvalidOperation: (:) [], RuntimeException
    + FullyQualifiedErrorId : PropertyAssignmentException
 

Picker result: D:\Dev\Lawchick\SeyCCat STDERR: The property 'UseDescriptionForTitle' cannot be found on this object. Verify that the property exists and can be set.
At D:\Dev\tools\graphify-queue\scripts\folder-picker.ps1:7 char:1
+ $dialog.UseDescriptionForTitle = $true
+ ~~~~~~~~~~~~~~~~~~~~~~~~~~~~~~~~~~~~~~
    + CategoryInfo          : InvalidOperation: (:) [], RuntimeException
    + FullyQualifiedErrorId : PropertyAssignmentException
 
The property 'AutoUpgradeEnabled' cannot be found on this object. Verify that the property exists and can be set.
At D:\Dev\tools\graphify-queue\scripts\folder-picker.ps1:8 char:1
+ $dialog.AutoUpgradeEnabled = $true
+ ~~~~~~~~~~~~~~~~~~~~~~~~~~~~~~~~~~
    + CategoryInfo          : InvalidOperation: (:) [], RuntimeException
    + FullyQualifiedErrorId : PropertyAssignmentException
 

