Resolved 12 packages in 3.61s
Downloading matplotlib (8.9MiB)
Downloading scipy (34.9MiB)
Downloading pillow (6.8MiB)
Downloading fonttools (2.2MiB)
 Downloaded fonttools
 Downloaded pillow
 Downloaded matplotlib
 Downloaded scipy
Prepared 8 packages in 33.70s
Installed 11 packages in 582ms
 + contourpy==1.3.3
 + cycler==0.12.1
 + fonttools==4.63.0
 + kiwisolver==1.5.0
 + matplotlib==3.11.0
 + packaging==26.2
 + pillow==12.2.0
 + pyparsing==3.3.2
 + python-dateutil==2.9.0.post0
 + scipy==1.17.1
 + six==1.17.0
